Component: Arm Compiler for Embedded 6.19 Tool: armlink [5e73cb00]

==============================================================================

Section Cross References

    main.o(.text.main) refers to pin.o(.text.rt_pin_mode) for rt_pin_mode
    main.o(.text.main) refers to main.o(.rodata.str1.1) for .L.str
    main.o(.text.main) refers to device.o(.text.rt_device_find) for rt_device_find
    main.o(.text.main) refers to adc.o(.text.rt_adc_enable) for rt_adc_enable
    main.o(.text.main) refers to adc.o(.text.rt_adc_read) for rt_adc_read
    main.o(.text.main) refers to rt_kprintf.o(.text.rt_kprintf) for rt_kprintf
    main.o(.text.main) refers to f2d.o(x$fpl$f2d) for __aeabi_f2d
    main.o(.text.main) refers to daddsub_clz.o(x$fpl$dsub) for __aeabi_dsub
    main.o(.text.main) refers to ddiv.o(x$fpl$ddiv) for __aeabi_ddiv
    main.o(.text.main) refers to daddsub_clz.o(x$fpl$dadd) for __aeabi_dadd
    main.o(.text.main) refers to d2f.o(x$fpl$d2f) for __aeabi_d2f
    main.o(.text.main) refers to ulog.o(.text.ulog_output) for ulog_output
    main.o(.text.main) refers to thread.o(.text.rt_thread_mdelay) for rt_thread_mdelay
    main.o(.text.main) refers to pin.o(.text.rt_pin_write) for rt_pin_write
    main.o(.ARM.exidx.text.main) refers to main.o(.text.main) for [Anonymous Symbol]
    syscall_mem.o(.text.malloc) refers to kservice.o(.text.rt_malloc) for rt_malloc
    syscall_mem.o(.ARM.exidx.text.malloc) refers to syscall_mem.o(.text.malloc) for [Anonymous Symbol]
    syscall_mem.o(.text.realloc) refers to kservice.o(.text.rt_realloc) for rt_realloc
    syscall_mem.o(.ARM.exidx.text.realloc) refers to syscall_mem.o(.text.realloc) for [Anonymous Symbol]
    syscall_mem.o(.text.calloc) refers to kservice.o(.text.rt_calloc) for rt_calloc
    syscall_mem.o(.ARM.exidx.text.calloc) refers to syscall_mem.o(.text.calloc) for [Anonymous Symbol]
    syscall_mem.o(.text.free) refers to kservice.o(.text.rt_free) for rt_free
    syscall_mem.o(.ARM.exidx.text.free) refers to syscall_mem.o(.text.free) for [Anonymous Symbol]
    syscalls.o(.text) refers (Special) to use_no_semi_2.o(.text) for __use_no_semihosting
    syscalls.o(.text._sys_open) refers (Special) to use_no_semi_2.o(.text) for __use_no_semihosting
    syscalls.o(.text._sys_open) refers to syscalls.o(.rodata.__stdin_name) for __stdin_name
    syscalls.o(.text._sys_open) refers to strcmpv7em.o(.text) for strcmp
    syscalls.o(.text._sys_open) refers to syscalls.o(.rodata.__stdout_name) for __stdout_name
    syscalls.o(.text._sys_open) refers to syscalls.o(.rodata.__stderr_name) for __stderr_name
    syscalls.o(.text._sys_open) refers to syscalls.o(.rodata.str1.1) for .L.str.2
    syscalls.o(.text._sys_open) refers to ulog.o(.text.ulog_output) for ulog_output
    syscalls.o(.ARM.exidx.text._sys_open) refers (Special) to use_no_semi_2.o(.text) for __use_no_semihosting
    syscalls.o(.ARM.exidx.text._sys_open) refers to syscalls.o(.text._sys_open) for [Anonymous Symbol]
    syscalls.o(.text._sys_close) refers (Special) to use_no_semi_2.o(.text) for __use_no_semihosting
    syscalls.o(.text._sys_close) refers to syscalls.o(.rodata.str1.1) for .L.str.2
    syscalls.o(.text._sys_close) refers to ulog.o(.text.ulog_output) for ulog_output
    syscalls.o(.ARM.exidx.text._sys_close) refers (Special) to use_no_semi_2.o(.text) for __use_no_semihosting
    syscalls.o(.ARM.exidx.text._sys_close) refers to syscalls.o(.text._sys_close) for [Anonymous Symbol]
    syscalls.o(.text._sys_read) refers (Special) to use_no_semi_2.o(.text) for __use_no_semihosting
    syscalls.o(.text._sys_read) refers to syscalls.o(.rodata.str1.1) for .L.str.2
    syscalls.o(.text._sys_read) refers to ulog.o(.text.ulog_output) for ulog_output
    syscalls.o(.ARM.exidx.text._sys_read) refers (Special) to use_no_semi_2.o(.text) for __use_no_semihosting
    syscalls.o(.ARM.exidx.text._sys_read) refers to syscalls.o(.text._sys_read) for [Anonymous Symbol]
    syscalls.o(.text._sys_write) refers (Special) to use_no_semi_2.o(.text) for __use_no_semihosting
    syscalls.o(.text._sys_write) refers to kservice.o(.text.rt_console_get_device) for rt_console_get_device
    syscalls.o(.text._sys_write) refers to device.o(.text.rt_device_write) for rt_device_write
    syscalls.o(.text._sys_write) refers to syscalls.o(.rodata.str1.1) for .L.str.2
    syscalls.o(.text._sys_write) refers to ulog.o(.text.ulog_output) for ulog_output
    syscalls.o(.ARM.exidx.text._sys_write) refers (Special) to use_no_semi_2.o(.text) for __use_no_semihosting
    syscalls.o(.ARM.exidx.text._sys_write) refers to syscalls.o(.text._sys_write) for [Anonymous Symbol]
    syscalls.o(.text._sys_ensure) refers (Special) to use_no_semi_2.o(.text) for __use_no_semihosting
    syscalls.o(.text._sys_ensure) refers to syscalls.o(.rodata.str1.1) for .L.str.2
    syscalls.o(.text._sys_ensure) refers to ulog.o(.text.ulog_output) for ulog_output
[...]
    _dneq                                    0x08010c25   Thumb Code    14  dcmp.o(x$fpl$fcmp)
    __aeabi_dcmpgt                           0x08010c33   Thumb Code     0  dcmp.o(x$fpl$fcmp)
    _dgr                                     0x08010c33   Thumb Code    14  dcmp.o(x$fpl$fcmp)
    __aeabi_dcmpge                           0x08010c41   Thumb Code     0  dcmp.o(x$fpl$fcmp)
    _dgeq                                    0x08010c41   Thumb Code    14  dcmp.o(x$fpl$fcmp)
    __aeabi_dcmple                           0x08010c4f   Thumb Code     0  dcmp.o(x$fpl$fcmp)
    _dleq                                    0x08010c4f   Thumb Code    14  dcmp.o(x$fpl$fcmp)
    __aeabi_dcmplt                           0x08010c5d   Thumb Code     0  dcmp.o(x$fpl$fcmp)
    _dls                                     0x08010c5d   Thumb Code    14  dcmp.o(x$fpl$fcmp)
    __fpl_fnaninf                            0x08010c6b   Thumb Code   140  fnaninf.o(x$fpl$fnaninf)
    _fp_init                                 0x08010cf7   Thumb Code    26  fpinit.o(x$fpl$fpinit)
    __fplib_config_fpu_vfp                   0x08010d0f   Thumb Code     0  fpinit.o(x$fpl$fpinit)
    __fplib_config_pureend_doubles           0x08010d0f   Thumb Code     0  fpinit.o(x$fpl$fpinit)
    __fpl_fretinf                            0x08010d11   Thumb Code    10  fretinf.o(x$fpl$fretinf)
    __aeabi_d2lz                             0x08010d1d   Thumb Code     0  dfixll.o(x$fpl$llsfromd)
    _ll_sfrom_d                              0x08010d1d   Thumb Code   194  dfixll.o(x$fpl$llsfromd)
    AHBPrescTable                            0x08010dde   Data          16  system_stm32f4xx.o(.rodata.AHBPrescTable)
    __I$use$fp                               0x08010dde   Number         0  usenofp.o(x$fpl$usenofp)
    APBPrescTable                            0x08010dee   Data           8  system_stm32f4xx.o(.rodata.APBPrescTable)
    __fsym_canstat_name                      0x08010f20   Data           8  can.o(.rodata.name)
    __fsym_canstat_desc                      0x08010f28   Data          23  can.o(.rodata.name)
    __fsym_adc_name                          0x08010f3f   Data           4  adc.o(.rodata.name)
    __fsym_adc_desc                          0x08010f43   Data          13  adc.o(.rodata.name)
    __fsym_pin_name                          0x08010f50   Data           4  pin.o(.rodata.name)
    __fsym_pin_desc                          0x08010f54   Data          13  pin.o(.rodata.name)
    __fsym_date_name                         0x08010f61   Data           5  rtc.o(.rodata.name)
    __fsym_date_desc                         0x08010f66   Data          72  rtc.o(.rodata.name)
    __fsym_reboot_name                       0x08010fae   Data           7  drv_common.o(.rodata.name)
    __fsym_reboot_desc                       0x08010fb5   Data          14  drv_common.o(.rodata.name)
    __fsym_help_name                         0x08010fc3   Data           5  msh.o(.rodata.name)
    __fsym_help_desc                         0x08010fc8   Data          21  msh.o(.rodata.name)
    __fsym_ps_name                           0x08010fdd   Data           3  msh.o(.rodata.name)
    __fsym_ps_desc                           0x08010fe0   Data          27  msh.o(.rodata.name)
    __fsym_free_name                         0x08010ffb   Data           5  msh.o(.rodata.name)
    __fsym_free_desc                         0x08011000   Data          36  msh.o(.rodata.name)
    __fsym_clear_name                        0x08011024   Data           6  cmd.o(.rodata.name)
    __fsym_clear_desc                        0x0801102a   Data          26  cmd.o(.rodata.name)
    __fsym_version_name                      0x08011044   Data           8  cmd.o(.rodata.name)
    __fsym_version_desc                      0x0801104c   Data          35  cmd.o(.rodata.name)
    __fsym_list_name                         0x0801106f   Data           5  cmd.o(.rodata.name)
    __fsym_list_desc                         0x08011074   Data          13  cmd.o(.rodata.name)
    __fsym_backtrace_name                    0x08011081   Data          10  kservice.o(.rodata.name)
    __fsym_backtrace_desc                    0x0801108b   Data          28  kservice.o(.rodata.name)
    __rt_init_rti_start                      0x08012c4c   Data           4  components.o(.rti_fn.0)
    __rt_init_rti_board_start                0x08012c50   Data           4  components.o(.rti_fn.0.end)
    __rt_init_stm32_adc_init                 0x08012c54   Data           4  drv_adc.o(.rti_fn.1)
    __rt_init_rt_hw_can_init                 0x08012c58   Data           4  drv_can.o(.rti_fn.1)
    __rt_init_ulog_init                      0x08012c5c   Data           4  ulog.o(.rti_fn.1)
    __rt_init_rti_board_end                  0x08012c60   Data           4  components.o(.rti_fn.1.end)
    __rt_init__perf_counter_init             0x08012c64   Data           4  perf_os_patch_rt_thread.o(.rti_fn.2)
    __rt_init_ulog_console_backend_init      0x08012c68   Data           4  console_be.o(.rti_fn.2)
    __rt_init_rt_soft_rtc_init               0x08012c6c   Data           4  soft_rtc.o(.rti_fn.3)
    __rt_init_finsh_system_init              0x08012c70   Data           4  shell.o(.rti_fn.6)
    __rt_init_rti_end                        0x08012c74   Data           4  components.o(.rti_fn.6.end)
    FSymTab$$Base                            0x08012c78   Number         0  can.o(FSymTab)
    __fsym_canstat                           0x08012c78   Data          16  can.o(FSymTab)
    __fsym_adc                               0x08012c88   Data          16  adc.o(FSymTab)
    __fsym_pin                               0x08012c98   Data          16  pin.o(FSymTab)
    __fsym_date                              0x08012ca8   Data          16  rtc.o(FSymTab)
    __fsym_reboot                            0x08012cb8   Data          16  drv_common.o(FSymTab)
    __fsym_help                              0x08012cc8   Data          16  msh.o(FSymTab)
    __fsym_ps                                0x08012cd8   Data          16  msh.o(FSymTab)
    __fsym_free                              0x08012ce8   Data          16  msh.o(FSymTab)
    __fsym_clear                             0x08012cf8   Data          16  cmd.o(FSymTab)
    __fsym_version                           0x08012d08   Data          16  cmd.o(FSymTab)
    __fsym_list                              0x08012d18   Data          16  cmd.o(FSymTab)
    __fsym_backtrace                         0x08012d28   Data          16  kservice.o(FSymTab)
    FSymTab$$Limit                           0x08012d38   Number         0  kservice.o(FSymTab)
    Region$$Table$$Base                      0x08012d38   Number         0  anon$$obj.o(Region$$Table)
    Region$$Table$$Limit                     0x08012d58   Number         0  anon$$obj.o(Region$$Table)
    __ctype                                  0x08012d65   Data           0  lc_ctype_c.o(locale$$data)
    SHT$$INIT_ARRAY$$Base                    0x08012e68   Number         0  perf_counter.o(.init_array)
    SHT$$INIT_ARRAY$$Limit                   0x08012e6c   Number         0  init_aeabi.o(.init_array)
    SystemCoreClock                          0x20000000   Data           4  system_stm32f4xx.o(.data.SystemCoreClock)
    uwTickPrio                               0x200005c8   Data           4  stm32f4xx_hal.o(.data.uwTickPrio)
    __libspace_start                         0x200005d0   Data          96  libspace.o(.bss)
    __temporary_stack_top$libspace           0x20000630   Data           0  libspace.o(.bss)
    _syscall_table_begin                     0x200006cc   Data           4  shell.o(.bss._syscall_table_begin)
    _syscall_table_end                       0x200006d0   Data           4  shell.o(.bss._syscall_table_end)
    g_lLastTimeStamp                         0x200007b0   Data           8  perf_counter.o(.bss.g_lLastTimeStamp)
    g_nOffset                                0x200007b8   Data           4  perf_counter.o(.bss.g_nOffset)
    rt_assert_hook                           0x200009b4   Data           4  kservice.o(.bss.rt_assert_hook)
    rt_current_priority                      0x200009b8   Data           1  scheduler_up.o(.bss.rt_current_priority)
    rt_current_thread                        0x200009bc   Data           4  scheduler_up.o(.bss.rt_current_thread)
    rt_interrupt_from_thread                 0x200009cc   Data           4  cpuport.o(.bss.rt_interrupt_from_thread)
    rt_interrupt_nest                        0x200009d4   Data           4  irq.o(.bss.rt_interrupt_nest)
    rt_interrupt_to_thread                   0x200009d8   Data           4  cpuport.o(.bss.rt_interrupt_to_thread)
    rt_object_put_hook                       0x20000aa0   Data           4  object.o(.bss.rt_object_put_hook)
    rt_object_take_hook                      0x20000aa4   Data           4  object.o(.bss.rt_object_take_hook)
    rt_object_trytake_hook                   0x20000aa8   Data           4  object.o(.bss.rt_object_trytake_hook)
    rt_thread_priority_table                 0x20000abc   Data         256  scheduler_up.o(.bss.rt_thread_priority_table)
    rt_thread_ready_priority_group           0x20000bbc   Data           4  scheduler_up.o(.bss.rt_thread_ready_priority_group)
    rt_thread_switch_interrupt_flag          0x20000bc8   Data           4  cpuport.o(.bss.rt_thread_switch_interrupt_flag)
    shell                                    0x20000c00   Data           4  shell.o(.bss.shell)
    uwTick                                   0x200011a0   Data           4  stm32f4xx_hal.o(.bss.uwTick)
    Image$$RW_IRAM1$$ZI$$Limit               0x200015a8   Number         0  anon$$obj.o ABSOLUTE



==============================================================================

Memory Map of the image

  Image Entry point : 0x080001ad

  Load Region LR_IROM1 (Base: 0x08000000, Size: 0x00013440, Max: 0x00200000, ABSOLUTE, COMPRESSED[0x00012f88])

    Execution Region ER_IROM1 (Exec base: 0x08000000, Load base: 0x08000000, Size: 0x00012e6c, Max: 0x00200000, ABSOLUTE)

    Exec Addr    Load Addr    Size         Type   Attr      Idx    E Section Name        Object

    0x08000000   0x08000000   0x000001ac   Data   RO          903    RESET               startup_stm32f427xx.o
    0x080001ac   0x080001ac   0x00000008   Code   RO         2747  * !!!main             c_w.l(__main.o)
    0x080001b4   0x080001b4   0x00000034   Code   RO         2999    !!!scatter          c_w.l(__scatter.o)
    0x080001e8   0x080001e8   0x0000005a   Code   RO         2997    !!dczerorl2         c_w.l(__dczerorl2.o)
    0x08000242   0x08000242   0x00000002   PAD
    0x08000244   0x08000244   0x0000001c   Code   RO         3001    !!handler_zi        c_w.l(__scatter_zi.o)
    0x08000260   0x08000260   0x00000002   Code   RO         2932    .ARM.Collect$$libinit$$00000000  c_w.l(libinit.o)
    0x08000262   0x08000262   0x00000004   Code   RO         2821    .ARM.Collect$$libinit$$00000001  c_w.l(libinit2.o)
    0x08000266   0x08000266   0x00000000   Code   RO         2824    .ARM.Collect$$libinit$$00000004  c_w.l(libinit2.o)
    0x08000266   0x08000266   0x00000000   Code   RO         2826    .ARM.Collect$$libinit$$00000006  c_w.l(libinit2.o)
    0x08000266   0x08000266   0x00000000   Code   RO         2829    .ARM.Collect$$libinit$$0000000C  c_w.l(libinit2.o)
    0x08000266   0x08000266   0x00000000   Code   RO         2831    .ARM.Collect$$libinit$$0000000E  c_w.l(libinit2.o)
    0x08000266   0x08000266   0x00000000   Code   RO         2833    .ARM.Collect$$libinit$$00000010  c_w.l(libinit2.o)
    0x08000266   0x08000266   0x00000006   Code   RO         2834    .ARM.Collect$$libinit$$00000011  c_w.l(libinit2.o)
    0x0800026c   0x0800026c   0x00000000   Code   RO         2836    .ARM.Collect$$libinit$$00000013  c_w.l(libinit2.o)
    0x0800026c   0x0800026c   0x0000000c   Code   RO         2837    .ARM.Collect$$libinit$$00000014  c_w.l(libinit2.o)
    0x08000278   0x08000278   0x00000000   Code   RO         2838    .ARM.Collect$$libinit$$00000015  c_w.l(libinit2.o)
    0x08000278   0x08000278   0x00000000   Code   RO         2840    .ARM.Collect$$libinit$$00000017  c_w.l(libinit2.o)
    0x08000278   0x08000278   0x00000000   Code   RO         2842    .ARM.Collect$$libinit$$00000019  c_w.l(libinit2.o)
    0x08000278   0x08000278   0x00000000   Code   RO         2844    .ARM.Collect$$libinit$$0000001B  c_w.l(libinit2.o)
    0x08000278   0x08000278   0x00000000   Code   RO         2846    .ARM.Collect$$libinit$$0000001D  c_w.l(libinit2.o)
    0x08000278   0x08000278   0x00000000   Code   RO         2848    .ARM.Collect$$libinit$$0000001F  c_w.l(libinit2.o)
    0x08000278   0x08000278   0x00000000   Code   RO         2850    .ARM.Collect$$libinit$$00000021  c_w.l(libinit2.o)
    0x08000278   0x08000278   0x00000000   Code   RO         2852    .ARM.Collect$$libinit$$00000023  c_w.l(libinit2.o)
    0x08000278   0x08000278   0x00000000   Code   RO         2854    .ARM.Collect$$libinit$$00000025  c_w.l(libinit2.o)
    0x08000278   0x08000278   0x00000000   Code   RO         2856    .ARM.Collect$$libinit$$00000027  c_w.l(libinit2.o)
    0x08000278   0x08000278   0x00000000   Code   RO         2860    .ARM.Collect$$libinit$$0000002E  c_w.l(libinit2.o)
    0x08000278   0x08000278   0x00000000   Code   RO         2862    .ARM.Collect$$libinit$$00000030  c_w.l(libinit2.o)
    0x08000278   0x08000278   0x00000000   Code   RO         2864    .ARM.Collect$$libinit$$00000032  c_w.l(libinit2.o)
    0x08000278   0x08000278   0x00000004   Code   RO         2865    .ARM.Collect$$libinit$$00000033  c_w.l(libinit2.o)
    0x0800027c   0x0800027c   0x00000000   Code   RO         2866    .ARM.Collect$$libinit$$00000034  c_w.l(libinit2.o)
    0x0800027c   0x0800027c   0x00000002   Code   RO         2867    .ARM.Collect$$libinit$$00000035  c_w.l(libinit2.o)
    0x0800027e   0x0800027e   0x00000002   Code   RO         2964    .ARM.Collect$$libshutdown$$00000000  c_w.l(libshutdown.o)
    0x08000280   0x08000280   0x00000000   Code   RO         2980    .ARM.Collect$$libshutdown$$00000002  c_w.l(libshutdown2.o)
    0x08000280   0x08000280   0x00000000   Code   RO         2982    .ARM.Collect$$libshutdown$$00000004  c_w.l(libshutdown2.o)
    0x08000280   0x08000280   0x00000000   Code   RO         2985    .ARM.Collect$$libshutdown$$00000007  c_w.l(libshutdown2.o)
    0x08000280   0x08000280   0x00000000   Code   RO         2988    .ARM.Collect$$libshutdown$$0000000A  c_w.l(libshutdown2.o)
    0x08000280   0x08000280   0x00000000   Code   RO         2990    .ARM.Collect$$libshutdown$$0000000C  c_w.l(libshutdown2.o)
    0x08000280   0x08000280   0x00000000   Code   RO         2993    .ARM.Collect$$libshutdown$$0000000F  c_w.l(libshutdown2.o)
    0x08000280   0x08000280   0x00000002   Code   RO         2994    .ARM.Collect$$libshutdown$$00000010  c_w.l(libshutdown2.o)
    0x08000282   0x08000282   0x00000000   Code   RO         2793    .ARM.Collect$$rtentry$$00000000  c_w.l(__rtentry.o)
    0x08000282   0x08000282   0x00000000   Code   RO         2891    .ARM.Collect$$rtentry$$00000002  c_w.l(__rtentry2.o)
    0x08000282   0x08000282   0x00000006   Code   RO         2903    .ARM.Collect$$rtentry$$00000004  c_w.l(__rtentry4.o)
    0x08000288   0x08000288   0x00000000   Code   RO         2893    .ARM.Collect$$rtentry$$00000009  c_w.l(__rtentry2.o)
    0x08000288   0x08000288   0x00000004   Code   RO         2894    .ARM.Collect$$rtentry$$0000000A  c_w.l(__rtentry2.o)
    0x0800028c   0x0800028c   0x00000000   Code   RO         2896    .ARM.Collect$$rtentry$$0000000C  c_w.l(__rtentry2.o)
    0x0800028c   0x0800028c   0x00000008   Code   RO         2897    .ARM.Collect$$rtentry$$0000000D  c_w.l(__rtentry2.o)
    0x08000294   0x08000294   0x00000002   Code   RO         2933    .ARM.Collect$$rtexit$$00000000  c_w.l(rtexit.o)
    0x08000296   0x08000296   0x00000000   Code   RO         2948    .ARM.Collect$$rtexit$$00000002  c_w.l(rtexit2.o)
    0x08000296   0x08000296   0x00000004   Code   RO         2949    .ARM.Collect$$rtexit$$00000003  c_w.l(rtexit2.o)
    0x0800029a   0x0800029a   0x00000006   Code   RO         2950    .ARM.Collect$$rtexit$$00000004  c_w.l(rtexit2.o)
    0x080002a0   0x080002a0   0x0000003c   Code   RO          904    .text               startup_stm32f427xx.o
    0x080002dc   0x080002dc   0x00000224   Code   RO         1031    .text               rt_memcpy_rvds.o
    0x08000500   0x08000500   0x0000013c   Code   RO         1782    .text               context_rvds.o
    0x0800063c   0x0800063c   0x00000002   Code   RO         2705    .text               c_w.l(use_no_semi_2.o)
    0x0800063e   0x0800063e   0x00000002   PAD
    0x08000640   0x08000640   0x00000010   Code   RO         2707    .text               c_w.l(rt_ctype_table.o)
    0x08000650   0x08000650   0x000000f0   Code   RO         2709    .text               c_w.l(lludivv7m.o)
    0x08000740   0x08000740   0x00000074   Code   RO         2711    .text               c_w.l(llsdiv.o)
    0x080007b4   0x080007b4   0x0000001a   Code   RO         2715    .text               c_w.l(atoi.o)
    0x080007ce   0x080007ce   0x00000072   Code   RO         2717    .text               c_w.l(strtoul.o)
    0x08000840   0x08000840   0x00000014   Code   RO         2719    .text               c_w.l(strchr.o)
    0x08000854   0x08000854   0x00000058   Code   RO         2721    .text               c_w.l(memcmp.o)
    0x080008ac   0x080008ac   0x0000003e   Code   RO         2727    .text               c_w.l(strlen.o)
    0x080008ea   0x080008ea   0x00000096   Code   RO         2729    .text               c_w.l(strncmp.o)
    0x08000980   0x08000980   0x00000064   Code   RO         2733    .text               c_w.l(rt_memcpy_w.o)
    0x080009e4   0x080009e4   0x00000010   Code   RO         2735    .text               c_w.l(aeabi_memset.o)
    0x080009f4   0x080009f4   0x00000010   Code   RO         2737    .text               c_w.l(aeabi_memset4.o)
    0x08000a04   0x08000a04   0x0000004e   Code   RO         2739    .text               c_w.l(rt_memclr_w.o)
    0x08000a52   0x08000a52   0x00000056   Code   RO         2741    .text               c_w.l(strncpy.o)
    0x08000aa8   0x08000aa8   0x0000007c   Code   RO         2743    .text               c_w.l(strcmpv7em.o)
    0x08000b24   0x08000b24   0x00000006   Code   RO         2745    .text               c_w.l(heapauxi.o)
    0x08000b2a   0x08000b2a   0x00000002   PAD
    0x08000b2c   0x08000b2c   0x00000024   Code   RO         2752    .text               c_w.l(init_aeabi.o)
    0x08000b50   0x08000b50   0x00000002   Code   RO         2791    .text               c_w.l(use_no_semi.o)
    0x08000b52   0x08000b52   0x00000002   PAD
    0x08000b54   0x08000b54   0x00000008   Code   RO         2801    .text               c_w.l(rt_locale_intlibspace.o)
    0x08000b5c   0x08000b5c   0x00000008   Code   RO         2806    .text               c_w.l(rt_errno_addr_intlibspace.o)
    0x08000b64   0x08000b64   0x0000009e   Code   RO         2808    .text               c_w.l(_strtoul.o)
    0x08000c02   0x08000c02   0x00000070   Code   RO         2810    .text               c_w.l(strtol.o)
    0x08000c72   0x08000c72   0x00000044   Code   RO         2819    .text               c_w.l(rt_memclr.o)
    0x08000cb6   0x08000cb6   0x00000002   PAD
    0x08000cb8   0x08000cb8   0x00000008   Code   RO         2887    .text               c_w.l(libspace.o)
    0x08000cc0   0x08000cc0   0x0000001c   Code   RO         2907    .text               c_w.l(_chval.o)
    0x08000cdc   0x08000cdc   0x0000004a   Code   RO         2915    .text               c_w.l(sys_stackheap_outer.o)
    0x08000d26   0x08000d26   0x00000012   Code   RO         2917    .text               c_w.l(exit.o)
    0x08000d38   0x08000d38   0x0000000a   Code   RO         1069    .text.$Sub$$main    components.o
    0x08000d42   0x08000d42   0x00000002   PAD
    0x08000d44   0x08000d44   0x0000006e   Code   RO          743    .text.CAN1_RX0_IRQHandler  drv_can.o
    0x08000db2   0x08000db2   0x00000002   PAD
    0x08000db4   0x08000db4   0x00000072   Code   RO          745    .text.CAN1_RX1_IRQHandler  drv_can.o
    0x08000e26   0x08000e26   0x00000002   PAD
    0x08000e28   0x08000e28   0x0000001c   Code   RO          747    .text.CAN1_SCE_IRQHandler  drv_can.o
    0x08000e44   0x08000e44   0x0000001c   Code   RO          739    .text.CAN1_TX_IRQHandler  drv_can.o
    0x08000e60   0x08000e60   0x0000006e   Code   RO          753    .text.CAN2_RX0_IRQHandler  drv_can.o
    0x08000ece   0x08000ece   0x00000002   PAD
    0x08000ed0   0x08000ed0   0x00000072   Code   RO          755    .text.CAN2_RX1_IRQHandler  drv_can.o
    0x08000f42   0x08000f42   0x00000002   PAD
    0x08000f44   0x08000f44   0x0000001c   Code   RO          757    .text.CAN2_SCE_IRQHandler  drv_can.o
    0x08000f60   0x08000f60   0x0000001c   Code   RO          751    .text.CAN2_TX_IRQHandler  drv_can.o
    0x08000f7c   0x08000f7c   0x00000014   Code   RO          788    .text.EXTI0_IRQHandler  drv_gpio.o
    0x08000f90   0x08000f90   0x0000003e   Code   RO          800    .text.EXTI15_10_IRQHandler  drv_gpio.o
    0x08000fce   0x08000fce   0x00000002   PAD
    0x08000fd0   0x08000fd0   0x00000014   Code   RO          790    .text.EXTI1_IRQHandler  drv_gpio.o
    0x08000fe4   0x08000fe4   0x00000014   Code   RO          792    .text.EXTI2_IRQHandler  drv_gpio.o
    0x08000ff8   0x08000ff8   0x00000014   Code   RO          794    .text.EXTI3_IRQHandler  drv_gpio.o
    0x0800100c   0x0800100c   0x00000014   Code   RO          796    .text.EXTI4_IRQHandler  drv_gpio.o
    0x08001020   0x08001020   0x00000030   Code   RO          798    .text.EXTI9_5_IRQHandler  drv_gpio.o
    0x08001050   0x08001050   0x00000120   Code   RO         1853    .text.HAL_ADC_ConfigChannel  stm32f4xx_hal_adc.o
    0x08001170   0x08001170   0x00000006   Code   RO         1849    .text.HAL_ADC_GetValue  stm32f4xx_hal_adc.o
    0x08001176   0x08001176   0x00000002   PAD
    0x08001178   0x08001178   0x0000014c   Code   RO         1811    .text.HAL_ADC_Init  stm32f4xx_hal_adc.o
    0x080012c4   0x080012c4   0x00000036   Code   RO          672    .text.HAL_ADC_MspInit  stm32f4xx_hal_msp.o
    0x080012fa   0x080012fa   0x00000002   PAD
    0x080012fc   0x080012fc   0x000000be   Code   RO         1823    .text.HAL_ADC_PollForConversion  stm32f4xx_hal_adc.o
    0x080013ba   0x080013ba   0x00000002   PAD
    0x080013bc   0x080013bc   0x0000012c   Code   RO         1819    .text.HAL_ADC_Start  stm32f4xx_hal_adc.o
    0x080014e8   0x080014e8   0x00000038   Code   RO         1821    .text.HAL_ADC_Stop  stm32f4xx_hal_adc.o
    0x08001520   0x08001520   0x000000de   Code   RO         2264    .text.HAL_CAN_ConfigFilter  stm32f4xx_hal_can.o
    0x080015fe   0x080015fe   0x00000002   PAD
    0x08001600   0x08001600   0x00000020   Code   RO         2286    .text.HAL_CAN_GetRxFifoFillLevel  stm32f4xx_hal_can.o
    0x08001620   0x08001620   0x0000011c   Code   RO         2284    .text.HAL_CAN_GetRxMessage  stm32f4xx_hal_can.o
    0x0800173c   0x0800173c   0x000000f4   Code   RO         2254    .text.HAL_CAN_Init  stm32f4xx_hal_can.o
    0x08001830   0x08001830   0x0000010a   Code   RO          676    .text.HAL_CAN_MspInit  stm32f4xx_hal_msp.o
    0x0800193a   0x0800193a   0x00000002   PAD
    0x0800193c   0x0800193c   0x0000005a   Code   RO         2266    .text.HAL_CAN_Start  stm32f4xx_hal_can.o
    0x08001996   0x08001996   0x00000002   PAD
    0x08001998   0x08001998   0x0000009c   Code   RO         2048    .text.HAL_DMA_Start_IT  stm32f4xx_hal_dma.o
    0x08001a34   0x08001a34   0x00000104   Code   RO         2423    .text.HAL_GPIO_DeInit  stm32f4xx_hal_gpio.o
    0x08001b38   0x08001b38   0x0000002e   Code   RO          786    .text.HAL_GPIO_EXTI_Callback  drv_gpio.o
    0x08001b66   0x08001b66   0x00000002   PAD
    0x08001b68   0x08001b68   0x00000016   Code   RO         2433    .text.HAL_GPIO_EXTI_IRQHandler  stm32f4xx_hal_gpio.o
    0x08001b7e   0x08001b7e   0x00000002   PAD
    0x08001b80   0x08001b80   0x0000019c   Code   RO         2421    .text.HAL_GPIO_Init  stm32f4xx_hal_gpio.o
    0x08001d1c   0x08001d1c   0x0000000a   Code   RO         2425    .text.HAL_GPIO_ReadPin  stm32f4xx_hal_gpio.o
    0x08001d26   0x08001d26   0x00000002   PAD
    0x08001d28   0x08001d28   0x0000000a   Code   RO         2427    .text.HAL_GPIO_WritePin  stm32f4xx_hal_gpio.o
    0x08001d32   0x08001d32   0x00000002   PAD
    0x08001d34   0x08001d34   0x00000020   Code   RO          876    .text.HAL_GetTick   drv_common.o
    0x08001d54   0x08001d54   0x00000036   Code   RO         2335    .text.HAL_Init      stm32f4xx_hal.o
    0x08001d8a   0x08001d8a   0x00000002   PAD
    0x08001d8c   0x08001d8c   0x0000002e   Code   RO          886    .text.HAL_InitTick  drv_common.o
    0x08001dba   0x08001dba   0x00000002   PAD
    0x08001dbc   0x08001dbc   0x00000038   Code   RO          670    .text.HAL_MspInit   stm32f4xx_hal_msp.o
    0x08001df4   0x08001df4   0x00000028   Code   RO         2214    .text.HAL_NVIC_DisableIRQ  stm32f4xx_hal_cortex.o
    0x08001e1c   0x08001e1c   0x00000020   Code   RO         2212    .text.HAL_NVIC_EnableIRQ  stm32f4xx_hal_cortex.o
    0x08001e3c   0x08001e3c   0x00000056   Code   RO         2210    .text.HAL_NVIC_SetPriority  stm32f4xx_hal_cortex.o
    0x08001e92   0x08001e92   0x00000002   PAD
    0x08001e94   0x08001e94   0x00000020   Code   RO         2208    .text.HAL_NVIC_SetPriorityGrouping  stm32f4xx_hal_cortex.o
    0x08001eb4   0x08001eb4   0x0000007a   Code   RO         2028    .text.HAL_PWREx_EnableOverDrive  stm32f4xx_hal_pwr_ex.o
    0x08001f2e   0x08001f2e   0x00000002   PAD
    0x08001f30   0x08001f30   0x00000160   Code   RO         2119    .text.HAL_RCC_ClockConfig  stm32f4xx_hal_rcc.o
    0x08002090   0x08002090   0x00000026   Code   RO         2131    .text.HAL_RCC_GetPCLK1Freq  stm32f4xx_hal_rcc.o
    0x080020b6   0x080020b6   0x00000002   PAD
    0x080020b8   0x080020b8   0x00000026   Code   RO         2133    .text.HAL_RCC_GetPCLK2Freq  stm32f4xx_hal_rcc.o
    0x080020de   0x080020de   0x00000002   PAD
    0x080020e0   0x080020e0   0x00000068   Code   RO         2121    .text.HAL_RCC_GetSysClockFreq  stm32f4xx_hal_rcc.o
    0x08002148   0x08002148   0x00000344   Code   RO         2117    .text.HAL_RCC_OscConfig  stm32f4xx_hal_rcc.o
    0x0800248c   0x0800248c   0x0000002c   Code   RO         2220    .text.HAL_SYSTICK_Config  stm32f4xx_hal_cortex.o
    0x080024b8   0x080024b8   0x00000036   Code   RO         1881    .text.HAL_UART_DeInit  stm32f4xx_hal_uart.o
    0x080024ee   0x080024ee   0x00000002   PAD
    0x080024f0   0x080024f0   0x00000002   Code   RO         1951    .text.HAL_UART_ErrorCallback  stm32f4xx_hal_uart.o
    0x080024f2   0x080024f2   0x00000002   PAD
    0x080024f4   0x080024f4   0x0000005e   Code   RO         1869    .text.HAL_UART_Init  stm32f4xx_hal_uart.o
    0x08002552   0x08002552   0x00000002   PAD
    0x08002554   0x08002554   0x00000102   Code   RO          696    .text.HAL_UART_MspDeInit  stm32f4xx_hal_msp.o
    0x08002656   0x08002656   0x00000002   PAD
    0x08002658   0x08002658   0x0000021e   Code   RO          694    .text.HAL_UART_MspInit  stm32f4xx_hal_msp.o
    0x08002876   0x08002876   0x00000002   PAD
    0x08002878   0x08002878   0x0000008c   Code   RO         1895    .text.HAL_UART_Transmit_DMA  stm32f4xx_hal_uart.o
    0x08002904   0x08002904   0x00000002   Code   RO         1955    .text.HAL_UART_TxCpltCallback  stm32f4xx_hal_uart.o
    0x08002906   0x08002906   0x00000002   PAD
    0x08002908   0x08002908   0x00000002   Code   RO         1957    .text.HAL_UART_TxHalfCpltCallback  stm32f4xx_hal_uart.o
    0x0800290a   0x0800290a   0x00000002   PAD
    0x0800290c   0x0800290c   0x0000002e   Code   RO          872    .text.SysTick_Handler  drv_common.o
    0x0800293a   0x0800293a   0x00000002   PAD
    0x0800293c   0x0800293c   0x000000ce   Code   RO          707    .text.SystemClock_Config  board.o
    0x08002a0a   0x08002a0a   0x00000002   PAD
    0x08002a0c   0x08002a0c   0x00000012   Code   RO         2406    .text.SystemInit    system_stm32f4xx.o
    0x08002a1e   0x08002a1e   0x00000002   PAD
    0x08002a20   0x08002a20   0x0000001e   Code   RO          840    .text.UART7_IRQHandler  drv_usart.o
    0x08002a3e   0x08002a3e   0x00000002   PAD
    0x08002a40   0x08002a40   0x0000001e   Code   RO          842    .text.UART8_IRQHandler  drv_usart.o
    0x08002a5e   0x08002a5e   0x00000002   PAD
    0x08002a60   0x08002a60   0x000000a2   Code   RO         1901    .text.UART_DMAError  stm32f4xx_hal_uart.o
    0x08002b02   0x08002b02   0x00000002   PAD
    0x08002b04   0x08002b04   0x0000003e   Code   RO         1897    .text.UART_DMATransmitCplt  stm32f4xx_hal_uart.o
    0x08002b42   0x08002b42   0x00000002   PAD
    0x08002b44   0x08002b44   0x00000006   Code   RO         1899    .text.UART_DMATxHalfCplt  stm32f4xx_hal_uart.o
    0x08002b4a   0x08002b4a   0x00000002   PAD
    0x08002b4c   0x08002b4c   0x000000ea   Code   RO         1873    .text.UART_SetConfig  stm32f4xx_hal_uart.o
    0x08002c36   0x08002c36   0x00000002   PAD
    0x08002c38   0x08002c38   0x0000001c   Code   RO          832    .text.USART1_IRQHandler  drv_usart.o
    0x08002c54   0x08002c54   0x0000001e   Code   RO          836    .text.USART3_IRQHandler  drv_usart.o
    0x08002c72   0x08002c72   0x00000002   PAD
    0x08002c74   0x08002c74   0x0000001e   Code   RO          838    .text.USART6_IRQHandler  drv_usart.o
    0x08002c92   0x08002c92   0x00000002   PAD
    0x08002c94   0x08002c94   0x00000048   Code   RO          888    .text._Error_Handler  drv_common.o
    0x08002cdc   0x08002cdc   0x000000b4   Code   RO         2476    .text.__perf_counter_init  perf_counter.o
    0x08002d90   0x08002d90   0x0000000c   Code   RO         2449    .text.__perf_os_patch_init  perf_os_patch_rt_thread.o
    0x08002d9c   0x08002d9c   0x00000010   Code   RO         1795    .text.__rt_ffs      cpuport.o
    0x08002dac   0x08002dac   0x00000050   Code   RO           78    .text.__rt_libc_exit  cstdlib.o
    0x08002dfc   0x08002dfc   0x00000096   Code   RO          531    .text._adc_control  adc.o
    0x08002e92   0x08002e92   0x00000002   PAD
    0x08002e94   0x08002e94   0x00000034   Code   RO          529    .text._adc_read     adc.o
    0x08002ec8   0x08002ec8   0x000000e4   Code   RO          763    .text._can_config   drv_can.o
    0x08002fac   0x08002fac   0x00000528   Code   RO          765    .text._can_control  drv_can.o
    0x080034d4   0x080034d4   0x000000c8   Code   RO          769    .text._can_recvmsg  drv_can.o
    0x0800359c   0x0800359c   0x00000124   Code   RO          749    .text._can_sce_isr  drv_can.o
    0x080036c0   0x080036c0   0x00000144   Code   RO          767    .text._can_sendmsg  drv_can.o
    0x08003804   0x08003804   0x00000080   Code   RO          741    .text._can_tx_isr   drv_can.o
    0x08003884   0x08003884   0x0000009a   Code   RO         1398    .text._console_release  kservice.o
    0x0800391e   0x0800391e   0x00000002   PAD
    0x08003920   0x08003920   0x00000054   Code   RO         1396    .text._console_take  kservice.o
    0x08003974   0x08003974   0x00000064   Code   RO         2453    .text._perf_counter_init  perf_os_patch_rt_thread.o
    0x080039d8   0x080039d8   0x00000344   Code   RO          577    .text._pin_cmd      pin.o
    0x08003d1c   0x08003d1c   0x00000120   Code   RO          579    .text._pin_cmd_print_usage  pin.o
    0x08003e3c   0x08003e3c   0x00000044   Code   RO          561    .text._pin_control  pin.o
    0x08003e80   0x08003e80   0x00000044   Code   RO          557    .text._pin_read     pin.o
    0x08003ec4   0x08003ec4   0x00000044   Code   RO          559    .text._pin_write    pin.o
    0x08003f08   0x08003f08   0x0000031c   Code   RO         1168    .text._rt_mutex_take  ipc.o
    0x08004224   0x08004224   0x000001aa   Code   RO         1136    .text._rt_sem_take  ipc.o
    0x080043ce   0x080043ce   0x00000002   PAD
    0x080043d0   0x080043d0   0x0000000a   Code   RO           46    .text._sys_exit     syscalls.o
    0x080043da   0x080043da   0x00000002   PAD
    0x080043dc   0x080043dc   0x0000009a   Code   RO         1654    .text._thread_detach  thread.o
    0x08004476   0x08004476   0x00000002   PAD
    0x08004478   0x08004478   0x00000048   Code   RO         1682    .text._thread_exit  thread.o
    0x080044c0   0x080044c0   0x000001dc   Code   RO         1664    .text._thread_sleep  thread.o
    0x0800469c   0x0800469c   0x000000ac   Code   RO         1684    .text._thread_timeout  thread.o
    0x08004748   0x08004748   0x00000128   Code   RO         1156    .text._thread_update_priority  ipc.o
    0x08004870   0x08004870   0x000002c0   Code   RO          541    .text.adc           adc.o
    0x08004b30   0x08004b30   0x0000026c   Code   RO          158    .text.asctime_r     ctime.o
    0x08004d9c   0x08004d9c   0x00000050   Code   RO          227    .text.cantimeout    can.o
    0x08004dec   0x08004dec   0x00000014   Code   RO          993    .text.clear         cmd.o
    0x08004e00   0x08004e00   0x000000f0   Code   RO         1370    .text.cmd_backtrace  kservice.o
    0x08004ef0   0x08004ef0   0x0000015c   Code   RO          231    .text.cmd_canstat   can.o
    0x0800504c   0x0800504c   0x00000080   Code   RO          954    .text.cmd_free      msh.o
    0x080050cc   0x080050cc   0x000000b0   Code   RO         1015    .text.cmd_list      cmd.o
    0x0800517c   0x0800517c   0x0000000a   Code   RO          952    .text.cmd_ps        msh.o
    0x08005186   0x08005186   0x00000002   PAD
    0x08005188   0x08005188   0x00000036   Code   RO          164    .text.ctime         ctime.o
    0x080051be   0x080051be   0x00000002   PAD
    0x080051c0   0x080051c0   0x0000025c   Code   RO          611    .text.date          rtc.o
    0x0800541c   0x0800541c   0x000000f0   Code   RO         2652    .text.do_output     ulog.o
    0x0800550c   0x0800550c   0x00000094   Code   RO          919    .text.finsh_getchar  shell.o
    0x080055a0   0x080055a0   0x00000038   Code   RO          923    .text.finsh_rx_ind  shell.o
    0x080055d8   0x080055d8   0x000000cc   Code   RO          921    .text.finsh_set_device  shell.o
    0x080056a4   0x080056a4   0x000000d8   Code   RO          931    .text.finsh_system_init  shell.o
    0x0800577c   0x0800577c   0x000005e8   Code   RO          933    .text.finsh_thread_entry  shell.o
    0x08005d64   0x08005d64   0x00000004   PAD
    0x08005d68   0x08005d68   0x00000150   Code   RO         2571    .text.get_components  rt_vsnprintf.o
    0x08005eb8   0x08005eb8   0x0000006a   Code   RO         2470    .text.get_system_ticks  perf_counter.o
    0x08005f22   0x08005f22   0x00000002   PAD
    0x08005f24   0x08005f24   0x00000036   Code   RO          609    .text.get_timestamp  rtc.o
    0x08005f5a   0x08005f5a   0x00000002   PAD
    0x08005f5c   0x08005f5c   0x000000e8   Code   RO          172    .text.gettimeofday  ctime.o
    0x08006044   0x08006044   0x0000019e   Code   RO          146    .text.gmtime_r      ctime.o
    0x080061e2   0x080061e2   0x00000002   PAD
    0x080061e4   0x080061e4   0x00000084   Code   RO         1100    .text.idle_thread_entry  idle.o
    0x08006268   0x08006268   0x000000d0   Code   RO         2472    .text.init_cycle_counter  perf_counter.o
    0x08006338   0x08006338   0x0000014c   Code   RO         1013    .text.list_device   cmd.o
    0x08006484   0x08006484   0x0000017c   Code   RO         1001    .text.list_event    cmd.o
    0x08006600   0x08006600   0x0000018c   Code   RO         1005    .text.list_mailbox  cmd.o
    0x0800678c   0x0800678c   0x00000198   Code   RO         1009    .text.list_mempool  cmd.o
    0x08006924   0x08006924   0x00000174   Code   RO         1007    .text.list_msgqueue  cmd.o
    0x08006a98   0x08006a98   0x000001c0   Code   RO         1003    .text.list_mutex    cmd.o
    0x08006c58   0x08006c58   0x00000170   Code   RO          999    .text.list_sem      cmd.o
    0x08006dc8   0x08006dc8   0x00000230   Code   RO          997    .text.list_thread   cmd.o
    0x08006ff8   0x08006ff8   0x000001b4   Code   RO         1011    .text.list_timer    cmd.o
    0x080071ac   0x080071ac   0x00000004   PAD
    0x080071b0   0x080071b0   0x000001ac   Code   RO            2    .text.main          main.o
    0x0800735c   0x0800735c   0x00000032   Code   RO         1075    .text.main_thread_entry  components.o
    0x0800738e   0x0800738e   0x00000002   PAD
    0x08007390   0x08007390   0x00000014   Code   RO          154    .text.mktime        ctime.o
    0x080073a4   0x080073a4   0x00000110   Code   RO          958    .text.msh_auto_complete  msh.o
    0x080074b4   0x080074b4   0x00000036   Code   RO          962    .text.msh_cmd_opt_id_get  msh.o
    0x080074ea   0x080074ea   0x00000002   PAD
    0x080074ec   0x080074ec   0x00000204   Code   RO          956    .text.msh_exec      msh.o
    0x080076f0   0x080076f0   0x0000005a   Code   RO          950    .text.msh_help      msh.o
    0x0800774a   0x0800774a   0x00000002   PAD
    0x0800774c   0x0800774c   0x0000003e   Code   RO          979    .text.msh_isint     msh_parse.o
    0x0800778a   0x0800778a   0x00000002   PAD
    0x0800778c   0x0800778c   0x000001f2   Code   RO          960    .text.msh_opt_auto_complete  msh.o
    0x0800797e   0x0800797e   0x00000002   PAD
    0x08007980   0x08007980   0x00000038   Code   RO          964    .text.msh_opt_list_dump  msh.o
    0x080079b8   0x080079b8   0x000000c0   Code   RO         2567    .text.out_rev_      rt_vsnprintf.o
    0x08007a78   0x08007a78   0x000000dc   Code   RO         1434    .text.plug_holes    mem.o
    0x08007b54   0x08007b54   0x0000021a   Code   RO         2573    .text.print_broken_up_decimal  rt_vsnprintf.o
    0x08007d6e   0x08007d6e   0x00000002   PAD
    0x08007d70   0x08007d70   0x000007e0   Code   RO         2569    .text.print_exponential_number  rt_vsnprintf.o
    0x08008550   0x08008550   0x00000184   Code   RO         2565    .text.print_floating_point  rt_vsnprintf.o
    0x080086d4   0x080086d4   0x000001e0   Code   RO         2563    .text.print_integer  rt_vsnprintf.o
    0x080088b4   0x080088b4   0x00000004   Code   RO          868    .text.reboot        drv_common.o
    0x080088b8   0x080088b8   0x00000040   Code   RO          537    .text.rt_adc_disable  adc.o
    0x080088f8   0x080088f8   0x00000040   Code   RO          535    .text.rt_adc_enable  adc.o
    0x08008938   0x08008938   0x00000038   Code   RO          533    .text.rt_adc_read   adc.o
    0x08008970   0x08008970   0x00000088   Code   RO          539    .text.rt_adc_voltage  adc.o
    0x080089f8   0x080089f8   0x00000048   Code   RO         1310    .text.rt_assert_handler  kservice.o
    0x08008a40   0x08008a40   0x00000064   Code   RO         1364    .text.rt_backtrace  kservice.o
    0x08008aa4   0x08008aa4   0x00000062   Code   RO         1368    .text.rt_backtrace_thread  kservice.o
    0x08008b06   0x08008b06   0x00000002   PAD
    0x08008b08   0x08008b08   0x0000001e   Code   RO         1384    .text.rt_calloc     kservice.o
    0x08008b26   0x08008b26   0x00000002   PAD
    0x08008b28   0x08008b28   0x000000fa   Code   RO          219    .text.rt_can_close  can.o
    0x08008c22   0x08008c22   0x00000002   PAD
    0x08008c24   0x08008c24   0x00000158   Code   RO          225    .text.rt_can_control  can.o
    0x08008d7c   0x08008d7c   0x00000044   Code   RO          215    .text.rt_can_init   can.o
    0x08008dc0   0x08008dc0   0x000001d8   Code   RO          217    .text.rt_can_open   can.o
    0x08008f98   0x08008f98   0x00000160   Code   RO          221    .text.rt_can_read   can.o
    0x080090f8   0x080090f8   0x000002a8   Code   RO          223    .text.rt_can_write  can.o
    0x080093a0   0x080093a0   0x00000050   Code   RO          341    .text.rt_completion_done  completion.o
    0x080093f0   0x080093f0   0x00000030   Code   RO          337    .text.rt_completion_init  completion.o
    0x08009420   0x08009420   0x0000020c   Code   RO          339    .text.rt_completion_wait  completion.o
    0x0800962c   0x0800962c   0x0000002c   Code   RO         1065    .text.rt_components_board_init  components.o
    0x08009658   0x08009658   0x0000000c   Code   RO         1354    .text.rt_console_get_device  kservice.o
    0x08009664   0x08009664   0x00000034   Code   RO         1356    .text.rt_console_set_device  kservice.o
    0x08009698   0x08009698   0x0000000c   Code   RO         1585    .text.rt_critical_level  scheduler_up.o
    0x080096a4   0x080096a4   0x00000070   Code   RO          258    .text.rt_device_close  device.o
    0x08009714   0x08009714   0x0000005a   Code   RO          264    .text.rt_device_control  device.o
    0x0800976e   0x0800976e   0x00000002   PAD
    0x08009770   0x08009770   0x00000006   Code   RO          246    .text.rt_device_find  device.o
    0x08009776   0x08009776   0x00000002   PAD
    0x08009778   0x08009778   0x00000100   Code   RO          256    .text.rt_device_open  device.o
    0x08009878   0x08009878   0x0000004a   Code   RO          555    .text.rt_device_pin_register  pin.o
    0x080098c2   0x080098c2   0x00000002   PAD
    0x080098c4   0x080098c4   0x0000007e   Code   RO          260    .text.rt_device_read  device.o
    0x08009942   0x08009942   0x00000002   PAD
    0x08009944   0x08009944   0x0000002e   Code   RO          244    .text.rt_device_register  device.o
    0x08009972   0x08009972   0x00000002   PAD
    0x08009974   0x08009974   0x00000048   Code   RO          266    .text.rt_device_set_rx_indicate  device.o
    0x080099bc   0x080099bc   0x0000007e   Code   RO          262    .text.rt_device_write  device.o
    0x08009a3a   0x08009a3a   0x00000002   PAD
    0x08009a3c   0x08009a3c   0x0000001e   Code   RO         1583    .text.rt_enter_critical  scheduler_up.o
    0x08009a5a   0x08009a5a   0x00000002   PAD
    0x08009a5c   0x08009a5c   0x00000042   Code   RO         1581    .text.rt_exit_critical  scheduler_up.o
    0x08009a9e   0x08009a9e   0x00000002   PAD
    0x08009aa0   0x08009aa0   0x000000cc   Code   RO         1579    .text.rt_exit_critical_safe  scheduler_up.o
    0x08009b6c   0x08009b6c   0x000000b2   Code   RO         1386    .text.rt_free       kservice.o
    0x08009c1e   0x08009c1e   0x00000002   PAD
    0x08009c20   0x08009c20   0x00000098   Code   RO          527    .text.rt_hw_adc_register  adc.o
    0x08009cb8   0x08009cb8   0x00000014   Code   RO         1740    .text.rt_hw_atomic_add  atomic_arm.o
    0x08009ccc   0x08009ccc   0x00000012   Code   RO         1736    .text.rt_hw_atomic_load  atomic_arm.o
    0x08009cde   0x08009cde   0x00000002   PAD
    0x08009ce0   0x08009ce0   0x00000014   Code   RO         1742    .text.rt_hw_atomic_sub  atomic_arm.o
    0x08009cf4   0x08009cf4   0x00000048   Code   RO         1312    .text.rt_hw_backtrace_frame_get  kservice.o
    0x08009d3c   0x08009d3c   0x0000004c   Code   RO         1314    .text.rt_hw_backtrace_frame_unwind  kservice.o
    0x08009d88   0x08009d88   0x0000003c   Code   RO          890    .text.rt_hw_board_init  drv_common.o
    0x08009dc4   0x08009dc4   0x00000090   Code   RO          761    .text.rt_hw_can_init  drv_can.o
    0x08009e54   0x08009e54   0x000001bc   Code   RO          229    .text.rt_hw_can_isr  can.o
    0x0800a010   0x0800a010   0x000000d8   Code   RO          213    .text.rt_hw_can_register  can.o
    0x0800a0e8   0x0800a0e8   0x00000002   Code   RO         1358    .text.rt_hw_console_output  kservice.o
    0x0800a0ea   0x0800a0ea   0x00000002   PAD
    0x0800a0ec   0x0800a0ec   0x00000012   Code   RO         1793    .text.rt_hw_cpu_reset  cpuport.o
    0x0800a0fe   0x0800a0fe   0x00000002   PAD
    0x0800a100   0x0800a100   0x000003c4   Code   RO         1791    .text.rt_hw_hard_fault_exception  cpuport.o
    0x0800a4c4   0x0800a4c4   0x00000004   Code   RO         1291    .text.rt_hw_interrupt_is_disabled  irq.o
    0x0800a4c8   0x0800a4c8   0x00000100   Code   RO          802    .text.rt_hw_pin_init  drv_gpio.o
    0x0800a5c8   0x0800a5c8   0x00000148   Code   RO          658    .text.rt_hw_serial_isr  serial.o
    0x0800a710   0x0800a710   0x0000008c   Code   RO          644    .text.rt_hw_serial_register  serial.o
    0x0800a79c   0x0800a79c   0x00000042   Code   RO         1787    .text.rt_hw_stack_init  cpuport.o
    0x0800a7de   0x0800a7de   0x00000002   PAD
    0x0800a7e0   0x0800a7e0   0x000000b8   Code   RO          844    .text.rt_hw_usart_init  drv_usart.o
    0x0800a898   0x0800a898   0x00000026   Code   RO         1285    .text.rt_interrupt_enter  irq.o
    0x0800a8be   0x0800a8be   0x00000002   PAD
    0x0800a8c0   0x0800a8c0   0x00000020   Code   RO         1289    .text.rt_interrupt_get_nest  irq.o
    0x0800a8e0   0x0800a8e0   0x00000024   Code   RO         1287    .text.rt_interrupt_leave  irq.o
    0x0800a904   0x0800a904   0x000000c8   Code   RO         2549    .text.rt_kprintf    rt_kprintf.o
    0x0800a9cc   0x0800a9cc   0x00000040   Code   RO         1362    .text.rt_kputs      kservice.o
    0x0800aa0c   0x0800aa0c   0x000000ca   Code   RO         1338    .text.rt_malloc     kservice.o
    0x0800aad6   0x0800aad6   0x00000002   PAD
    0x0800aad8   0x0800aad8   0x0000003a   Code   RO         1330    .text.rt_memmove    kservice.o
    0x0800ab12   0x0800ab12   0x00000002   PAD
    0x0800ab14   0x0800ab14   0x000000b8   Code   RO         1388    .text.rt_memory_info  kservice.o
    0x0800abcc   0x0800abcc   0x0000005e   Code   RO         1326    .text.rt_memset     kservice.o
    0x0800ac2a   0x0800ac2a   0x00000002   PAD
    0x0800ac2c   0x0800ac2c   0x000000f0   Code   RO         1453    .text.rt_mp_create  mempool.o
    0x0800ad1c   0x0800ad1c   0x00000052   Code   RO         1459    .text.rt_mp_free    mempool.o
    0x0800ad6e   0x0800ad6e   0x00000002   PAD
    0x0800ad70   0x0800ad70   0x00000198   Code   RO         1154    .text.rt_mutex_drop_thread  ipc.o
    0x0800af08   0x0800af08   0x00000058   Code   RO         1148    .text.rt_mutex_init  ipc.o
    0x0800af60   0x0800af60   0x00000234   Code   RO         1176    .text.rt_mutex_release  ipc.o
    0x0800b194   0x0800b194   0x00000006   Code   RO         1166    .text.rt_mutex_take  ipc.o
    0x0800b19a   0x0800b19a   0x00000002   PAD
    0x0800b19c   0x0800b19c   0x000000ca   Code   RO         1492    .text.rt_object_allocate  object.o
    0x0800b266   0x0800b266   0x00000002   PAD
    0x0800b268   0x0800b268   0x000000e0   Code   RO         1494    .text.rt_object_delete  object.o
    0x0800b348   0x0800b348   0x0000008e   Code   RO         1490    .text.rt_object_detach  object.o
    0x0800b3d6   0x0800b3d6   0x00000002   PAD
    0x0800b3d8   0x0800b3d8   0x00000098   Code   RO         1500    .text.rt_object_find  object.o
    0x0800b470   0x0800b470   0x00000026   Code   RO         1482    .text.rt_object_get_information  object.o
    0x0800b496   0x0800b496   0x00000002   PAD
    0x0800b498   0x0800b498   0x00000034   Code   RO         1498    .text.rt_object_get_type  object.o
    0x0800b4cc   0x0800b4cc   0x000000d4   Code   RO         1488    .text.rt_object_init  object.o
    0x0800b5a0   0x0800b5a0   0x0000003c   Code   RO         1496    .text.rt_object_is_systemobject  object.o
    0x0800b5dc   0x0800b5dc   0x00000038   Code   RO          569    .text.rt_pin_mode   pin.o
    0x0800b614   0x0800b614   0x00000038   Code   RO          571    .text.rt_pin_write  pin.o
    0x0800b64c   0x0800b64c   0x000000b0   Code   RO         1573    .text.rt_sched_insert_thread  scheduler_up.o
    0x0800b6fc   0x0800b6fc   0x00000018   Code   RO         1559    .text.rt_sched_lock  scheduler_up.o
    0x0800b714   0x0800b714   0x0000006c   Code   RO         1571    .text.rt_sched_remove_thread  scheduler_up.o
    0x0800b780   0x0800b780   0x00000006   Code   RO         1587    .text.rt_sched_thread_bind_cpu  scheduler_up.o
    0x0800b786   0x0800b786   0x00000002   PAD
    0x0800b788   0x0800b788   0x00000094   Code   RO         1545    .text.rt_sched_thread_change_priority  scheduler_comm.o
    0x0800b81c   0x0800b81c   0x0000000c   Code   RO         1537    .text.rt_sched_thread_close  scheduler_comm.o
    0x0800b828   0x0800b828   0x00000006   Code   RO         1531    .text.rt_sched_thread_get_curr_prio  scheduler_comm.o
    0x0800b82e   0x0800b82e   0x00000002   PAD
    0x0800b830   0x0800b830   0x00000006   Code   RO         1533    .text.rt_sched_thread_get_init_prio  scheduler_comm.o
    0x0800b836   0x0800b836   0x00000002   PAD
    0x0800b838   0x0800b838   0x0000000a   Code   RO         1529    .text.rt_sched_thread_get_stat  scheduler_comm.o
    0x0800b842   0x0800b842   0x00000002   PAD
    0x0800b844   0x0800b844   0x0000000a   Code   RO         1523    .text.rt_sched_thread_init_ctx  scheduler_comm.o
    0x0800b84e   0x0800b84e   0x00000002   PAD
    0x0800b850   0x0800b850   0x00000070   Code   RO         1577    .text.rt_sched_thread_init_priv  scheduler_up.o
    0x0800b8c0   0x0800b8c0   0x0000000a   Code   RO         1535    .text.rt_sched_thread_is_suspended  scheduler_comm.o
    0x0800b8ca   0x0800b8ca   0x00000002   PAD
    0x0800b8cc   0x0800b8cc   0x00000054   Code   RO         1541    .text.rt_sched_thread_ready  scheduler_comm.o
    0x0800b920   0x0800b920   0x00000014   Code   RO         1575    .text.rt_sched_thread_startup  scheduler_up.o
    0x0800b934   0x0800b934   0x00000012   Code   RO         1525    .text.rt_sched_thread_timer_start  scheduler_comm.o
    0x0800b946   0x0800b946   0x00000002   PAD
    0x0800b948   0x0800b948   0x00000026   Code   RO         1527    .text.rt_sched_thread_timer_stop  scheduler_comm.o
    0x0800b96e   0x0800b96e   0x00000002   PAD
    0x0800b970   0x0800b970   0x00000016   Code   RO         1539    .text.rt_sched_thread_yield  scheduler_comm.o
    0x0800b986   0x0800b986   0x00000002   PAD
    0x0800b988   0x0800b988   0x0000003c   Code   RO         1543    .text.rt_sched_tick_increase  scheduler_comm.o
    0x0800b9c4   0x0800b9c4   0x0000000a   Code   RO         1561    .text.rt_sched_unlock  scheduler_up.o
    0x0800b9ce   0x0800b9ce   0x00000002   PAD
    0x0800b9d0   0x0800b9d0   0x0000001a   Code   RO         1563    .text.rt_sched_unlock_n_resched  scheduler_up.o
    0x0800b9ea   0x0800b9ea   0x00000002   PAD
    0x0800b9ec   0x0800b9ec   0x000002cc   Code   RO         1565    .text.rt_schedule   scheduler_up.o
    0x0800bcb8   0x0800bcb8   0x000000ac   Code   RO         1128    .text.rt_sem_detach  ipc.o
    0x0800bd64   0x0800bd64   0x0000008e   Code   RO         1126    .text.rt_sem_init   ipc.o
    0x0800bdf2   0x0800bdf2   0x00000002   PAD
    0x0800bdf4   0x0800bdf4   0x000000b6   Code   RO         1144    .text.rt_sem_release  ipc.o
    0x0800beaa   0x0800beaa   0x00000002   PAD
    0x0800beac   0x0800beac   0x00000006   Code   RO         1134    .text.rt_sem_take   ipc.o
    0x0800beb2   0x0800beb2   0x00000002   PAD
    0x0800beb4   0x0800beb4   0x000000c0   Code   RO          650    .text.rt_serial_close  serial.o
    0x0800bf74   0x0800bf74   0x000000d4   Code   RO          656    .text.rt_serial_control  serial.o
    0x0800c048   0x0800c048   0x00000050   Code   RO          646    .text.rt_serial_init  serial.o
    0x0800c098   0x0800c098   0x0000015e   Code   RO          648    .text.rt_serial_open  serial.o
    0x0800c1f6   0x0800c1f6   0x00000002   PAD
    0x0800c1f8   0x0800c1f8   0x00000160   Code   RO          652    .text.rt_serial_read  serial.o
    0x0800c358   0x0800c358   0x0000013c   Code   RO          654    .text.rt_serial_write  serial.o
    0x0800c494   0x0800c494   0x00000022   Code   RO         1322    .text.rt_set_errno  kservice.o
    0x0800c4b6   0x0800c4b6   0x00000002   PAD
    0x0800c4b8   0x0800c4b8   0x000000c8   Code   RO         1340    .text.rt_show_version  kservice.o
    0x0800c580   0x0800c580   0x000001f0   Code   RO         1428    .text.rt_smem_alloc  mem.o
    0x0800c770   0x0800c770   0x0000016c   Code   RO         1432    .text.rt_smem_free  mem.o
    0x0800c8dc   0x0800c8dc   0x000000d0   Code   RO         1424    .text.rt_smem_init  mem.o
    0x0800c9ac   0x0800c9ac   0x0000001a   Code   RO         1348    .text.rt_snprintf   kservice.o
    0x0800c9c6   0x0800c9c6   0x00000002   PAD
    0x0800c9c8   0x0800c9c8   0x000000c0   Code   RO          625    .text.rt_soft_rtc_init  soft_rtc.o
    0x0800ca88   0x0800ca88   0x00000024   Code   RO         1352    .text.rt_sprintf    kservice.o
    0x0800caac   0x0800caac   0x00000038   Code   RO         1318    .text.rt_strerror   kservice.o
    0x0800cae4   0x0800cae4   0x00000018   Code   RO         1334    .text.rt_strnlen    kservice.o
    0x0800cafc   0x0800cafc   0x00000054   Code   RO         1116    .text.rt_susp_list_dequeue  ipc.o
    0x0800cb50   0x0800cb50   0x0000007e   Code   RO         1122    .text.rt_susp_list_enqueue  ipc.o
    0x0800cbce   0x0800cbce   0x00000002   PAD
    0x0800cbd0   0x0800cbd0   0x00000050   Code   RO         1124    .text.rt_susp_list_print  ipc.o
    0x0800cc20   0x0800cc20   0x00000098   Code   RO         1118    .text.rt_susp_list_resume_all  ipc.o
    0x0800ccb8   0x0800ccb8   0x0000009c   Code   RO         1380    .text.rt_system_heap_init  kservice.o
    0x0800cd54   0x0800cd54   0x00000030   Code   RO         1567    .text.rt_system_scheduler_init  scheduler_up.o
    0x0800cd84   0x0800cd84   0x0000006c   Code   RO         1569    .text.rt_system_scheduler_start  scheduler_up.o
    0x0800cdf0   0x0800cdf0   0x00000090   Code   RO         1626    .text.rt_system_signal_init  signal.o
    0x0800ce80   0x0800ce80   0x0000000e   Code   RO         1719    .text.rt_system_timer_init  timer.o
    0x0800ce8e   0x0800ce8e   0x00000002   PAD
    0x0800ce90   0x0800ce90   0x00000002   Code   RO         1721    .text.rt_system_timer_thread_init  timer.o
    0x0800ce92   0x0800ce92   0x00000002   PAD
    0x0800ce94   0x0800ce94   0x000000ae   Code   RO         1672    .text.rt_thread_control  thread.o
    0x0800cf42   0x0800cf42   0x00000002   PAD
    0x0800cf44   0x0800cf44   0x000000b2   Code   RO         1656    .text.rt_thread_create  thread.o
    0x0800cff6   0x0800cff6   0x00000002   PAD
    0x0800cff8   0x0800cff8   0x00000024   Code   RO         1094    .text.rt_thread_defunct_enqueue  idle.o
    0x0800d01c   0x0800d01c   0x000000a0   Code   RO         1658    .text.rt_thread_delete  thread.o
    0x0800d0bc   0x0800d0bc   0x00000094   Code   RO         1652    .text.rt_thread_detach  thread.o
    0x0800d150   0x0800d150   0x0000003a   Code   RO         1622    .text.rt_thread_free_sig  signal.o
    0x0800d18a   0x0800d18a   0x00000002   PAD
    0x0800d18c   0x0800d18c   0x000000a6   Code   RO         1620    .text.rt_thread_handle_sig  signal.o
    0x0800d232   0x0800d232   0x00000002   PAD
    0x0800d234   0x0800d234   0x0000005c   Code   RO         1098    .text.rt_thread_idle_init  idle.o
    0x0800d290   0x0800d290   0x000000ec   Code   RO         1644    .text.rt_thread_init  thread.o
    0x0800d37c   0x0800d37c   0x0000000e   Code   RO         1670    .text.rt_thread_mdelay  thread.o
    0x0800d38a   0x0800d38a   0x00000002   PAD
    0x0800d38c   0x0800d38c   0x00000076   Code   RO         1650    .text.rt_thread_resume  thread.o
    0x0800d402   0x0800d402   0x00000002   PAD
    0x0800d404   0x0800d404   0x0000000c   Code   RO         1646    .text.rt_thread_self  thread.o
    0x0800d410   0x0800d410   0x00000070   Code   RO         1648    .text.rt_thread_startup  thread.o
    0x0800d480   0x0800d480   0x00000152   Code   RO         1674    .text.rt_thread_suspend_to_list  thread.o
    0x0800d5d2   0x0800d5d2   0x00000002   PAD
    0x0800d5d4   0x0800d5d4   0x0000000a   Code   RO         1668    .text.rt_thread_suspend_with_flag  thread.o
    0x0800d5de   0x0800d5de   0x00000002   PAD
    0x0800d5e0   0x0800d5e0   0x00000024   Code   RO         1660    .text.rt_thread_yield  thread.o
    0x0800d604   0x0800d604   0x0000003a   Code   RO         1043    .text.rt_tick_from_millisecond  clock.o
    0x0800d63e   0x0800d63e   0x00000002   PAD
    0x0800d640   0x0800d640   0x0000000c   Code   RO         1037    .text.rt_tick_get   clock.o
    0x0800d64c   0x0800d64c   0x0000006c   Code   RO         1041    .text.rt_tick_increase  clock.o
    0x0800d6b8   0x0800d6b8   0x0000000c   Code   RO         1035    .text.rt_tick_sethook  clock.o
    0x0800d6c4   0x0800d6c4   0x00000190   Code   RO         1715    .text.rt_timer_check  timer.o
    0x0800d854   0x0800d854   0x000000f4   Code   RO         1713    .text.rt_timer_control  timer.o
    0x0800d948   0x0800d948   0x000000b4   Code   RO         1703    .text.rt_timer_detach  timer.o
    0x0800d9fc   0x0800d9fc   0x00000092   Code   RO         1701    .text.rt_timer_init  timer.o
    0x0800da8e   0x0800da8e   0x00000002   PAD
    0x0800da90   0x0800da90   0x000001dc   Code   RO         1709    .text.rt_timer_start  timer.o
    0x0800dc6c   0x0800dc6c   0x0000008a   Code   RO         1711    .text.rt_timer_stop  timer.o
    0x0800dcf6   0x0800dcf6   0x00000002   PAD
    0x0800dcf8   0x0800dcf8   0x0000000c   Code   RO          142    .text.rt_tz_get     ctime.o
    0x0800dd04   0x0800dd04   0x0000088c   Code   RO         2561    .text.rt_vsnprintf  rt_vsnprintf.o
    0x0800e590   0x0800e590   0x00000004   Code   RO         1061    .text.rti_board_end  components.o
    0x0800e594   0x0800e594   0x00000004   Code   RO         1059    .text.rti_board_start  components.o
    0x0800e598   0x0800e598   0x00000004   Code   RO         1063    .text.rti_end       components.o
    0x0800e59c   0x0800e59c   0x00000004   Code   RO         1057    .text.rti_start     components.o
    0x0800e5a0   0x0800e5a0   0x00000070   Code   RO         1071    .text.rtthread_startup  components.o
    0x0800e610   0x0800e610   0x0000003a   Code   RO          607    .text.set_timestamp  rtc.o
    0x0800e64a   0x0800e64a   0x00000002   PAD
    0x0800e64c   0x0800e64c   0x00000174   Code   RO          627    .text.soft_rtc_control  soft_rtc.o
    0x0800e7c0   0x0800e7c0   0x00000158   Code   RO          718    .text.stm32_adc_enabled  drv_adc.o
    0x0800e918   0x0800e918   0x00000050   Code   RO          722    .text.stm32_adc_get_resolution  drv_adc.o
    0x0800e968   0x0800e968   0x00000068   Code   RO          720    .text.stm32_adc_get_value  drv_adc.o
    0x0800e9d0   0x0800e9d0   0x00000056   Code   RO          724    .text.stm32_adc_get_vref  drv_adc.o
    0x0800ea26   0x0800ea26   0x00000002   PAD
    0x0800ea28   0x0800ea28   0x000000d8   Code   RO          716    .text.stm32_adc_init  drv_adc.o
    0x0800eb00   0x0800eb00   0x00000114   Code   RO          846    .text.stm32_configure  drv_usart.o
    0x0800ec14   0x0800ec14   0x000000b0   Code   RO          848    .text.stm32_control  drv_usart.o
    0x0800ecc4   0x0800ecc4   0x00000074   Code   RO          854    .text.stm32_dma_transmit  drv_usart.o
    0x0800ed38   0x0800ed38   0x00000040   Code   RO          852    .text.stm32_getc    drv_usart.o
    0x0800ed78   0x0800ed78   0x0000008a   Code   RO          810    .text.stm32_pin_attach_irq  drv_gpio.o
    0x0800ee02   0x0800ee02   0x00000002   PAD
    0x0800ee04   0x0800ee04   0x00000062   Code   RO          812    .text.stm32_pin_dettach_irq  drv_gpio.o
    0x0800ee66   0x0800ee66   0x00000002   PAD
    0x0800ee68   0x0800ee68   0x0000008c   Code   RO          816    .text.stm32_pin_get  drv_gpio.o
    0x0800eef4   0x0800eef4   0x0000016e   Code   RO          814    .text.stm32_pin_irq_enable  drv_gpio.o
    0x0800f062   0x0800f062   0x00000002   PAD
    0x0800f064   0x0800f064   0x00000078   Code   RO          804    .text.stm32_pin_mode  drv_gpio.o
    0x0800f0dc   0x0800f0dc   0x0000002e   Code   RO          808    .text.stm32_pin_read  drv_gpio.o
    0x0800f10a   0x0800f10a   0x00000002   PAD
    0x0800f10c   0x0800f10c   0x00000022   Code   RO          806    .text.stm32_pin_write  drv_gpio.o
    0x0800f12e   0x0800f12e   0x00000002   PAD
    0x0800f130   0x0800f130   0x00000040   Code   RO          850    .text.stm32_putc    drv_usart.o
    0x0800f170   0x0800f170   0x00000234   Code   RO          156    .text.timegm        ctime.o
    0x0800f3a4   0x0800f3a4   0x000000cc   Code   RO          834    .text.uart_isr      drv_usart.o
    0x0800f470   0x0800f470   0x000000d0   Code   RO         2660    .text.ulog_backend_register  ulog.o
    0x0800f540   0x0800f540   0x0000002c   Code   RO         2693    .text.ulog_console_backend_init  console_be.o
    0x0800f56c   0x0800f56c   0x00000006   Code   RO         2691    .text.ulog_console_backend_output  console_be.o
    0x0800f572   0x0800f572   0x00000002   PAD
    0x0800f574   0x0800f574   0x00000098   Code   RO         2646    .text.ulog_formater  ulog.o
    0x0800f60c   0x0800f60c   0x00000410   Code   RO         2642    .text.ulog_head_formater  ulog.o
    0x0800fa1c   0x0800fa1c   0x000002a0   Code   RO         2648    .text.ulog_hex_formater  ulog.o
    0x0800fcbc   0x0800fcbc   0x00000034   Code   RO         2670    .text.ulog_init     ulog.o
    0x0800fcf0   0x0800fcf0   0x00000028   Code   RO         2654    .text.ulog_output   ulog.o
    0x0800fd18   0x0800fd18   0x00000100   Code   RO         2644    .text.ulog_tail_formater  ulog.o
    0x0800fe18   0x0800fe18   0x000001ec   Code   RO         2650    .text.ulog_voutput  ulog.o
    0x08010004   0x08010004   0x00000094   Code   RO         2464    .text.user_code_insert_to_systick_handler  perf_counter.o
    0x08010098   0x08010098   0x0000000a   Code   RO          995    .text.version       cmd.o
    0x080100a2   0x080100a2   0x00000002   PAD
    0x080100a4   0x080100a4   0x0000002c   Code   RO         2813    locale$$code        c_w.l(lc_ctype_c.o)
    0x080100d0   0x080100d0   0x00000062   Code   RO         2755    x$fpl$d2f           fz_wm.l(d2f.o)
    0x08010132   0x08010132   0x00000002   PAD
    0x08010134   0x08010134   0x00000150   Code   RO         2757    x$fpl$dadd          fz_wm.l(daddsub_clz.o)
    0x08010284   0x08010284   0x00000018   Code   RO         2911    x$fpl$dcmpinf       fz_wm.l(dcmpi.o)
    0x0801029c   0x0801029c   0x000002b4   Code   RO         2766    x$fpl$ddiv          fz_wm.l(ddiv.o)
    0x08010550   0x08010550   0x00000078   Code   RO         2872    x$fpl$deqf          fz_wm.l(deqf.o)
    0x080105c8   0x080105c8   0x0000005e   Code   RO         2769    x$fpl$dfix          fz_wm.l(dfix.o)
    0x08010626   0x08010626   0x0000002e   Code   RO         2778    x$fpl$dflt          fz_wm.l(dflt_clz.o)
    0x08010654   0x08010654   0x000000a2   Code   RO         2783    x$fpl$dfltll        fz_wm.l(dfltll_clz.o)
    0x080106f6   0x080106f6   0x00000002   PAD
    0x080106f8   0x080106f8   0x00000078   Code   RO         2874    x$fpl$dgeqf         fz_wm.l(dgeqf.o)
    0x08010770   0x08010770   0x00000078   Code   RO         2876    x$fpl$dleqf         fz_wm.l(dleqf.o)
    0x080107e8   0x080107e8   0x00000154   Code   RO         2787    x$fpl$dmul          fz_wm.l(dmul.o)
    0x0801093c   0x0801093c   0x0000009c   Code   RO         2878    x$fpl$dnaninf       fz_wm.l(dnaninf.o)
    0x080109d8   0x080109d8   0x0000000c   Code   RO         2880    x$fpl$dretinf       fz_wm.l(dretinf.o)
    0x080109e4   0x080109e4   0x000001dc   Code   RO         2759    x$fpl$dsub          fz_wm.l(daddsub_clz.o)
    0x08010bc0   0x08010bc0   0x00000056   Code   RO         2789    x$fpl$f2d           fz_wm.l(f2d.o)
    0x08010c16   0x08010c16   0x00000054   Code   RO         2763    x$fpl$fcmp          fz_wm.l(dcmp.o)
    0x08010c6a   0x08010c6a   0x0000008c   Code   RO         2882    x$fpl$fnaninf       fz_wm.l(fnaninf.o)
    0x08010cf6   0x08010cf6   0x0000001a   Code   RO         2913    x$fpl$fpinit        fz_wm.l(fpinit.o)
    0x08010d10   0x08010d10   0x0000000a   Code   RO         2884    x$fpl$fretinf       fz_wm.l(fretinf.o)
    0x08010d1a   0x08010d1a   0x00000002   PAD
    0x08010d1c   0x08010d1c   0x000000c2   Code   RO         2773    x$fpl$llsfromd      fz_wm.l(dfixll.o)
    0x08010dde   0x08010dde   0x00000000   Code   RO         2886    x$fpl$usenofp       fz_wm.l(usenofp.o)
    0x08010dde   0x08010dde   0x00000010   Data   RO         2411    .rodata.AHBPrescTable  system_stm32f4xx.o
    0x08010dee   0x08010dee   0x00000008   Data   RO         2412    .rodata.APBPrescTable  system_stm32f4xx.o
    0x08010df6   0x08010df6   0x0000001a   Data   RO          177    .rodata.__spm       ctime.o
    0x08010e10   0x08010e10   0x00000010   Data   RO          774    .rodata._can_ops    drv_can.o
    0x08010e20   0x08010e20   0x0000001c   Data   RO          818    .rodata._stm32_pin_ops  drv_gpio.o
    0x08010e3c   0x08010e3c   0x00000048   Data   RO          777    .rodata.can_baud_rate_tab  drv_can.o
    0x08010e84   0x08010e84   0x00000020   Data   RO         2677    .rodata.color_output_info  ulog.o
    0x08010ea4   0x08010ea4   0x0000007c   Data   RO         1021    .rodata.device_type_str  cmd.o
    0x08010f20   0x08010f20   0x0000001f   Data   RO          234    .rodata.name        can.o
    0x08010f3f   0x08010f3f   0x00000011   Data   RO          544    .rodata.name        adc.o
    0x08010f50   0x08010f50   0x00000011   Data   RO          583    .rodata.name        pin.o
    0x08010f61   0x08010f61   0x0000004d   Data   RO          615    .rodata.name        rtc.o
    0x08010fae   0x08010fae   0x00000015   Data   RO          892    .rodata.name        drv_common.o
    0x08010fc3   0x08010fc3   0x00000061   Data   RO          966    .rodata.name        msh.o
    0x08011024   0x08011024   0x0000005d   Data   RO         1017    .rodata.name        cmd.o
    0x08011081   0x08011081   0x00000026   Data   RO         1406    .rodata.name        kservice.o
    0x080110a7   0x080110a7   0x00000001   PAD
    0x080110a8   0x080110a8   0x00000040   Data   RO          820    .rodata.pin_irq_map  drv_gpio.o
    0x080110e8   0x080110e8   0x00000090   Data   RO         2575    .rodata.powers_of_10  rt_vsnprintf.o
    0x08011178   0x08011178   0x00000078   Data   RO         1401    .rodata.rt_errno_strs  kservice.o
    0x080111f0   0x080111f0   0x00000014   Data   RO          858    .rodata.stm32_uart_ops  drv_usart.o
    0x08011204   0x08011204   0x00000010   Data   RO          730    .rodata.stm_adc_ops  drv_adc.o
    0x08011214   0x08011214   0x00000005   Data   RO            4    .rodata.str1.1      main.o
    0x08011219   0x08011219   0x00000068   Data   RO          180    .rodata.str1.1      ctime.o
    0x08011281   0x08011281   0x0000027e   Data   RO          233    .rodata.str1.1      can.o
    0x080114ff   0x080114ff   0x000000e8   Data   RO          270    .rodata.str1.1      device.o
    0x080115e7   0x080115e7   0x00000087   Data   RO          343    .rodata.str1.1      completion.o
    0x0801166e   0x0801166e   0x00000246   Data   RO          543    .rodata.str1.1      adc.o
    0x080118b4   0x080118b4   0x000001a8   Data   RO          582    .rodata.str1.1      pin.o
    0x08011a5c   0x08011a5c   0x0000011d   Data   RO          614    .rodata.str1.1      rtc.o
    0x08011b79   0x08011b79   0x000000b2   Data   RO          660    .rodata.str1.1      serial.o
    0x08011c2b   0x08011c2b   0x0000000e   Data   RO          709    .rodata.str1.1      board.o
    0x08011c39   0x08011c39   0x0000002e   Data   RO          727    .rodata.str1.1      drv_adc.o
    0x08011c67   0x08011c67   0x00000030   Data   RO          776    .rodata.str1.1      drv_can.o
    0x08011c97   0x08011c97   0x0000004f   Data   RO          859    .rodata.str1.1      drv_usart.o
    0x08011ce6   0x08011ce6   0x00000037   Data   RO          940    .rodata.str1.1      shell.o
    0x08011d1d   0x08011d1d   0x00000027   Data   RO          970    .rodata.str1.1      msh.o
    0x08011d44   0x08011d44   0x000002fd   Data   RO         1020    .rodata.str1.1      cmd.o
    0x08012041   0x08012041   0x00000028   Data   RO         1081    .rodata.str1.1      components.o
    0x08012069   0x08012069   0x000001eb   Data   RO         1272    .rodata.str1.1      ipc.o
    0x08012254   0x08012254   0x000001ff   Data   RO         1400    .rodata.str1.1      kservice.o
    0x08012453   0x08012453   0x0000028c   Data   RO         1436    .rodata.str1.1      mem.o
    0x080126df   0x080126df   0x0000001d   Data   RO         1463    .rodata.str1.1      mempool.o
    0x080126fc   0x080126fc   0x0000007c   Data   RO         1514    .rodata.str1.1      object.o
    0x08012778   0x08012778   0x00000029   Data   RO         1596    .rodata.str1.1      scheduler_up.o
    0x080127a1   0x080127a1   0x00000005   Data   RO         1630    .rodata.str1.1      signal.o
    0x080127a6   0x080127a6   0x00000159   Data   RO         1688    .rodata.str1.1      thread.o
    0x080128ff   0x080128ff   0x000000c3   Data   RO         1725    .rodata.str1.1      timer.o
    0x080129c2   0x080129c2   0x000001bb   Data   RO         1798    .rodata.str1.1      cpuport.o
    0x08012b7d   0x08012b7d   0x000000ce   Data   RO         2674    .rodata.str1.1      ulog.o
    0x08012c4b   0x08012c4b   0x00000001   PAD
    0x08012c4c   0x08012c4c   0x00000004   Data   RO         1077    .rti_fn.0           components.o
    0x08012c50   0x08012c50   0x00000004   Data   RO         1078    .rti_fn.0.end       components.o
    0x08012c54   0x08012c54   0x00000004   Data   RO          726    .rti_fn.1           drv_adc.o
    0x08012c58   0x08012c58   0x00000004   Data   RO          775    .rti_fn.1           drv_can.o
    0x08012c5c   0x08012c5c   0x00000004   Data   RO         2682    .rti_fn.1           ulog.o
    0x08012c60   0x08012c60   0x00000004   Data   RO         1079    .rti_fn.1.end       components.o
    0x08012c64   0x08012c64   0x00000004   Data   RO         2455    .rti_fn.2           perf_os_patch_rt_thread.o
    0x08012c68   0x08012c68   0x00000004   Data   RO         2696    .rti_fn.2           console_be.o
    0x08012c6c   0x08012c6c   0x00000004   Data   RO          629    .rti_fn.3           soft_rtc.o
    0x08012c70   0x08012c70   0x00000004   Data   RO          941    .rti_fn.6           shell.o
    0x08012c74   0x08012c74   0x00000004   Data   RO         1080    .rti_fn.6.end       components.o
    0x08012c78   0x08012c78   0x00000010   Data   RO          235    FSymTab             can.o
    0x08012c88   0x08012c88   0x00000010   Data   RO          545    FSymTab             adc.o
    0x08012c98   0x08012c98   0x00000010   Data   RO          584    FSymTab             pin.o
    0x08012ca8   0x08012ca8   0x00000010   Data   RO          616    FSymTab             rtc.o
    0x08012cb8   0x08012cb8   0x00000010   Data   RO          893    FSymTab             drv_common.o
    0x08012cc8   0x08012cc8   0x00000010   Data   RO          967    FSymTab             msh.o
    0x08012cd8   0x08012cd8   0x00000010   Data   RO          968    FSymTab             msh.o
    0x08012ce8   0x08012ce8   0x00000010   Data   RO          969    FSymTab             msh.o
    0x08012cf8   0x08012cf8   0x00000010   Data   RO         1018    FSymTab             cmd.o
    0x08012d08   0x08012d08   0x00000010   Data   RO         1019    FSymTab             cmd.o
    0x08012d18   0x08012d18   0x00000010   Data   RO         1023    FSymTab             cmd.o
    0x08012d28   0x08012d28   0x00000010   Data   RO         1407    FSymTab             kservice.o
    0x08012d38   0x08012d38   0x00000020   Data   RO         2996    Region$$Table       anon$$obj.o
    0x08012d58   0x08012d58   0x00000110   Data   RO         2812    locale$$data        c_w.l(lc_ctype_c.o)
    0x08012e68   0x08012e68   0x00000004   Data   RO         2540    .init_array         perf_counter.o
    0x08012e6c   0x08012e68   0x00000000   Data   RO         2750    .init_array         c_w.l(init_aeabi.o)


    Execution Region RW_IRAM2 (Exec base: 0x10000000, Load base: 0x08012f88, Size: 0x00000000, Max: 0x00010000, ABSOLUTE)

    **** No section assigned to this execution region ****


    Execution Region RW_IRAM1 (Exec base: 0x20000000, Load base: 0x08012e70, Size: 0x000015a8, Max: 0x00030000, ABSOLUTE, COMPRESSED[0x00000118])

    Exec Addr    Load Addr    Size         Type   Attr      Idx    E Section Name        Object

    0x20000000   COMPRESSED   0x00000004   Data   RW         2410    .data.SystemCoreClock  system_stm32f4xx.o
    0x20000004   COMPRESSED   0x00000004   Data   RW          176    .data._current_tz_offset_sec  ctime.o
    0x20000008   COMPRESSED   0x000000dc   Data   RW         1513    .data._object_container  object.o
    0x200000e4   COMPRESSED   0x00000008   Data   RW         1105    .data._rt_thread_defunct  idle.o
    0x200000ec   COMPRESSED   0x00000048   Data   RW          729    .data.adc_config    drv_adc.o
    0x20000134   COMPRESSED   0x00000078   Data   RW         1022    .data.cmd_list_msh_options  cmd.o
    0x200001ac   COMPRESSED   0x00000158   Data   RW          771    .data.drv_can1      drv_can.o
    0x20000304   COMPRESSED   0x00000158   Data   RW          772    .data.drv_can2      drv_can.o
    0x2000045c   COMPRESSED   0x00000100   Data   RW          819    .data.pin_irq_hdr_tab  drv_gpio.o
    0x2000055c   COMPRESSED   0x00000004   Data   RW         2534    .data.s_nMSUnit     perf_counter.o
    0x20000560   COMPRESSED   0x00000004   Data   RW         2537    .data.s_nUSUnit     perf_counter.o
    0x20000564   COMPRESSED   0x00000064   Data   RW          857    .data.uart_config   drv_usart.o
    0x200005c8   COMPRESSED   0x00000004   Data   RW         2393    .data.uwTickPrio    stm32f4xx_hal.o
    0x200005cc   COMPRESSED   0x00000004   PAD
    0x200005d0        -       0x00000060   Zero   RW         2888    .bss                c_w.l(libspace.o)
    0x20000630        -       0x00000004   Zero   RW          698    .bss.HAL_RCC_CAN1_CLK_ENABLED  stm32f4xx_hal_msp.o
    0x20000634        -       0x00000004   Zero   RW         1402    .bss.__rt_errno     kservice.o
    0x20000638        -       0x00000004   Zero   RW         1403    .bss._console_device  kservice.o
    0x2000063c        -       0x00000004   Zero   RW          182    .bss._control_rtc.device  ctime.o
    0x20000640        -       0x00000004   Zero   RW         1597    .bss._critical_error_occurred  scheduler_up.o
    0x20000644        -       0x00000044   Zero   RW          581    .bss._hw_pin        pin.o
    0x20000688        -       0x00000030   Zero   RW         1415    .bss._lock          kservice.o
    0x200006b8        -       0x00000004   Zero   RW         1404    .bss._pr_curr_user  kservice.o
    0x200006bc        -       0x00000004   Zero   RW         1414    .bss._pr_curr_user_nested  kservice.o
    0x200006c0        -       0x00000004   Zero   RW          613    .bss._rtc_device    rtc.o
    0x200006c4        -       0x00000001   Zero   RW          661    .bss._serial_check_buffer_size.already_output  serial.o
    0x200006c5   COMPRESSED   0x00000003   PAD
    0x200006c8        -       0x00000004   Zero   RW         1631    .bss._siginfo_pool  signal.o
    0x200006cc        -       0x00000004   Zero   RW          935    .bss._syscall_table_begin  shell.o
    0x200006d0        -       0x00000004   Zero   RW          936    .bss._syscall_table_end  shell.o
    0x200006d4        -       0x00000008   Zero   RW         1726    .bss._timer_list    timer.o
    0x200006dc        -       0x00000004   Zero   RW         1727    .bss._timer_start.random_nr  timer.o
    0x200006e0        -       0x00000004   Zero   RW          546    .bss.adc.adc_device  adc.o
    0x200006e4        -       0x0000001a   Zero   RW          181    .bss.asctime.buf    ctime.o
    0x200006fe   COMPRESSED   0x00000002   PAD
    0x20000700        -       0x00000028   Zero   RW         2695    .bss.console        console_be.o
    0x20000728        -       0x00000081   Zero   RW          938    .bss.finsh_get_prompt.finsh_prompt  shell.o
    0x200007a9   COMPRESSED   0x00000003   PAD
    0x200007ac        -       0x00000004   Zero   RW          937    .bss.finsh_prompt_custom  shell.o
    0x200007b0        -       0x00000008   Zero   RW         2530    .bss.g_lLastTimeStamp  perf_counter.o
    0x200007b8        -       0x00000004   Zero   RW         2531    .bss.g_nOffset      perf_counter.o
    0x200007bc        -       0x00000010   Zero   RW         1104    .bss.idle_hook_list  idle.o
    0x200007cc        -       0x000000a8   Zero   RW         1106    .bss.idle_thread    idle.o
    0x20000874   COMPRESSED   0x00000004   PAD
    0x20000878        -       0x00000100   Zero   RW         1107    .bss.idle_thread_stack  idle.o
    0x20000978        -       0x00000004   Zero   RW          632    .bss.init_tick      soft_rtc.o
    0x2000097c        -       0x00000004   Zero   RW          633    .bss.init_time      soft_rtc.o
    0x20000980        -       0x00000004   Zero   RW          635    .bss.init_tv.0      soft_rtc.o
    0x20000984        -       0x0000002c   Zero   RW          179    .bss.localtime.tmp  ctime.o
    0x200009b0        -       0x00000004   Zero   RW          821    .bss.pin_irq_enable_mask  drv_gpio.o
    0x200009b4        -       0x00000004   Zero   RW         1413    .bss.rt_assert_hook  kservice.o
    0x200009b8        -       0x00000001   Zero   RW         1595    .bss.rt_current_priority  scheduler_up.o
    0x200009b9   COMPRESSED   0x00000003   PAD
    0x200009bc        -       0x00000004   Zero   RW         1589    .bss.rt_current_thread  scheduler_up.o
    0x200009c0        -       0x00000004   Zero   RW         1797    .bss.rt_exception_hook  cpuport.o
    0x200009c4        -       0x00000004   Zero   RW         1411    .bss.rt_free_hook   kservice.o
    0x200009c8        -       0x00000004   Zero   RW         1293    .bss.rt_interrupt_enter_hook  irq.o
    0x200009cc        -       0x00000004   Zero   RW         1799    .bss.rt_interrupt_from_thread  cpuport.o
    0x200009d0        -       0x00000004   Zero   RW         1294    .bss.rt_interrupt_leave_hook  irq.o
    0x200009d4        -       0x00000004   Zero   RW         1295    .bss.rt_interrupt_nest  irq.o
    0x200009d8        -       0x00000004   Zero   RW         1800    .bss.rt_interrupt_to_thread  cpuport.o
    0x200009dc        -       0x00000001   Zero   RW         2552    .bss.rt_kprintf.kprintf_init_flag  rt_kprintf.o
    0x200009dd   COMPRESSED   0x00000003   PAD
    0x200009e0        -       0x00000030   Zero   RW         2553    .bss.rt_kprintf.kprintf_mutex  rt_kprintf.o
    0x20000a10        -       0x00000080   Zero   RW         2551    .bss.rt_kprintf.rt_console_buf  rt_kprintf.o
    0x20000a90        -       0x00000004   Zero   RW         1408    .bss.rt_malloc_hook  kservice.o
    0x20000a94        -       0x00000004   Zero   RW         1462    .bss.rt_mp_free_hook  mempool.o
    0x20000a98        -       0x00000004   Zero   RW         1508    .bss.rt_object_attach_hook  object.o
    0x20000a9c        -       0x00000004   Zero   RW         1509    .bss.rt_object_detach_hook  object.o
    0x20000aa0        -       0x00000004   Zero   RW         1512    .bss.rt_object_put_hook  object.o
    0x20000aa4        -       0x00000004   Zero   RW         1511    .bss.rt_object_take_hook  object.o
    0x20000aa8        -       0x00000004   Zero   RW         1510    .bss.rt_object_trytake_hook  object.o
    0x20000aac        -       0x00000004   Zero   RW         1590    .bss.rt_scheduler_hook  scheduler_up.o
    0x20000ab0        -       0x00000002   Zero   RW         1592    .bss.rt_scheduler_lock_nest  scheduler_up.o
    0x20000ab2   COMPRESSED   0x00000002   PAD
    0x20000ab4        -       0x00000004   Zero   RW         1591    .bss.rt_scheduler_switch_hook  scheduler_up.o
    0x20000ab8        -       0x00000001   Zero   RW          630    .bss.rt_soft_rtc_init.init_ok  soft_rtc.o
    0x20000ab9   COMPRESSED   0x00000003   PAD
    0x20000abc        -       0x00000100   Zero   RW         1593    .bss.rt_thread_priority_table  scheduler_up.o
    0x20000bbc        -       0x00000004   Zero   RW         1594    .bss.rt_thread_ready_priority_group  scheduler_up.o
    0x20000bc0        -       0x00000004   Zero   RW         1687    .bss.rt_thread_resume_hook  thread.o
    0x20000bc4        -       0x00000004   Zero   RW         1686    .bss.rt_thread_suspend_hook  thread.o
    0x20000bc8        -       0x00000004   Zero   RW         1801    .bss.rt_thread_switch_interrupt_flag  cpuport.o
    0x20000bcc        -       0x00000004   Zero   RW         1048    .bss.rt_tick        clock.o
    0x20000bd0        -       0x00000004   Zero   RW         1047    .bss.rt_tick_hook   clock.o
    0x20000bd4        -       0x00000004   Zero   RW         1723    .bss.rt_timer_enter_hook  timer.o
    0x20000bd8        -       0x00000004   Zero   RW         1724    .bss.rt_timer_exit_hook  timer.o
    0x20000bdc   COMPRESSED   0x00000004   PAD
    0x20000be0        -       0x00000008   Zero   RW         2539    .bss.s_lOldTimestamp  perf_counter.o
    0x20000be8        -       0x00000008   Zero   RW         2532    .bss.s_lSystemClockCounts  perf_counter.o
    0x20000bf0        -       0x00000004   Zero   RW         2533    .bss.s_nMSResidule  perf_counter.o
    0x20000bf4        -       0x00000004   Zero   RW         2535    .bss.s_nSystemMS    perf_counter.o
    0x20000bf8        -       0x00000004   Zero   RW         2538    .bss.s_nSystemUS    perf_counter.o
    0x20000bfc        -       0x00000004   Zero   RW         2536    .bss.s_nUSResidule  perf_counter.o
    0x20000c00        -       0x00000004   Zero   RW          939    .bss.shell          shell.o
    0x20000c04        -       0x00000040   Zero   RW          634    .bss.soft_rtc_dev   soft_rtc.o
    0x20000c44        -       0x0000008c   Zero   RW          728    .bss.stm32_adc_obj  drv_adc.o
    0x20000cd0        -       0x00000004   Zero   RW         1412    .bss.system_heap    kservice.o
    0x20000cd4        -       0x00000370   Zero   RW          856    .bss.uart_obj       drv_usart.o
    0x20001044        -       0x00000148   Zero   RW         2675    .bss.ulog           ulog.o
    0x2000118c        -       0x00000004   Zero   RW         2678    .bss.ulog_formater.log_len  ulog.o
    0x20001190        -       0x00000004   Zero   RW         2676    .bss.ulog_head_formater.log_len  ulog.o
    0x20001194        -       0x00000004   Zero   RW         2680    .bss.ulog_hex_formater.j  ulog.o
    0x20001198        -       0x00000004   Zero   RW         2679    .bss.ulog_hex_formater.log_len  ulog.o
    0x2000119c        -       0x00000001   Zero   RW         2681    .bss.ulog_voutput.ulog_voutput_recursion  ulog.o
    0x2000119d   COMPRESSED   0x00000003   PAD
    0x200011a0        -       0x00000004   Zero   RW         2395    .bss.uwTick         stm32f4xx_hal.o
    0x200011a4   COMPRESSED   0x00000004   PAD
    0x200011a8        -       0x00000000   Zero   RW          902    HEAP                startup_stm32f427xx.o
    0x200011a8        -       0x00000400   Zero   RW          901    STACK               startup_stm32f427xx.o


==============================================================================

Image component sizes


      Code (inc. data)   RO Data    RW Data    ZI Data      Debug   Object Name

      1378        276        615          0          4      10218   adc.o
        58          0          0          0          0       2751   atomic_arm.o
       206          0         14          0          0       2489   board.o
      3254        404        685          0          0      18022   can.o
       190         48          0          0          8       1940   clock.o
      3906       1110       1030        120          0      24663   cmd.o
       652        168        135          0          0       4622   completion.o
       232          0         56          0          0       4189   components.o
        50          8          4          0         40       1777   console_be.o
       316         28          0          0          0        792   context_rvds.o
      1064        168        443          0         16       4415   cpuport.o
        80         28          0          0          0       5516   cstdlib.o
      1916         84        130          4         74      12853   ctime.o
       834         20        232          0          0       8033   device.o
       830        186         66         72        140       8740   drv_adc.o
      3196        202        140        688          0      19501   drv_can.o
       260         52         37          0          0       8630   drv_common.o
      1454         76         92        256          4      12673   drv_gpio.o
      1232        112         99        100        880      13759   drv_usart.o
       260          8          0          8        440       6041   idle.o
      3528        236        491          0          0      50226   ipc.o
       110          0          0          0         12       1630   irq.o
      2304        324        685          0         80      28627   kservice.o
       428        148          5          0          0       3792   main.o
      1288        296        652          0          0       6349   mem.o
       322         36         29          0          4       7732   mempool.o
      1624        140        184          0          0       8977   msh.o
        62          0          0          0          0       1583   msh_parse.o
      1082        108        124        220         20      11591   object.o
       642          0          4          8         44      14840   perf_counter.o
       112         56          4          0          0       3704   perf_os_patch_rt_thread.o
      1514        328        457          0         68      11092   pin.o
       200          8          0          0        177       4909   rt_kprintf.o
       548          0          0          0          0        412   rt_memcpy_rvds.o
      6138        450        144          0          0      23170   rt_vsnprintf.o
       716        136        378          0          4       9570   rtc.o
       424         68          0          0          0       5197   scheduler_comm.o
      1666        280         41          0        279       9715   scheduler_up.o
      1970        178        178          0          1      11692   serial.o
      2136        292         59          0        145      10462   shell.o
       368         76          5          0          4      10955   signal.o
       564         90          4          0         77       5182   soft_rtc.o
        60         22        428          0       1024        952   startup_stm32f427xx.o
        54          0          0          4          4       7679   stm32f4xx_hal.o
      1172          0          0          0          0      11290   stm32f4xx_hal_adc.o
       872          0          0          0          0      13699   stm32f4xx_hal_can.o
       234          0          0          0          0      10657   stm32f4xx_hal_cortex.o
       156          0          0          0          0       9806   stm32f4xx_hal_dma.o
       714          0          0          0          0       5122   stm32f4xx_hal_gpio.o
      1176          0          0          0          4      17242   stm32f4xx_hal_msp.o
       122          0          0          0          0       4610   stm32f4xx_hal_pwr_ex.o
      1368          0          0          0          0       7359   stm32f4xx_hal_rcc.o
       758          0          0          0          0      27166   stm32f4xx_hal_uart.o
        10          0          0          0          0       6247   syscalls.o
        18          0         24          4          0       2790   system_stm32f4xx.o
      2410        302        345          0          8      13320   thread.o
      1600        202        195          0         20      12709   timer.o
      3152        172        242          0        345      20041   ulog.o

    ----------------------------------------------------------------------
     63240       6934       8490       1484       3964     583720   Object Totals
         0          0         32          0          0          0   (incl. Generated)
       250          8          2          0         38          0   (incl. Padding)

    ----------------------------------------------------------------------

      Code (inc. data)   RO Data    RW Data    ZI Data      Debug   Library Member Name

        90          0          0          0          0          0   __dczerorl2.o
         8          0          0          0          0         68   __main.o
         0          0          0          0          0          0   __rtentry.o
        12          0          0          0          0          0   __rtentry2.o
         6          0          0          0          0          0   __rtentry4.o
        52          8          0          0          0          0   __scatter.o
        28          0          0          0          0          0   __scatter_zi.o
        28          0          0          0          0         68   _chval.o
       158          0          0          0          0         92   _strtoul.o
        16          0          0          0          0         68   aeabi_memset.o
        16          0          0          0          0         68   aeabi_memset4.o
        26          0          0          0          0         80   atoi.o
        18          0          0          0          0         80   exit.o
         6          0          0          0          0        152   heapauxi.o
        36          8          0          0          0         80   init_aeabi.o
        44         10        272          0          0         76   lc_ctype_c.o
         2          0          0          0          0          0   libinit.o
        28          0          0          0          0          0   libinit2.o
         2          0          0          0          0          0   libshutdown.o
         2          0          0          0          0          0   libshutdown2.o
         8          4          0          0         96         68   libspace.o
       116          0          0          0          0         84   llsdiv.o
       240          0          0          0          0        100   lludivv7m.o
        88          0          0          0          0         76   memcmp.o
        16          4          0          0          0         76   rt_ctype_table.o
         8          4          0          0          0         68   rt_errno_addr_intlibspace.o
         8          4          0          0          0         68   rt_locale_intlibspace.o
        68          0          0          0          0         68   rt_memclr.o
        78          0          0          0          0         80   rt_memclr_w.o
       100          0          0          0          0         80   rt_memcpy_w.o
         2          0          0          0          0          0   rtexit.o
        10          0          0          0          0          0   rtexit2.o
        20          0          0          0          0         68   strchr.o
       124          0          0          0          0         88   strcmpv7em.o
        62          0          0          0          0         76   strlen.o
       150          0          0          0          0         80   strncmp.o
        86          0          0          0          0         76   strncpy.o
       112          0          0          0          0         88   strtol.o
       114          0          0          0          0         92   strtoul.o
        74          0          0          0          0         80   sys_stackheap_outer.o
         2          0          0          0          0         68   use_no_semi.o
         2          0          0          0          0         68   use_no_semi_2.o
        98          4          0          0          0        140   d2f.o
       812         16          0          0          0        392   daddsub_clz.o
        84          0          0          0          0        244   dcmp.o
        24          0          0          0          0        116   dcmpi.o
       692        140          0          0          0        264   ddiv.o
       120          4          0          0          0        140   deqf.o
        94          4          0          0          0        140   dfix.o
       194          4          0          0          0        164   dfixll.o
        46          0          0          0          0        116   dflt_clz.o
       162          0          0          0          0        132   dfltll_clz.o
       120          4          0          0          0        140   dgeqf.o
       120          4          0          0          0        140   dleqf.o
       340         12          0          0          0        152   dmul.o
       156          4          0          0          0        140   dnaninf.o
        12          0          0          0          0        116   dretinf.o
        86          4          0          0          0        132   f2d.o
       140          4          0          0          0        132   fnaninf.o
        26          0          0          0          0        116   fpinit.o
        10          0          0          0          0        116   fretinf.o
         0          0          0          0          0          0   usenofp.o

    ----------------------------------------------------------------------
      5418        246        272          0         96       5416   Library Totals
        16          0          0          0          0          0   (incl. Padding)

    ----------------------------------------------------------------------

      Code (inc. data)   RO Data    RW Data    ZI Data      Debug   Library Name

      2066         42        272          0         96       2384   c_w.l
      3336        204          0          0          0       3032   fz_wm.l

    ----------------------------------------------------------------------
      5418        246        272          0         96       5416   Library Totals

    ----------------------------------------------------------------------

==============================================================================


      Code (inc. data)   RO Data    RW Data    ZI Data      Debug   

     68658       7180       8762       1484       4060     584704   Grand Totals
     68658       7180       8762        280       4060     584704   ELF Image Totals (compressed)
     68658       7180       8762        280          0          0   ROM Totals

==============================================================================

    Total RO  Size (Code + RO Data)                77420 (  75.61kB)
    Total RW  Size (RW Data + ZI Data)              5544 (   5.41kB)
    Total ROM Size (Code + RO Data + RW Data)      77700 (  75.88kB)

==============================================================================

