Component: Arm Compiler for Embedded 6.21 Tool: armlink [5ec1fa00]

==============================================================================

Section Cross References

    aboard_power_switch.o(.text.power_on) refers to pin.o(.text.rt_pin_write) for rt_pin_write
    aboard_power_switch.o(.ARM.exidx.text.power_on) refers to aboard_power_switch.o(.text.power_on) for [Anonymous Symbol]
    aboard_power_switch.o(.text.power_off) refers to pin.o(.text.rt_pin_write) for rt_pin_write
    aboard_power_switch.o(.ARM.exidx.text.power_off) refers to aboard_power_switch.o(.text.power_off) for [Anonymous Symbol]
    aboard_power_switch.o(.ARM.exidx.text.power_switch) refers to aboard_power_switch.o(.text.power_switch) for [Anonymous Symbol]
    aboard_power_switch.o(.text.power_init) refers to pin.o(.text.rt_pin_mode) for rt_pin_mode
    aboard_power_switch.o(.text.power_init) refers to pin.o(.text.rt_pin_write) for rt_pin_write
    aboard_power_switch.o(.ARM.exidx.text.power_init) refers to aboard_power_switch.o(.text.power_init) for [Anonymous Symbol]
    aboard_power_switch.o(FSymTab) refers to aboard_power_switch.o(.rodata.name) for __fsym_power_switch_name
    aboard_power_switch.o(FSymTab) refers to aboard_power_switch.o(.text.power_switch) for power_switch
    aboard_power_switch.o(.rti_fn.1) refers to aboard_power_switch.o(.text.power_init) for power_init
    motor_dj_rm_driver.o(.text.motor_dj_driver) refers to motor.o(.text.motor_get) for motor_get
    motor_dj_rm_driver.o(.text.motor_dj_driver) refers to rt_memclr_w.o(.text) for __aeabi_memclr4
    motor_dj_rm_driver.o(.text.motor_dj_driver) refers to motor_dj_rm_driver.o(.bss.iq1_low) for iq1_low
    motor_dj_rm_driver.o(.text.motor_dj_driver) refers to motor_dj_rm_driver.o(.bss.iq1_high) for iq1_high
    motor_dj_rm_driver.o(.text.motor_dj_driver) refers to motor_dj_rm_driver.o(.bss.can_dev) for can_dev
    motor_dj_rm_driver.o(.text.motor_dj_driver) refers to device.o(.text.rt_device_write) for rt_device_write
    motor_dj_rm_driver.o(.text.motor_dj_driver) refers to rt_kprintf.o(.text.rt_kprintf) for rt_kprintf
    motor_dj_rm_driver.o(.ARM.exidx.text.motor_dj_driver) refers to motor_dj_rm_driver.o(.text.motor_dj_driver) for [Anonymous Symbol]
    motor_dj_rm_driver.o(.text.motor_dj_ctr) refers to motor.o(.text.motor_get) for motor_get
    motor_dj_rm_driver.o(.ARM.exidx.text.motor_dj_ctr) refers to motor_dj_rm_driver.o(.text.motor_dj_ctr) for [Anonymous Symbol]
    motor_dj_rm_driver.o(.ARM.exidx.text.dj_motor_measure_updata) refers to motor_dj_rm_driver.o(.text.dj_motor_measure_updata) for [Anonymous Symbol]
    motor_dj_rm_driver.o(.ARM.exidx.text.get_motor_offset) refers to motor_dj_rm_driver.o(.text.get_motor_offset) for [Anonymous Symbol]
    motor_dj_rm_driver.o(.ARM.exidx.text.dj_motor_BackToZero) refers to motor_dj_rm_driver.o(.text.dj_motor_BackToZero) for [Anonymous Symbol]
    motor_dj_rm_driver.o(.text.motor_tt_init) refers to motor_dj_rm_driver.o(.bss.motor_can1) for motor_can1
    motor_dj_rm_driver.o(.text.motor_tt_init) refers to motor_dj_rm_driver.o(.rodata.str1.1) for .L.str.1
    motor_dj_rm_driver.o(.text.motor_tt_init) refers to device.o(.text.rt_device_find) for rt_device_find
    motor_dj_rm_driver.o(.text.motor_tt_init) refers to motor_dj_rm_driver.o(.bss.can_dev) for can_dev
    motor_dj_rm_driver.o(.text.motor_tt_init) refers to motor_dj_rm_driver.o(.bss.rx_sem) for rx_sem
    motor_dj_rm_driver.o(.text.motor_tt_init) refers to ipc.o(.text.rt_sem_init) for rt_sem_init
    motor_dj_rm_driver.o(.text.motor_tt_init) refers to device.o(.text.rt_device_open) for rt_device_open
    motor_dj_rm_driver.o(.text.motor_tt_init) refers to kservice.o(.text.rt_assert_handler) for rt_assert_handler
    motor_dj_rm_driver.o(.text.motor_tt_init) refers to device.o(.text.rt_device_control) for rt_device_control
    motor_dj_rm_driver.o(.text.motor_tt_init) refers to motor_dj_rm_driver.o(.text.can_rx_thread) for can_rx_thread
    motor_dj_rm_driver.o(.text.motor_tt_init) refers to thread.o(.text.rt_thread_create) for rt_thread_create
    motor_dj_rm_driver.o(.text.motor_tt_init) refers to thread.o(.text.rt_thread_startup) for rt_thread_startup
    motor_dj_rm_driver.o(.text.motor_tt_init) refers to rt_kprintf.o(.text.rt_kprintf) for rt_kprintf
    motor_dj_rm_driver.o(.ARM.exidx.text.motor_tt_init) refers to motor_dj_rm_driver.o(.text.motor_tt_init) for [Anonymous Symbol]
    motor_dj_rm_driver.o(.text.can_rx_thread) refers to rt_memclr_w.o(.text) for __aeabi_memclr4
    motor_dj_rm_driver.o(.text.can_rx_thread) refers to motor_dj_rm_driver.o(.bss.can_dev) for can_dev
    motor_dj_rm_driver.o(.text.can_rx_thread) refers to motor_dj_rm_driver.o(.text.can_rx_call) for can_rx_call
    motor_dj_rm_driver.o(.text.can_rx_thread) refers to device.o(.text.rt_device_set_rx_indicate) for rt_device_set_rx_indicate
    motor_dj_rm_driver.o(.text.can_rx_thread) refers to motor_dj_rm_driver.o(.bss.rx_sem) for rx_sem
[...]
    __fsym_version                           0x08014d3c   Data          16  cmd.o(FSymTab)
    __fsym_list                              0x08014d4c   Data          16  cmd.o(FSymTab)
    __fsym_backtrace                         0x08014d5c   Data          16  kservice.o(FSymTab)
    FSymTab$$Limit                           0x08014d6c   Number         0  kservice.o(FSymTab)
    Region$$Table$$Base                      0x08014d6c   Number         0  anon$$obj.o(Region$$Table)
    Region$$Table$$Limit                     0x08014d8c   Number         0  anon$$obj.o(Region$$Table)
    __ctype                                  0x08014d99   Data           0  lc_ctype_c.o(locale$$data)
    SHT$$INIT_ARRAY$$Base                    0x08014e9c   Number         0  perf_counter.o(.init_array)
    SHT$$INIT_ARRAY$$Limit                   0x08014ea0   Number         0  init_aeabi.o(.init_array)
    SystemCoreClock                          0x20000000   Data           4  system_stm32f4xx.o(.data.SystemCoreClock)
    uwTickPrio                               0x200005e0   Data           4  stm32f4xx_hal.o(.data.uwTickPrio)
    __libspace_start                         0x200005e8   Data          96  libspace.o(.bss)
    Emm_rx_flag                              0x20000648   Data           4  emm_v5.o(.bss.Emm_rx_flag)
    __temporary_stack_top$libspace           0x20000648   Data           0  libspace.o(.bss)
    Emm_serial1                              0x2000064c   Data           4  emm_v5.o(.bss.Emm_serial1)
    Motor_Cur_Pos                            0x20000654   Data           4  main.o(.bss.Motor_Cur_Pos)
    _syscall_table_begin                     0x200006ec   Data           4  shell.o(.bss._syscall_table_begin)
    _syscall_table_end                       0x200006f0   Data           4  shell.o(.bss._syscall_table_end)
    g_lLastTimeStamp                         0x200007d8   Data           8  perf_counter.o(.bss.g_lLastTimeStamp)
    g_nOffset                                0x200007e0   Data           4  perf_counter.o(.bss.g_nOffset)
    infrared_package                         0x200009a0   Data          18  follow_line.o(.bss.infrared_package)
    pos                                      0x20000b7c   Data           4  main.o(.bss.pos)
    rt_assert_hook                           0x20000b80   Data           4  kservice.o(.bss.rt_assert_hook)
    rt_current_priority                      0x20000b84   Data           1  scheduler_up.o(.bss.rt_current_priority)
    rt_current_thread                        0x20000b88   Data           4  scheduler_up.o(.bss.rt_current_thread)
    rt_interrupt_from_thread                 0x20000b98   Data           4  cpuport.o(.bss.rt_interrupt_from_thread)
    rt_interrupt_nest                        0x20000ba0   Data           4  irq.o(.bss.rt_interrupt_nest)
    rt_interrupt_to_thread                   0x20000ba4   Data           4  cpuport.o(.bss.rt_interrupt_to_thread)
    rt_object_put_hook                       0x20000c6c   Data           4  object.o(.bss.rt_object_put_hook)
    rt_object_take_hook                      0x20000c70   Data           4  object.o(.bss.rt_object_take_hook)
    rt_object_trytake_hook                   0x20000c74   Data           4  object.o(.bss.rt_object_trytake_hook)
    rt_thread_priority_table                 0x20000c88   Data         256  scheduler_up.o(.bss.rt_thread_priority_table)
    rt_thread_ready_priority_group           0x20000d88   Data           4  scheduler_up.o(.bss.rt_thread_ready_priority_group)
    rt_thread_switch_interrupt_flag          0x20000d94   Data           4  cpuport.o(.bss.rt_thread_switch_interrupt_flag)
    rxCmd                                    0x20000da8   Data         128  emm_v5.o(.bss.rxCmd)
    shell                                    0x20000e90   Data           4  shell.o(.bss.shell)
    state                                    0x20000ed4   Data           4  main.o(.bss.state)
    uwTick                                   0x20001420   Data           4  stm32f4xx_hal.o(.bss.uwTick)
    Image$$RW_IRAM1$$ZI$$Limit               0x20001828   Number         0  anon$$obj.o ABSOLUTE



==============================================================================

Memory Map of the image

  Image Entry point : 0x080001ad

  Load Region LR_IROM1 (Base: 0x08000000, Size: 0x00015488, Max: 0x00200000, ABSOLUTE, COMPRESSED[0x00014fb8])

    Execution Region ER_IROM1 (Exec base: 0x08000000, Load base: 0x08000000, Size: 0x00014ea0, Max: 0x00200000, ABSOLUTE)

    Exec Addr    Load Addr    Size         Type   Attr      Idx    E Section Name        Object

    0x08000000   0x08000000   0x000001ac   Data   RO         1163    RESET               startup_stm32f427xx.o
    0x080001ac   0x080001ac   0x00000008   Code   RO         2953  * !!!main             c_w.l(__main.o)
    0x080001b4   0x080001b4   0x0000005c   Code   RO         3207    !!!scatter          c_w.l(__scatter.o)
    0x08000210   0x08000210   0x0000005a   Code   RO         3205    !!dczerorl2         c_w.l(__dczerorl2.o)
    0x0800026a   0x0800026a   0x00000002   PAD
    0x0800026c   0x0800026c   0x00000002   Code   RO         3208    !!handler_null      c_w.l(__scatter.o)
    0x0800026e   0x0800026e   0x00000002   PAD
    0x08000270   0x08000270   0x0000001c   Code   RO         3211    !!handler_zi        c_w.l(__scatter_zi.o)
    0x0800028c   0x0800028c   0x00000002   Code   RO         3140    .ARM.Collect$$libinit$$00000000  c_w.l(libinit.o)
    0x0800028e   0x0800028e   0x00000004   Code   RO         3029    .ARM.Collect$$libinit$$00000001  c_w.l(libinit2.o)
    0x08000292   0x08000292   0x00000000   Code   RO         3032    .ARM.Collect$$libinit$$00000004  c_w.l(libinit2.o)
    0x08000292   0x08000292   0x00000000   Code   RO         3034    .ARM.Collect$$libinit$$00000006  c_w.l(libinit2.o)
    0x08000292   0x08000292   0x00000000   Code   RO         3037    .ARM.Collect$$libinit$$0000000C  c_w.l(libinit2.o)
    0x08000292   0x08000292   0x00000000   Code   RO         3039    .ARM.Collect$$libinit$$0000000E  c_w.l(libinit2.o)
    0x08000292   0x08000292   0x00000000   Code   RO         3041    .ARM.Collect$$libinit$$00000010  c_w.l(libinit2.o)
    0x08000292   0x08000292   0x00000006   Code   RO         3042    .ARM.Collect$$libinit$$00000011  c_w.l(libinit2.o)
    0x08000298   0x08000298   0x00000000   Code   RO         3044    .ARM.Collect$$libinit$$00000013  c_w.l(libinit2.o)
    0x08000298   0x08000298   0x0000000c   Code   RO         3045    .ARM.Collect$$libinit$$00000014  c_w.l(libinit2.o)
    0x080002a4   0x080002a4   0x00000000   Code   RO         3046    .ARM.Collect$$libinit$$00000015  c_w.l(libinit2.o)
    0x080002a4   0x080002a4   0x00000000   Code   RO         3048    .ARM.Collect$$libinit$$00000017  c_w.l(libinit2.o)
    0x080002a4   0x080002a4   0x00000000   Code   RO         3050    .ARM.Collect$$libinit$$00000019  c_w.l(libinit2.o)
    0x080002a4   0x080002a4   0x00000000   Code   RO         3052    .ARM.Collect$$libinit$$0000001B  c_w.l(libinit2.o)
    0x080002a4   0x080002a4   0x00000000   Code   RO         3054    .ARM.Collect$$libinit$$0000001D  c_w.l(libinit2.o)
    0x080002a4   0x080002a4   0x00000000   Code   RO         3056    .ARM.Collect$$libinit$$0000001F  c_w.l(libinit2.o)
    0x080002a4   0x080002a4   0x00000000   Code   RO         3058    .ARM.Collect$$libinit$$00000021  c_w.l(libinit2.o)
    0x080002a4   0x080002a4   0x00000000   Code   RO         3060    .ARM.Collect$$libinit$$00000023  c_w.l(libinit2.o)
    0x080002a4   0x080002a4   0x00000000   Code   RO         3062    .ARM.Collect$$libinit$$00000025  c_w.l(libinit2.o)
    0x080002a4   0x080002a4   0x00000000   Code   RO         3064    .ARM.Collect$$libinit$$00000027  c_w.l(libinit2.o)
    0x080002a4   0x080002a4   0x00000000   Code   RO         3068    .ARM.Collect$$libinit$$0000002E  c_w.l(libinit2.o)
    0x080002a4   0x080002a4   0x00000000   Code   RO         3070    .ARM.Collect$$libinit$$00000030  c_w.l(libinit2.o)
    0x080002a4   0x080002a4   0x00000000   Code   RO         3072    .ARM.Collect$$libinit$$00000032  c_w.l(libinit2.o)
    0x080002a4   0x080002a4   0x00000004   Code   RO         3073    .ARM.Collect$$libinit$$00000033  c_w.l(libinit2.o)
    0x080002a8   0x080002a8   0x00000000   Code   RO         3074    .ARM.Collect$$libinit$$00000034  c_w.l(libinit2.o)
    0x080002a8   0x080002a8   0x00000002   Code   RO         3075    .ARM.Collect$$libinit$$00000035  c_w.l(libinit2.o)
    0x080002aa   0x080002aa   0x00000002   Code   RO         3172    .ARM.Collect$$libshutdown$$00000000  c_w.l(libshutdown.o)
    0x080002ac   0x080002ac   0x00000000   Code   RO         3188    .ARM.Collect$$libshutdown$$00000002  c_w.l(libshutdown2.o)
    0x080002ac   0x080002ac   0x00000000   Code   RO         3190    .ARM.Collect$$libshutdown$$00000004  c_w.l(libshutdown2.o)
    0x080002ac   0x080002ac   0x00000000   Code   RO         3193    .ARM.Collect$$libshutdown$$00000007  c_w.l(libshutdown2.o)
    0x080002ac   0x080002ac   0x00000000   Code   RO         3196    .ARM.Collect$$libshutdown$$0000000A  c_w.l(libshutdown2.o)
    0x080002ac   0x080002ac   0x00000000   Code   RO         3198    .ARM.Collect$$libshutdown$$0000000C  c_w.l(libshutdown2.o)
    0x080002ac   0x080002ac   0x00000000   Code   RO         3201    .ARM.Collect$$libshutdown$$0000000F  c_w.l(libshutdown2.o)
    0x080002ac   0x080002ac   0x00000002   Code   RO         3202    .ARM.Collect$$libshutdown$$00000010  c_w.l(libshutdown2.o)
    0x080002ae   0x080002ae   0x00000000   Code   RO         3005    .ARM.Collect$$rtentry$$00000000  c_w.l(__rtentry.o)
    0x080002ae   0x080002ae   0x00000000   Code   RO         3099    .ARM.Collect$$rtentry$$00000002  c_w.l(__rtentry2.o)
    0x080002ae   0x080002ae   0x00000006   Code   RO         3111    .ARM.Collect$$rtentry$$00000004  c_w.l(__rtentry4.o)
    0x080002b4   0x080002b4   0x00000000   Code   RO         3101    .ARM.Collect$$rtentry$$00000009  c_w.l(__rtentry2.o)
    0x080002b4   0x080002b4   0x00000004   Code   RO         3102    .ARM.Collect$$rtentry$$0000000A  c_w.l(__rtentry2.o)
    0x080002b8   0x080002b8   0x00000000   Code   RO         3104    .ARM.Collect$$rtentry$$0000000C  c_w.l(__rtentry2.o)
    0x080002b8   0x080002b8   0x00000008   Code   RO         3105    .ARM.Collect$$rtentry$$0000000D  c_w.l(__rtentry2.o)
    0x080002c0   0x080002c0   0x00000002   Code   RO         3141    .ARM.Collect$$rtexit$$00000000  c_w.l(rtexit.o)
    0x080002c2   0x080002c2   0x00000000   Code   RO         3156    .ARM.Collect$$rtexit$$00000002  c_w.l(rtexit2.o)
    0x080002c2   0x080002c2   0x00000004   Code   RO         3157    .ARM.Collect$$rtexit$$00000003  c_w.l(rtexit2.o)
    0x080002c6   0x080002c6   0x00000006   Code   RO         3158    .ARM.Collect$$rtexit$$00000004  c_w.l(rtexit2.o)
    0x080002cc   0x080002cc   0x0000003c   Code   RO         1164    .text               startup_stm32f427xx.o
    0x08000308   0x08000308   0x00000224   Code   RO         1291    .text               rt_memcpy_rvds.o
    0x0800052c   0x0800052c   0x0000013c   Code   RO         2042    .text               context_rvds.o
    0x08000668   0x08000668   0x00000002   Code   RO         2913    .text               c_w.l(use_no_semi_2.o)
    0x0800066a   0x0800066a   0x00000002   PAD
    0x0800066c   0x0800066c   0x00000010   Code   RO         2915    .text               c_w.l(rt_ctype_table.o)
    0x0800067c   0x0800067c   0x000000f0   Code   RO         2917    .text               c_w.l(lludivv7m.o)
    0x0800076c   0x0800076c   0x00000074   Code   RO         2919    .text               c_w.l(llsdiv.o)
    0x080007e0   0x080007e0   0x0000001a   Code   RO         2923    .text               c_w.l(atoi.o)
    0x080007fa   0x080007fa   0x00000072   Code   RO         2925    .text               c_w.l(strtoul.o)
    0x0800086c   0x0800086c   0x00000014   Code   RO         2927    .text               c_w.l(strchr.o)
    0x08000880   0x08000880   0x00000058   Code   RO         2929    .text               c_w.l(memcmp.o)
    0x080008d8   0x080008d8   0x0000003e   Code   RO         2935    .text               c_w.l(strlen.o)
    0x08000916   0x08000916   0x00000096   Code   RO         2937    .text               c_w.l(strncmp.o)
    0x080009ac   0x080009ac   0x00000064   Code   RO         2939    .text               c_w.l(rt_memcpy_w.o)
    0x08000a10   0x08000a10   0x00000010   Code   RO         2941    .text               c_w.l(aeabi_memset.o)
    0x08000a20   0x08000a20   0x00000010   Code   RO         2943    .text               c_w.l(aeabi_memset4.o)
    0x08000a30   0x08000a30   0x0000004e   Code   RO         2945    .text               c_w.l(rt_memclr_w.o)
    0x08000a7e   0x08000a7e   0x00000056   Code   RO         2947    .text               c_w.l(strncpy.o)
    0x08000ad4   0x08000ad4   0x00000004   PAD
    0x08000ad8   0x08000ad8   0x0000007c   Code   RO         2949    .text               c_w.l(strcmpv7em.o)
    0x08000b54   0x08000b54   0x00000006   Code   RO         2951    .text               c_w.l(heapauxi.o)
    0x08000b5a   0x08000b5a   0x00000002   PAD
    0x08000b5c   0x08000b5c   0x0000002c   Code   RO         2958    .text               c_w.l(init_aeabi.o)
    0x08000b88   0x08000b88   0x00000002   Code   RO         3003    .text               c_w.l(use_no_semi.o)
    0x08000b8a   0x08000b8a   0x00000002   PAD
    0x08000b8c   0x08000b8c   0x00000008   Code   RO         3013    .text               c_w.l(rt_locale_intlibspace.o)
    0x08000b94   0x08000b94   0x00000008   Code   RO         3018    .text               c_w.l(rt_errno_addr_intlibspace.o)
    0x08000b9c   0x08000b9c   0x0000009e   Code   RO         3020    .text               c_w.l(_strtoul.o)
    0x08000c3a   0x08000c3a   0x00000070   Code   RO         3022    .text               c_w.l(strtol.o)
    0x08000caa   0x08000caa   0x00000044   Code   RO         3027    .text               c_w.l(rt_memclr.o)
    0x08000cee   0x08000cee   0x00000002   PAD
    0x08000cf0   0x08000cf0   0x00000008   Code   RO         3095    .text               c_w.l(libspace.o)
    0x08000cf8   0x08000cf8   0x0000001c   Code   RO         3115    .text               c_w.l(_chval.o)
    0x08000d14   0x08000d14   0x0000004a   Code   RO         3123    .text               c_w.l(sys_stackheap_outer.o)
    0x08000d5e   0x08000d5e   0x00000012   Code   RO         3125    .text               c_w.l(exit.o)
    0x08000d70   0x08000d70   0x0000000a   Code   RO         1329    .text.$Sub$$main    components.o
    0x08000d7a   0x08000d7a   0x00000002   PAD
    0x08000d7c   0x08000d7c   0x0000006e   Code   RO         1003    .text.CAN1_RX0_IRQHandler  drv_can.o
    0x08000dea   0x08000dea   0x00000002   PAD
    0x08000dec   0x08000dec   0x00000072   Code   RO         1005    .text.CAN1_RX1_IRQHandler  drv_can.o
    0x08000e5e   0x08000e5e   0x00000002   PAD
    0x08000e60   0x08000e60   0x0000001c   Code   RO         1007    .text.CAN1_SCE_IRQHandler  drv_can.o
    0x08000e7c   0x08000e7c   0x0000001c   Code   RO          999    .text.CAN1_TX_IRQHandler  drv_can.o
    0x08000e98   0x08000e98   0x0000006e   Code   RO         1013    .text.CAN2_RX0_IRQHandler  drv_can.o
    0x08000f06   0x08000f06   0x00000002   PAD
    0x08000f08   0x08000f08   0x00000072   Code   RO         1015    .text.CAN2_RX1_IRQHandler  drv_can.o
    0x08000f7a   0x08000f7a   0x00000002   PAD
    0x08000f7c   0x08000f7c   0x0000001c   Code   RO         1017    .text.CAN2_SCE_IRQHandler  drv_can.o
    0x08000f98   0x08000f98   0x0000001c   Code   RO         1011    .text.CAN2_TX_IRQHandler  drv_can.o
    0x08000fb4   0x08000fb4   0x00000014   Code   RO         1047    .text.EXTI0_IRQHandler  drv_gpio.o
    0x08000fc8   0x08000fc8   0x0000003e   Code   RO         1059    .text.EXTI15_10_IRQHandler  drv_gpio.o
    0x08001006   0x08001006   0x00000002   PAD
    0x08001008   0x08001008   0x00000014   Code   RO         1049    .text.EXTI1_IRQHandler  drv_gpio.o
    0x0800101c   0x0800101c   0x00000014   Code   RO         1051    .text.EXTI2_IRQHandler  drv_gpio.o
    0x08001030   0x08001030   0x00000014   Code   RO         1053    .text.EXTI3_IRQHandler  drv_gpio.o
    0x08001044   0x08001044   0x00000014   Code   RO         1055    .text.EXTI4_IRQHandler  drv_gpio.o
    0x08001058   0x08001058   0x00000030   Code   RO         1057    .text.EXTI9_5_IRQHandler  drv_gpio.o
    0x08001088   0x08001088   0x00000044   Code   RO          187    .text.Emm_V5_Init   emm_v5.o
    0x080010cc   0x080010cc   0x0000006e   Code   RO          207    .text.Emm_V5_Pos_Control  emm_v5.o
    0x0800113a   0x0800113a   0x00000002   PAD
    0x0800113c   0x0800113c   0x000000a8   Code   RO          199    .text.Emm_V5_Read_Sys_Params  emm_v5.o
    0x080011e4   0x080011e4   0x00000016   Code   RO          193    .text.Emm_V5_Receive  emm_v5.o
    0x080011fa   0x080011fa   0x00000002   PAD
    0x080011fc   0x080011fc   0x0000001e   Code   RO          189    .text.Emm_uart_receive_callback  emm_v5.o
    0x0800121a   0x0800121a   0x00000002   PAD
    0x0800121c   0x0800121c   0x00000102   Code   RO          252    .text.GET_Infrared_Data  follow_line.o
    0x0800131e   0x0800131e   0x00000002   PAD
    0x08001320   0x08001320   0x00000120   Code   RO         2113    .text.HAL_ADC_ConfigChannel  stm32f4xx_hal_adc.o
    0x08001440   0x08001440   0x00000006   Code   RO         2109    .text.HAL_ADC_GetValue  stm32f4xx_hal_adc.o
    0x08001446   0x08001446   0x00000002   PAD
    0x08001448   0x08001448   0x0000014c   Code   RO         2071    .text.HAL_ADC_Init  stm32f4xx_hal_adc.o
    0x08001594   0x08001594   0x00000034   Code   RO          932    .text.HAL_ADC_MspInit  stm32f4xx_hal_msp.o
    0x080015c8   0x080015c8   0x000000be   Code   RO         2083    .text.HAL_ADC_PollForConversion  stm32f4xx_hal_adc.o
    0x08001686   0x08001686   0x00000002   PAD
    0x08001688   0x08001688   0x0000012c   Code   RO         2079    .text.HAL_ADC_Start  stm32f4xx_hal_adc.o
    0x080017b4   0x080017b4   0x00000038   Code   RO         2081    .text.HAL_ADC_Stop  stm32f4xx_hal_adc.o
    0x080017ec   0x080017ec   0x000000de   Code   RO         2524    .text.HAL_CAN_ConfigFilter  stm32f4xx_hal_can.o
    0x080018ca   0x080018ca   0x00000002   PAD
    0x080018cc   0x080018cc   0x00000020   Code   RO         2546    .text.HAL_CAN_GetRxFifoFillLevel  stm32f4xx_hal_can.o
    0x080018ec   0x080018ec   0x0000010e   Code   RO         2544    .text.HAL_CAN_GetRxMessage  stm32f4xx_hal_can.o
    0x080019fa   0x080019fa   0x00000002   PAD
    0x080019fc   0x080019fc   0x000000f4   Code   RO         2514    .text.HAL_CAN_Init  stm32f4xx_hal_can.o
    0x08001af0   0x08001af0   0x0000010a   Code   RO          936    .text.HAL_CAN_MspInit  stm32f4xx_hal_msp.o
    0x08001bfa   0x08001bfa   0x00000002   PAD
    0x08001bfc   0x08001bfc   0x0000005a   Code   RO         2526    .text.HAL_CAN_Start  stm32f4xx_hal_can.o
    0x08001c56   0x08001c56   0x00000002   PAD
    0x08001c58   0x08001c58   0x00000080   Code   RO         2310    .text.HAL_DMA_Abort  stm32f4xx_hal_dma.o
    0x08001cd8   0x08001cd8   0x00000024   Code   RO         2312    .text.HAL_DMA_Abort_IT  stm32f4xx_hal_dma.o
    0x08001cfc   0x08001cfc   0x000000a0   Code   RO         2308    .text.HAL_DMA_Start_IT  stm32f4xx_hal_dma.o
    0x08001d9c   0x08001d9c   0x00000106   Code   RO         2683    .text.HAL_GPIO_DeInit  stm32f4xx_hal_gpio.o
    0x08001ea2   0x08001ea2   0x00000002   PAD
    0x08001ea4   0x08001ea4   0x0000002e   Code   RO         1045    .text.HAL_GPIO_EXTI_Callback  drv_gpio.o
    0x08001ed2   0x08001ed2   0x00000002   PAD
    0x08001ed4   0x08001ed4   0x00000016   Code   RO         2693    .text.HAL_GPIO_EXTI_IRQHandler  stm32f4xx_hal_gpio.o
    0x08001eea   0x08001eea   0x00000002   PAD
    0x08001eec   0x08001eec   0x0000019a   Code   RO         2681    .text.HAL_GPIO_Init  stm32f4xx_hal_gpio.o
    0x08002086   0x08002086   0x00000002   PAD
    0x08002088   0x08002088   0x0000000a   Code   RO         2685    .text.HAL_GPIO_ReadPin  stm32f4xx_hal_gpio.o
    0x08002092   0x08002092   0x00000002   PAD
    0x08002094   0x08002094   0x0000000a   Code   RO         2687    .text.HAL_GPIO_WritePin  stm32f4xx_hal_gpio.o
    0x0800209e   0x0800209e   0x00000002   PAD
    0x080020a0   0x080020a0   0x00000020   Code   RO         1136    .text.HAL_GetTick   drv_common.o
    0x080020c0   0x080020c0   0x00000036   Code   RO         2595    .text.HAL_Init      stm32f4xx_hal.o
    0x080020f6   0x080020f6   0x00000002   PAD
    0x080020f8   0x080020f8   0x0000002e   Code   RO         1146    .text.HAL_InitTick  drv_common.o
    0x08002126   0x08002126   0x00000002   PAD
    0x08002128   0x08002128   0x00000038   Code   RO          930    .text.HAL_MspInit   stm32f4xx_hal_msp.o
    0x08002160   0x08002160   0x00000028   Code   RO         2474    .text.HAL_NVIC_DisableIRQ  stm32f4xx_hal_cortex.o
    0x08002188   0x08002188   0x00000020   Code   RO         2472    .text.HAL_NVIC_EnableIRQ  stm32f4xx_hal_cortex.o
    0x080021a8   0x080021a8   0x00000056   Code   RO         2470    .text.HAL_NVIC_SetPriority  stm32f4xx_hal_cortex.o
    0x080021fe   0x080021fe   0x00000002   PAD
    0x08002200   0x08002200   0x00000020   Code   RO         2468    .text.HAL_NVIC_SetPriorityGrouping  stm32f4xx_hal_cortex.o
    0x08002220   0x08002220   0x0000007a   Code   RO         2288    .text.HAL_PWREx_EnableOverDrive  stm32f4xx_hal_pwr_ex.o
    0x0800229a   0x0800229a   0x00000002   PAD
    0x0800229c   0x0800229c   0x00000160   Code   RO         2379    .text.HAL_RCC_ClockConfig  stm32f4xx_hal_rcc.o
    0x080023fc   0x080023fc   0x00000026   Code   RO         2391    .text.HAL_RCC_GetPCLK1Freq  stm32f4xx_hal_rcc.o
    0x08002422   0x08002422   0x00000002   PAD
    0x08002424   0x08002424   0x00000026   Code   RO         2393    .text.HAL_RCC_GetPCLK2Freq  stm32f4xx_hal_rcc.o
    0x0800244a   0x0800244a   0x00000002   PAD
    0x0800244c   0x0800244c   0x00000068   Code   RO         2381    .text.HAL_RCC_GetSysClockFreq  stm32f4xx_hal_rcc.o
    0x080024b4   0x080024b4   0x00000354   Code   RO         2377    .text.HAL_RCC_OscConfig  stm32f4xx_hal_rcc.o
    0x08002808   0x08002808   0x0000002c   Code   RO         2480    .text.HAL_SYSTICK_Config  stm32f4xx_hal_cortex.o
    0x08002834   0x08002834   0x00000002   Code   RO         2213    .text.HAL_UARTEx_RxEventCallback  stm32f4xx_hal_uart.o
    0x08002836   0x08002836   0x00000002   PAD
    0x08002838   0x08002838   0x00000036   Code   RO         2141    .text.HAL_UART_DeInit  stm32f4xx_hal_uart.o
    0x0800286e   0x0800286e   0x00000002   PAD
    0x08002870   0x08002870   0x00000002   Code   RO         2211    .text.HAL_UART_ErrorCallback  stm32f4xx_hal_uart.o
    0x08002872   0x08002872   0x00000002   PAD
    0x08002874   0x08002874   0x000002fa   Code   RO         2205    .text.HAL_UART_IRQHandler  stm32f4xx_hal_uart.o
    0x08002b6e   0x08002b6e   0x00000002   PAD
    0x08002b70   0x08002b70   0x0000005e   Code   RO         2129    .text.HAL_UART_Init  stm32f4xx_hal_uart.o
    0x08002bce   0x08002bce   0x00000002   PAD
    0x08002bd0   0x08002bd0   0x000000f6   Code   RO          956    .text.HAL_UART_MspDeInit  stm32f4xx_hal_msp.o
    0x08002cc6   0x08002cc6   0x00000002   PAD
    0x08002cc8   0x08002cc8   0x0000020a   Code   RO          954    .text.HAL_UART_MspInit  stm32f4xx_hal_msp.o
    0x08002ed2   0x08002ed2   0x00000002   PAD
    0x08002ed4   0x08002ed4   0x00000002   Code   RO         2219    .text.HAL_UART_RxCpltCallback  stm32f4xx_hal_uart.o
    0x08002ed6   0x08002ed6   0x00000002   PAD
    0x08002ed8   0x08002ed8   0x0000008c   Code   RO         2155    .text.HAL_UART_Transmit_DMA  stm32f4xx_hal_uart.o
    0x08002f64   0x08002f64   0x00000002   Code   RO         2215    .text.HAL_UART_TxCpltCallback  stm32f4xx_hal_uart.o
    0x08002f66   0x08002f66   0x00000002   PAD
    0x08002f68   0x08002f68   0x00000002   Code   RO         2217    .text.HAL_UART_TxHalfCpltCallback  stm32f4xx_hal_uart.o
    0x08002f6a   0x08002f6a   0x00000002   PAD
    0x08002f6c   0x08002f6c   0x00000096   Code   RO          250    .text.Infrared_Init  follow_line.o
    0x08003002   0x08003002   0x00000002   PAD
    0x08003004   0x08003004   0x0000002e   Code   RO         1132    .text.SysTick_Handler  drv_common.o
    0x08003032   0x08003032   0x00000002   PAD
    0x08003034   0x08003034   0x000000ce   Code   RO          967    .text.SystemClock_Config  board.o
    0x08003102   0x08003102   0x00000002   PAD
    0x08003104   0x08003104   0x00000012   Code   RO         2666    .text.SystemInit    system_stm32f4xx.o
    0x08003116   0x08003116   0x00000002   PAD
    0x08003118   0x08003118   0x0000001e   Code   RO         1099    .text.UART7_IRQHandler  drv_usart_v2.o
    0x08003136   0x08003136   0x00000002   PAD
    0x08003138   0x08003138   0x0000001e   Code   RO         1101    .text.UART8_IRQHandler  drv_usart_v2.o
    0x08003156   0x08003156   0x00000002   PAD
    0x08003158   0x08003158   0x0000000c   Code   RO         2209    .text.UART_DMAAbortOnError  stm32f4xx_hal_uart.o
    0x08003164   0x08003164   0x000000a2   Code   RO         2161    .text.UART_DMAError  stm32f4xx_hal_uart.o
    0x08003206   0x08003206   0x00000002   PAD
    0x08003208   0x08003208   0x0000003e   Code   RO         2157    .text.UART_DMATransmitCplt  stm32f4xx_hal_uart.o
    0x08003246   0x08003246   0x00000002   PAD
    0x08003248   0x08003248   0x00000006   Code   RO         2159    .text.UART_DMATxHalfCplt  stm32f4xx_hal_uart.o
    0x0800324e   0x0800324e   0x00000002   PAD
    0x08003250   0x08003250   0x000000ba   Code   RO         2207    .text.UART_Receive_IT  stm32f4xx_hal_uart.o
    0x0800330a   0x0800330a   0x00000002   PAD
    0x0800330c   0x0800330c   0x000000e8   Code   RO         2133    .text.UART_SetConfig  stm32f4xx_hal_uart.o
    0x080033f4   0x080033f4   0x0000001c   Code   RO         1091    .text.USART1_IRQHandler  drv_usart_v2.o
    0x08003410   0x08003410   0x0000001c   Code   RO         1095    .text.USART3_IRQHandler  drv_usart_v2.o
    0x0800342c   0x0800342c   0x0000001e   Code   RO         1097    .text.USART6_IRQHandler  drv_usart_v2.o
    0x0800344a   0x0800344a   0x00000002   PAD
    0x0800344c   0x0800344c   0x00000048   Code   RO         1148    .text._Error_Handler  drv_common.o
    0x08003494   0x08003494   0x000000b4   Code   RO         2736    .text.__perf_counter_init  perf_counter.o
    0x08003548   0x08003548   0x0000000c   Code   RO         2709    .text.__perf_os_patch_init  perf_os_patch_rt_thread.o
    0x08003554   0x08003554   0x00000010   Code   RO         2055    .text.__rt_ffs      cpuport.o
    0x08003564   0x08003564   0x00000050   Code   RO          331    .text.__rt_libc_exit  cstdlib.o
    0x080035b4   0x080035b4   0x00000094   Code   RO          784    .text._adc_control  adc.o
    0x08003648   0x08003648   0x00000034   Code   RO          782    .text._adc_read     adc.o
    0x0800367c   0x0800367c   0x000000e4   Code   RO         1023    .text._can_config   drv_can.o
    0x08003760   0x08003760   0x000004f0   Code   RO         1025    .text._can_control  drv_can.o
    0x08003c50   0x08003c50   0x000000cc   Code   RO         1029    .text._can_recvmsg  drv_can.o
    0x08003d1c   0x08003d1c   0x00000124   Code   RO         1009    .text._can_sce_isr  drv_can.o
    0x08003e40   0x08003e40   0x00000144   Code   RO         1027    .text._can_sendmsg  drv_can.o
    0x08003f84   0x08003f84   0x00000080   Code   RO         1001    .text._can_tx_isr   drv_can.o
    0x08004004   0x08004004   0x0000009a   Code   RO         1658    .text._console_release  kservice.o
    0x0800409e   0x0800409e   0x00000002   PAD
    0x080040a0   0x080040a0   0x00000054   Code   RO         1656    .text._console_take  kservice.o
    0x080040f4   0x080040f4   0x00000064   Code   RO         2713    .text._perf_counter_init  perf_os_patch_rt_thread.o
    0x08004158   0x08004158   0x00000344   Code   RO          830    .text._pin_cmd      pin.o
    0x0800449c   0x0800449c   0x00000120   Code   RO          832    .text._pin_cmd_print_usage  pin.o
    0x080045bc   0x080045bc   0x00000044   Code   RO          814    .text._pin_control  pin.o
    0x08004600   0x08004600   0x00000044   Code   RO          810    .text._pin_read     pin.o
    0x08004644   0x08004644   0x00000044   Code   RO          812    .text._pin_write    pin.o
    0x08004688   0x08004688   0x00000318   Code   RO         1428    .text._rt_mutex_take  ipc.o
    0x080049a0   0x080049a0   0x000001a8   Code   RO         1396    .text._rt_sem_take  ipc.o
    0x08004b48   0x08004b48   0x000000c2   Code   RO          913    .text._serial_fifo_rx  serial_v2.o
    0x08004c0a   0x08004c0a   0x00000002   PAD
    0x08004c0c   0x08004c0c   0x0000013e   Code   RO          915    .text._serial_fifo_tx_blocking_buf  serial_v2.o
    0x08004d4a   0x08004d4a   0x00000002   PAD
    0x08004d4c   0x08004d4c   0x00000102   Code   RO          917    .text._serial_fifo_tx_blocking_nbuf  serial_v2.o
    0x08004e4e   0x08004e4e   0x00000002   PAD
    0x08004e50   0x08004e50   0x000000da   Code   RO          919    .text._serial_fifo_tx_nonblocking  serial_v2.o
    0x08004f2a   0x08004f2a   0x00000002   PAD
    0x08004f2c   0x08004f2c   0x0000007c   Code   RO          897    .text._serial_poll_rx  serial_v2.o
    0x08004fa8   0x08004fa8   0x00000072   Code   RO          899    .text._serial_poll_tx  serial_v2.o
    0x0800501a   0x0800501a   0x00000002   PAD
    0x0800501c   0x0800501c   0x0000000a   Code   RO          299    .text._sys_exit     syscalls.o
    0x08005026   0x08005026   0x00000002   PAD
    0x08005028   0x08005028   0x0000009a   Code   RO         1914    .text._thread_detach  thread.o
    0x080050c2   0x080050c2   0x00000002   PAD
    0x080050c4   0x080050c4   0x00000048   Code   RO         1942    .text._thread_exit  thread.o
    0x0800510c   0x0800510c   0x000001dc   Code   RO         1924    .text._thread_sleep  thread.o
    0x080052e8   0x080052e8   0x000000ac   Code   RO         1944    .text._thread_timeout  thread.o
    0x08005394   0x08005394   0x00000128   Code   RO         1416    .text._thread_update_priority  ipc.o
    0x080054bc   0x080054bc   0x000002c8   Code   RO          794    .text.adc           adc.o
    0x08005784   0x08005784   0x0000026c   Code   RO          411    .text.asctime_r     ctime.o
    0x080059f0   0x080059f0   0x00000012   Code   RO           35    .text.can_rx_call   motor_dj_rm_driver.o
    0x08005a02   0x08005a02   0x00000002   PAD
    0x08005a04   0x08005a04   0x000000f8   Code   RO           33    .text.can_rx_thread  motor_dj_rm_driver.o
    0x08005afc   0x08005afc   0x00000050   Code   RO          480    .text.cantimeout    can.o
    0x08005b4c   0x08005b4c   0x00000014   Code   RO         1253    .text.clear         cmd.o
    0x08005b60   0x08005b60   0x000000f0   Code   RO         1630    .text.cmd_backtrace  kservice.o
    0x08005c50   0x08005c50   0x0000015c   Code   RO          484    .text.cmd_canstat   can.o
    0x08005dac   0x08005dac   0x00000080   Code   RO         1214    .text.cmd_free      msh.o
    0x08005e2c   0x08005e2c   0x000000b0   Code   RO         1275    .text.cmd_list      cmd.o
    0x08005edc   0x08005edc   0x0000000a   Code   RO         1212    .text.cmd_ps        msh.o
    0x08005ee6   0x08005ee6   0x00000002   PAD
    0x08005ee8   0x08005ee8   0x00000036   Code   RO          417    .text.ctime         ctime.o
    0x08005f1e   0x08005f1e   0x00000002   PAD
    0x08005f20   0x08005f20   0x0000025c   Code   RO          864    .text.date          rtc.o
    0x0800617c   0x0800617c   0x000000e6   Code   RO         2860    .text.do_output     ulog.o
    0x08006262   0x08006262   0x00000002   PAD
    0x08006264   0x08006264   0x00000094   Code   RO         1179    .text.finsh_getchar  shell.o
    0x080062f8   0x080062f8   0x00000038   Code   RO         1183    .text.finsh_rx_ind  shell.o
    0x08006330   0x08006330   0x000000c8   Code   RO         1181    .text.finsh_set_device  shell.o
    0x080063f8   0x080063f8   0x000000d8   Code   RO         1191    .text.finsh_system_init  shell.o
    0x080064d0   0x080064d0   0x000005e4   Code   RO         1193    .text.finsh_thread_entry  shell.o
    0x08006ab4   0x08006ab4   0x0000001c   Code   RO          248    .text.follow_line   follow_line.o
    0x08006ad0   0x08006ad0   0x00000150   Code   RO         2831    .text.get_components  rt_vsnprintf.o
    0x08006c20   0x08006c20   0x0000006a   Code   RO         2730    .text.get_system_ticks  perf_counter.o
    0x08006c8a   0x08006c8a   0x00000002   PAD
    0x08006c8c   0x08006c8c   0x00000036   Code   RO          862    .text.get_timestamp  rtc.o
    0x08006cc2   0x08006cc2   0x00000002   PAD
    0x08006cc4   0x08006cc4   0x000000e8   Code   RO          425    .text.gettimeofday  ctime.o
    0x08006dac   0x08006dac   0x00000192   Code   RO          399    .text.gmtime_r      ctime.o
    0x08006f3e   0x08006f3e   0x00000002   PAD
    0x08006f40   0x08006f40   0x00000084   Code   RO         1360    .text.idle_thread_entry  idle.o
    0x08006fc4   0x08006fc4   0x000000d0   Code   RO         2732    .text.init_cycle_counter  perf_counter.o
    0x08007094   0x08007094   0x00000150   Code   RO         1273    .text.list_device   cmd.o
    0x080071e4   0x080071e4   0x00000178   Code   RO         1261    .text.list_event    cmd.o
    0x0800735c   0x0800735c   0x0000018c   Code   RO         1265    .text.list_mailbox  cmd.o
    0x080074e8   0x080074e8   0x00000198   Code   RO         1269    .text.list_mempool  cmd.o
    0x08007680   0x08007680   0x00000178   Code   RO         1267    .text.list_msgqueue  cmd.o
    0x080077f8   0x080077f8   0x000001c0   Code   RO         1263    .text.list_mutex    cmd.o
    0x080079b8   0x080079b8   0x00000174   Code   RO         1259    .text.list_sem      cmd.o
    0x08007b2c   0x08007b2c   0x00000230   Code   RO         1257    .text.list_thread   cmd.o
    0x08007d5c   0x08007d5c   0x000001b0   Code   RO         1271    .text.list_timer    cmd.o
    0x08007f0c   0x08007f0c   0x00000144   Code   RO           56    .text.main          main.o
    0x08008050   0x08008050   0x00000032   Code   RO         1335    .text.main_thread_entry  components.o
    0x08008082   0x08008082   0x00000002   PAD
    0x08008084   0x08008084   0x00000014   Code   RO          407    .text.mktime        ctime.o
    0x08008098   0x08008098   0x00000150   Code   RO           31    .text.motor_tt_init  motor_dj_rm_driver.o
    0x080081e8   0x080081e8   0x00000110   Code   RO         1218    .text.msh_auto_complete  msh.o
    0x080082f8   0x080082f8   0x00000032   Code   RO         1222    .text.msh_cmd_opt_id_get  msh.o
    0x0800832a   0x0800832a   0x00000002   PAD
    0x0800832c   0x0800832c   0x000001fc   Code   RO         1216    .text.msh_exec      msh.o
    0x08008528   0x08008528   0x0000005a   Code   RO         1210    .text.msh_help      msh.o
    0x08008582   0x08008582   0x00000002   PAD
    0x08008584   0x08008584   0x00000046   Code   RO         1239    .text.msh_isint     msh_parse.o
    0x080085ca   0x080085ca   0x00000002   PAD
    0x080085cc   0x080085cc   0x000001f2   Code   RO         1220    .text.msh_opt_auto_complete  msh.o
    0x080087be   0x080087be   0x00000002   PAD
    0x080087c0   0x080087c0   0x0000003c   Code   RO         1224    .text.msh_opt_list_dump  msh.o
    0x080087fc   0x080087fc   0x000000b8   Code   RO         2827    .text.out_rev_      rt_vsnprintf.o
    0x080088b4   0x080088b4   0x000000dc   Code   RO         1694    .text.plug_holes    mem.o
    0x08008990   0x08008990   0x00000056   Code   RO            8    .text.power_init    aboard_power_switch.o
    0x080089e6   0x080089e6   0x00000002   PAD
    0x080089e8   0x080089e8   0x0000000c   Code   RO            2    .text.power_on      aboard_power_switch.o
    0x080089f4   0x080089f4   0x00000004   Code   RO            6    .text.power_switch  aboard_power_switch.o
    0x080089f8   0x080089f8   0x0000022a   Code   RO         2833    .text.print_broken_up_decimal  rt_vsnprintf.o
    0x08008c22   0x08008c22   0x00000006   PAD
    0x08008c28   0x08008c28   0x00000828   Code   RO         2829    .text.print_exponential_number  rt_vsnprintf.o
    0x08009450   0x08009450   0x0000017c   Code   RO         2825    .text.print_floating_point  rt_vsnprintf.o
    0x080095cc   0x080095cc   0x000001c2   Code   RO         2823    .text.print_integer  rt_vsnprintf.o
    0x0800978e   0x0800978e   0x00000002   PAD
    0x08009790   0x08009790   0x00000004   Code   RO         1128    .text.reboot        drv_common.o
    0x08009794   0x08009794   0x00000040   Code   RO          790    .text.rt_adc_disable  adc.o
    0x080097d4   0x080097d4   0x00000040   Code   RO          788    .text.rt_adc_enable  adc.o
    0x08009814   0x08009814   0x00000038   Code   RO          786    .text.rt_adc_read   adc.o
    0x0800984c   0x0800984c   0x00000084   Code   RO          792    .text.rt_adc_voltage  adc.o
    0x080098d0   0x080098d0   0x00000048   Code   RO         1570    .text.rt_assert_handler  kservice.o
    0x08009918   0x08009918   0x00000064   Code   RO         1624    .text.rt_backtrace  kservice.o
    0x0800997c   0x0800997c   0x00000062   Code   RO         1628    .text.rt_backtrace_thread  kservice.o
    0x080099de   0x080099de   0x00000002   PAD
    0x080099e0   0x080099e0   0x0000001e   Code   RO         1644    .text.rt_calloc     kservice.o
    0x080099fe   0x080099fe   0x00000002   PAD
    0x08009a00   0x08009a00   0x00000108   Code   RO          472    .text.rt_can_close  can.o
    0x08009b08   0x08009b08   0x000002a8   Code   RO          478    .text.rt_can_control  can.o
    0x08009db0   0x08009db0   0x00000048   Code   RO          468    .text.rt_can_init   can.o
    0x08009df8   0x08009df8   0x00000248   Code   RO          470    .text.rt_can_open   can.o
    0x0800a040   0x0800a040   0x00000208   Code   RO          474    .text.rt_can_read   can.o
    0x0800a248   0x0800a248   0x000002d4   Code   RO          476    .text.rt_can_write  can.o
    0x0800a51c   0x0800a51c   0x00000050   Code   RO          594    .text.rt_completion_done  completion.o
    0x0800a56c   0x0800a56c   0x00000030   Code   RO          590    .text.rt_completion_init  completion.o
    0x0800a59c   0x0800a59c   0x0000020c   Code   RO          592    .text.rt_completion_wait  completion.o
    0x0800a7a8   0x0800a7a8   0x0000002c   Code   RO         1325    .text.rt_components_board_init  components.o
    0x0800a7d4   0x0800a7d4   0x0000000c   Code   RO         1614    .text.rt_console_get_device  kservice.o
    0x0800a7e0   0x0800a7e0   0x00000034   Code   RO         1616    .text.rt_console_set_device  kservice.o
    0x0800a814   0x0800a814   0x0000000c   Code   RO         1845    .text.rt_critical_level  scheduler_up.o
    0x0800a820   0x0800a820   0x00000070   Code   RO          511    .text.rt_device_close  device.o
    0x0800a890   0x0800a890   0x0000005a   Code   RO          517    .text.rt_device_control  device.o
    0x0800a8ea   0x0800a8ea   0x00000002   PAD
    0x0800a8ec   0x0800a8ec   0x00000006   Code   RO          499    .text.rt_device_find  device.o
    0x0800a8f2   0x0800a8f2   0x00000002   PAD
    0x0800a8f4   0x0800a8f4   0x00000100   Code   RO          509    .text.rt_device_open  device.o
    0x0800a9f4   0x0800a9f4   0x0000004a   Code   RO          808    .text.rt_device_pin_register  pin.o
    0x0800aa3e   0x0800aa3e   0x00000002   PAD
    0x0800aa40   0x0800aa40   0x0000007a   Code   RO          513    .text.rt_device_read  device.o
    0x0800aaba   0x0800aaba   0x00000002   PAD
    0x0800aabc   0x0800aabc   0x00000038   Code   RO          497    .text.rt_device_register  device.o
    0x0800aaf4   0x0800aaf4   0x00000048   Code   RO          519    .text.rt_device_set_rx_indicate  device.o
    0x0800ab3c   0x0800ab3c   0x0000007a   Code   RO          515    .text.rt_device_write  device.o
    0x0800abb6   0x0800abb6   0x00000002   PAD
    0x0800abb8   0x0800abb8   0x0000001e   Code   RO         1843    .text.rt_enter_critical  scheduler_up.o
    0x0800abd6   0x0800abd6   0x00000002   PAD
    0x0800abd8   0x0800abd8   0x00000042   Code   RO         1841    .text.rt_exit_critical  scheduler_up.o
    0x0800ac1a   0x0800ac1a   0x00000002   PAD
    0x0800ac1c   0x0800ac1c   0x000000cc   Code   RO         1839    .text.rt_exit_critical_safe  scheduler_up.o
    0x0800ace8   0x0800ace8   0x000000b2   Code   RO         1646    .text.rt_free       kservice.o
    0x0800ad9a   0x0800ad9a   0x00000002   PAD
    0x0800ad9c   0x0800ad9c   0x00000098   Code   RO          780    .text.rt_hw_adc_register  adc.o
    0x0800ae34   0x0800ae34   0x00000014   Code   RO         2000    .text.rt_hw_atomic_add  atomic_arm.o
    0x0800ae48   0x0800ae48   0x00000012   Code   RO         1996    .text.rt_hw_atomic_load  atomic_arm.o
    0x0800ae5a   0x0800ae5a   0x00000002   PAD
    0x0800ae5c   0x0800ae5c   0x00000014   Code   RO         2002    .text.rt_hw_atomic_sub  atomic_arm.o
    0x0800ae70   0x0800ae70   0x00000048   Code   RO         1572    .text.rt_hw_backtrace_frame_get  kservice.o
    0x0800aeb8   0x0800aeb8   0x0000004c   Code   RO         1574    .text.rt_hw_backtrace_frame_unwind  kservice.o
    0x0800af04   0x0800af04   0x0000003c   Code   RO         1150    .text.rt_hw_board_init  drv_common.o
    0x0800af40   0x0800af40   0x000000b8   Code   RO         1021    .text.rt_hw_can_init  drv_can.o
    0x0800aff8   0x0800aff8   0x000002f0   Code   RO          482    .text.rt_hw_can_isr  can.o
    0x0800b2e8   0x0800b2e8   0x000000dc   Code   RO          466    .text.rt_hw_can_register  can.o
    0x0800b3c4   0x0800b3c4   0x00000002   Code   RO         1618    .text.rt_hw_console_output  kservice.o
    0x0800b3c6   0x0800b3c6   0x00000002   PAD
    0x0800b3c8   0x0800b3c8   0x00000012   Code   RO         2053    .text.rt_hw_cpu_reset  cpuport.o
    0x0800b3da   0x0800b3da   0x00000002   PAD
    0x0800b3dc   0x0800b3dc   0x000003c4   Code   RO         2051    .text.rt_hw_hard_fault_exception  cpuport.o
    0x0800b7a0   0x0800b7a0   0x00000004   Code   RO         1551    .text.rt_hw_interrupt_is_disabled  irq.o
    0x0800b7a4   0x0800b7a4   0x00000100   Code   RO         1061    .text.rt_hw_pin_init  drv_gpio.o
    0x0800b8a4   0x0800b8a4   0x000002b8   Code   RO          911    .text.rt_hw_serial_isr  serial_v2.o
    0x0800bb5c   0x0800bb5c   0x00000084   Code   RO          901    .text.rt_hw_serial_register  serial_v2.o
    0x0800bbe0   0x0800bbe0   0x00000042   Code   RO         2047    .text.rt_hw_stack_init  cpuport.o
    0x0800bc22   0x0800bc22   0x00000002   PAD
    0x0800bc24   0x0800bc24   0x00000180   Code   RO         1103    .text.rt_hw_usart_init  drv_usart_v2.o
    0x0800bda4   0x0800bda4   0x00000026   Code   RO         1545    .text.rt_interrupt_enter  irq.o
    0x0800bdca   0x0800bdca   0x00000002   PAD
    0x0800bdcc   0x0800bdcc   0x00000020   Code   RO         1549    .text.rt_interrupt_get_nest  irq.o
    0x0800bdec   0x0800bdec   0x00000022   Code   RO         1547    .text.rt_interrupt_leave  irq.o
    0x0800be0e   0x0800be0e   0x00000002   PAD
    0x0800be10   0x0800be10   0x000000c8   Code   RO         2809    .text.rt_kprintf    rt_kprintf.o
    0x0800bed8   0x0800bed8   0x00000040   Code   RO         1622    .text.rt_kputs      kservice.o
    0x0800bf18   0x0800bf18   0x000000ca   Code   RO         1598    .text.rt_malloc     kservice.o
    0x0800bfe2   0x0800bfe2   0x00000002   PAD
    0x0800bfe4   0x0800bfe4   0x0000003a   Code   RO         1590    .text.rt_memmove    kservice.o
    0x0800c01e   0x0800c01e   0x00000002   PAD
    0x0800c020   0x0800c020   0x000000b8   Code   RO         1648    .text.rt_memory_info  kservice.o
    0x0800c0d8   0x0800c0d8   0x0000005e   Code   RO         1586    .text.rt_memset     kservice.o
    0x0800c136   0x0800c136   0x00000002   PAD
    0x0800c138   0x0800c138   0x000000f0   Code   RO         1713    .text.rt_mp_create  mempool.o
    0x0800c228   0x0800c228   0x00000052   Code   RO         1719    .text.rt_mp_free    mempool.o
    0x0800c27a   0x0800c27a   0x00000002   PAD
    0x0800c27c   0x0800c27c   0x00000198   Code   RO         1414    .text.rt_mutex_drop_thread  ipc.o
    0x0800c414   0x0800c414   0x00000058   Code   RO         1408    .text.rt_mutex_init  ipc.o
    0x0800c46c   0x0800c46c   0x00000234   Code   RO         1436    .text.rt_mutex_release  ipc.o
    0x0800c6a0   0x0800c6a0   0x00000006   Code   RO         1426    .text.rt_mutex_take  ipc.o
    0x0800c6a6   0x0800c6a6   0x00000002   PAD
    0x0800c6a8   0x0800c6a8   0x000000ca   Code   RO         1752    .text.rt_object_allocate  object.o
    0x0800c772   0x0800c772   0x00000002   PAD
    0x0800c774   0x0800c774   0x000000dc   Code   RO         1754    .text.rt_object_delete  object.o
    0x0800c850   0x0800c850   0x0000008c   Code   RO         1750    .text.rt_object_detach  object.o
    0x0800c8dc   0x0800c8dc   0x00000098   Code   RO         1760    .text.rt_object_find  object.o
    0x0800c974   0x0800c974   0x00000026   Code   RO         1742    .text.rt_object_get_information  object.o
    0x0800c99a   0x0800c99a   0x00000002   PAD
    0x0800c99c   0x0800c99c   0x00000034   Code   RO         1758    .text.rt_object_get_type  object.o
    0x0800c9d0   0x0800c9d0   0x000000d4   Code   RO         1748    .text.rt_object_init  object.o
    0x0800caa4   0x0800caa4   0x0000003c   Code   RO         1756    .text.rt_object_is_systemobject  object.o
    0x0800cae0   0x0800cae0   0x00000038   Code   RO          822    .text.rt_pin_mode   pin.o
    0x0800cb18   0x0800cb18   0x00000034   Code   RO          826    .text.rt_pin_read   pin.o
    0x0800cb4c   0x0800cb4c   0x00000038   Code   RO          824    .text.rt_pin_write  pin.o
    0x0800cb84   0x0800cb84   0x0000003e   Code   RO          693    .text.rt_ringbuffer_data_len  ringbuffer.o
    0x0800cbc2   0x0800cbc2   0x00000002   PAD
    0x0800cbc4   0x0800cbc4   0x000000c8   Code   RO          697    .text.rt_ringbuffer_get  ringbuffer.o
    0x0800cc8c   0x0800cc8c   0x00000090   Code   RO          705    .text.rt_ringbuffer_getchar  ringbuffer.o
    0x0800cd1c   0x0800cd1c   0x00000050   Code   RO          689    .text.rt_ringbuffer_init  ringbuffer.o
    0x0800cd6c   0x0800cd6c   0x000000c8   Code   RO          691    .text.rt_ringbuffer_put  ringbuffer.o
    0x0800ce34   0x0800ce34   0x00000088   Code   RO          701    .text.rt_ringbuffer_putchar  ringbuffer.o
    0x0800cebc   0x0800cebc   0x000000b0   Code   RO         1833    .text.rt_sched_insert_thread  scheduler_up.o
    0x0800cf6c   0x0800cf6c   0x00000018   Code   RO         1819    .text.rt_sched_lock  scheduler_up.o
    0x0800cf84   0x0800cf84   0x0000006c   Code   RO         1831    .text.rt_sched_remove_thread  scheduler_up.o
    0x0800cff0   0x0800cff0   0x00000006   Code   RO         1847    .text.rt_sched_thread_bind_cpu  scheduler_up.o
    0x0800cff6   0x0800cff6   0x00000002   PAD
    0x0800cff8   0x0800cff8   0x00000094   Code   RO         1805    .text.rt_sched_thread_change_priority  scheduler_comm.o
    0x0800d08c   0x0800d08c   0x0000000c   Code   RO         1797    .text.rt_sched_thread_close  scheduler_comm.o
    0x0800d098   0x0800d098   0x00000006   Code   RO         1791    .text.rt_sched_thread_get_curr_prio  scheduler_comm.o
    0x0800d09e   0x0800d09e   0x00000002   PAD
    0x0800d0a0   0x0800d0a0   0x00000006   Code   RO         1793    .text.rt_sched_thread_get_init_prio  scheduler_comm.o
    0x0800d0a6   0x0800d0a6   0x00000002   PAD
    0x0800d0a8   0x0800d0a8   0x0000000a   Code   RO         1789    .text.rt_sched_thread_get_stat  scheduler_comm.o
    0x0800d0b2   0x0800d0b2   0x00000002   PAD
    0x0800d0b4   0x0800d0b4   0x0000000a   Code   RO         1783    .text.rt_sched_thread_init_ctx  scheduler_comm.o
    0x0800d0be   0x0800d0be   0x00000002   PAD
    0x0800d0c0   0x0800d0c0   0x00000070   Code   RO         1837    .text.rt_sched_thread_init_priv  scheduler_up.o
    0x0800d130   0x0800d130   0x0000000a   Code   RO         1795    .text.rt_sched_thread_is_suspended  scheduler_comm.o
    0x0800d13a   0x0800d13a   0x00000002   PAD
    0x0800d13c   0x0800d13c   0x00000054   Code   RO         1801    .text.rt_sched_thread_ready  scheduler_comm.o
    0x0800d190   0x0800d190   0x00000014   Code   RO         1835    .text.rt_sched_thread_startup  scheduler_up.o
    0x0800d1a4   0x0800d1a4   0x00000012   Code   RO         1785    .text.rt_sched_thread_timer_start  scheduler_comm.o
    0x0800d1b6   0x0800d1b6   0x00000002   PAD
    0x0800d1b8   0x0800d1b8   0x00000026   Code   RO         1787    .text.rt_sched_thread_timer_stop  scheduler_comm.o
    0x0800d1de   0x0800d1de   0x00000002   PAD
    0x0800d1e0   0x0800d1e0   0x00000016   Code   RO         1799    .text.rt_sched_thread_yield  scheduler_comm.o
    0x0800d1f6   0x0800d1f6   0x00000002   PAD
    0x0800d1f8   0x0800d1f8   0x0000003c   Code   RO         1803    .text.rt_sched_tick_increase  scheduler_comm.o
    0x0800d234   0x0800d234   0x0000000a   Code   RO         1821    .text.rt_sched_unlock  scheduler_up.o
    0x0800d23e   0x0800d23e   0x00000002   PAD
    0x0800d240   0x0800d240   0x0000001a   Code   RO         1823    .text.rt_sched_unlock_n_resched  scheduler_up.o
    0x0800d25a   0x0800d25a   0x00000002   PAD
    0x0800d25c   0x0800d25c   0x000002cc   Code   RO         1825    .text.rt_schedule   scheduler_up.o
    0x0800d528   0x0800d528   0x000000ac   Code   RO         1388    .text.rt_sem_detach  ipc.o
    0x0800d5d4   0x0800d5d4   0x0000008e   Code   RO         1386    .text.rt_sem_init   ipc.o
    0x0800d662   0x0800d662   0x00000002   PAD
    0x0800d664   0x0800d664   0x000000b6   Code   RO         1404    .text.rt_sem_release  ipc.o
    0x0800d71a   0x0800d71a   0x00000002   PAD
    0x0800d71c   0x0800d71c   0x00000006   Code   RO         1394    .text.rt_sem_take   ipc.o
    0x0800d722   0x0800d722   0x00000002   PAD
    0x0800d724   0x0800d724   0x0000014c   Code   RO          907    .text.rt_serial_close  serial_v2.o
    0x0800d870   0x0800d870   0x000000e4   Code   RO          909    .text.rt_serial_control  serial_v2.o
    0x0800d954   0x0800d954   0x00000078   Code   RO          903    .text.rt_serial_init  serial_v2.o
    0x0800d9cc   0x0800d9cc   0x0000036c   Code   RO          905    .text.rt_serial_open  serial_v2.o
    0x0800dd38   0x0800dd38   0x00000022   Code   RO         1582    .text.rt_set_errno  kservice.o
    0x0800dd5a   0x0800dd5a   0x00000002   PAD
    0x0800dd5c   0x0800dd5c   0x000000c8   Code   RO         1600    .text.rt_show_version  kservice.o
    0x0800de24   0x0800de24   0x000001e4   Code   RO         1688    .text.rt_smem_alloc  mem.o
    0x0800e008   0x0800e008   0x0000016c   Code   RO         1692    .text.rt_smem_free  mem.o
    0x0800e174   0x0800e174   0x000000d0   Code   RO         1684    .text.rt_smem_init  mem.o
    0x0800e244   0x0800e244   0x0000001a   Code   RO         1608    .text.rt_snprintf   kservice.o
    0x0800e25e   0x0800e25e   0x00000002   PAD
    0x0800e260   0x0800e260   0x000000c0   Code   RO          878    .text.rt_soft_rtc_init  soft_rtc.o
    0x0800e320   0x0800e320   0x00000024   Code   RO         1612    .text.rt_sprintf    kservice.o
    0x0800e344   0x0800e344   0x00000038   Code   RO         1578    .text.rt_strerror   kservice.o
    0x0800e37c   0x0800e37c   0x00000018   Code   RO         1594    .text.rt_strnlen    kservice.o
    0x0800e394   0x0800e394   0x00000050   Code   RO         1376    .text.rt_susp_list_dequeue  ipc.o
    0x0800e3e4   0x0800e3e4   0x0000007e   Code   RO         1382    .text.rt_susp_list_enqueue  ipc.o
    0x0800e462   0x0800e462   0x00000002   PAD
    0x0800e464   0x0800e464   0x00000050   Code   RO         1384    .text.rt_susp_list_print  ipc.o
    0x0800e4b4   0x0800e4b4   0x000000a0   Code   RO         1378    .text.rt_susp_list_resume_all  ipc.o
    0x0800e554   0x0800e554   0x0000009c   Code   RO         1640    .text.rt_system_heap_init  kservice.o
    0x0800e5f0   0x0800e5f0   0x00000030   Code   RO         1827    .text.rt_system_scheduler_init  scheduler_up.o
    0x0800e620   0x0800e620   0x0000006c   Code   RO         1829    .text.rt_system_scheduler_start  scheduler_up.o
    0x0800e68c   0x0800e68c   0x00000090   Code   RO         1886    .text.rt_system_signal_init  signal.o
    0x0800e71c   0x0800e71c   0x0000000e   Code   RO         1979    .text.rt_system_timer_init  timer.o
    0x0800e72a   0x0800e72a   0x00000002   PAD
    0x0800e72c   0x0800e72c   0x00000002   Code   RO         1981    .text.rt_system_timer_thread_init  timer.o
    0x0800e72e   0x0800e72e   0x00000002   PAD
    0x0800e730   0x0800e730   0x000000ac   Code   RO         1932    .text.rt_thread_control  thread.o
    0x0800e7dc   0x0800e7dc   0x000000ac   Code   RO         1916    .text.rt_thread_create  thread.o
    0x0800e888   0x0800e888   0x00000024   Code   RO         1354    .text.rt_thread_defunct_enqueue  idle.o
    0x0800e8ac   0x0800e8ac   0x000000a0   Code   RO         1918    .text.rt_thread_delete  thread.o
    0x0800e94c   0x0800e94c   0x00000094   Code   RO         1912    .text.rt_thread_detach  thread.o
    0x0800e9e0   0x0800e9e0   0x0000003a   Code   RO         1882    .text.rt_thread_free_sig  signal.o
    0x0800ea1a   0x0800ea1a   0x00000002   PAD
    0x0800ea1c   0x0800ea1c   0x000000a6   Code   RO         1880    .text.rt_thread_handle_sig  signal.o
    0x0800eac2   0x0800eac2   0x00000002   PAD
    0x0800eac4   0x0800eac4   0x0000005c   Code   RO         1358    .text.rt_thread_idle_init  idle.o
    0x0800eb20   0x0800eb20   0x000000ec   Code   RO         1904    .text.rt_thread_init  thread.o
    0x0800ec0c   0x0800ec0c   0x0000000e   Code   RO         1930    .text.rt_thread_mdelay  thread.o
    0x0800ec1a   0x0800ec1a   0x00000002   PAD
    0x0800ec1c   0x0800ec1c   0x00000076   Code   RO         1910    .text.rt_thread_resume  thread.o
    0x0800ec92   0x0800ec92   0x00000002   PAD
    0x0800ec94   0x0800ec94   0x0000000c   Code   RO         1906    .text.rt_thread_self  thread.o
    0x0800eca0   0x0800eca0   0x00000070   Code   RO         1908    .text.rt_thread_startup  thread.o
    0x0800ed10   0x0800ed10   0x00000152   Code   RO         1934    .text.rt_thread_suspend_to_list  thread.o
    0x0800ee62   0x0800ee62   0x00000002   PAD
    0x0800ee64   0x0800ee64   0x0000000a   Code   RO         1928    .text.rt_thread_suspend_with_flag  thread.o
    0x0800ee6e   0x0800ee6e   0x00000002   PAD
    0x0800ee70   0x0800ee70   0x00000024   Code   RO         1920    .text.rt_thread_yield  thread.o
    0x0800ee94   0x0800ee94   0x00000006   Code   RO         1303    .text.rt_tick_from_millisecond  clock.o
    0x0800ee9a   0x0800ee9a   0x00000002   PAD
    0x0800ee9c   0x0800ee9c   0x0000000c   Code   RO         1297    .text.rt_tick_get   clock.o
    0x0800eea8   0x0800eea8   0x0000006c   Code   RO         1301    .text.rt_tick_increase  clock.o
    0x0800ef14   0x0800ef14   0x0000000c   Code   RO         1295    .text.rt_tick_sethook  clock.o
    0x0800ef20   0x0800ef20   0x00000190   Code   RO         1975    .text.rt_timer_check  timer.o
    0x0800f0b0   0x0800f0b0   0x000000ec   Code   RO         1973    .text.rt_timer_control  timer.o
    0x0800f19c   0x0800f19c   0x000000b4   Code   RO         1963    .text.rt_timer_detach  timer.o
    0x0800f250   0x0800f250   0x00000092   Code   RO         1961    .text.rt_timer_init  timer.o
    0x0800f2e2   0x0800f2e2   0x00000002   PAD
    0x0800f2e4   0x0800f2e4   0x000001dc   Code   RO         1969    .text.rt_timer_start  timer.o
    0x0800f4c0   0x0800f4c0   0x0000008a   Code   RO         1971    .text.rt_timer_stop  timer.o
    0x0800f54a   0x0800f54a   0x00000002   PAD
    0x0800f54c   0x0800f54c   0x0000000c   Code   RO          395    .text.rt_tz_get     ctime.o
    0x0800f558   0x0800f558   0x0000088c   Code   RO         2821    .text.rt_vsnprintf  rt_vsnprintf.o
    0x0800fde4   0x0800fde4   0x00000004   Code   RO         1321    .text.rti_board_end  components.o
    0x0800fde8   0x0800fde8   0x00000004   Code   RO         1319    .text.rti_board_start  components.o
    0x0800fdec   0x0800fdec   0x00000004   Code   RO         1323    .text.rti_end       components.o
    0x0800fdf0   0x0800fdf0   0x00000004   Code   RO         1317    .text.rti_start     components.o
    0x0800fdf4   0x0800fdf4   0x00000072   Code   RO         1331    .text.rtthread_startup  components.o
    0x0800fe66   0x0800fe66   0x00000002   PAD
    0x0800fe68   0x0800fe68   0x0000003a   Code   RO          860    .text.set_timestamp  rtc.o
    0x0800fea2   0x0800fea2   0x00000002   PAD
    0x0800fea4   0x0800fea4   0x00000174   Code   RO          880    .text.soft_rtc_control  soft_rtc.o
    0x08010018   0x08010018   0x00000158   Code   RO          978    .text.stm32_adc_enabled  drv_adc.o
    0x08010170   0x08010170   0x00000050   Code   RO          982    .text.stm32_adc_get_resolution  drv_adc.o
    0x080101c0   0x080101c0   0x00000068   Code   RO          980    .text.stm32_adc_get_value  drv_adc.o
    0x08010228   0x08010228   0x00000056   Code   RO          984    .text.stm32_adc_get_vref  drv_adc.o
    0x0801027e   0x0801027e   0x00000002   PAD
    0x08010280   0x08010280   0x000000d8   Code   RO          976    .text.stm32_adc_init  drv_adc.o
    0x08010358   0x08010358   0x000000e4   Code   RO         1105    .text.stm32_configure  drv_usart_v2.o
    0x0801043c   0x0801043c   0x00000180   Code   RO         1107    .text.stm32_control  drv_usart_v2.o
    0x080105bc   0x080105bc   0x00000068   Code   RO         1111    .text.stm32_getc    drv_usart_v2.o
    0x08010624   0x08010624   0x0000008a   Code   RO         1069    .text.stm32_pin_attach_irq  drv_gpio.o
    0x080106ae   0x080106ae   0x00000002   PAD
    0x080106b0   0x080106b0   0x00000066   Code   RO         1071    .text.stm32_pin_dettach_irq  drv_gpio.o
    0x08010716   0x08010716   0x00000002   PAD
    0x08010718   0x08010718   0x0000008c   Code   RO         1075    .text.stm32_pin_get  drv_gpio.o
    0x080107a4   0x080107a4   0x00000160   Code   RO         1073    .text.stm32_pin_irq_enable  drv_gpio.o
    0x08010904   0x08010904   0x00000078   Code   RO         1063    .text.stm32_pin_mode  drv_gpio.o
    0x0801097c   0x0801097c   0x0000002e   Code   RO         1067    .text.stm32_pin_read  drv_gpio.o
    0x080109aa   0x080109aa   0x00000002   PAD
    0x080109ac   0x080109ac   0x00000022   Code   RO         1065    .text.stm32_pin_write  drv_gpio.o
    0x080109ce   0x080109ce   0x00000002   PAD
    0x080109d0   0x080109d0   0x00000040   Code   RO         1109    .text.stm32_putc    drv_usart_v2.o
    0x08010a10   0x08010a10   0x00000078   Code   RO         1113    .text.stm32_transmit  drv_usart_v2.o
    0x08010a88   0x08010a88   0x0000024a   Code   RO          409    .text.timegm        ctime.o
    0x08010cd2   0x08010cd2   0x00000002   PAD
    0x08010cd4   0x08010cd4   0x0000021c   Code   RO         1093    .text.uart_isr      drv_usart_v2.o
    0x08010ef0   0x08010ef0   0x000000d0   Code   RO         2868    .text.ulog_backend_register  ulog.o
    0x08010fc0   0x08010fc0   0x0000002c   Code   RO         2901    .text.ulog_console_backend_init  console_be.o
    0x08010fec   0x08010fec   0x00000006   Code   RO         2899    .text.ulog_console_backend_output  console_be.o
    0x08010ff2   0x08010ff2   0x00000002   PAD
    0x08010ff4   0x08010ff4   0x00000098   Code   RO         2854    .text.ulog_formater  ulog.o
    0x0801108c   0x0801108c   0x00000414   Code   RO         2850    .text.ulog_head_formater  ulog.o
    0x080114a0   0x080114a0   0x00000298   Code   RO         2856    .text.ulog_hex_formater  ulog.o
    0x08011738   0x08011738   0x00000034   Code   RO         2878    .text.ulog_init     ulog.o
    0x0801176c   0x0801176c   0x00000022   Code   RO         2862    .text.ulog_output   ulog.o
    0x0801178e   0x0801178e   0x00000002   PAD
    0x08011790   0x08011790   0x000000fc   Code   RO         2852    .text.ulog_tail_formater  ulog.o
    0x0801188c   0x0801188c   0x000001c8   Code   RO         2858    .text.ulog_voutput  ulog.o
    0x08011a54   0x08011a54   0x00000094   Code   RO         2724    .text.user_code_insert_to_systick_handler  perf_counter.o
    0x08011ae8   0x08011ae8   0x0000000a   Code   RO         1255    .text.version       cmd.o
    0x08011af2   0x08011af2   0x00000002   PAD
    0x08011af4   0x08011af4   0x0000002c   Code   RO         3025    locale$$code        c_w.l(lc_ctype_c.o)
    0x08011b20   0x08011b20   0x00000150   Code   RO         2963    x$fpl$dadd          fz_wm.l(daddsub_clz.o)
    0x08011c70   0x08011c70   0x00000018   Code   RO         3119    x$fpl$dcmpinf       fz_wm.l(dcmpi.o)
    0x08011c88   0x08011c88   0x000002b4   Code   RO         2972    x$fpl$ddiv          fz_wm.l(ddiv.o)
    0x08011f3c   0x08011f3c   0x00000078   Code   RO         3080    x$fpl$deqf          fz_wm.l(deqf.o)
    0x08011fb4   0x08011fb4   0x0000005e   Code   RO         2975    x$fpl$dfix          fz_wm.l(dfix.o)
    0x08012012   0x08012012   0x0000002e   Code   RO         2984    x$fpl$dflt          fz_wm.l(dflt_clz.o)
    0x08012040   0x08012040   0x000000a2   Code   RO         2989    x$fpl$dfltll        fz_wm.l(dfltll_clz.o)
    0x080120e2   0x080120e2   0x00000002   PAD
    0x080120e4   0x080120e4   0x00000078   Code   RO         3082    x$fpl$dgeqf         fz_wm.l(dgeqf.o)
    0x0801215c   0x0801215c   0x00000078   Code   RO         3084    x$fpl$dleqf         fz_wm.l(dleqf.o)
    0x080121d4   0x080121d4   0x00000154   Code   RO         2993    x$fpl$dmul          fz_wm.l(dmul.o)
    0x08012328   0x08012328   0x0000009c   Code   RO         3086    x$fpl$dnaninf       fz_wm.l(dnaninf.o)
    0x080123c4   0x080123c4   0x0000000c   Code   RO         3088    x$fpl$dretinf       fz_wm.l(dretinf.o)
    0x080123d0   0x080123d0   0x000001dc   Code   RO         2965    x$fpl$dsub          fz_wm.l(daddsub_clz.o)
    0x080125ac   0x080125ac   0x00000054   Code   RO         2969    x$fpl$fcmp          fz_wm.l(dcmp.o)
    0x08012600   0x08012600   0x0000001a   Code   RO         3121    x$fpl$fpinit        fz_wm.l(fpinit.o)
    0x0801261a   0x0801261a   0x00000002   PAD
    0x0801261c   0x0801261c   0x000000c2   Code   RO         2979    x$fpl$llsfromd      fz_wm.l(dfixll.o)
    0x080126de   0x080126de   0x00000000   Code   RO         3094    x$fpl$usenofp       fz_wm.l(usenofp.o)
    0x080126de   0x080126de   0x00000010   Data   RO         2671    .rodata.AHBPrescTable  system_stm32f4xx.o
    0x080126ee   0x080126ee   0x00000008   Data   RO         2672    .rodata.APBPrescTable  system_stm32f4xx.o
    0x080126f6   0x080126f6   0x0000001a   Data   RO          430    .rodata.__spm       ctime.o
    0x08012710   0x08012710   0x00000010   Data   RO         1033    .rodata._can_ops    drv_can.o
    0x08012720   0x08012720   0x0000001c   Data   RO         1077    .rodata._stm32_pin_ops  drv_gpio.o
    0x0801273c   0x0801273c   0x00000048   Data   RO         1036    .rodata.can_baud_rate_tab  drv_can.o
    0x08012784   0x08012784   0x00000020   Data   RO         2885    .rodata.color_output_info  ulog.o
    0x080127a4   0x080127a4   0x0000007c   Data   RO         1281    .rodata.device_type_str  cmd.o
    0x08012820   0x08012820   0x00000033   Data   RO           10    .rodata.name        aboard_power_switch.o
    0x08012853   0x08012853   0x0000001f   Data   RO          487    .rodata.name        can.o
    0x08012872   0x08012872   0x00000011   Data   RO          797    .rodata.name        adc.o
    0x08012883   0x08012883   0x00000011   Data   RO          836    .rodata.name        pin.o
    0x08012894   0x08012894   0x0000004d   Data   RO          868    .rodata.name        rtc.o
    0x080128e1   0x080128e1   0x00000015   Data   RO         1152    .rodata.name        drv_common.o
    0x080128f6   0x080128f6   0x00000061   Data   RO         1226    .rodata.name        msh.o
    0x08012957   0x08012957   0x0000005d   Data   RO         1277    .rodata.name        cmd.o
    0x080129b4   0x080129b4   0x00000026   Data   RO         1666    .rodata.name        kservice.o
    0x080129da   0x080129da   0x00000040   Data   RO         1079    .rodata.pin_irq_map  drv_gpio.o
    0x08012a1a   0x08012a1a   0x00000006   PAD
    0x08012a20   0x08012a20   0x00000090   Data   RO         2835    .rodata.powers_of_10  rt_vsnprintf.o
    0x08012ab0   0x08012ab0   0x00000078   Data   RO         1661    .rodata.rt_errno_strs  kservice.o
    0x08012b28   0x08012b28   0x00000014   Data   RO         1117    .rodata.stm32_uart_ops  drv_usart_v2.o
    0x08012b3c   0x08012b3c   0x00000010   Data   RO          990    .rodata.stm_adc_ops  drv_adc.o
    0x08012b4c   0x08012b4c   0x00000021   Data   RO           41    .rodata.str1.1      motor_dj_rm_driver.o
    0x08012b6d   0x08012b6d   0x00000068   Data   RO          433    .rodata.str1.1      ctime.o
    0x08012bd5   0x08012bd5   0x000002b2   Data   RO          486    .rodata.str1.1      can.o
    0x08012e87   0x08012e87   0x00000129   Data   RO          523    .rodata.str1.1      device.o
    0x08012fb0   0x08012fb0   0x00000087   Data   RO          596    .rodata.str1.1      completion.o
    0x08013037   0x08013037   0x0000002a   Data   RO          713    .rodata.str1.1      ringbuffer.o
    0x08013061   0x08013061   0x00000246   Data   RO          796    .rodata.str1.1      adc.o
    0x080132a7   0x080132a7   0x000001a8   Data   RO          835    .rodata.str1.1      pin.o
    0x0801344f   0x0801344f   0x0000011d   Data   RO          867    .rodata.str1.1      rtc.o
    0x0801356c   0x0801356c   0x000001b5   Data   RO          921    .rodata.str1.1      serial_v2.o
    0x08013721   0x08013721   0x0000000e   Data   RO          969    .rodata.str1.1      board.o
    0x0801372f   0x0801372f   0x0000002e   Data   RO          987    .rodata.str1.1      drv_adc.o
    0x0801375d   0x0801375d   0x0000001e   Data   RO         1035    .rodata.str1.1      drv_can.o
    0x0801377b   0x0801377b   0x00000054   Data   RO         1118    .rodata.str1.1      drv_usart_v2.o
    0x080137cf   0x080137cf   0x0000003c   Data   RO         1200    .rodata.str1.1      shell.o
    0x0801380b   0x0801380b   0x00000027   Data   RO         1230    .rodata.str1.1      msh.o
    0x08013832   0x08013832   0x000002fd   Data   RO         1280    .rodata.str1.1      cmd.o
    0x08013b2f   0x08013b2f   0x00000028   Data   RO         1341    .rodata.str1.1      components.o
    0x08013b57   0x08013b57   0x000004cb   Data   RO         1532    .rodata.str1.1      ipc.o
    0x08014022   0x08014022   0x00000355   Data   RO         1660    .rodata.str1.1      kservice.o
    0x08014377   0x08014377   0x000002ab   Data   RO         1696    .rodata.str1.1      mem.o
    0x08014622   0x08014622   0x00000097   Data   RO         1723    .rodata.str1.1      mempool.o
    0x080146b9   0x080146b9   0x0000007c   Data   RO         1774    .rodata.str1.1      object.o
    0x08014735   0x08014735   0x00000029   Data   RO         1856    .rodata.str1.1      scheduler_up.o
    0x0801475e   0x0801475e   0x00000014   Data   RO         1890    .rodata.str1.1      signal.o
    0x08014772   0x08014772   0x0000016f   Data   RO         1948    .rodata.str1.1      thread.o
    0x080148e1   0x080148e1   0x000000e3   Data   RO         1985    .rodata.str1.1      timer.o
    0x080149c4   0x080149c4   0x000001bb   Data   RO         2058    .rodata.str1.1      cpuport.o
    0x08014b7f   0x08014b7f   0x000000e6   Data   RO         2882    .rodata.str1.1      ulog.o
    0x08014c65   0x08014c65   0x00000003   PAD
    0x08014c68   0x08014c68   0x00000004   Data   RO         1337    .rti_fn.0           components.o
    0x08014c6c   0x08014c6c   0x00000004   Data   RO         1338    .rti_fn.0.end       components.o
    0x08014c70   0x08014c70   0x00000004   Data   RO           12    .rti_fn.1           aboard_power_switch.o
    0x08014c74   0x08014c74   0x00000004   Data   RO          986    .rti_fn.1           drv_adc.o
    0x08014c78   0x08014c78   0x00000004   Data   RO         1034    .rti_fn.1           drv_can.o
    0x08014c7c   0x08014c7c   0x00000004   Data   RO         2890    .rti_fn.1           ulog.o
    0x08014c80   0x08014c80   0x00000004   Data   RO         1339    .rti_fn.1.end       components.o
    0x08014c84   0x08014c84   0x00000004   Data   RO         2715    .rti_fn.2           perf_os_patch_rt_thread.o
    0x08014c88   0x08014c88   0x00000004   Data   RO         2904    .rti_fn.2           console_be.o
    0x08014c8c   0x08014c8c   0x00000004   Data   RO          882    .rti_fn.3           soft_rtc.o
    0x08014c90   0x08014c90   0x00000004   Data   RO           43    .rti_fn.4           motor_dj_rm_driver.o
    0x08014c94   0x08014c94   0x00000004   Data   RO         1201    .rti_fn.6           shell.o
    0x08014c98   0x08014c98   0x00000004   Data   RO         1340    .rti_fn.6.end       components.o
    0x08014c9c   0x08014c9c   0x00000010   Data   RO           11    FSymTab             aboard_power_switch.o
    0x08014cac   0x08014cac   0x00000010   Data   RO          488    FSymTab             can.o
    0x08014cbc   0x08014cbc   0x00000010   Data   RO          798    FSymTab             adc.o
    0x08014ccc   0x08014ccc   0x00000010   Data   RO          837    FSymTab             pin.o
    0x08014cdc   0x08014cdc   0x00000010   Data   RO          869    FSymTab             rtc.o
    0x08014cec   0x08014cec   0x00000010   Data   RO         1153    FSymTab             drv_common.o
    0x08014cfc   0x08014cfc   0x00000010   Data   RO         1227    FSymTab             msh.o
    0x08014d0c   0x08014d0c   0x00000010   Data   RO         1228    FSymTab             msh.o
    0x08014d1c   0x08014d1c   0x00000010   Data   RO         1229    FSymTab             msh.o
    0x08014d2c   0x08014d2c   0x00000010   Data   RO         1278    FSymTab             cmd.o
    0x08014d3c   0x08014d3c   0x00000010   Data   RO         1279    FSymTab             cmd.o
    0x08014d4c   0x08014d4c   0x00000010   Data   RO         1283    FSymTab             cmd.o
    0x08014d5c   0x08014d5c   0x00000010   Data   RO         1667    FSymTab             kservice.o
    0x08014d6c   0x08014d6c   0x00000020   Data   RO         3204    Region$$Table       anon$$obj.o
    0x08014d8c   0x08014d8c   0x00000110   Data   RO         3024    locale$$data        c_w.l(lc_ctype_c.o)
    0x08014e9c   0x08014e9c   0x00000004   Data   RO         2800    .init_array         perf_counter.o
    0x08014ea0   0x08014e9c   0x00000000   Data   RO         2956    .init_array         c_w.l(init_aeabi.o)


    Execution Region RW_IRAM2 (Exec base: 0x10000000, Load base: 0x08014fb8, Size: 0x00000000, Max: 0x00010000, ABSOLUTE)

    **** No section assigned to this execution region ****


    Execution Region RW_IRAM1 (Exec base: 0x20000000, Load base: 0x08014ea0, Size: 0x00001828, Max: 0x00030000, ABSOLUTE, COMPRESSED[0x00000118])

    Exec Addr    Load Addr    Size         Type   Attr      Idx    E Section Name        Object

    0x20000000   COMPRESSED   0x00000004   Data   RW         2670    .data.SystemCoreClock  system_stm32f4xx.o
    0x20000004   COMPRESSED   0x00000004   Data   RW          429    .data._current_tz_offset_sec  ctime.o
    0x20000008   COMPRESSED   0x000000dc   Data   RW         1773    .data._object_container  object.o
    0x200000e4   COMPRESSED   0x00000008   Data   RW         1365    .data._rt_thread_defunct  idle.o
    0x200000ec   COMPRESSED   0x00000048   Data   RW          989    .data.adc_config    drv_adc.o
    0x20000134   COMPRESSED   0x00000078   Data   RW         1282    .data.cmd_list_msh_options  cmd.o
    0x200001ac   COMPRESSED   0x00000178   Data   RW         1031    .data.drv_can1      drv_can.o
    0x20000324   COMPRESSED   0x00000178   Data   RW         1032    .data.drv_can2      drv_can.o
    0x2000049c   COMPRESSED   0x00000100   Data   RW         1078    .data.pin_irq_hdr_tab  drv_gpio.o
    0x2000059c   COMPRESSED   0x00000004   Data   RW         2794    .data.s_nMSUnit     perf_counter.o
    0x200005a0   COMPRESSED   0x00000004   Data   RW         2797    .data.s_nUSUnit     perf_counter.o
    0x200005a4   COMPRESSED   0x0000003c   Data   RW         1116    .data.uart_config   drv_usart_v2.o
    0x200005e0   COMPRESSED   0x00000004   Data   RW         2653    .data.uwTickPrio    stm32f4xx_hal.o
    0x200005e4   COMPRESSED   0x00000004   PAD
    0x200005e8        -       0x00000060   Zero   RW         3096    .bss                c_w.l(libspace.o)
    0x20000648        -       0x00000004   Zero   RW          221    .bss.Emm_rx_flag    emm_v5.o
    0x2000064c        -       0x00000004   Zero   RW          224    .bss.Emm_serial1    emm_v5.o
    0x20000650        -       0x00000004   Zero   RW          958    .bss.HAL_RCC_CAN1_CLK_ENABLED  stm32f4xx_hal_msp.o
    0x20000654        -       0x00000004   Zero   RW           59    .bss.Motor_Cur_Pos  main.o
    0x20000658        -       0x00000004   Zero   RW         1662    .bss.__rt_errno     kservice.o
    0x2000065c        -       0x00000004   Zero   RW         1663    .bss._console_device  kservice.o
    0x20000660        -       0x00000004   Zero   RW          435    .bss._control_rtc.device  ctime.o
    0x20000664        -       0x00000004   Zero   RW         1857    .bss._critical_error_occurred  scheduler_up.o
    0x20000668        -       0x00000044   Zero   RW          834    .bss._hw_pin        pin.o
    0x200006ac        -       0x00000030   Zero   RW         1675    .bss._lock          kservice.o
    0x200006dc        -       0x00000004   Zero   RW         1664    .bss._pr_curr_user  kservice.o
    0x200006e0        -       0x00000004   Zero   RW         1674    .bss._pr_curr_user_nested  kservice.o
    0x200006e4        -       0x00000004   Zero   RW          866    .bss._rtc_device    rtc.o
    0x200006e8        -       0x00000004   Zero   RW         1891    .bss._siginfo_pool  signal.o
    0x200006ec        -       0x00000004   Zero   RW         1195    .bss._syscall_table_begin  shell.o
    0x200006f0        -       0x00000004   Zero   RW         1196    .bss._syscall_table_end  shell.o
    0x200006f4        -       0x00000008   Zero   RW         1986    .bss._timer_list    timer.o
    0x200006fc        -       0x00000004   Zero   RW         1987    .bss._timer_start.random_nr  timer.o
    0x20000700        -       0x00000004   Zero   RW          799    .bss.adc.adc_device  adc.o
    0x20000704        -       0x0000001a   Zero   RW          434    .bss.asctime.buf    ctime.o
    0x2000071e   COMPRESSED   0x00000002   PAD
    0x20000720        -       0x00000004   Zero   RW           39    .bss.can_dev        motor_dj_rm_driver.o
    0x20000724        -       0x00000028   Zero   RW         2903    .bss.console        console_be.o
    0x2000074c        -       0x00000081   Zero   RW         1198    .bss.finsh_get_prompt.finsh_prompt  shell.o
    0x200007cd   COMPRESSED   0x00000003   PAD
    0x200007d0        -       0x00000004   Zero   RW         1197    .bss.finsh_prompt_custom  shell.o
    0x200007d4   COMPRESSED   0x00000004   PAD
    0x200007d8        -       0x00000008   Zero   RW         2790    .bss.g_lLastTimeStamp  perf_counter.o
    0x200007e0        -       0x00000004   Zero   RW         2791    .bss.g_nOffset      perf_counter.o
    0x200007e4        -       0x00000010   Zero   RW         1364    .bss.idle_hook_list  idle.o
    0x200007f4        -       0x000000a8   Zero   RW         1366    .bss.idle_thread    idle.o
    0x2000089c   COMPRESSED   0x00000004   PAD
    0x200008a0        -       0x00000100   Zero   RW         1367    .bss.idle_thread_stack  idle.o
    0x200009a0        -       0x00000012   Zero   RW          256    .bss.infrared_package  follow_line.o
    0x200009b2   COMPRESSED   0x00000002   PAD
    0x200009b4        -       0x00000004   Zero   RW          885    .bss.init_tick      soft_rtc.o
    0x200009b8        -       0x00000004   Zero   RW          886    .bss.init_time      soft_rtc.o
    0x200009bc        -       0x00000004   Zero   RW          888    .bss.init_tv.0      soft_rtc.o
    0x200009c0        -       0x0000002c   Zero   RW          432    .bss.localtime.tmp  ctime.o
    0x200009ec        -       0x0000018c   Zero   RW           40    .bss.motor_can1     motor_dj_rm_driver.o
    0x20000b78        -       0x00000004   Zero   RW         1080    .bss.pin_irq_enable_mask  drv_gpio.o
    0x20000b7c        -       0x00000004   Zero   RW           58    .bss.pos            main.o
    0x20000b80        -       0x00000004   Zero   RW         1673    .bss.rt_assert_hook  kservice.o
    0x20000b84        -       0x00000001   Zero   RW         1855    .bss.rt_current_priority  scheduler_up.o
    0x20000b85   COMPRESSED   0x00000003   PAD
    0x20000b88        -       0x00000004   Zero   RW         1849    .bss.rt_current_thread  scheduler_up.o
    0x20000b8c        -       0x00000004   Zero   RW         2057    .bss.rt_exception_hook  cpuport.o
    0x20000b90        -       0x00000004   Zero   RW         1671    .bss.rt_free_hook   kservice.o
    0x20000b94        -       0x00000004   Zero   RW         1553    .bss.rt_interrupt_enter_hook  irq.o
    0x20000b98        -       0x00000004   Zero   RW         2059    .bss.rt_interrupt_from_thread  cpuport.o
    0x20000b9c        -       0x00000004   Zero   RW         1554    .bss.rt_interrupt_leave_hook  irq.o
    0x20000ba0        -       0x00000004   Zero   RW         1555    .bss.rt_interrupt_nest  irq.o
    0x20000ba4        -       0x00000004   Zero   RW         2060    .bss.rt_interrupt_to_thread  cpuport.o
    0x20000ba8        -       0x00000001   Zero   RW         2812    .bss.rt_kprintf.kprintf_init_flag  rt_kprintf.o
    0x20000ba9   COMPRESSED   0x00000003   PAD
    0x20000bac        -       0x00000030   Zero   RW         2813    .bss.rt_kprintf.kprintf_mutex  rt_kprintf.o
    0x20000bdc        -       0x00000080   Zero   RW         2811    .bss.rt_kprintf.rt_console_buf  rt_kprintf.o
    0x20000c5c        -       0x00000004   Zero   RW         1668    .bss.rt_malloc_hook  kservice.o
    0x20000c60        -       0x00000004   Zero   RW         1722    .bss.rt_mp_free_hook  mempool.o
    0x20000c64        -       0x00000004   Zero   RW         1768    .bss.rt_object_attach_hook  object.o
    0x20000c68        -       0x00000004   Zero   RW         1769    .bss.rt_object_detach_hook  object.o
    0x20000c6c        -       0x00000004   Zero   RW         1772    .bss.rt_object_put_hook  object.o
    0x20000c70        -       0x00000004   Zero   RW         1771    .bss.rt_object_take_hook  object.o
    0x20000c74        -       0x00000004   Zero   RW         1770    .bss.rt_object_trytake_hook  object.o
    0x20000c78        -       0x00000004   Zero   RW         1850    .bss.rt_scheduler_hook  scheduler_up.o
    0x20000c7c        -       0x00000002   Zero   RW         1852    .bss.rt_scheduler_lock_nest  scheduler_up.o
    0x20000c7e   COMPRESSED   0x00000002   PAD
    0x20000c80        -       0x00000004   Zero   RW         1851    .bss.rt_scheduler_switch_hook  scheduler_up.o
    0x20000c84        -       0x00000001   Zero   RW          883    .bss.rt_soft_rtc_init.init_ok  soft_rtc.o
    0x20000c85   COMPRESSED   0x00000003   PAD
    0x20000c88        -       0x00000100   Zero   RW         1853    .bss.rt_thread_priority_table  scheduler_up.o
    0x20000d88        -       0x00000004   Zero   RW         1854    .bss.rt_thread_ready_priority_group  scheduler_up.o
    0x20000d8c        -       0x00000004   Zero   RW         1947    .bss.rt_thread_resume_hook  thread.o
    0x20000d90        -       0x00000004   Zero   RW         1946    .bss.rt_thread_suspend_hook  thread.o
    0x20000d94        -       0x00000004   Zero   RW         2061    .bss.rt_thread_switch_interrupt_flag  cpuport.o
    0x20000d98        -       0x00000004   Zero   RW         1308    .bss.rt_tick        clock.o
    0x20000d9c        -       0x00000004   Zero   RW         1307    .bss.rt_tick_hook   clock.o
    0x20000da0        -       0x00000004   Zero   RW         1983    .bss.rt_timer_enter_hook  timer.o
    0x20000da4        -       0x00000004   Zero   RW         1984    .bss.rt_timer_exit_hook  timer.o
    0x20000da8        -       0x00000080   Zero   RW          222    .bss.rxCmd          emm_v5.o
    0x20000e28        -       0x00000024   Zero   RW           42    .bss.rx_sem         motor_dj_rm_driver.o
    0x20000e4c        -       0x00000024   Zero   RW          225    .bss.rx_sem         emm_v5.o
    0x20000e70        -       0x00000008   Zero   RW         2799    .bss.s_lOldTimestamp  perf_counter.o
    0x20000e78        -       0x00000008   Zero   RW         2792    .bss.s_lSystemClockCounts  perf_counter.o
    0x20000e80        -       0x00000004   Zero   RW         2793    .bss.s_nMSResidule  perf_counter.o
    0x20000e84        -       0x00000004   Zero   RW         2795    .bss.s_nSystemMS    perf_counter.o
    0x20000e88        -       0x00000004   Zero   RW         2798    .bss.s_nSystemUS    perf_counter.o
    0x20000e8c        -       0x00000004   Zero   RW         2796    .bss.s_nUSResidule  perf_counter.o
    0x20000e90        -       0x00000004   Zero   RW         1199    .bss.shell          shell.o
    0x20000e94        -       0x00000040   Zero   RW          887    .bss.soft_rtc_dev   soft_rtc.o
    0x20000ed4        -       0x00000004   Zero   RW           60    .bss.state          main.o
    0x20000ed8        -       0x0000008c   Zero   RW          988    .bss.stm32_adc_obj  drv_adc.o
    0x20000f64        -       0x00000004   Zero   RW         1672    .bss.system_heap    kservice.o
    0x20000f68        -       0x0000035c   Zero   RW         1115    .bss.uart_obj       drv_usart_v2.o
    0x200012c4        -       0x00000148   Zero   RW         2883    .bss.ulog           ulog.o
    0x2000140c        -       0x00000004   Zero   RW         2886    .bss.ulog_formater.log_len  ulog.o
    0x20001410        -       0x00000004   Zero   RW         2884    .bss.ulog_head_formater.log_len  ulog.o
    0x20001414        -       0x00000004   Zero   RW         2888    .bss.ulog_hex_formater.j  ulog.o
    0x20001418        -       0x00000004   Zero   RW         2887    .bss.ulog_hex_formater.log_len  ulog.o
    0x2000141c        -       0x00000001   Zero   RW         2889    .bss.ulog_voutput.ulog_voutput_recursion  ulog.o
    0x2000141d   COMPRESSED   0x00000003   PAD
    0x20001420        -       0x00000004   Zero   RW         2655    .bss.uwTick         stm32f4xx_hal.o
    0x20001424   COMPRESSED   0x00000004   PAD
    0x20001428        -       0x00000000   Zero   RW         1162    HEAP                startup_stm32f427xx.o
    0x20001428        -       0x00000400   Zero   RW         1161    STACK               startup_stm32f427xx.o


==============================================================================

Image component sizes


      Code (inc. data)   RO Data    RW Data    ZI Data      Debug   Object Name

       102          0         71          0          0       2081   aboard_power_switch.o
      1380        276        615          0          4      10143   adc.o
        58          0          0          0          0       2792   atomic_arm.o
       206          0         14          0          0       2531   board.o
      4244        412        737          0          0      21509   can.o
       138         48          0          0          8       1934   clock.o
      3910       1110       1030        120          0      25613   cmd.o
       652        168        135          0          0       4597   completion.o
       234          0         56          0          0       4230   components.o
        50          8          4          0         40       1820   console_be.o
       316         28          0          0          0        832   context_rvds.o
      1064        168        443          0         16       4459   cpuport.o
        80         28          0          0          0       5551   cstdlib.o
      1926         84        130          4         74      12759   ctime.o
       836         20        297          0          0       8087   device.o
       830        186         66         72        140       8901   drv_adc.o
      3184        202        122        752          0      20351   drv_can.o
       260         52         37          0          0       8684   drv_common.o
      1444         76         92        256          4      12648   drv_gpio.o
      1970        218        104         60        860      15035   drv_usart_v2.o
       398         26          0          0        172      10753   emm_v5.o
       436          0          0          0         18       2510   follow_line.o
       260          8          0          8        440       6110   idle.o
      3526        236       1227          0          0      48968   ipc.o
       108          0          0          0         12       1682   irq.o
      2304        324       1027          0         80      28682   kservice.o
       324         28          0          0         12       3897   main.o
      1276        296        683          0          0       6260   mem.o
       322         36        151          0          4       7802   mempool.o
       602         88         37          0        436      11702   motor_dj_rm_driver.o
      1616        140        184          0          0       9212   msh.o
        70          0          0          0          0       1639   msh_parse.o
      1076        108        124        220         20      11643   object.o
       642          0          4          8         44      15016   perf_counter.o
       112         56          4          0          0       3804   perf_os_patch_rt_thread.o
      1566        328        457          0         68      11150   pin.o
       822         88         42          0          0       7987   ringbuffer.o
       200          8          0          0        177       4946   rt_kprintf.o
       548          0          0          0          0        456   rt_memcpy_rvds.o
      6180        450        144          0          0      23527   rt_vsnprintf.o
       716        136        378          0          4       9292   rtc.o
       424         68          0          0          0       5199   scheduler_comm.o
      1666        280         41          0        279       9750   scheduler_up.o
      3610        354        437          0          0      16371   serial_v2.o
      2128        292         64          0        145      10651   shell.o
       368         76         20          0          4      11018   signal.o
       564         90          4          0         77       5227   soft_rtc.o
        60         22        428          0       1024        996   startup_stm32f427xx.o
        54          0          0          4          4       7726   stm32f4xx_hal.o
      1172          0          0          0          0      11330   stm32f4xx_hal_adc.o
       858          0          0          0          0      13519   stm32f4xx_hal_can.o
       234          0          0          0          0      10657   stm32f4xx_hal_cortex.o
       324          0          0          0          0       9856   stm32f4xx_hal_dma.o
       714          0          0          0          0       5162   stm32f4xx_hal_gpio.o
      1142          0          0          0          4      17542   stm32f4xx_hal_msp.o
       122          0          0          0          0       4663   stm32f4xx_hal_pwr_ex.o
      1384          0          0          0          0       7392   stm32f4xx_hal_rcc.o
      1720          0          0          0          0      27237   stm32f4xx_hal_uart.o
        10          0          0          0          0       6329   syscalls.o
        18          0         24          4          0       2829   system_stm32f4xx.o
      2402        302        367          0          8      12955   thread.o
      1592        202        227          0         20      12677   timer.o
      3092        172        266          0        345      20043   ulog.o

    ----------------------------------------------------------------------
     69920       7298      10334       1508       4580     630724   Object Totals
         0          0         32          0          0          0   (incl. Generated)
       274          0          9          0         37          0   (incl. Padding)

    ----------------------------------------------------------------------

      Code (inc. data)   RO Data    RW Data    ZI Data      Debug   Library Member Name

        90          0          0          0          0          0   __dczerorl2.o
         8          0          0          0          0         68   __main.o
         0          0          0          0          0          0   __rtentry.o
        12          0          0          0          0          0   __rtentry2.o
         6          0          0          0          0          0   __rtentry4.o
        94          8          0          0          0          0   __scatter.o
        28          0          0          0          0          0   __scatter_zi.o
        28          0          0          0          0         68   _chval.o
       158          0          0          0          0         92   _strtoul.o
        16          0          0          0          0         68   aeabi_memset.o
        16          0          0          0          0         68   aeabi_memset4.o
        26          0          0          0          0         80   atoi.o
        18          0          0          0          0         80   exit.o
         6          0          0          0          0        152   heapauxi.o
        44          8          0          0          0         80   init_aeabi.o
        44         10        272          0          0         76   lc_ctype_c.o
         2          0          0          0          0          0   libinit.o
        28          0          0          0          0          0   libinit2.o
         2          0          0          0          0          0   libshutdown.o
         2          0          0          0          0          0   libshutdown2.o
         8          4          0          0         96         68   libspace.o
       116          0          0          0          0         84   llsdiv.o
       240          0          0          0          0        100   lludivv7m.o
        88          0          0          0          0         76   memcmp.o
        16          4          0          0          0         76   rt_ctype_table.o
         8          4          0          0          0         68   rt_errno_addr_intlibspace.o
         8          4          0          0          0         68   rt_locale_intlibspace.o
        68          0          0          0          0         68   rt_memclr.o
        78          0          0          0          0         80   rt_memclr_w.o
       100          0          0          0          0         80   rt_memcpy_w.o
         2          0          0          0          0          0   rtexit.o
        10          0          0          0          0          0   rtexit2.o
        20          0          0          0          0         68   strchr.o
       124          0          0          0          0         88   strcmpv7em.o
        62          0          0          0          0         76   strlen.o
       150          0          0          0          0         80   strncmp.o
        86          0          0          0          0         76   strncpy.o
       112          0          0          0          0         88   strtol.o
       114          0          0          0          0         92   strtoul.o
        74          0          0          0          0         80   sys_stackheap_outer.o
         2          0          0          0          0         68   use_no_semi.o
         2          0          0          0          0         68   use_no_semi_2.o
       812         16          0          0          0        392   daddsub_clz.o
        84          0          0          0          0        244   dcmp.o
        24          0          0          0          0        116   dcmpi.o
       692        140          0          0          0        264   ddiv.o
       120          4          0          0          0        140   deqf.o
        94          4          0          0          0        140   dfix.o
       194          4          0          0          0        164   dfixll.o
        46          0          0          0          0        116   dflt_clz.o
       162          0          0          0          0        132   dfltll_clz.o
       120          4          0          0          0        140   dgeqf.o
       120          4          0          0          0        140   dleqf.o
       340         12          0          0          0        152   dmul.o
       156          4          0          0          0        140   dnaninf.o
        12          0          0          0          0        116   dretinf.o
        26          0          0          0          0        116   fpinit.o
         0          0          0          0          0          0   usenofp.o

    ----------------------------------------------------------------------
      5138        234        272          0         96       4896   Library Totals
        20          0          0          0          0          0   (incl. Padding)

    ----------------------------------------------------------------------

      Code (inc. data)   RO Data    RW Data    ZI Data      Debug   Library Name

      2116         42        272          0         96       2384   c_w.l
      3002        192          0          0          0       2512   fz_wm.l

    ----------------------------------------------------------------------
      5138        234        272          0         96       4896   Library Totals

    ----------------------------------------------------------------------

==============================================================================


      Code (inc. data)   RO Data    RW Data    ZI Data      Debug   

     75058       7532      10606       1508       4676     631556   Grand Totals
     75058       7532      10606        280       4676     631556   ELF Image Totals (compressed)
     75058       7532      10606        280          0          0   ROM Totals

==============================================================================

    Total RO  Size (Code + RO Data)                85664 (  83.66kB)
    Total RW  Size (RW Data + ZI Data)              6184 (   6.04kB)
    Total ROM Size (Code + RO Data + RW Data)      85944 (  83.93kB)

==============================================================================

