<html>
<body>
<pre>
<h1>µVision Build Log</h1>
<h2>Tool Versions:</h2>
IDE-Version: ¦ÌVision V5.39.0.0
Copyright (C) 2023 ARM Ltd and ARM Germany GmbH. All rights reserved.
License Information: ed s, s, LIC=RC93N-YYV10-DYKV3-AKSKU-J8CHC-5VFJA
 
Tool Versions:
Toolchain:       MDK-ARM Plus  Version: 5.39.0.0
Toolchain Path:  C:\Keil_v5\ARM\ARMCLANG\Bin
C Compiler:      ArmClang.exe V6.21
Assembler:       Armasm.exe V6.21
Linker/Locator:  ArmLink.exe V6.21
Library Manager: ArmAr.exe V6.21
Hex Converter:   FromElf.exe V6.21
CPU DLL:         SARMCM3.DLL V5.39.0.0
Dialog DLL:      DCM.DLL V1.17.5.0
Target DLL:      CMSIS_AGDI.dll V1.33.16.0
Dialog DLL:      TCM.DLL V1.56.4.0
 
<h2>Project:</h2>
C:\Users\80520\Documents\GitHub\construction_robot\project\project.uvprojx
Project File Date:  04/26/2024

<h2>Output:</h2>
*** Using Compiler 'V6.21', folder: 'C:\Keil_v5\ARM\ARMCLANG\Bin'
Build target 'rt-thread'
compiling pipe.c...
warning: unknown warning option '-Wstack-usage=4096'; did you mean '-Wstack-protector'? [-Wunknown-warning-option]
1 warning generated.
compiling shell.c...
compiling object.c...
compiling thread.c...
compiling can.c...
compiling showmem.c...
compiling components.c...
compiling chassis_port.c...
warning: unknown warning option '-Wstack-usage=4096'; did you mean '-Wstack-protector'? [-Wunknown-warning-option]
1 warning generated.
compiling msh.c...
warning: unknown warning option '-Wstack-usage=4096'; did you mean '-Wstack-protector'? [-Wunknown-warning-option]
1 warning generated.
compiling cmd.c...
compiling ringblk_buf.c...
compiling timer.c...
compiling abus_port.c...
compiling serial_v2.c...
compiling kservice.c...
linking...
Program Size: Code=230400 RO-data=32516 RW-data=4052 ZI-data=11356  
After Build - User command #1: fromelf --bin .\build\keil\Obj\rt-thread.axf --output rtthread.bin
".\build\keil\Obj\rt-thread.axf" - 0 Error(s), 3 Warning(s).

<h2>Software Packages used:</h2>

Package Vendor: Keil
                https://www.keil.com/pack/Keil.STM32F4xx_DFP.2.17.1.pack
                Keil::STM32F4xx_DFP@2.17.1
                STMicroelectronics STM32F4 Series Device Support, Drivers and Examples

<h2>Collection of Component include folders:</h2>
  C:/Users/80520/AppData/Local/Arm/Packs/Keil/STM32F4xx_DFP/2.17.1/Drivers/CMSIS/Device/ST/STM32F4xx/Include

<h2>Collection of Component Files used:</h2>
Build Time Elapsed:  00:00:04
</pre>
</body>
</html>
