<html>
<body>
<pre>
<h1>µVision Build Log</h1>
<h2>Tool Versions:</h2>
IDE-Version: ¦ÌVision V5.39.0.0
Copyright (C) 2023 ARM Ltd and ARM Germany GmbH. All rights reserved.
License Information: d 805207319@qq.com, d, LIC=RC93N-Y6I5C-749S0-BB47H-1DVAV-GFK1A
 
Tool Versions:
Toolchain:       MDK-ARM Plus  Version: 5.39.0.0
Toolchain Path:  C:\Keil_v5\ARM\ARMCLANG\Bin
C Compiler:      ArmClang.exe V6.21
Assembler:       Armasm.exe V6.21
Linker/Locator:  ArmLink.exe V6.21
Library Manager: ArmAr.exe V6.21
Hex Converter:   FromElf.exe V6.21
CPU DLL:         SARMCM3.DLL V5.39.0.0
Dialog DLL:      DCM.DLL V1.17.5.0
Target DLL:      CMSIS_AGDI.dll V1.33.16.0
Dialog DLL:      TCM.DLL V1.56.4.0
 
<h2>Project:</h2>
C:\Users\33368\Documents\GitHub\construction_robot\project\project.uvprojx
Project File Date:  03/19/2024

<h2>Output:</h2>
*** Using Compiler 'V6.21', folder: 'C:\Keil_v5\ARM\ARMCLANG\Bin'
Build target 'rt-thread'
compiling RobotState.c...
compiling abus_port.c...
applications/drv_stepper_motor.c(10): warning: In file included from...
applications/drv_stepper_motor.h(40): warning: redefinition of typedef 'stepper_motor_t' is a C11 feature [-Wtypedef-redefinition]
   40 | }stepper_motor_t;
      |  ^
applications/Emm_V5.h(21): note: previous definition is here
   21 | typedef struct stepper_motor stepper_motor_t;
      |                              ^
1 warning generated.
compiling drv_stepper_motor.c...
warning: unknown warning option '-Wlogical-op'; did you mean '-Wlong-long'? [-Wunknown-warning-option]
warning: unknown warning option '-Wduplicated-cond' [-Wunknown-warning-option]
warning: unknown warning option '-Wduplicated-branches' [-Wunknown-warning-option]
rt-thread/src/components.c(21): warning: In file included from...
rt-thread/include\rthw.h(23): warning: In file included from...
rt-thread/include\rtdef.h(849): warning: In file included from...
rt-thread/include/rtsched.h(139): warning: '__RT_KERNEL_SOURCE__' macro redefined [-Wmacro-redefined]
  139 | #define __RT_KERNEL_SOURCE__
      |         ^
<command line>(13): note: previous definition is here
   13 | #define __RT_KERNEL_SOURCE__ 1
      |         ^
rt-thread/src/components.c(143): warning: no previous prototype for function '$Sub$$main' [-Wmissing-prototypes]
  143 | int $Sub$$main(void)
      |     ^
rt-thread/src/components.c(143): note: declare 'static' if the function is not intended to be used outside of this translation unit
  143 | int $Sub$$main(void)
      | ^
      | static 
5 warnings generated.
compiling components.c...
compiling pipe.c...
warning: unknown warning option '-Wlogical-op'; did you mean '-Wlong-long'? [-Wunknown-warning-option]
warning: unknown warning option '-Wduplicated-cond' [-Wunknown-warning-option]
warning: unknown warning option '-Wduplicated-branches' [-Wunknown-warning-option]
rt-thread/src/clock.c(22): warning: In file included from...
rt-thread/include\rthw.h(23): warning: In file included from...
rt-thread/include\rtdef.h(849): warning: In file included from...
rt-thread/include/rtsched.h(139): warning: '__RT_KERNEL_SOURCE__' macro redefined [-Wmacro-redefined]
  139 | #define __RT_KERNEL_SOURCE__
      |         ^
<command line>(13): note: previous definition is here
   13 | #define __RT_KERNEL_SOURCE__ 1
      |         ^
4 warnings generated.
compiling src_clock.c...
warning: unknown warning option '-Wlogical-op'; did you mean '-Wlong-long'? [-Wunknown-warning-option]
warning: unknown warning option '-Wduplicated-cond' [-Wunknown-warning-option]
warning: unknown warning option '-Wduplicated-branches' [-Wunknown-warning-option]
rt-thread/src/mempool.c(22): warning: In file included from...
rt-thread/include\rthw.h(23): warning: In file included from...
rt-thread/include\rtdef.h(849): warning: In file included from...
rt-thread/include/rtsched.h(139): warning: '__RT_KERNEL_SOURCE__' macro redefined [-Wmacro-redefined]
  139 | #define __RT_KERNEL_SOURCE__
      |         ^
<command line>(13): note: previous definition is here
   13 | #define __RT_KERNEL_SOURCE__ 1
      |         ^
4 warnings generated.
compiling mempool.c...
warning: unknown warning option '-Wstack-usage=4096'; did you mean '-Wstack-protector'? [-Wunknown-warning-option]
1 warning generated.
compiling shell.c...
warning: unknown warning option '-Wstack-usage=4096'; did you mean '-Wstack-protector'? [-Wunknown-warning-option]
1 warning generated.
compiling cmd.c...
warning: unknown warning option '-Wlogical-op'; did you mean '-Wlong-long'? [-Wunknown-warning-option]
warning: unknown warning option '-Wduplicated-cond' [-Wunknown-warning-option]
warning: unknown warning option '-Wduplicated-branches' [-Wunknown-warning-option]
rt-thread/src/object.c(20): warning: In file included from...
rt-thread/include\rtthread.h(31): warning: In file included from...
rt-thread/include\rtdef.h(849): warning: In file included from...
rt-thread/include/rtsched.h(139): warning: '__RT_KERNEL_SOURCE__' macro redefined [-Wmacro-redefined]
  139 | #define __RT_KERNEL_SOURCE__
      |         ^
<command line>(13): note: previous definition is here
   13 | #define __RT_KERNEL_SOURCE__ 1
      |         ^
4 warnings generated.
compiling object.c...
compiling ringblk_buf.c...
warning: unknown warning option '-Wstack-usage=4096'; did you mean '-Wstack-protector'? [-Wunknown-warning-option]
1 warning generated.
compiling msh.c...
warning: unknown warning option '-Wstack-usage=4096'; did you mean '-Wstack-protector'? [-Wunknown-warning-option]
1 warning generated.
compiling msh_file.c...
warning: unknown warning option '-Wlogical-op'; did you mean '-Wlong-long'? [-Wunknown-warning-option]
warning: unknown warning option '-Wduplicated-cond' [-Wunknown-warning-option]
warning: unknown warning option '-Wduplicated-branches' [-Wunknown-warning-option]
rt-thread/src/thread.c(40): warning: In file included from...
rt-thread/include\rthw.h(23): warning: In file included from...
rt-thread/include\rtdef.h(849): warning: In file included from...
rt-thread/include/rtsched.h(139): warning: '__RT_KERNEL_SOURCE__' macro redefined [-Wmacro-redefined]
  139 | #define __RT_KERNEL_SOURCE__
      |         ^
<command line>(13): note: previous definition is here
   13 | #define __RT_KERNEL_SOURCE__ 1
      |         ^
4 warnings generated.
compiling src_thread.c...
compiling serial_v2.c...
compiling can.c...
warning: unknown warning option '-Wlogical-op'; did you mean '-Wlong-long'? [-Wunknown-warning-option]
warning: unknown warning option '-Wduplicated-cond' [-Wunknown-warning-option]
warning: unknown warning option '-Wduplicated-branches' [-Wunknown-warning-option]
rt-thread/src/timer.c(26): warning: In file included from...
rt-thread/include\rtthread.h(31): warning: In file included from...
rt-thread/include\rtdef.h(849): warning: In file included from...
rt-thread/include/rtsched.h(139): warning: '__RT_KERNEL_SOURCE__' macro redefined [-Wmacro-redefined]
  139 | #define __RT_KERNEL_SOURCE__
      |         ^
<command line>(13): note: previous definition is here
   13 | #define __RT_KERNEL_SOURCE__ 1
      |         ^
rt-thread/src/timer.c(112): warning: unused function '_timerhead_idx' [-Wunused-function]
  112 | rt_inline rt_list_t* _timerhead_idx(struct rt_timer *timer)
      |                      ^~~~~~~~~~~~~~
5 warnings generated.
compiling timer.c...
compiling showmem.c...
warning: unknown warning option '-Wlogical-op'; did you mean '-Wlong-long'? [-Wunknown-warning-option]
warning: unknown warning option '-Wduplicated-cond' [-Wunknown-warning-option]
warning: unknown warning option '-Wduplicated-branches' [-Wunknown-warning-option]
rt-thread/src/kservice.c(31): warning: In file included from...
rt-thread/include\rtthread.h(31): warning: In file included from...
rt-thread/include\rtdef.h(849): warning: In file included from...
rt-thread/include/rtsched.h(139): warning: '__RT_KERNEL_SOURCE__' macro redefined [-Wmacro-redefined]
  139 | #define __RT_KERNEL_SOURCE__
      |         ^
<command line>(13): note: previous definition is here
   13 | #define __RT_KERNEL_SOURCE__ 1
      |         ^
rt-thread/src/kservice.c(1503): warning: unused variable '_pr_critical_level' [-Wunused-variable]
 1503 | static rt_base_t _pr_critical_level;
      |                  ^~~~~~~~~~~~~~~~~~
5 warnings generated.
compiling kservice.c...
linking...
Program Size: Code=121796 RO-data=14148 RW-data=3332 ZI-data=8140  
After Build - User command #1: fromelf --bin .\build\keil\Obj\rt-thread.axf --output rtthread.bin
".\build\keil\Obj\rt-thread.axf" - 0 Error(s), 36 Warning(s).

<h2>Software Packages used:</h2>

Package Vendor: Keil
                https://www.keil.com/pack/Keil.STM32F4xx_DFP.2.17.1.pack
                Keil::STM32F4xx_DFP@2.17.1
                STMicroelectronics STM32F4 Series Device Support, Drivers and Examples

<h2>Collection of Component include folders:</h2>
  C:/Users/33368/AppData/Local/Arm/Packs/Keil/STM32F4xx_DFP/2.17.1/Drivers/CMSIS/Device/ST/STM32F4xx/Include

<h2>Collection of Component Files used:</h2>
Build Time Elapsed:  00:00:06
</pre>
</body>
</html>
