<!doctype html public "-//w3c//dtd html 4.0 transitional//en">
<html><head>
<title>Static Call Graph - [.\build\keil\Obj\rt-thread.axf]</title></head>
<body><HR>
<H1>Static Call Graph for image .\build\keil\Obj\rt-thread.axf</H1><HR>
<BR><P>#&#060CALLGRAPH&#062# ARM Linker, 6190004: Last Updated: Thu Mar 21 19:10:33 2024
<BR><P>
<H3>Maximum Stack Usage =       1108 bytes + Unknown(Functions without stacksize, Cycles, Untraceable Function Pointers)</H3><H3>
Call chain for Maximum Stack Depth:</H3>
assert_hook &rArr; rt_cm_backtrace_assert_hook &rArr; list_thread &rArr; rt_kprintf &rArr; rt_device_write &rArr; rt_assert_handler &rArr;  rt_kprintf (Cycle)
<P>
<H3>
Functions with no stack information
</H3><UL>
 <LI><a href="#[161]">__user_initial_stackheap</a>
</UL>
</UL>
<P>
<H3>
Mutually Recursive functions
</H3> <LI><a href="#[9]">NMI_Handler</a>&nbsp;&nbsp;&nbsp;&rArr;&nbsp;&nbsp;&nbsp;<a href="#[9]">NMI_Handler</a><BR>
 <LI><a href="#[b]">MemManage_Handler</a>&nbsp;&nbsp;&nbsp;&rArr;&nbsp;&nbsp;&nbsp;<a href="#[b]">MemManage_Handler</a><BR>
 <LI><a href="#[c]">BusFault_Handler</a>&nbsp;&nbsp;&nbsp;&rArr;&nbsp;&nbsp;&nbsp;<a href="#[c]">BusFault_Handler</a><BR>
 <LI><a href="#[d]">UsageFault_Handler</a>&nbsp;&nbsp;&nbsp;&rArr;&nbsp;&nbsp;&nbsp;<a href="#[d]">UsageFault_Handler</a><BR>
 <LI><a href="#[e]">SVC_Handler</a>&nbsp;&nbsp;&nbsp;&rArr;&nbsp;&nbsp;&nbsp;<a href="#[e]">SVC_Handler</a><BR>
 <LI><a href="#[f]">DebugMon_Handler</a>&nbsp;&nbsp;&nbsp;&rArr;&nbsp;&nbsp;&nbsp;<a href="#[f]">DebugMon_Handler</a><BR>
 <LI><a href="#[24]">ADC_IRQHandler</a>&nbsp;&nbsp;&nbsp;&rArr;&nbsp;&nbsp;&nbsp;<a href="#[24]">ADC_IRQHandler</a><BR>
 <LI><a href="#[1a7]">rt_assert_handler</a>&nbsp;&nbsp;&nbsp;&rArr;&nbsp;&nbsp;&nbsp;<a href="#[216]">rt_kprintf</a><BR>
 <LI><a href="#[254]">rt_backtrace</a>&nbsp;&nbsp;&nbsp;&rArr;&nbsp;&nbsp;&nbsp;<a href="#[216]">rt_kprintf</a><BR>
 <LI><a href="#[325]">ulog_voutput</a>&nbsp;&nbsp;&nbsp;&rArr;&nbsp;&nbsp;&nbsp;<a href="#[1a7]">rt_assert_handler</a><BR>
 <LI><a href="#[180]">rt_mutex_release</a>&nbsp;&nbsp;&nbsp;&rArr;&nbsp;&nbsp;&nbsp;<a href="#[1a7]">rt_assert_handler</a><BR>
 <LI><a href="#[220]">rt_schedule</a>&nbsp;&nbsp;&nbsp;&rArr;&nbsp;&nbsp;&nbsp;<a href="#[1a7]">rt_assert_handler</a><BR>
 <LI><a href="#[230]">rt_sched_insert_thread</a>&nbsp;&nbsp;&nbsp;&rArr;&nbsp;&nbsp;&nbsp;<a href="#[1a7]">rt_assert_handler</a><BR>
 <LI><a href="#[21b]">rt_object_get_type</a>&nbsp;&nbsp;&nbsp;&rArr;&nbsp;&nbsp;&nbsp;<a href="#[1a7]">rt_assert_handler</a><BR>
 <LI><a href="#[20f]">rt_sched_thread_change_priority</a>&nbsp;&nbsp;&nbsp;&rArr;&nbsp;&nbsp;&nbsp;<a href="#[1a7]">rt_assert_handler</a><BR>
 <LI><a href="#[228]">rt_sched_remove_thread</a>&nbsp;&nbsp;&nbsp;&rArr;&nbsp;&nbsp;&nbsp;<a href="#[1a7]">rt_assert_handler</a><BR>
 <LI><a href="#[2c9]">rt_timer_stop</a>&nbsp;&nbsp;&nbsp;&rArr;&nbsp;&nbsp;&nbsp;<a href="#[1a7]">rt_assert_handler</a><BR>
 <LI><a href="#[217]">_rt_mutex_take</a>&nbsp;&nbsp;&nbsp;&rArr;&nbsp;&nbsp;&nbsp;<a href="#[1a7]">rt_assert_handler</a><BR>
 <LI><a href="#[21c]">rt_thread_suspend_to_list</a>&nbsp;&nbsp;&nbsp;&rArr;&nbsp;&nbsp;&nbsp;<a href="#[1a7]">rt_assert_handler</a><BR>
 <LI><a href="#[304]">rt_susp_list_enqueue</a>&nbsp;&nbsp;&nbsp;&rArr;&nbsp;&nbsp;&nbsp;<a href="#[1a7]">rt_assert_handler</a><BR>
 <LI><a href="#[21e]">rt_timer_control</a>&nbsp;&nbsp;&nbsp;&rArr;&nbsp;&nbsp;&nbsp;<a href="#[1a7]">rt_assert_handler</a><BR>
 <LI><a href="#[21f]">rt_timer_start</a>&nbsp;&nbsp;&nbsp;&rArr;&nbsp;&nbsp;&nbsp;<a href="#[1a7]">rt_assert_handler</a><BR>
 <LI><a href="#[181]">rt_sem_release</a>&nbsp;&nbsp;&nbsp;&rArr;&nbsp;&nbsp;&nbsp;<a href="#[1a7]">rt_assert_handler</a><BR>
 <LI><a href="#[21d]">_thread_update_priority</a>&nbsp;&nbsp;&nbsp;&rArr;&nbsp;&nbsp;&nbsp;<a href="#[1a7]">rt_assert_handler</a><BR>
 <LI><a href="#[324]">ulog_hex_formater</a>&nbsp;&nbsp;&nbsp;&rArr;&nbsp;&nbsp;&nbsp;<a href="#[1a7]">rt_assert_handler</a><BR>
 <LI><a href="#[323]">ulog_tail_formater</a>&nbsp;&nbsp;&nbsp;&rArr;&nbsp;&nbsp;&nbsp;<a href="#[1a7]">rt_assert_handler</a><BR>
 <LI><a href="#[322]">ulog_head_formater</a>&nbsp;&nbsp;&nbsp;&rArr;&nbsp;&nbsp;&nbsp;<a href="#[1a7]">rt_assert_handler</a><BR>
 <LI><a href="#[321]">ulog_formater</a>&nbsp;&nbsp;&nbsp;&rArr;&nbsp;&nbsp;&nbsp;<a href="#[1a7]">rt_assert_handler</a><BR>
 <LI><a href="#[265]">do_output</a>&nbsp;&nbsp;&nbsp;&rArr;&nbsp;&nbsp;&nbsp;<a href="#[216]">rt_kprintf</a><BR>
 <LI><a href="#[268]">rt_rbb_blk_put</a>&nbsp;&nbsp;&nbsp;&rArr;&nbsp;&nbsp;&nbsp;<a href="#[1a7]">rt_assert_handler</a><BR>
 <LI><a href="#[266]">rt_rbb_blk_alloc</a>&nbsp;&nbsp;&nbsp;&rArr;&nbsp;&nbsp;&nbsp;<a href="#[1a7]">rt_assert_handler</a><BR>
 <LI><a href="#[225]">rt_ringbuffer_put</a>&nbsp;&nbsp;&nbsp;&rArr;&nbsp;&nbsp;&nbsp;<a href="#[1a7]">rt_assert_handler</a><BR>
 <LI><a href="#[2ec]">rt_kputs</a>&nbsp;&nbsp;&nbsp;&rArr;&nbsp;&nbsp;&nbsp;<a href="#[185]">rt_device_write</a><BR>
 <LI><a href="#[95]">can_rx_thread1</a>&nbsp;&nbsp;&nbsp;&rArr;&nbsp;&nbsp;&nbsp;<a href="#[95]">can_rx_thread1</a><BR>
</UL>
<P>
<H3>
Function Pointers
</H3><UL>
 <LI><a href="#[24]">ADC_IRQHandler</a> from startup_stm32f427xx.o(.text) referenced from startup_stm32f427xx.o(RESET)
 <LI><a href="#[c]">BusFault_Handler</a> from startup_stm32f427xx.o(.text) referenced from startup_stm32f427xx.o(RESET)
 <LI><a href="#[26]">CAN1_RX0_IRQHandler</a> from drv_can.o(.text.CAN1_RX0_IRQHandler) referenced from startup_stm32f427xx.o(RESET)
 <LI><a href="#[27]">CAN1_RX1_IRQHandler</a> from drv_can.o(.text.CAN1_RX1_IRQHandler) referenced from startup_stm32f427xx.o(RESET)
 <LI><a href="#[28]">CAN1_SCE_IRQHandler</a> from drv_can.o(.text.CAN1_SCE_IRQHandler) referenced from startup_stm32f427xx.o(RESET)
 <LI><a href="#[25]">CAN1_TX_IRQHandler</a> from drv_can.o(.text.CAN1_TX_IRQHandler) referenced from startup_stm32f427xx.o(RESET)
 <LI><a href="#[52]">CAN2_RX0_IRQHandler</a> from drv_can.o(.text.CAN2_RX0_IRQHandler) referenced from startup_stm32f427xx.o(RESET)
 <LI><a href="#[53]">CAN2_RX1_IRQHandler</a> from drv_can.o(.text.CAN2_RX1_IRQHandler) referenced from startup_stm32f427xx.o(RESET)
 <LI><a href="#[54]">CAN2_SCE_IRQHandler</a> from drv_can.o(.text.CAN2_SCE_IRQHandler) referenced from startup_stm32f427xx.o(RESET)
 <LI><a href="#[51]">CAN2_TX_IRQHandler</a> from drv_can.o(.text.CAN2_TX_IRQHandler) referenced from startup_stm32f427xx.o(RESET)
 <LI><a href="#[60]">DCMI_IRQHandler</a> from startup_stm32f427xx.o(.text) referenced from startup_stm32f427xx.o(RESET)
 <LI><a href="#[1d]">DMA1_Stream0_IRQHandler</a> from startup_stm32f427xx.o(.text) referenced from startup_stm32f427xx.o(RESET)
 <LI><a href="#[1e]">DMA1_Stream1_IRQHandler</a> from startup_stm32f427xx.o(.text) referenced from startup_stm32f427xx.o(RESET)
 <LI><a href="#[1f]">DMA1_Stream2_IRQHandler</a> from startup_stm32f427xx.o(.text) referenced from startup_stm32f427xx.o(RESET)
 <LI><a href="#[20]">DMA1_Stream3_IRQHandler</a> from startup_stm32f427xx.o(.text) referenced from startup_stm32f427xx.o(RESET)
 <LI><a href="#[21]">DMA1_Stream4_IRQHandler</a> from startup_stm32f427xx.o(.text) referenced from startup_stm32f427xx.o(RESET)
 <LI><a href="#[22]">DMA1_Stream5_IRQHandler</a> from startup_stm32f427xx.o(.text) referenced from startup_stm32f427xx.o(RESET)
 <LI><a href="#[23]">DMA1_Stream6_IRQHandler</a> from startup_stm32f427xx.o(.text) referenced from startup_stm32f427xx.o(RESET)
 <LI><a href="#[41]">DMA1_Stream7_IRQHandler</a> from startup_stm32f427xx.o(.text) referenced from startup_stm32f427xx.o(RESET)
 <LI><a href="#[69]">DMA2D_IRQHandler</a> from startup_stm32f427xx.o(.text) referenced from startup_stm32f427xx.o(RESET)
 <LI><a href="#[4a]">DMA2_Stream0_IRQHandler</a> from startup_stm32f427xx.o(.text) referenced from startup_stm32f427xx.o(RESET)
 <LI><a href="#[4b]">DMA2_Stream1_IRQHandler</a> from startup_stm32f427xx.o(.text) referenced from startup_stm32f427xx.o(RESET)
 <LI><a href="#[4c]">DMA2_Stream2_IRQHandler</a> from startup_stm32f427xx.o(.text) referenced from startup_stm32f427xx.o(RESET)
 <LI><a href="#[4d]">DMA2_Stream3_IRQHandler</a> from startup_stm32f427xx.o(.text) referenced from startup_stm32f427xx.o(RESET)
 <LI><a href="#[4e]">DMA2_Stream4_IRQHandler</a> from startup_stm32f427xx.o(.text) referenced from startup_stm32f427xx.o(RESET)
 <LI><a href="#[56]">DMA2_Stream5_IRQHandler</a> from startup_stm32f427xx.o(.text) referenced from startup_stm32f427xx.o(RESET)
 <LI><a href="#[57]">DMA2_Stream6_IRQHandler</a> from startup_stm32f427xx.o(.text) referenced from startup_stm32f427xx.o(RESET)
 <LI><a href="#[58]">DMA2_Stream7_IRQHandler</a> from startup_stm32f427xx.o(.text) referenced from startup_stm32f427xx.o(RESET)
 <LI><a href="#[f]">DebugMon_Handler</a> from startup_stm32f427xx.o(.text) referenced from startup_stm32f427xx.o(RESET)
 <LI><a href="#[4f]">ETH_IRQHandler</a> from startup_stm32f427xx.o(.text) referenced from startup_stm32f427xx.o(RESET)
 <LI><a href="#[50]">ETH_WKUP_IRQHandler</a> from startup_stm32f427xx.o(.text) referenced from startup_stm32f427xx.o(RESET)
 <LI><a href="#[18]">EXTI0_IRQHandler</a> from drv_gpio.o(.text.EXTI0_IRQHandler) referenced from startup_stm32f427xx.o(RESET)
 <LI><a href="#[3a]">EXTI15_10_IRQHandler</a> from drv_gpio.o(.text.EXTI15_10_IRQHandler) referenced from startup_stm32f427xx.o(RESET)
 <LI><a href="#[19]">EXTI1_IRQHandler</a> from drv_gpio.o(.text.EXTI1_IRQHandler) referenced from startup_stm32f427xx.o(RESET)
 <LI><a href="#[1a]">EXTI2_IRQHandler</a> from drv_gpio.o(.text.EXTI2_IRQHandler) referenced from startup_stm32f427xx.o(RESET)
 <LI><a href="#[1b]">EXTI3_IRQHandler</a> from drv_gpio.o(.text.EXTI3_IRQHandler) referenced from startup_stm32f427xx.o(RESET)
 <LI><a href="#[1c]">EXTI4_IRQHandler</a> from drv_gpio.o(.text.EXTI4_IRQHandler) referenced from startup_stm32f427xx.o(RESET)
 <LI><a href="#[29]">EXTI9_5_IRQHandler</a> from drv_gpio.o(.text.EXTI9_5_IRQHandler) referenced from startup_stm32f427xx.o(RESET)
 <LI><a href="#[90]">Emm_uart_receive_callback</a> from drv_stepper_motor.o(.text.Emm_uart_receive_callback) referenced 2 times from drv_stepper_motor.o(.text.drv_process_steppermotor)
 <LI><a href="#[16]">FLASH_IRQHandler</a> from startup_stm32f427xx.o(.text) referenced from startup_stm32f427xx.o(RESET)
 <LI><a href="#[42]">FMC_IRQHandler</a> from startup_stm32f427xx.o(.text) referenced from startup_stm32f427xx.o(RESET)
 <LI><a href="#[62]">FPU_IRQHandler</a> from startup_stm32f427xx.o(.text) referenced from startup_stm32f427xx.o(RESET)
 <LI><a href="#[61]">HASH_RNG_IRQHandler</a> from startup_stm32f427xx.o(.text) referenced from startup_stm32f427xx.o(RESET)
 <LI><a href="#[a]">HardFault_Handler</a> from context_rvds.o(.text) referenced from startup_stm32f427xx.o(RESET)
 <LI><a href="#[32]">I2C1_ER_IRQHandler</a> from startup_stm32f427xx.o(.text) referenced from startup_stm32f427xx.o(RESET)
 <LI><a href="#[31]">I2C1_EV_IRQHandler</a> from startup_stm32f427xx.o(.text) referenced from startup_stm32f427xx.o(RESET)
 <LI><a href="#[34]">I2C2_ER_IRQHandler</a> from startup_stm32f427xx.o(.text) referenced from startup_stm32f427xx.o(RESET)
 <LI><a href="#[33]">I2C2_EV_IRQHandler</a> from startup_stm32f427xx.o(.text) referenced from startup_stm32f427xx.o(RESET)
 <LI><a href="#[5b]">I2C3_ER_IRQHandler</a> from startup_stm32f427xx.o(.text) referenced from startup_stm32f427xx.o(RESET)
 <LI><a href="#[5a]">I2C3_EV_IRQHandler</a> from startup_stm32f427xx.o(.text) referenced from startup_stm32f427xx.o(RESET)
 <LI><a href="#[b]">MemManage_Handler</a> from startup_stm32f427xx.o(.text) referenced from startup_stm32f427xx.o(RESET)
 <LI><a href="#[9]">NMI_Handler</a> from startup_stm32f427xx.o(.text) referenced from startup_stm32f427xx.o(RESET)
 <LI><a href="#[55]">OTG_FS_IRQHandler</a> from startup_stm32f427xx.o(.text) referenced from startup_stm32f427xx.o(RESET)
 <LI><a href="#[3c]">OTG_FS_WKUP_IRQHandler</a> from startup_stm32f427xx.o(.text) referenced from startup_stm32f427xx.o(RESET)
 <LI><a href="#[5d]">OTG_HS_EP1_IN_IRQHandler</a> from startup_stm32f427xx.o(.text) referenced from startup_stm32f427xx.o(RESET)
 <LI><a href="#[5c]">OTG_HS_EP1_OUT_IRQHandler</a> from startup_stm32f427xx.o(.text) referenced from startup_stm32f427xx.o(RESET)
 <LI><a href="#[5f]">OTG_HS_IRQHandler</a> from startup_stm32f427xx.o(.text) referenced from startup_stm32f427xx.o(RESET)
 <LI><a href="#[5e]">OTG_HS_WKUP_IRQHandler</a> from startup_stm32f427xx.o(.text) referenced from startup_stm32f427xx.o(RESET)
 <LI><a href="#[13]">PVD_IRQHandler</a> from startup_stm32f427xx.o(.text) referenced from startup_stm32f427xx.o(RESET)
 <LI><a href="#[10]">PendSV_Handler</a> from context_rvds.o(.text) referenced from startup_stm32f427xx.o(RESET)
 <LI><a href="#[17]">RCC_IRQHandler</a> from startup_stm32f427xx.o(.text) referenced from startup_stm32f427xx.o(RESET)
 <LI><a href="#[3b]">RTC_Alarm_IRQHandler</a> from startup_stm32f427xx.o(.text) referenced from startup_stm32f427xx.o(RESET)
 <LI><a href="#[15]">RTC_WKUP_IRQHandler</a> from startup_stm32f427xx.o(.text) referenced from startup_stm32f427xx.o(RESET)
 <LI><a href="#[8]">Reset_Handler</a> from startup_stm32f427xx.o(.text) referenced from startup_stm32f427xx.o(RESET)
 <LI><a href="#[68]">SAI1_IRQHandler</a> from startup_stm32f427xx.o(.text) referenced from startup_stm32f427xx.o(RESET)
 <LI><a href="#[43]">SDIO_IRQHandler</a> from startup_stm32f427xx.o(.text) referenced from startup_stm32f427xx.o(RESET)
 <LI><a href="#[35]">SPI1_IRQHandler</a> from startup_stm32f427xx.o(.text) referenced from startup_stm32f427xx.o(RESET)
 <LI><a href="#[36]">SPI2_IRQHandler</a> from startup_stm32f427xx.o(.text) referenced from startup_stm32f427xx.o(RESET)
 <LI><a href="#[45]">SPI3_IRQHandler</a> from startup_stm32f427xx.o(.text) referenced from startup_stm32f427xx.o(RESET)
 <LI><a href="#[65]">SPI4_IRQHandler</a> from startup_stm32f427xx.o(.text) referenced from startup_stm32f427xx.o(RESET)
 <LI><a href="#[66]">SPI5_IRQHandler</a> from startup_stm32f427xx.o(.text) referenced from startup_stm32f427xx.o(RESET)
 <LI><a href="#[67]">SPI6_IRQHandler</a> from startup_stm32f427xx.o(.text) referenced from startup_stm32f427xx.o(RESET)
 <LI><a href="#[e]">SVC_Handler</a> from startup_stm32f427xx.o(.text) referenced from startup_stm32f427xx.o(RESET)
 <LI><a href="#[11]">SysTick_Handler</a> from drv_common.o(.text.SysTick_Handler) referenced from startup_stm32f427xx.o(RESET)
 <LI><a href="#[6a]">SystemInit</a> from system_stm32f4xx.o(.text.SystemInit) referenced from startup_stm32f427xx.o(.text)
 <LI><a href="#[14]">TAMP_STAMP_IRQHandler</a> from startup_stm32f427xx.o(.text) referenced from startup_stm32f427xx.o(RESET)
 <LI><a href="#[2a]">TIM1_BRK_TIM9_IRQHandler</a> from startup_stm32f427xx.o(.text) referenced from startup_stm32f427xx.o(RESET)
 <LI><a href="#[2d]">TIM1_CC_IRQHandler</a> from startup_stm32f427xx.o(.text) referenced from startup_stm32f427xx.o(RESET)
 <LI><a href="#[2c]">TIM1_TRG_COM_TIM11_IRQHandler</a> from startup_stm32f427xx.o(.text) referenced from startup_stm32f427xx.o(RESET)
 <LI><a href="#[2b]">TIM1_UP_TIM10_IRQHandler</a> from startup_stm32f427xx.o(.text) referenced from startup_stm32f427xx.o(RESET)
 <LI><a href="#[2e]">TIM2_IRQHandler</a> from startup_stm32f427xx.o(.text) referenced from startup_stm32f427xx.o(RESET)
 <LI><a href="#[2f]">TIM3_IRQHandler</a> from startup_stm32f427xx.o(.text) referenced from startup_stm32f427xx.o(RESET)
 <LI><a href="#[30]">TIM4_IRQHandler</a> from startup_stm32f427xx.o(.text) referenced from startup_stm32f427xx.o(RESET)
 <LI><a href="#[44]">TIM5_IRQHandler</a> from startup_stm32f427xx.o(.text) referenced from startup_stm32f427xx.o(RESET)
 <LI><a href="#[48]">TIM6_DAC_IRQHandler</a> from startup_stm32f427xx.o(.text) referenced from startup_stm32f427xx.o(RESET)
 <LI><a href="#[49]">TIM7_IRQHandler</a> from startup_stm32f427xx.o(.text) referenced from startup_stm32f427xx.o(RESET)
 <LI><a href="#[3d]">TIM8_BRK_TIM12_IRQHandler</a> from startup_stm32f427xx.o(.text) referenced from startup_stm32f427xx.o(RESET)
 <LI><a href="#[40]">TIM8_CC_IRQHandler</a> from startup_stm32f427xx.o(.text) referenced from startup_stm32f427xx.o(RESET)
 <LI><a href="#[3f]">TIM8_TRG_COM_TIM14_IRQHandler</a> from startup_stm32f427xx.o(.text) referenced from startup_stm32f427xx.o(RESET)
 <LI><a href="#[3e]">TIM8_UP_TIM13_IRQHandler</a> from startup_stm32f427xx.o(.text) referenced from startup_stm32f427xx.o(RESET)
 <LI><a href="#[46]">UART4_IRQHandler</a> from startup_stm32f427xx.o(.text) referenced from startup_stm32f427xx.o(RESET)
 <LI><a href="#[47]">UART5_IRQHandler</a> from startup_stm32f427xx.o(.text) referenced from startup_stm32f427xx.o(RESET)
 <LI><a href="#[63]">UART7_IRQHandler</a> from drv_usart_v2.o(.text.UART7_IRQHandler) referenced from startup_stm32f427xx.o(RESET)
 <LI><a href="#[64]">UART8_IRQHandler</a> from drv_usart_v2.o(.text.UART8_IRQHandler) referenced from startup_stm32f427xx.o(RESET)
 <LI><a href="#[7c]">UART_DMAAbortOnError</a> from stm32f4xx_hal_uart.o(.text.UART_DMAAbortOnError) referenced 2 times from stm32f4xx_hal_uart.o(.text.HAL_UART_IRQHandler)
 <LI><a href="#[7f]">UART_DMAError</a> from stm32f4xx_hal_uart.o(.text.UART_DMAError) referenced 2 times from stm32f4xx_hal_uart.o(.text.HAL_UART_Receive_DMA)
 <LI><a href="#[7f]">UART_DMAError</a> from stm32f4xx_hal_uart.o(.text.UART_DMAError) referenced 2 times from stm32f4xx_hal_uart.o(.text.HAL_UART_Transmit_DMA)
 <LI><a href="#[7d]">UART_DMAReceiveCplt</a> from stm32f4xx_hal_uart.o(.text.UART_DMAReceiveCplt) referenced 2 times from stm32f4xx_hal_uart.o(.text.HAL_UART_Receive_DMA)
 <LI><a href="#[7e]">UART_DMARxHalfCplt</a> from stm32f4xx_hal_uart.o(.text.UART_DMARxHalfCplt) referenced 2 times from stm32f4xx_hal_uart.o(.text.HAL_UART_Receive_DMA)
 <LI><a href="#[80]">UART_DMATransmitCplt</a> from stm32f4xx_hal_uart.o(.text.UART_DMATransmitCplt) referenced 2 times from stm32f4xx_hal_uart.o(.text.HAL_UART_Transmit_DMA)
 <LI><a href="#[81]">UART_DMATxHalfCplt</a> from stm32f4xx_hal_uart.o(.text.UART_DMATxHalfCplt) referenced 2 times from stm32f4xx_hal_uart.o(.text.HAL_UART_Transmit_DMA)
 <LI><a href="#[37]">USART1_IRQHandler</a> from drv_usart_v2.o(.text.USART1_IRQHandler) referenced from startup_stm32f427xx.o(RESET)
 <LI><a href="#[38]">USART2_IRQHandler</a> from startup_stm32f427xx.o(.text) referenced from startup_stm32f427xx.o(RESET)
 <LI><a href="#[39]">USART3_IRQHandler</a> from drv_usart_v2.o(.text.USART3_IRQHandler) referenced from startup_stm32f427xx.o(RESET)
 <LI><a href="#[59]">USART6_IRQHandler</a> from drv_usart_v2.o(.text.USART6_IRQHandler) referenced from startup_stm32f427xx.o(RESET)
 <LI><a href="#[d]">UsageFault_Handler</a> from startup_stm32f427xx.o(.text) referenced from startup_stm32f427xx.o(RESET)
 <LI><a href="#[12]">WWDG_IRQHandler</a> from startup_stm32f427xx.o(.text) referenced from startup_stm32f427xx.o(RESET)
 <LI><a href="#[11f]">_GLOBAL__sub_I_HardwareSerial.cpp</a> from hardwareserial.o(.text._GLOBAL__sub_I_HardwareSerial.cpp) referenced from hardwareserial.o(.init_array)
 <LI><a href="#[120]">_GLOBAL__sub_I_Wire.cpp</a> from wire.o(.text._GLOBAL__sub_I_Wire.cpp) referenced from wire.o(.init_array)
 <LI><a href="#[11d]">_GLOBAL__sub_I_arduino_main.cpp</a> from applications_arduino_main.o(.text._GLOBAL__sub_I_arduino_main.cpp) referenced from applications_arduino_main.o(.init_array)
 <LI><a href="#[2]">_PID_Hander</a> from apid.o(.text._PID_Hander) referenced 2 times from motor_cfg.o(.data..compoundliteral.1)
 <LI><a href="#[2]">_PID_Hander</a> from apid.o(.text._PID_Hander) referenced 2 times from motor_cfg.o(.data..compoundliteral.10)
 <LI><a href="#[2]">_PID_Hander</a> from apid.o(.text._PID_Hander) referenced 2 times from motor_cfg.o(.data..compoundliteral.11)
 <LI><a href="#[2]">_PID_Hander</a> from apid.o(.text._PID_Hander) referenced 2 times from motor_cfg.o(.data..compoundliteral.2)
 <LI><a href="#[2]">_PID_Hander</a> from apid.o(.text._PID_Hander) referenced 2 times from motor_cfg.o(.data..compoundliteral.4)
 <LI><a href="#[2]">_PID_Hander</a> from apid.o(.text._PID_Hander) referenced 2 times from motor_cfg.o(.data..compoundliteral.5)
 <LI><a href="#[2]">_PID_Hander</a> from apid.o(.text._PID_Hander) referenced 2 times from motor_cfg.o(.data..compoundliteral.7)
 <LI><a href="#[2]">_PID_Hander</a> from apid.o(.text._PID_Hander) referenced 2 times from motor_cfg.o(.data..compoundliteral.8)
 <LI><a href="#[2]">_PID_Hander</a> from apid.o(.text._PID_Hander) referenced 2 times from apid.o(.text.APID_Init)
 <LI><a href="#[101]">rtduino_init()</a> from rtduino.o(.text._ZL12rtduino_initv) referenced from rtduino.o(.rti_fn.4)
 <LI><a href="#[84]">rtduino_sketch_entry(void*)</a> from rtduino.o(.text._ZL20rtduino_sketch_entryPv) referenced 2 times from rtduino.o(.text._ZL12rtduino_initv)
 <LI><a href="#[d0]">ConsoleSerial::~ConsoleSerial__deallocating()</a> from hardwareserial.o(.text._ZN13ConsoleSerialD0Ev) referenced from hardwareserial.o(.rodata._ZTV13ConsoleSerial)
 <LI><a href="#[ca]">HardwareSerial::availableForWrite()</a> from hardwareserial.o(.text._ZN14HardwareSerial17availableForWriteEv) referenced from hardwareserial.o(.rodata._ZTV13ConsoleSerial)
 <LI><a href="#[ca]">HardwareSerial::availableForWrite()</a> from hardwareserial.o(.text._ZN14HardwareSerial17availableForWriteEv) referenced from hardwareserial.o(.rodata._ZTV14HardwareSerial)
 <LI><a href="#[ce]">HardwareSerial::peek()</a> from hardwareserial.o(.text._ZN14HardwareSerial4peekEv) referenced from hardwareserial.o(.rodata._ZTV13ConsoleSerial)
 <LI><a href="#[ce]">HardwareSerial::peek()</a> from hardwareserial.o(.text._ZN14HardwareSerial4peekEv) referenced from hardwareserial.o(.rodata._ZTV14HardwareSerial)
 <LI><a href="#[cd]">HardwareSerial::read()</a> from hardwareserial.o(.text._ZN14HardwareSerial4readEv) referenced from hardwareserial.o(.rodata._ZTV13ConsoleSerial)
 <LI><a href="#[cd]">HardwareSerial::read()</a> from hardwareserial.o(.text._ZN14HardwareSerial4readEv) referenced from hardwareserial.o(.rodata._ZTV14HardwareSerial)
 <LI><a href="#[cb]">HardwareSerial::flush()</a> from hardwareserial.o(.text._ZN14HardwareSerial5flushEv) referenced from hardwareserial.o(.rodata._ZTV13ConsoleSerial)
 <LI><a href="#[cb]">HardwareSerial::flush()</a> from hardwareserial.o(.text._ZN14HardwareSerial5flushEv) referenced from hardwareserial.o(.rodata._ZTV14HardwareSerial)
 <LI><a href="#[c9]">HardwareSerial::write(unsigned char const*, unsigned int)</a> from hardwareserial.o(.text._ZN14HardwareSerial5writeEPKhj) referenced from hardwareserial.o(.rodata._ZTV13ConsoleSerial)
 <LI><a href="#[c9]">HardwareSerial::write(unsigned char const*, unsigned int)</a> from hardwareserial.o(.text._ZN14HardwareSerial5writeEPKhj) referenced from hardwareserial.o(.rodata._ZTV14HardwareSerial)
 <LI><a href="#[c8]">HardwareSerial::write(unsigned char)</a> from hardwareserial.o(.text._ZN14HardwareSerial5writeEh) referenced from hardwareserial.o(.rodata._ZTV13ConsoleSerial)
 <LI><a href="#[c8]">HardwareSerial::write(unsigned char)</a> from hardwareserial.o(.text._ZN14HardwareSerial5writeEh) referenced from hardwareserial.o(.rodata._ZTV14HardwareSerial)
 <LI><a href="#[cc]">HardwareSerial::available()</a> from hardwareserial.o(.text._ZN14HardwareSerial9availableEv) referenced from hardwareserial.o(.rodata._ZTV13ConsoleSerial)
 <LI><a href="#[cc]">HardwareSerial::available()</a> from hardwareserial.o(.text._ZN14HardwareSerial9availableEv) referenced from hardwareserial.o(.rodata._ZTV14HardwareSerial)
 <LI><a href="#[d1]">HardwareSerial::~HardwareSerial__deallocating()</a> from hardwareserial.o(.text._ZN14HardwareSerialD0Ev) referenced from hardwareserial.o(.rodata._ZTV14HardwareSerial)
 <LI><a href="#[d4]">Print::availableForWrite()</a> from print.o(.text._ZN5Print17availableForWriteEv) referenced from wire.o(.rodata._ZTV7TwoWire)
 <LI><a href="#[cf]">Stream::~Stream__sub_object()</a> from hardwareserial.o(.text._ZN6StreamD2Ev) referenced from hardwareserial.o(.rodata._ZTV13ConsoleSerial)
 <LI><a href="#[cf]">Stream::~Stream__sub_object()</a> from hardwareserial.o(.text._ZN6StreamD2Ev) referenced from hardwareserial.o(.rodata._ZTV14HardwareSerial)
 <LI><a href="#[cf]">Stream::~Stream__sub_object()</a> from hardwareserial.o(.text._ZN6StreamD2Ev) referenced from wire.o(.rodata._ZTV7TwoWire)
 <LI><a href="#[d8]">TwoWire::peek()</a> from wire.o(.text._ZN7TwoWire4peekEv) referenced from wire.o(.rodata._ZTV7TwoWire)
 <LI><a href="#[d7]">TwoWire::read()</a> from wire.o(.text._ZN7TwoWire4readEv) referenced from wire.o(.rodata._ZTV7TwoWire)
 <LI><a href="#[d5]">TwoWire::flush()</a> from wire.o(.text._ZN7TwoWire5flushEv) referenced from wire.o(.rodata._ZTV7TwoWire)
 <LI><a href="#[d3]">TwoWire::write(unsigned char const*, unsigned int)</a> from wire.o(.text._ZN7TwoWire5writeEPKhj) referenced from wire.o(.rodata._ZTV7TwoWire)
 <LI><a href="#[d2]">TwoWire::write(unsigned char)</a> from wire.o(.text._ZN7TwoWire5writeEh) referenced from wire.o(.rodata._ZTV7TwoWire)
 <LI><a href="#[d6]">TwoWire::available()</a> from wire.o(.text._ZN7TwoWire9availableEv) referenced from wire.o(.rodata._ZTV7TwoWire)
 <LI><a href="#[d9]">TwoWire::~TwoWire__deallocating()</a> from wire.o(.text._ZN7TwoWireD0Ev) referenced from wire.o(.rodata._ZTV7TwoWire)
 <LI><a href="#[6b]">__main</a> from __main.o(!!!main) referenced from startup_stm32f427xx.o(.text)
 <LI><a href="#[11e]">__perf_counter_init</a> from perf_counter.o(.text.__perf_counter_init) referenced from perf_counter.o(.init_array)
 <LI><a href="#[86]">__rt_thread_scheduler_hook</a> from perf_os_patch_rt_thread.o(.text.__rt_thread_scheduler_hook) referenced 2 times from perf_os_patch_rt_thread.o(.text.__perf_os_patch_init)
 <LI><a href="#[a4]">_adc_control</a> from adc.o(.text._adc_control) referenced 2 times from adc.o(.text.rt_hw_adc_register)
 <LI><a href="#[a3]">_adc_read</a> from adc.o(.text._adc_read) referenced 2 times from adc.o(.text.rt_hw_adc_register)
 <LI><a href="#[da]">_can_config</a> from drv_can.o(.text._can_config) referenced from drv_can.o(.rodata._can_ops)
 <LI><a href="#[db]">_can_control</a> from drv_can.o(.text._can_control) referenced from drv_can.o(.rodata._can_ops)
 <LI><a href="#[dd]">_can_recvmsg</a> from drv_can.o(.text._can_recvmsg) referenced from drv_can.o(.rodata._can_ops)
 <LI><a href="#[dc]">_can_sendmsg</a> from drv_can.o(.text._can_sendmsg) referenced from drv_can.o(.rodata._can_ops)
 <LI><a href="#[6c]">_get_lc_ctype</a> from lc_ctype_c.o(locale$$code) referenced from rt_ctype_table.o(.text)
 <LI><a href="#[f8]">_perf_counter_init</a> from perf_os_patch_rt_thread.o(.text._perf_counter_init) referenced from perf_os_patch_rt_thread.o(.rti_fn.2)
 <LI><a href="#[114]">_pin_cmd</a> from pin.o(.text._pin_cmd) referenced from pin.o(FSymTab)
 <LI><a href="#[9f]">_pin_control</a> from pin.o(.text._pin_control) referenced 2 times from pin.o(.text.rt_device_pin_register)
 <LI><a href="#[9d]">_pin_read</a> from pin.o(.text._pin_read) referenced 2 times from pin.o(.text.rt_device_pin_register)
 <LI><a href="#[9e]">_pin_write</a> from pin.o(.text._pin_write) referenced 2 times from pin.o(.text.rt_device_pin_register)
 <LI><a href="#[6e]">_printf_input_char</a> from _printf_char_common.o(.text) referenced from _printf_char_common.o(.text)
 <LI><a href="#[a2]">_pwm_control</a> from rt_drv_pwm.o(.text._pwm_control) referenced 2 times from rt_drv_pwm.o(.text.rt_device_pwm_register)
 <LI><a href="#[a0]">_pwm_read</a> from rt_drv_pwm.o(.text._pwm_read) referenced 2 times from rt_drv_pwm.o(.text.rt_device_pwm_register)
 <LI><a href="#[a1]">_pwm_write</a> from rt_drv_pwm.o(.text._pwm_write) referenced 2 times from rt_drv_pwm.o(.text.rt_device_pwm_register)
 <LI><a href="#[70]">_sbackspace</a> from _sgetc.o(.text) referenced from strtod.o(.text)
 <LI><a href="#[b8]">_serial_fifo_rx</a> from serial_v2.o(.text._serial_fifo_rx) referenced 2 times from serial_v2.o(.text.rt_serial_open)
 <LI><a href="#[ba]">_serial_fifo_tx_blocking_buf</a> from serial_v2.o(.text._serial_fifo_tx_blocking_buf) referenced 2 times from serial_v2.o(.text.rt_serial_open)
 <LI><a href="#[bd]">_serial_fifo_tx_blocking_nbuf</a> from serial_v2.o(.text._serial_fifo_tx_blocking_nbuf) referenced 2 times from serial_v2.o(.text.rt_serial_open)
 <LI><a href="#[bb]">_serial_fifo_tx_nonblocking</a> from serial_v2.o(.text._serial_fifo_tx_nonblocking) referenced 2 times from serial_v2.o(.text.rt_serial_open)
 <LI><a href="#[b9]">_serial_poll_rx</a> from serial_v2.o(.text._serial_poll_rx) referenced 2 times from serial_v2.o(.text.rt_serial_open)
 <LI><a href="#[bc]">_serial_poll_tx</a> from serial_v2.o(.text._serial_poll_tx) referenced 2 times from serial_v2.o(.text.rt_serial_open)
 <LI><a href="#[6f]">_sgetc</a> from _sgetc.o(.text) referenced from strtod.o(.text)
 <LI><a href="#[6d]">_sputc</a> from _sputc.o(.text) referenced from noretval__2sprintf.o(.text)
 <LI><a href="#[c0]">_thread_exit</a> from thread.o(.text._thread_exit) referenced 2 times from thread.o(.text.rt_thread_create)
 <LI><a href="#[c0]">_thread_exit</a> from thread.o(.text._thread_exit) referenced 2 times from thread.o(.text.rt_thread_init)
 <LI><a href="#[c1]">_thread_timeout</a> from thread.o(.text._thread_timeout) referenced 2 times from thread.o(.text.rt_thread_create)
 <LI><a href="#[c1]">_thread_timeout</a> from thread.o(.text._thread_timeout) referenced 2 times from thread.o(.text.rt_thread_init)
 <LI><a href="#[be]">_timer_thread_entry</a> from timer.o(.text._timer_thread_entry) referenced 2 times from timer.o(.text.rt_system_timer_thread_init)
 <LI><a href="#[f2]">abus_all_init</a> from abus_port.o(.text.abus_all_init) referenced from abus_port.o(.rti_fn.1)
 <LI><a href="#[112]">adc</a> from adc.o(.text.adc) referenced from adc.o(FSymTab)
 <LI><a href="#[10c]">arm_ctrl</a> from drv_stepper_motor.o(.text.arm_ctrl) referenced from drv_stepper_motor.o(FSymTab)
 <LI><a href="#[10d]">arm_h</a> from drv_stepper_motor.o(.text.arm_h) referenced from drv_stepper_motor.o(FSymTab)
 <LI><a href="#[108]">arm_y_add20</a> from drv_stepper_motor.o(.text.arm_y_add20) referenced from drv_stepper_motor.o(FSymTab)
 <LI><a href="#[109]">arm_y_reduce20</a> from drv_stepper_motor.o(.text.arm_y_reduce20) referenced from drv_stepper_motor.o(FSymTab)
 <LI><a href="#[10a]">arm_z_add20</a> from drv_stepper_motor.o(.text.arm_z_add20) referenced from drv_stepper_motor.o(FSymTab)
 <LI><a href="#[10b]">arm_z_reduce20</a> from drv_stepper_motor.o(.text.arm_z_reduce20) referenced from drv_stepper_motor.o(FSymTab)
 <LI><a href="#[9c]">assert_hook</a> from cmb_port.o(.text.assert_hook) referenced 2 times from cmb_port.o(.text.rt_cm_backtrace_init)
 <LI><a href="#[c6]">async_output_thread_entry</a> from ulog.o(.text.async_output_thread_entry) referenced 2 times from ulog.o(.text.ulog_async_init)
 <LI><a href="#[8d]">can_rx_call</a> from motor_dj_rm_driver.o(.text.can_rx_call) referenced 2 times from motor_dj_rm_driver.o(.text.can_rx_thread)
 <LI><a href="#[94]">can_rx_thread</a> from motor_dj_rm_driver.o(.text.can_rx_thread) referenced 2 times from motor_dj_rm_driver.o(.text.motor_tt_init)
 <LI><a href="#[95]">can_rx_thread1</a> from motor_dj_rm_driver.o(.text.can_rx_thread1) referenced 2 times from motor_dj_rm_driver.o(.text.motor_tt_init)
 <LI><a href="#[ab]">cantimeout</a> from can.o(.text.cantimeout) referenced 2 times from can.o(.text.rt_hw_can_register)
 <LI><a href="#[8f]">chassis_port_handle</a> from chassis_port.o(.text.chassis_port_handle) referenced 2 times from chassis_port.o(.text.chassis_port_init)
 <LI><a href="#[102]">chassis_port_init</a> from chassis_port.o(.text.chassis_port_init) referenced from chassis_port.o(.rti_fn.5)
 <LI><a href="#[88]">chassis_sub_callback</a> from chassis_port.o(.text.chassis_sub_callback) referenced 2 times from abus_port.o(.text.abus_all_init)
 <LI><a href="#[119]">clear</a> from cmd.o(.text.clear) referenced from cmd.o(FSymTab)
 <LI><a href="#[110]">cmb_test</a> from cmb_port.o(.text.cmb_test) referenced from cmb_port.o(FSymTab)
 <LI><a href="#[11c]">cmd_backtrace</a> from kservice.o(.text.cmd_backtrace) referenced from kservice.o(FSymTab)
 <LI><a href="#[111]">cmd_canstat</a> from can.o(.text.cmd_canstat) referenced from can.o(FSymTab)
 <LI><a href="#[118]">cmd_free</a> from msh.o(.text.cmd_free) referenced from msh.o(FSymTab)
 <LI><a href="#[11b]">cmd_list</a> from cmd.o(.text.cmd_list) referenced from cmd.o(FSymTab)
 <LI><a href="#[10f]">cmd_motor</a> from motor.o(.text.cmd_motor) referenced from motor.o(FSymTab)
 <LI><a href="#[117]">cmd_ps</a> from msh.o(.text.cmd_ps) referenced from msh.o(FSymTab)
 <LI><a href="#[100]">cplusplus_system_init</a> from cxx_crt_init.o(.text.cplusplus_system_init) referenced from cxx_crt_init.o(.rti_fn.4)
 <LI><a href="#[73]">d_handle_Increment_Complete</a> from apid.o(.text.d_handle_Increment_Complete) referenced 2 times from apid.o(.text.APID_Init)
 <LI><a href="#[4]">d_handle_Position_Complete</a> from apid.o(.text.d_handle_Position_Complete) referenced 2 times from motor_cfg.o(.data..compoundliteral.1)
 <LI><a href="#[4]">d_handle_Position_Complete</a> from apid.o(.text.d_handle_Position_Complete) referenced 2 times from motor_cfg.o(.data..compoundliteral.10)
 <LI><a href="#[4]">d_handle_Position_Complete</a> from apid.o(.text.d_handle_Position_Complete) referenced 2 times from motor_cfg.o(.data..compoundliteral.11)
 <LI><a href="#[4]">d_handle_Position_Complete</a> from apid.o(.text.d_handle_Position_Complete) referenced 2 times from motor_cfg.o(.data..compoundliteral.2)
 <LI><a href="#[4]">d_handle_Position_Complete</a> from apid.o(.text.d_handle_Position_Complete) referenced 2 times from motor_cfg.o(.data..compoundliteral.4)
 <LI><a href="#[4]">d_handle_Position_Complete</a> from apid.o(.text.d_handle_Position_Complete) referenced 2 times from motor_cfg.o(.data..compoundliteral.5)
 <LI><a href="#[4]">d_handle_Position_Complete</a> from apid.o(.text.d_handle_Position_Complete) referenced 2 times from motor_cfg.o(.data..compoundliteral.7)
 <LI><a href="#[4]">d_handle_Position_Complete</a> from apid.o(.text.d_handle_Position_Complete) referenced 2 times from motor_cfg.o(.data..compoundliteral.8)
 <LI><a href="#[4]">d_handle_Position_Complete</a> from apid.o(.text.d_handle_Position_Complete) referenced 2 times from apid.o(.text.APID_Init)
 <LI><a href="#[7]">driver_mai</a> from chassis_module_mai.o(.text.driver_mai) referenced 2 times from chassis_module_mai.o(.data.ops_mai)
 <LI><a href="#[c4]">drv_process_steppermotor</a> from drv_stepper_motor.o(.text.drv_process_steppermotor) referenced 2 times from drv_stepper_motor.o(.text.stepper_motor_init)
 <LI><a href="#[5]">drv_pwm_control</a> from drv_pwm.o(.text.drv_pwm_control) referenced 2 times from drv_pwm.o(.data.drv_ops)
 <LI><a href="#[c5]">drv_stepper_motor</a> from drv_stepper_motor.o(.text.drv_stepper_motor) referenced 2 times from drv_stepper_motor.o(.text.stepper_motor_init)
 <LI><a href="#[9b]">exception_hook</a> from cmb_port.o(.text.exception_hook) referenced 2 times from cmb_port.o(.text.rt_cm_backtrace_init)
 <LI><a href="#[91]">finsh_rx_ind</a> from shell.o(.text.finsh_rx_ind) referenced 2 times from shell.o(.text.finsh_set_device)
 <LI><a href="#[104]">finsh_system_init</a> from shell.o(.text.finsh_system_init) referenced from shell.o(.rti_fn.6)
 <LI><a href="#[92]">finsh_thread_entry</a> from shell.o(.text.finsh_thread_entry) referenced 2 times from shell.o(.text.finsh_system_init)
 <LI><a href="#[93]">follow_line</a> from follow_line.o(.text.follow_line) referenced 2 times from follow_line.o(.text.follow_line_init)
 <LI><a href="#[fe]">follow_line_init</a> from follow_line.o(.text.follow_line_init) referenced from follow_line.o(.rti_fn.4)
 <LI><a href="#[e5]">i2c_bit_xfer</a> from i2c-bit-ops.o(.text.i2c_bit_xfer) referenced from i2c-bit-ops.o(.rodata.i2c_bit_bus_ops)
 <LI><a href="#[b7]">i2c_bus_device_control</a> from i2c_dev.o(.text.i2c_bus_device_control) referenced 2 times from i2c_dev.o(.text.rt_i2c_bus_device_device_init)
 <LI><a href="#[b5]">i2c_bus_device_read</a> from i2c_dev.o(.text.i2c_bus_device_read) referenced 2 times from i2c_dev.o(.text.rt_i2c_bus_device_device_init)
 <LI><a href="#[b6]">i2c_bus_device_write</a> from i2c_dev.o(.text.i2c_bus_device_write) referenced 2 times from i2c_dev.o(.text.rt_i2c_bus_device_device_init)
 <LI><a href="#[72]">i_handle_Increment_Normal</a> from apid.o(.text.i_handle_Increment_Normal) referenced 2 times from apid.o(.text.APID_Init)
 <LI><a href="#[72]">i_handle_Increment_Normal</a> from apid.o(.text.i_handle_Increment_Normal) referenced 2 times from apid_exfunc.o(.text.APID_SET_I_Function)
 <LI><a href="#[75]">i_handle_Increment_Saturation</a> from apid.o(.text.i_handle_Increment_Saturation) referenced 2 times from apid_exfunc.o(.text.APID_SET_I_Function)
 <LI><a href="#[7b]">i_handle_Increment_Separation</a> from apid.o(.text.i_handle_Increment_Separation) referenced 2 times from apid_exfunc.o(.text.APID_SET_I_Function)
 <LI><a href="#[77]">i_handle_Increment_Speed</a> from apid.o(.text.i_handle_Increment_Speed) referenced 2 times from apid_exfunc.o(.text.APID_SET_I_Function)
 <LI><a href="#[79]">i_handle_Increment_Trapeziod</a> from apid.o(.text.i_handle_Increment_Trapeziod) referenced 2 times from apid_exfunc.o(.text.APID_SET_I_Function)
 <LI><a href="#[3]">i_handle_Position_Normal</a> from apid.o(.text.i_handle_Position_Normal) referenced 2 times from motor_cfg.o(.data..compoundliteral.1)
 <LI><a href="#[3]">i_handle_Position_Normal</a> from apid.o(.text.i_handle_Position_Normal) referenced 2 times from motor_cfg.o(.data..compoundliteral.10)
 <LI><a href="#[3]">i_handle_Position_Normal</a> from apid.o(.text.i_handle_Position_Normal) referenced 2 times from motor_cfg.o(.data..compoundliteral.11)
 <LI><a href="#[3]">i_handle_Position_Normal</a> from apid.o(.text.i_handle_Position_Normal) referenced 2 times from motor_cfg.o(.data..compoundliteral.2)
 <LI><a href="#[3]">i_handle_Position_Normal</a> from apid.o(.text.i_handle_Position_Normal) referenced 2 times from motor_cfg.o(.data..compoundliteral.4)
 <LI><a href="#[3]">i_handle_Position_Normal</a> from apid.o(.text.i_handle_Position_Normal) referenced 2 times from motor_cfg.o(.data..compoundliteral.5)
 <LI><a href="#[3]">i_handle_Position_Normal</a> from apid.o(.text.i_handle_Position_Normal) referenced 2 times from motor_cfg.o(.data..compoundliteral.7)
 <LI><a href="#[3]">i_handle_Position_Normal</a> from apid.o(.text.i_handle_Position_Normal) referenced 2 times from motor_cfg.o(.data..compoundliteral.8)
 <LI><a href="#[3]">i_handle_Position_Normal</a> from apid.o(.text.i_handle_Position_Normal) referenced 2 times from apid.o(.text.APID_Init)
 <LI><a href="#[3]">i_handle_Position_Normal</a> from apid.o(.text.i_handle_Position_Normal) referenced 2 times from apid_exfunc.o(.text.APID_SET_I_Function)
 <LI><a href="#[74]">i_handle_Position_Saturation</a> from apid.o(.text.i_handle_Position_Saturation) referenced 2 times from apid_exfunc.o(.text.APID_SET_I_Function)
 <LI><a href="#[7a]">i_handle_Position_Separation</a> from apid.o(.text.i_handle_Position_Separation) referenced 2 times from apid_exfunc.o(.text.APID_SET_I_Function)
 <LI><a href="#[76]">i_handle_Position_Speed</a> from apid.o(.text.i_handle_Position_Speed) referenced 2 times from apid_exfunc.o(.text.APID_SET_I_Function)
 <LI><a href="#[78]">i_handle_Position_Trapeziod</a> from apid.o(.text.i_handle_Position_Trapeziod) referenced 2 times from apid_exfunc.o(.text.APID_SET_I_Function)
 <LI><a href="#[c2]">idle_thread_entry</a> from idle.o(.text.idle_thread_entry) referenced 2 times from idle.o(.text.rt_thread_idle_init)
 <LI><a href="#[8e]">ind_dj_can_motor_callback</a> from motor_dj_rm_driver.o(.text.ind_dj_can_motor_callback) referenced from motor_dj_rm_driver.o(.text.can_rx_thread)
 <LI><a href="#[71]">isspace</a> from isspace.o(.text) referenced from strtod.o(.text)
 <LI><a href="#[87]">line_dir_sub_callback</a> from follow_line.o(.text.line_dir_sub_callback) referenced 2 times from abus_port.o(.text.abus_all_init)
 <LI><a href="#[83]">loop</a> from applications_arduino_main.o(.text.loop) referenced 2 times from rtduino.o(.text._ZL12rtduino_initv)
 <LI><a href="#[c3]">main_thread_entry</a> from components.o(.text.main_thread_entry) referenced 2 times from components.o(.text.rtthread_startup)
 <LI><a href="#[6]">module_mai</a> from chassis_module_mai.o(.text.module_mai) referenced 2 times from chassis_module_mai.o(.data.ops_mai)
 <LI><a href="#[96]">motor_behiver_1</a> from motor.o(.text.motor_behiver_1) referenced 2 times from motor.o(.text.motor_updata_cfg)
 <LI><a href="#[97]">motor_behiver_2</a> from motor.o(.text.motor_behiver_2) referenced 2 times from motor.o(.text.motor_updata_cfg)
 <LI><a href="#[98]">motor_behiver_3</a> from motor.o(.text.motor_behiver_3) referenced 2 times from motor.o(.text.motor_updata_cfg)
 <LI><a href="#[99]">motor_behiver_4</a> from motor.o(.text.motor_behiver_4) referenced 2 times from motor.o(.text.motor_updata_cfg)
 <LI><a href="#[1]">motor_dj_ctr</a> from motor_dj_rm_driver.o(.text.motor_dj_ctr) referenced 2 times from motor_cfg.o(.data..compoundliteral)
 <LI><a href="#[1]">motor_dj_ctr</a> from motor_dj_rm_driver.o(.text.motor_dj_ctr) referenced 2 times from motor_cfg.o(.data..compoundliteral.3)
 <LI><a href="#[1]">motor_dj_ctr</a> from motor_dj_rm_driver.o(.text.motor_dj_ctr) referenced 2 times from motor_cfg.o(.data..compoundliteral.6)
 <LI><a href="#[1]">motor_dj_ctr</a> from motor_dj_rm_driver.o(.text.motor_dj_ctr) referenced 2 times from motor_cfg.o(.data..compoundliteral.9)
 <LI><a href="#[0]">motor_dj_driver</a> from motor_dj_rm_driver.o(.text.motor_dj_driver) referenced 2 times from motor_cfg.o(.data..compoundliteral)
 <LI><a href="#[0]">motor_dj_driver</a> from motor_dj_rm_driver.o(.text.motor_dj_driver) referenced 2 times from motor_cfg.o(.data..compoundliteral.3)
 <LI><a href="#[0]">motor_dj_driver</a> from motor_dj_rm_driver.o(.text.motor_dj_driver) referenced 2 times from motor_cfg.o(.data..compoundliteral.6)
 <LI><a href="#[0]">motor_dj_driver</a> from motor_dj_rm_driver.o(.text.motor_dj_driver) referenced 2 times from motor_cfg.o(.data..compoundliteral.9)
 <LI><a href="#[ff]">motor_tt_init</a> from motor_dj_rm_driver.o(.text.motor_tt_init) referenced from motor_dj_rm_driver.o(.rti_fn.4)
 <LI><a href="#[116]">msh_help</a> from msh.o(.text.msh_help) referenced from msh.o(FSymTab)
 <LI><a href="#[f1]">power_init</a> from aboard_power_switch.o(.text.power_init) referenced from aboard_power_switch.o(.rti_fn.1)
 <LI><a href="#[106]">power_switch</a> from aboard_power_switch.o(.text.power_switch) referenced from aboard_power_switch.o(FSymTab)
 <LI><a href="#[113]">pwm_list</a> from rt_drv_pwm.o(.text.pwm_list) referenced from rt_drv_pwm.o(FSymTab)
 <LI><a href="#[8c]">rbmg_chassis_ctrl_callback</a> from robotmanager.o(.text.rbmg_chassis_ctrl_callback) referenced 2 times from abus_port.o(.text.abus_all_init)
 <LI><a href="#[8a]">rbmg_dir_callback</a> from robotmanager.o(.text.rbmg_dir_callback) referenced 2 times from abus_port.o(.text.abus_all_init)
 <LI><a href="#[89]">rbmg_error_callback</a> from robotmanager.o(.text.rbmg_error_callback) referenced 2 times from abus_port.o(.text.abus_all_init)
 <LI><a href="#[9a]">rbmg_handle</a> from robotmanager.o(.text.rbmg_handle) referenced 2 times from robotmanager.o(.text.rbmg_init)
 <LI><a href="#[103]">rbmg_init</a> from robotmanager.o(.text.rbmg_init) referenced from robotmanager.o(.rti_fn.6)
 <LI><a href="#[8b]">rbmg_special_point_callback</a> from robotmanager.o(.text.rbmg_special_point_callback) referenced 2 times from abus_port.o(.text.abus_all_init)
 <LI><a href="#[115]">reboot</a> from drv_common.o(.text.reboot) referenced from drv_common.o(FSymTab)
 <LI><a href="#[a7]">rt_can_close</a> from can.o(.text.rt_can_close) referenced 2 times from can.o(.text.rt_hw_can_register)
 <LI><a href="#[aa]">rt_can_control</a> from can.o(.text.rt_can_control) referenced 2 times from can.o(.text.rt_hw_can_register)
 <LI><a href="#[a5]">rt_can_init</a> from can.o(.text.rt_can_init) referenced 2 times from can.o(.text.rt_hw_can_register)
 <LI><a href="#[a6]">rt_can_open</a> from can.o(.text.rt_can_open) referenced 2 times from can.o(.text.rt_hw_can_register)
 <LI><a href="#[a8]">rt_can_read</a> from can.o(.text.rt_can_read) referenced 2 times from can.o(.text.rt_hw_can_register)
 <LI><a href="#[a9]">rt_can_write</a> from can.o(.text.rt_can_write) referenced 2 times from can.o(.text.rt_hw_can_register)
 <LI><a href="#[fc]">rt_cm_backtrace_init</a> from cmb_port.o(.text.rt_cm_backtrace_init) referenced from cmb_port.o(.rti_fn.3)
 <LI><a href="#[f4]">rt_hw_can_init</a> from drv_can.o(.text.rt_hw_can_init) referenced from drv_can.o(.rti_fn.1)
 <LI><a href="#[f5]">rt_hw_i2c_init</a> from drv_soft_i2c.o(.text.rt_hw_i2c_init) referenced from drv_soft_i2c.o(.rti_fn.1)
 <LI><a href="#[b0]">rt_hw_us_delay</a> from drv_common.o(.text.rt_hw_us_delay) referenced from drv_soft_i2c.o(.text.rt_hw_i2c_init)
 <LI><a href="#[b4]">rt_serial_close</a> from serial_v2.o(.text.rt_serial_close) referenced 2 times from serial_v2.o(.text.rt_hw_serial_register)
 <LI><a href="#[b3]">rt_serial_control</a> from serial_v2.o(.text.rt_serial_control) referenced 2 times from serial_v2.o(.text.rt_hw_serial_register)
 <LI><a href="#[b1]">rt_serial_init</a> from serial_v2.o(.text.rt_serial_init) referenced 2 times from serial_v2.o(.text.rt_hw_serial_register)
 <LI><a href="#[b2]">rt_serial_open</a> from serial_v2.o(.text.rt_serial_open) referenced 2 times from serial_v2.o(.text.rt_hw_serial_register)
 <LI><a href="#[f7]">rti_board_end</a> from components.o(.text.rti_board_end) referenced from components.o(.rti_fn.1.end)
 <LI><a href="#[f0]">rti_board_start</a> from components.o(.text.rti_board_start) referenced from components.o(.rti_fn.0.end)
 <LI><a href="#[105]">rti_end</a> from components.o(.text.rti_end) referenced from components.o(.rti_fn.6.end)
 <LI><a href="#[ef]">rti_start</a> from components.o(.text.rti_start) referenced from components.o(.rti_fn.0)
 <LI><a href="#[82]">setup</a> from applications_arduino_main.o(.text.setup) referenced 2 times from rtduino.o(.text._ZL12rtduino_initv)
 <LI><a href="#[10e]">start_shakdown</a> from motor.o(.text.start_shakdown) referenced from motor.o(FSymTab)
 <LI><a href="#[fb]">stepper_motor_init</a> from drv_stepper_motor.o(.text.stepper_motor_init) referenced from drv_stepper_motor.o(.rti_fn.3)
 <LI><a href="#[eb]">stm32_adc_enabled</a> from drv_adc.o(.text.stm32_adc_enabled) referenced from drv_adc.o(.rodata.stm_adc_ops)
 <LI><a href="#[ed]">stm32_adc_get_resolution</a> from drv_adc.o(.text.stm32_adc_get_resolution) referenced from drv_adc.o(.rodata.stm_adc_ops)
 <LI><a href="#[ec]">stm32_adc_get_value</a> from drv_adc.o(.text.stm32_adc_get_value) referenced from drv_adc.o(.rodata.stm_adc_ops)
 <LI><a href="#[ee]">stm32_adc_get_vref</a> from drv_adc.o(.text.stm32_adc_get_vref) referenced from drv_adc.o(.rodata.stm_adc_ops)
 <LI><a href="#[f3]">stm32_adc_init</a> from drv_adc.o(.text.stm32_adc_init) referenced from drv_adc.o(.rti_fn.1)
 <LI><a href="#[e6]">stm32_configure</a> from drv_usart_v2.o(.text.stm32_configure) referenced from drv_usart_v2.o(.rodata.stm32_uart_ops)
 <LI><a href="#[e7]">stm32_control</a> from drv_usart_v2.o(.text.stm32_control) referenced from drv_usart_v2.o(.rodata.stm32_uart_ops)
 <LI><a href="#[af]">stm32_get_scl</a> from drv_soft_i2c.o(.text.stm32_get_scl) referenced from drv_soft_i2c.o(.text.rt_hw_i2c_init)
 <LI><a href="#[ae]">stm32_get_sda</a> from drv_soft_i2c.o(.text.stm32_get_sda) referenced from drv_soft_i2c.o(.text.rt_hw_i2c_init)
 <LI><a href="#[e9]">stm32_getc</a> from drv_usart_v2.o(.text.stm32_getc) referenced from drv_usart_v2.o(.rodata.stm32_uart_ops)
 <LI><a href="#[e1]">stm32_pin_attach_irq</a> from drv_gpio.o(.text.stm32_pin_attach_irq) referenced from drv_gpio.o(.rodata._stm32_pin_ops)
 <LI><a href="#[e2]">stm32_pin_dettach_irq</a> from drv_gpio.o(.text.stm32_pin_dettach_irq) referenced from drv_gpio.o(.rodata._stm32_pin_ops)
 <LI><a href="#[e4]">stm32_pin_get</a> from drv_gpio.o(.text.stm32_pin_get) referenced from drv_gpio.o(.rodata._stm32_pin_ops)
 <LI><a href="#[e3]">stm32_pin_irq_enable</a> from drv_gpio.o(.text.stm32_pin_irq_enable) referenced from drv_gpio.o(.rodata._stm32_pin_ops)
 <LI><a href="#[de]">stm32_pin_mode</a> from drv_gpio.o(.text.stm32_pin_mode) referenced from drv_gpio.o(.rodata._stm32_pin_ops)
 <LI><a href="#[e0]">stm32_pin_read</a> from drv_gpio.o(.text.stm32_pin_read) referenced from drv_gpio.o(.rodata._stm32_pin_ops)
 <LI><a href="#[df]">stm32_pin_write</a> from drv_gpio.o(.text.stm32_pin_write) referenced from drv_gpio.o(.rodata._stm32_pin_ops)
 <LI><a href="#[e8]">stm32_putc</a> from drv_usart_v2.o(.text.stm32_putc) referenced from drv_usart_v2.o(.rodata.stm32_uart_ops)
 <LI><a href="#[fd]">stm32_pwm_init</a> from drv_pwm.o(.text.stm32_pwm_init) referenced from drv_pwm.o(.rti_fn.3)
 <LI><a href="#[ad]">stm32_set_scl</a> from drv_soft_i2c.o(.text.stm32_set_scl) referenced from drv_soft_i2c.o(.text.rt_hw_i2c_init)
 <LI><a href="#[ac]">stm32_set_sda</a> from drv_soft_i2c.o(.text.stm32_set_sda) referenced from drv_soft_i2c.o(.text.rt_hw_i2c_init)
 <LI><a href="#[ea]">stm32_transmit</a> from drv_usart_v2.o(.text.stm32_transmit) referenced from drv_usart_v2.o(.rodata.stm32_uart_ops)
 <LI><a href="#[bf]">timeout</a> from timer.o(.text.timeout) referenced 2 times from timer.o(.text.rt_system_timer_thread_init)
 <LI><a href="#[f9]">ulog_async_init</a> from ulog.o(.text.ulog_async_init) referenced from ulog.o(.rti_fn.2)
 <LI><a href="#[fa]">ulog_console_backend_init</a> from console_be.o(.text.ulog_console_backend_init) referenced from console_be.o(.rti_fn.2)
 <LI><a href="#[c7]">ulog_console_backend_output</a> from console_be.o(.text.ulog_console_backend_output) referenced 2 times from console_be.o(.text.ulog_console_backend_init)
 <LI><a href="#[f6]">ulog_init</a> from ulog.o(.text.ulog_init) referenced from ulog.o(.rti_fn.1)
 <LI><a href="#[85]">user_code_insert_to_systick_handler</a> from perf_counter.o(.text.user_code_insert_to_systick_handler) referenced 2 times from perf_os_patch_rt_thread.o(.text.__perf_os_patch_init)
 <LI><a href="#[107]">var</a> from apid_exfunc.o(.text.var) referenced from apid_exfunc.o(FSymTab)
 <LI><a href="#[11a]">version</a> from cmd.o(.text.version) referenced from cmd.o(FSymTab)
</UL>
<P>
<H3>
Global Symbols
</H3>
<P><STRONG><a name="[6b]"></a>__main</STRONG> (Thumb, 8 bytes, Stack size 0 bytes, __main.o(!!!main))
<BR><BR>[Calls]<UL><LI><a href="#[123]">&gt;&gt;</a>&nbsp;&nbsp;&nbsp;__rt_entry
<LI><a href="#[122]">&gt;&gt;</a>&nbsp;&nbsp;&nbsp;__scatterload
</UL>
<BR>[Address Reference Count : 1]<UL><LI> startup_stm32f427xx.o(.text)
</UL>
<P><STRONG><a name="[122]"></a>__scatterload</STRONG> (Thumb, 0 bytes, Stack size unknown bytes, __scatter.o(!!!scatter))
<BR><BR>[Called By]<UL><LI><a href="#[6b]">&gt;&gt;</a>&nbsp;&nbsp;&nbsp;__main
</UL>

<P><STRONG><a name="[124]"></a>__scatterload_rt2</STRONG> (Thumb, 44 bytes, Stack size unknown bytes, __scatter.o(!!!scatter), UNUSED)
<BR><BR>[Calls]<UL><LI><a href="#[123]">&gt;&gt;</a>&nbsp;&nbsp;&nbsp;__rt_entry
</UL>

<P><STRONG><a name="[362]"></a>__scatterload_rt2_thumb_only</STRONG> (Thumb, 0 bytes, Stack size unknown bytes, __scatter.o(!!!scatter), UNUSED)

<P><STRONG><a name="[363]"></a>__scatterload_null</STRONG> (Thumb, 0 bytes, Stack size unknown bytes, __scatter.o(!!!scatter), UNUSED)

<P><STRONG><a name="[364]"></a>__decompress</STRONG> (Thumb, 90 bytes, Stack size unknown bytes, __dczerorl2.o(!!dczerorl2), UNUSED)

<P><STRONG><a name="[365]"></a>__decompress1</STRONG> (Thumb, 0 bytes, Stack size unknown bytes, __dczerorl2.o(!!dczerorl2), UNUSED)

<P><STRONG><a name="[366]"></a>__scatterload_zeroinit</STRONG> (Thumb, 28 bytes, Stack size unknown bytes, __scatter_zi.o(!!handler_zi), UNUSED)

<P><STRONG><a name="[125]"></a>_printf_d</STRONG> (Thumb, 0 bytes, Stack size unknown bytes, _printf_d.o(.ARM.Collect$$_printf_percent$$00000009))
<BR><BR>[Stack]<UL><LI>Max Depth = 72 + Unknown Stack Size
<LI>Call Chain = _printf_d &rArr; _printf_int_dec &rArr; _printf_int_common &rArr; _printf_post_padding
</UL>
<BR>[Calls]<UL><LI><a href="#[126]">&gt;&gt;</a>&nbsp;&nbsp;&nbsp;_printf_int_dec
</UL>

<P><STRONG><a name="[14a]"></a>_printf_percent</STRONG> (Thumb, 0 bytes, Stack size unknown bytes, _printf_percent.o(.ARM.Collect$$_printf_percent$$00000000))
<BR><BR>[Called By]<UL><LI><a href="#[148]">&gt;&gt;</a>&nbsp;&nbsp;&nbsp;__printf
</UL>

<P><STRONG><a name="[127]"></a>_printf_x</STRONG> (Thumb, 0 bytes, Stack size unknown bytes, _printf_x.o(.ARM.Collect$$_printf_percent$$0000000C))
<BR><BR>[Stack]<UL><LI>Max Depth = 64 + Unknown Stack Size
<LI>Call Chain = _printf_x &rArr; _printf_int_hex &rArr; _printf_int_common &rArr; _printf_post_padding
</UL>
<BR>[Calls]<UL><LI><a href="#[128]">&gt;&gt;</a>&nbsp;&nbsp;&nbsp;_printf_int_hex
</UL>

<P><STRONG><a name="[129]"></a>_printf_s</STRONG> (Thumb, 0 bytes, Stack size unknown bytes, _printf_s.o(.ARM.Collect$$_printf_percent$$00000014))
<BR><BR>[Stack]<UL><LI>Max Depth = 40 + Unknown Stack Size
<LI>Call Chain = _printf_s &rArr; _printf_string &rArr; _printf_cs_common &rArr; _printf_str &rArr; _printf_post_padding
</UL>
<BR>[Calls]<UL><LI><a href="#[12a]">&gt;&gt;</a>&nbsp;&nbsp;&nbsp;_printf_string
</UL>

<P><STRONG><a name="[367]"></a>_printf_percent_end</STRONG> (Thumb, 0 bytes, Stack size unknown bytes, _printf_percent_end.o(.ARM.Collect$$_printf_percent$$00000017))

<P><STRONG><a name="[136]"></a>__rt_lib_init</STRONG> (Thumb, 0 bytes, Stack size unknown bytes, libinit.o(.ARM.Collect$$libinit$$00000000))
<BR><BR>[Called By]<UL><LI><a href="#[135]">&gt;&gt;</a>&nbsp;&nbsp;&nbsp;__rt_entry_li
</UL>

<P><STRONG><a name="[12b]"></a>__rt_lib_init_fp_1</STRONG> (Thumb, 0 bytes, Stack size unknown bytes, libinit2.o(.ARM.Collect$$libinit$$00000001))
<BR><BR>[Calls]<UL><LI><a href="#[12c]">&gt;&gt;</a>&nbsp;&nbsp;&nbsp;_fp_init
</UL>

<P><STRONG><a name="[368]"></a>__rt_lib_init_heap_1</STRONG> (Thumb, 0 bytes, Stack size unknown bytes, libinit2.o(.ARM.Collect$$libinit$$0000000C))

<P><STRONG><a name="[12d]"></a>__rt_lib_init_lc_common</STRONG> (Thumb, 0 bytes, Stack size unknown bytes, libinit2.o(.ARM.Collect$$libinit$$00000011))
<BR><BR>[Calls]<UL><LI><a href="#[12e]">&gt;&gt;</a>&nbsp;&nbsp;&nbsp;__rt_locale
</UL>

<P><STRONG><a name="[369]"></a>__rt_lib_init_preinit_1</STRONG> (Thumb, 0 bytes, Stack size unknown bytes, libinit2.o(.ARM.Collect$$libinit$$00000006))

<P><STRONG><a name="[36a]"></a>__rt_lib_init_rand_1</STRONG> (Thumb, 0 bytes, Stack size unknown bytes, libinit2.o(.ARM.Collect$$libinit$$00000010))

<P><STRONG><a name="[36b]"></a>__rt_lib_init_relocate_pie_1</STRONG> (Thumb, 0 bytes, Stack size unknown bytes, libinit2.o(.ARM.Collect$$libinit$$00000004))

<P><STRONG><a name="[36c]"></a>__rt_lib_init_user_alloc_1</STRONG> (Thumb, 0 bytes, Stack size unknown bytes, libinit2.o(.ARM.Collect$$libinit$$0000000E))

<P><STRONG><a name="[36d]"></a>__rt_lib_init_lc_collate_1</STRONG> (Thumb, 0 bytes, Stack size unknown bytes, libinit2.o(.ARM.Collect$$libinit$$00000013))

<P><STRONG><a name="[12f]"></a>__rt_lib_init_lc_ctype_2</STRONG> (Thumb, 0 bytes, Stack size unknown bytes, libinit2.o(.ARM.Collect$$libinit$$00000014))
<BR><BR>[Stack]<UL><LI>Max Depth = 16 + Unknown Stack Size
<LI>Call Chain = __rt_lib_init_lc_ctype_2 &rArr; _get_lc_ctype &rArr; strcmp
</UL>
<BR>[Calls]<UL><LI><a href="#[6c]">&gt;&gt;</a>&nbsp;&nbsp;&nbsp;_get_lc_ctype
</UL>

<P><STRONG><a name="[36e]"></a>__rt_lib_init_lc_ctype_1</STRONG> (Thumb, 0 bytes, Stack size unknown bytes, libinit2.o(.ARM.Collect$$libinit$$00000015))

<P><STRONG><a name="[36f]"></a>__rt_lib_init_lc_monetary_1</STRONG> (Thumb, 0 bytes, Stack size unknown bytes, libinit2.o(.ARM.Collect$$libinit$$00000017))

<P><STRONG><a name="[130]"></a>__rt_lib_init_lc_numeric_2</STRONG> (Thumb, 0 bytes, Stack size unknown bytes, libinit2.o(.ARM.Collect$$libinit$$00000018))
<BR><BR>[Stack]<UL><LI>Max Depth = 16 + Unknown Stack Size
<LI>Call Chain = __rt_lib_init_lc_numeric_2 &rArr; _get_lc_numeric &rArr; strcmp
</UL>
<BR>[Calls]<UL><LI><a href="#[131]">&gt;&gt;</a>&nbsp;&nbsp;&nbsp;_get_lc_numeric
</UL>

<P><STRONG><a name="[370]"></a>__rt_lib_init_alloca_1</STRONG> (Thumb, 0 bytes, Stack size unknown bytes, libinit2.o(.ARM.Collect$$libinit$$00000030))

<P><STRONG><a name="[371]"></a>__rt_lib_init_argv_1</STRONG> (Thumb, 0 bytes, Stack size unknown bytes, libinit2.o(.ARM.Collect$$libinit$$0000002E))

<P><STRONG><a name="[372]"></a>__rt_lib_init_atexit_1</STRONG> (Thumb, 0 bytes, Stack size unknown bytes, libinit2.o(.ARM.Collect$$libinit$$0000001D))

<P><STRONG><a name="[373]"></a>__rt_lib_init_clock_1</STRONG> (Thumb, 0 bytes, Stack size unknown bytes, libinit2.o(.ARM.Collect$$libinit$$00000023))

<P><STRONG><a name="[132]"></a>__rt_lib_init_cpp_1</STRONG> (Thumb, 0 bytes, Stack size unknown bytes, libinit2.o(.ARM.Collect$$libinit$$00000033))
<BR><BR>[Calls]<UL><LI><a href="#[121]">&gt;&gt;</a>&nbsp;&nbsp;&nbsp;__cpp_initialize__aeabi_
</UL>

<P><STRONG><a name="[374]"></a>__rt_lib_init_exceptions_1</STRONG> (Thumb, 0 bytes, Stack size unknown bytes, libinit2.o(.ARM.Collect$$libinit$$00000032))

<P><STRONG><a name="[375]"></a>__rt_lib_init_fp_trap_1</STRONG> (Thumb, 0 bytes, Stack size unknown bytes, libinit2.o(.ARM.Collect$$libinit$$00000021))

<P><STRONG><a name="[376]"></a>__rt_lib_init_getenv_1</STRONG> (Thumb, 0 bytes, Stack size unknown bytes, libinit2.o(.ARM.Collect$$libinit$$00000025))

<P><STRONG><a name="[377]"></a>__rt_lib_init_lc_numeric_1</STRONG> (Thumb, 0 bytes, Stack size unknown bytes, libinit2.o(.ARM.Collect$$libinit$$00000019))

<P><STRONG><a name="[378]"></a>__rt_lib_init_lc_time_1</STRONG> (Thumb, 0 bytes, Stack size unknown bytes, libinit2.o(.ARM.Collect$$libinit$$0000001B))

<P><STRONG><a name="[379]"></a>__rt_lib_init_signal_1</STRONG> (Thumb, 0 bytes, Stack size unknown bytes, libinit2.o(.ARM.Collect$$libinit$$0000001F))

<P><STRONG><a name="[37a]"></a>__rt_lib_init_stdio_1</STRONG> (Thumb, 0 bytes, Stack size unknown bytes, libinit2.o(.ARM.Collect$$libinit$$00000027))

<P><STRONG><a name="[37b]"></a>__rt_lib_init_return</STRONG> (Thumb, 0 bytes, Stack size unknown bytes, libinit2.o(.ARM.Collect$$libinit$$00000035))

<P><STRONG><a name="[13b]"></a>__rt_lib_shutdown</STRONG> (Thumb, 0 bytes, Stack size unknown bytes, libshutdown.o(.ARM.Collect$$libshutdown$$00000000))
<BR><BR>[Called By]<UL><LI><a href="#[13a]">&gt;&gt;</a>&nbsp;&nbsp;&nbsp;__rt_exit_ls
</UL>

<P><STRONG><a name="[37c]"></a>__rt_lib_shutdown_cpp_1</STRONG> (Thumb, 0 bytes, Stack size unknown bytes, libshutdown2.o(.ARM.Collect$$libshutdown$$00000002))

<P><STRONG><a name="[37d]"></a>__rt_lib_shutdown_fp_trap_1</STRONG> (Thumb, 0 bytes, Stack size unknown bytes, libshutdown2.o(.ARM.Collect$$libshutdown$$00000007))

<P><STRONG><a name="[37e]"></a>__rt_lib_shutdown_heap_1</STRONG> (Thumb, 0 bytes, Stack size unknown bytes, libshutdown2.o(.ARM.Collect$$libshutdown$$0000000F))

<P><STRONG><a name="[37f]"></a>__rt_lib_shutdown_return</STRONG> (Thumb, 0 bytes, Stack size unknown bytes, libshutdown2.o(.ARM.Collect$$libshutdown$$00000010))

<P><STRONG><a name="[380]"></a>__rt_lib_shutdown_signal_1</STRONG> (Thumb, 0 bytes, Stack size unknown bytes, libshutdown2.o(.ARM.Collect$$libshutdown$$0000000A))

<P><STRONG><a name="[381]"></a>__rt_lib_shutdown_stdio_1</STRONG> (Thumb, 0 bytes, Stack size unknown bytes, libshutdown2.o(.ARM.Collect$$libshutdown$$00000004))

<P><STRONG><a name="[382]"></a>__rt_lib_shutdown_user_alloc_1</STRONG> (Thumb, 0 bytes, Stack size unknown bytes, libshutdown2.o(.ARM.Collect$$libshutdown$$0000000C))

<P><STRONG><a name="[123]"></a>__rt_entry</STRONG> (Thumb, 0 bytes, Stack size unknown bytes, __rtentry.o(.ARM.Collect$$rtentry$$00000000))
<BR><BR>[Called By]<UL><LI><a href="#[6b]">&gt;&gt;</a>&nbsp;&nbsp;&nbsp;__main
<LI><a href="#[124]">&gt;&gt;</a>&nbsp;&nbsp;&nbsp;__scatterload_rt2
</UL>

<P><STRONG><a name="[383]"></a>__rt_entry_presh_1</STRONG> (Thumb, 0 bytes, Stack size unknown bytes, __rtentry2.o(.ARM.Collect$$rtentry$$00000002))

<P><STRONG><a name="[133]"></a>__rt_entry_sh</STRONG> (Thumb, 0 bytes, Stack size unknown bytes, __rtentry4.o(.ARM.Collect$$rtentry$$00000004))
<BR><BR>[Stack]<UL><LI>Max Depth = 8 + Unknown Stack Size
<LI>Call Chain = __rt_entry_sh &rArr; __user_setup_stackheap
</UL>
<BR>[Calls]<UL><LI><a href="#[134]">&gt;&gt;</a>&nbsp;&nbsp;&nbsp;__user_setup_stackheap
</UL>

<P><STRONG><a name="[135]"></a>__rt_entry_li</STRONG> (Thumb, 0 bytes, Stack size unknown bytes, __rtentry2.o(.ARM.Collect$$rtentry$$0000000A))
<BR><BR>[Calls]<UL><LI><a href="#[136]">&gt;&gt;</a>&nbsp;&nbsp;&nbsp;__rt_lib_init
</UL>

<P><STRONG><a name="[384]"></a>__rt_entry_postsh_1</STRONG> (Thumb, 0 bytes, Stack size unknown bytes, __rtentry2.o(.ARM.Collect$$rtentry$$00000009))

<P><STRONG><a name="[137]"></a>__rt_entry_main</STRONG> (Thumb, 0 bytes, Stack size unknown bytes, __rtentry2.o(.ARM.Collect$$rtentry$$0000000D))
<BR><BR>[Stack]<UL><LI>Max Depth = 924 + Unknown Stack Size
<LI>Call Chain = __rt_entry_main &rArr; main &rArr; rtthread_startup &rArr; rt_thread_idle_init &rArr; rt_thread_init &rArr; rt_timer_init &rArr; rt_object_init &rArr; rt_assert_handler &rArr;  rt_kprintf (Cycle)
</UL>
<BR>[Calls]<UL><LI><a href="#[138]">&gt;&gt;</a>&nbsp;&nbsp;&nbsp;main
<LI><a href="#[139]">&gt;&gt;</a>&nbsp;&nbsp;&nbsp;exit
</UL>

<P><STRONG><a name="[385]"></a>__rt_entry_postli_1</STRONG> (Thumb, 0 bytes, Stack size unknown bytes, __rtentry2.o(.ARM.Collect$$rtentry$$0000000C))

<P><STRONG><a name="[16b]"></a>__rt_exit</STRONG> (Thumb, 0 bytes, Stack size unknown bytes, rtexit.o(.ARM.Collect$$rtexit$$00000000))
<BR><BR>[Called By]<UL><LI><a href="#[139]">&gt;&gt;</a>&nbsp;&nbsp;&nbsp;exit
</UL>

<P><STRONG><a name="[13a]"></a>__rt_exit_ls</STRONG> (Thumb, 0 bytes, Stack size unknown bytes, rtexit2.o(.ARM.Collect$$rtexit$$00000003))
<BR><BR>[Calls]<UL><LI><a href="#[13b]">&gt;&gt;</a>&nbsp;&nbsp;&nbsp;__rt_lib_shutdown
</UL>

<P><STRONG><a name="[386]"></a>__rt_exit_prels_1</STRONG> (Thumb, 0 bytes, Stack size unknown bytes, rtexit2.o(.ARM.Collect$$rtexit$$00000002))

<P><STRONG><a name="[13c]"></a>__rt_exit_exit</STRONG> (Thumb, 0 bytes, Stack size unknown bytes, rtexit2.o(.ARM.Collect$$rtexit$$00000004))
<BR><BR>[Stack]<UL><LI>Max Depth = 908 + Unknown Stack Size
<LI>Call Chain = __rt_exit_exit &rArr; _sys_exit &rArr; __rt_libc_exit &rArr; rt_thread_control &rArr; rt_thread_delete &rArr; _thread_detach &rArr; rt_mutex_drop_thread &rArr; rt_kprintf &rArr; rt_device_write &rArr; rt_assert_handler &rArr;  rt_kprintf (Cycle)
</UL>
<BR>[Calls]<UL><LI><a href="#[13d]">&gt;&gt;</a>&nbsp;&nbsp;&nbsp;_sys_exit
</UL>

<P><STRONG><a name="[8]"></a>Reset_Handler</STRONG> (Thumb, 8 bytes, Stack size 0 bytes, startup_stm32f427xx.o(.text))
<BR>[Address Reference Count : 1]<UL><LI> startup_stm32f427xx.o(RESET)
</UL>
<P><STRONG><a name="[9]"></a>NMI_Handler</STRONG> (Thumb, 2 bytes, Stack size 0 bytes, startup_stm32f427xx.o(.text))
<BR><BR>[Calls]<UL><LI><a href="#[9]">&gt;&gt;</a>&nbsp;&nbsp;&nbsp;NMI_Handler
</UL>
<BR>[Called By]<UL><LI><a href="#[9]">&gt;&gt;</a>&nbsp;&nbsp;&nbsp;NMI_Handler
</UL>
<BR>[Address Reference Count : 1]<UL><LI> startup_stm32f427xx.o(RESET)
</UL>
<P><STRONG><a name="[b]"></a>MemManage_Handler</STRONG> (Thumb, 2 bytes, Stack size 0 bytes, startup_stm32f427xx.o(.text))
<BR><BR>[Calls]<UL><LI><a href="#[b]">&gt;&gt;</a>&nbsp;&nbsp;&nbsp;MemManage_Handler
</UL>
<BR>[Called By]<UL><LI><a href="#[b]">&gt;&gt;</a>&nbsp;&nbsp;&nbsp;MemManage_Handler
</UL>
<BR>[Address Reference Count : 1]<UL><LI> startup_stm32f427xx.o(RESET)
</UL>
<P><STRONG><a name="[c]"></a>BusFault_Handler</STRONG> (Thumb, 2 bytes, Stack size 0 bytes, startup_stm32f427xx.o(.text))
<BR><BR>[Calls]<UL><LI><a href="#[c]">&gt;&gt;</a>&nbsp;&nbsp;&nbsp;BusFault_Handler
</UL>
<BR>[Called By]<UL><LI><a href="#[c]">&gt;&gt;</a>&nbsp;&nbsp;&nbsp;BusFault_Handler
</UL>
<BR>[Address Reference Count : 1]<UL><LI> startup_stm32f427xx.o(RESET)
</UL>
<P><STRONG><a name="[d]"></a>UsageFault_Handler</STRONG> (Thumb, 2 bytes, Stack size 0 bytes, startup_stm32f427xx.o(.text))
<BR><BR>[Calls]<UL><LI><a href="#[d]">&gt;&gt;</a>&nbsp;&nbsp;&nbsp;UsageFault_Handler
</UL>
<BR>[Called By]<UL><LI><a href="#[d]">&gt;&gt;</a>&nbsp;&nbsp;&nbsp;UsageFault_Handler
</UL>
<BR>[Address Reference Count : 1]<UL><LI> startup_stm32f427xx.o(RESET)
</UL>
<P><STRONG><a name="[e]"></a>SVC_Handler</STRONG> (Thumb, 2 bytes, Stack size 0 bytes, startup_stm32f427xx.o(.text))
<BR><BR>[Calls]<UL><LI><a href="#[e]">&gt;&gt;</a>&nbsp;&nbsp;&nbsp;SVC_Handler
</UL>
<BR>[Called By]<UL><LI><a href="#[e]">&gt;&gt;</a>&nbsp;&nbsp;&nbsp;SVC_Handler
</UL>
<BR>[Address Reference Count : 1]<UL><LI> startup_stm32f427xx.o(RESET)
</UL>
<P><STRONG><a name="[f]"></a>DebugMon_Handler</STRONG> (Thumb, 2 bytes, Stack size 0 bytes, startup_stm32f427xx.o(.text))
<BR><BR>[Calls]<UL><LI><a href="#[f]">&gt;&gt;</a>&nbsp;&nbsp;&nbsp;DebugMon_Handler
</UL>
<BR>[Called By]<UL><LI><a href="#[f]">&gt;&gt;</a>&nbsp;&nbsp;&nbsp;DebugMon_Handler
</UL>
<BR>[Address Reference Count : 1]<UL><LI> startup_stm32f427xx.o(RESET)
</UL>
<P><STRONG><a name="[24]"></a>ADC_IRQHandler</STRONG> (Thumb, 0 bytes, Stack size 0 bytes, startup_stm32f427xx.o(.text))
<BR><BR>[Calls]<UL><LI><a href="#[24]">&gt;&gt;</a>&nbsp;&nbsp;&nbsp;ADC_IRQHandler
</UL>
<BR>[Called By]<UL><LI><a href="#[24]">&gt;&gt;</a>&nbsp;&nbsp;&nbsp;ADC_IRQHandler
</UL>
<BR>[Address Reference Count : 1]<UL><LI> startup_stm32f427xx.o(RESET)
</UL>
<P><STRONG><a name="[60]"></a>DCMI_IRQHandler</STRONG> (Thumb, 0 bytes, Stack size 0 bytes, startup_stm32f427xx.o(.text))
<BR>[Address Reference Count : 1]<UL><LI> startup_stm32f427xx.o(RESET)
</UL>
<P><STRONG><a name="[1d]"></a>DMA1_Stream0_IRQHandler</STRONG> (Thumb, 0 bytes, Stack size 0 bytes, startup_stm32f427xx.o(.text))
<BR>[Address Reference Count : 1]<UL><LI> startup_stm32f427xx.o(RESET)
</UL>
<P><STRONG><a name="[1e]"></a>DMA1_Stream1_IRQHandler</STRONG> (Thumb, 0 bytes, Stack size 0 bytes, startup_stm32f427xx.o(.text))
<BR>[Address Reference Count : 1]<UL><LI> startup_stm32f427xx.o(RESET)
</UL>
<P><STRONG><a name="[1f]"></a>DMA1_Stream2_IRQHandler</STRONG> (Thumb, 0 bytes, Stack size 0 bytes, startup_stm32f427xx.o(.text))
<BR>[Address Reference Count : 1]<UL><LI> startup_stm32f427xx.o(RESET)
</UL>
<P><STRONG><a name="[20]"></a>DMA1_Stream3_IRQHandler</STRONG> (Thumb, 0 bytes, Stack size 0 bytes, startup_stm32f427xx.o(.text))
<BR>[Address Reference Count : 1]<UL><LI> startup_stm32f427xx.o(RESET)
</UL>
<P><STRONG><a name="[21]"></a>DMA1_Stream4_IRQHandler</STRONG> (Thumb, 0 bytes, Stack size 0 bytes, startup_stm32f427xx.o(.text))
<BR>[Address Reference Count : 1]<UL><LI> startup_stm32f427xx.o(RESET)
</UL>
<P><STRONG><a name="[22]"></a>DMA1_Stream5_IRQHandler</STRONG> (Thumb, 0 bytes, Stack size 0 bytes, startup_stm32f427xx.o(.text))
<BR>[Address Reference Count : 1]<UL><LI> startup_stm32f427xx.o(RESET)
</UL>
<P><STRONG><a name="[23]"></a>DMA1_Stream6_IRQHandler</STRONG> (Thumb, 0 bytes, Stack size 0 bytes, startup_stm32f427xx.o(.text))
<BR>[Address Reference Count : 1]<UL><LI> startup_stm32f427xx.o(RESET)
</UL>
<P><STRONG><a name="[41]"></a>DMA1_Stream7_IRQHandler</STRONG> (Thumb, 0 bytes, Stack size 0 bytes, startup_stm32f427xx.o(.text))
<BR>[Address Reference Count : 1]<UL><LI> startup_stm32f427xx.o(RESET)
</UL>
<P><STRONG><a name="[69]"></a>DMA2D_IRQHandler</STRONG> (Thumb, 0 bytes, Stack size 0 bytes, startup_stm32f427xx.o(.text))
<BR>[Address Reference Count : 1]<UL><LI> startup_stm32f427xx.o(RESET)
</UL>
<P><STRONG><a name="[4a]"></a>DMA2_Stream0_IRQHandler</STRONG> (Thumb, 0 bytes, Stack size 0 bytes, startup_stm32f427xx.o(.text))
<BR>[Address Reference Count : 1]<UL><LI> startup_stm32f427xx.o(RESET)
</UL>
<P><STRONG><a name="[4b]"></a>DMA2_Stream1_IRQHandler</STRONG> (Thumb, 0 bytes, Stack size 0 bytes, startup_stm32f427xx.o(.text))
<BR>[Address Reference Count : 1]<UL><LI> startup_stm32f427xx.o(RESET)
</UL>
<P><STRONG><a name="[4c]"></a>DMA2_Stream2_IRQHandler</STRONG> (Thumb, 0 bytes, Stack size 0 bytes, startup_stm32f427xx.o(.text))
<BR>[Address Reference Count : 1]<UL><LI> startup_stm32f427xx.o(RESET)
</UL>
<P><STRONG><a name="[4d]"></a>DMA2_Stream3_IRQHandler</STRONG> (Thumb, 0 bytes, Stack size 0 bytes, startup_stm32f427xx.o(.text))
<BR>[Address Reference Count : 1]<UL><LI> startup_stm32f427xx.o(RESET)
</UL>
<P><STRONG><a name="[4e]"></a>DMA2_Stream4_IRQHandler</STRONG> (Thumb, 0 bytes, Stack size 0 bytes, startup_stm32f427xx.o(.text))
<BR>[Address Reference Count : 1]<UL><LI> startup_stm32f427xx.o(RESET)
</UL>
<P><STRONG><a name="[56]"></a>DMA2_Stream5_IRQHandler</STRONG> (Thumb, 0 bytes, Stack size 0 bytes, startup_stm32f427xx.o(.text))
<BR>[Address Reference Count : 1]<UL><LI> startup_stm32f427xx.o(RESET)
</UL>
<P><STRONG><a name="[57]"></a>DMA2_Stream6_IRQHandler</STRONG> (Thumb, 0 bytes, Stack size 0 bytes, startup_stm32f427xx.o(.text))
<BR>[Address Reference Count : 1]<UL><LI> startup_stm32f427xx.o(RESET)
</UL>
<P><STRONG><a name="[58]"></a>DMA2_Stream7_IRQHandler</STRONG> (Thumb, 0 bytes, Stack size 0 bytes, startup_stm32f427xx.o(.text))
<BR>[Address Reference Count : 1]<UL><LI> startup_stm32f427xx.o(RESET)
</UL>
<P><STRONG><a name="[4f]"></a>ETH_IRQHandler</STRONG> (Thumb, 0 bytes, Stack size 0 bytes, startup_stm32f427xx.o(.text))
<BR>[Address Reference Count : 1]<UL><LI> startup_stm32f427xx.o(RESET)
</UL>
<P><STRONG><a name="[50]"></a>ETH_WKUP_IRQHandler</STRONG> (Thumb, 0 bytes, Stack size 0 bytes, startup_stm32f427xx.o(.text))
<BR>[Address Reference Count : 1]<UL><LI> startup_stm32f427xx.o(RESET)
</UL>
<P><STRONG><a name="[16]"></a>FLASH_IRQHandler</STRONG> (Thumb, 0 bytes, Stack size 0 bytes, startup_stm32f427xx.o(.text))
<BR>[Address Reference Count : 1]<UL><LI> startup_stm32f427xx.o(RESET)
</UL>
<P><STRONG><a name="[42]"></a>FMC_IRQHandler</STRONG> (Thumb, 0 bytes, Stack size 0 bytes, startup_stm32f427xx.o(.text))
<BR>[Address Reference Count : 1]<UL><LI> startup_stm32f427xx.o(RESET)
</UL>
<P><STRONG><a name="[62]"></a>FPU_IRQHandler</STRONG> (Thumb, 0 bytes, Stack size 0 bytes, startup_stm32f427xx.o(.text))
<BR>[Address Reference Count : 1]<UL><LI> startup_stm32f427xx.o(RESET)
</UL>
<P><STRONG><a name="[61]"></a>HASH_RNG_IRQHandler</STRONG> (Thumb, 0 bytes, Stack size 0 bytes, startup_stm32f427xx.o(.text))
<BR>[Address Reference Count : 1]<UL><LI> startup_stm32f427xx.o(RESET)
</UL>
<P><STRONG><a name="[32]"></a>I2C1_ER_IRQHandler</STRONG> (Thumb, 0 bytes, Stack size 0 bytes, startup_stm32f427xx.o(.text))
<BR>[Address Reference Count : 1]<UL><LI> startup_stm32f427xx.o(RESET)
</UL>
<P><STRONG><a name="[31]"></a>I2C1_EV_IRQHandler</STRONG> (Thumb, 0 bytes, Stack size 0 bytes, startup_stm32f427xx.o(.text))
<BR>[Address Reference Count : 1]<UL><LI> startup_stm32f427xx.o(RESET)
</UL>
<P><STRONG><a name="[34]"></a>I2C2_ER_IRQHandler</STRONG> (Thumb, 0 bytes, Stack size 0 bytes, startup_stm32f427xx.o(.text))
<BR>[Address Reference Count : 1]<UL><LI> startup_stm32f427xx.o(RESET)
</UL>
<P><STRONG><a name="[33]"></a>I2C2_EV_IRQHandler</STRONG> (Thumb, 0 bytes, Stack size 0 bytes, startup_stm32f427xx.o(.text))
<BR>[Address Reference Count : 1]<UL><LI> startup_stm32f427xx.o(RESET)
</UL>
<P><STRONG><a name="[5b]"></a>I2C3_ER_IRQHandler</STRONG> (Thumb, 0 bytes, Stack size 0 bytes, startup_stm32f427xx.o(.text))
<BR>[Address Reference Count : 1]<UL><LI> startup_stm32f427xx.o(RESET)
</UL>
<P><STRONG><a name="[5a]"></a>I2C3_EV_IRQHandler</STRONG> (Thumb, 0 bytes, Stack size 0 bytes, startup_stm32f427xx.o(.text))
<BR>[Address Reference Count : 1]<UL><LI> startup_stm32f427xx.o(RESET)
</UL>
<P><STRONG><a name="[55]"></a>OTG_FS_IRQHandler</STRONG> (Thumb, 0 bytes, Stack size 0 bytes, startup_stm32f427xx.o(.text))
<BR>[Address Reference Count : 1]<UL><LI> startup_stm32f427xx.o(RESET)
</UL>
<P><STRONG><a name="[3c]"></a>OTG_FS_WKUP_IRQHandler</STRONG> (Thumb, 0 bytes, Stack size 0 bytes, startup_stm32f427xx.o(.text))
<BR>[Address Reference Count : 1]<UL><LI> startup_stm32f427xx.o(RESET)
</UL>
<P><STRONG><a name="[5d]"></a>OTG_HS_EP1_IN_IRQHandler</STRONG> (Thumb, 0 bytes, Stack size 0 bytes, startup_stm32f427xx.o(.text))
<BR>[Address Reference Count : 1]<UL><LI> startup_stm32f427xx.o(RESET)
</UL>
<P><STRONG><a name="[5c]"></a>OTG_HS_EP1_OUT_IRQHandler</STRONG> (Thumb, 0 bytes, Stack size 0 bytes, startup_stm32f427xx.o(.text))
<BR>[Address Reference Count : 1]<UL><LI> startup_stm32f427xx.o(RESET)
</UL>
<P><STRONG><a name="[5f]"></a>OTG_HS_IRQHandler</STRONG> (Thumb, 0 bytes, Stack size 0 bytes, startup_stm32f427xx.o(.text))
<BR>[Address Reference Count : 1]<UL><LI> startup_stm32f427xx.o(RESET)
</UL>
<P><STRONG><a name="[5e]"></a>OTG_HS_WKUP_IRQHandler</STRONG> (Thumb, 0 bytes, Stack size 0 bytes, startup_stm32f427xx.o(.text))
<BR>[Address Reference Count : 1]<UL><LI> startup_stm32f427xx.o(RESET)
</UL>
<P><STRONG><a name="[13]"></a>PVD_IRQHandler</STRONG> (Thumb, 0 bytes, Stack size 0 bytes, startup_stm32f427xx.o(.text))
<BR>[Address Reference Count : 1]<UL><LI> startup_stm32f427xx.o(RESET)
</UL>
<P><STRONG><a name="[17]"></a>RCC_IRQHandler</STRONG> (Thumb, 0 bytes, Stack size 0 bytes, startup_stm32f427xx.o(.text))
<BR>[Address Reference Count : 1]<UL><LI> startup_stm32f427xx.o(RESET)
</UL>
<P><STRONG><a name="[3b]"></a>RTC_Alarm_IRQHandler</STRONG> (Thumb, 0 bytes, Stack size 0 bytes, startup_stm32f427xx.o(.text))
<BR>[Address Reference Count : 1]<UL><LI> startup_stm32f427xx.o(RESET)
</UL>
<P><STRONG><a name="[15]"></a>RTC_WKUP_IRQHandler</STRONG> (Thumb, 0 bytes, Stack size 0 bytes, startup_stm32f427xx.o(.text))
<BR>[Address Reference Count : 1]<UL><LI> startup_stm32f427xx.o(RESET)
</UL>
<P><STRONG><a name="[68]"></a>SAI1_IRQHandler</STRONG> (Thumb, 0 bytes, Stack size 0 bytes, startup_stm32f427xx.o(.text))
<BR>[Address Reference Count : 1]<UL><LI> startup_stm32f427xx.o(RESET)
</UL>
<P><STRONG><a name="[43]"></a>SDIO_IRQHandler</STRONG> (Thumb, 0 bytes, Stack size 0 bytes, startup_stm32f427xx.o(.text))
<BR>[Address Reference Count : 1]<UL><LI> startup_stm32f427xx.o(RESET)
</UL>
<P><STRONG><a name="[35]"></a>SPI1_IRQHandler</STRONG> (Thumb, 0 bytes, Stack size 0 bytes, startup_stm32f427xx.o(.text))
<BR>[Address Reference Count : 1]<UL><LI> startup_stm32f427xx.o(RESET)
</UL>
<P><STRONG><a name="[36]"></a>SPI2_IRQHandler</STRONG> (Thumb, 0 bytes, Stack size 0 bytes, startup_stm32f427xx.o(.text))
<BR>[Address Reference Count : 1]<UL><LI> startup_stm32f427xx.o(RESET)
</UL>
<P><STRONG><a name="[45]"></a>SPI3_IRQHandler</STRONG> (Thumb, 0 bytes, Stack size 0 bytes, startup_stm32f427xx.o(.text))
<BR>[Address Reference Count : 1]<UL><LI> startup_stm32f427xx.o(RESET)
</UL>
<P><STRONG><a name="[65]"></a>SPI4_IRQHandler</STRONG> (Thumb, 0 bytes, Stack size 0 bytes, startup_stm32f427xx.o(.text))
<BR>[Address Reference Count : 1]<UL><LI> startup_stm32f427xx.o(RESET)
</UL>
<P><STRONG><a name="[66]"></a>SPI5_IRQHandler</STRONG> (Thumb, 0 bytes, Stack size 0 bytes, startup_stm32f427xx.o(.text))
<BR>[Address Reference Count : 1]<UL><LI> startup_stm32f427xx.o(RESET)
</UL>
<P><STRONG><a name="[67]"></a>SPI6_IRQHandler</STRONG> (Thumb, 0 bytes, Stack size 0 bytes, startup_stm32f427xx.o(.text))
<BR>[Address Reference Count : 1]<UL><LI> startup_stm32f427xx.o(RESET)
</UL>
<P><STRONG><a name="[14]"></a>TAMP_STAMP_IRQHandler</STRONG> (Thumb, 0 bytes, Stack size 0 bytes, startup_stm32f427xx.o(.text))
<BR>[Address Reference Count : 1]<UL><LI> startup_stm32f427xx.o(RESET)
</UL>
<P><STRONG><a name="[2a]"></a>TIM1_BRK_TIM9_IRQHandler</STRONG> (Thumb, 0 bytes, Stack size 0 bytes, startup_stm32f427xx.o(.text))
<BR>[Address Reference Count : 1]<UL><LI> startup_stm32f427xx.o(RESET)
</UL>
<P><STRONG><a name="[2d]"></a>TIM1_CC_IRQHandler</STRONG> (Thumb, 0 bytes, Stack size 0 bytes, startup_stm32f427xx.o(.text))
<BR>[Address Reference Count : 1]<UL><LI> startup_stm32f427xx.o(RESET)
</UL>
<P><STRONG><a name="[2c]"></a>TIM1_TRG_COM_TIM11_IRQHandler</STRONG> (Thumb, 0 bytes, Stack size 0 bytes, startup_stm32f427xx.o(.text))
<BR>[Address Reference Count : 1]<UL><LI> startup_stm32f427xx.o(RESET)
</UL>
<P><STRONG><a name="[2b]"></a>TIM1_UP_TIM10_IRQHandler</STRONG> (Thumb, 0 bytes, Stack size 0 bytes, startup_stm32f427xx.o(.text))
<BR>[Address Reference Count : 1]<UL><LI> startup_stm32f427xx.o(RESET)
</UL>
<P><STRONG><a name="[2e]"></a>TIM2_IRQHandler</STRONG> (Thumb, 0 bytes, Stack size 0 bytes, startup_stm32f427xx.o(.text))
<BR>[Address Reference Count : 1]<UL><LI> startup_stm32f427xx.o(RESET)
</UL>
<P><STRONG><a name="[2f]"></a>TIM3_IRQHandler</STRONG> (Thumb, 0 bytes, Stack size 0 bytes, startup_stm32f427xx.o(.text))
<BR>[Address Reference Count : 1]<UL><LI> startup_stm32f427xx.o(RESET)
</UL>
<P><STRONG><a name="[30]"></a>TIM4_IRQHandler</STRONG> (Thumb, 0 bytes, Stack size 0 bytes, startup_stm32f427xx.o(.text))
<BR>[Address Reference Count : 1]<UL><LI> startup_stm32f427xx.o(RESET)
</UL>
<P><STRONG><a name="[44]"></a>TIM5_IRQHandler</STRONG> (Thumb, 0 bytes, Stack size 0 bytes, startup_stm32f427xx.o(.text))
<BR>[Address Reference Count : 1]<UL><LI> startup_stm32f427xx.o(RESET)
</UL>
<P><STRONG><a name="[48]"></a>TIM6_DAC_IRQHandler</STRONG> (Thumb, 0 bytes, Stack size 0 bytes, startup_stm32f427xx.o(.text))
<BR>[Address Reference Count : 1]<UL><LI> startup_stm32f427xx.o(RESET)
</UL>
<P><STRONG><a name="[49]"></a>TIM7_IRQHandler</STRONG> (Thumb, 0 bytes, Stack size 0 bytes, startup_stm32f427xx.o(.text))
<BR>[Address Reference Count : 1]<UL><LI> startup_stm32f427xx.o(RESET)
</UL>
<P><STRONG><a name="[3d]"></a>TIM8_BRK_TIM12_IRQHandler</STRONG> (Thumb, 0 bytes, Stack size 0 bytes, startup_stm32f427xx.o(.text))
<BR>[Address Reference Count : 1]<UL><LI> startup_stm32f427xx.o(RESET)
</UL>
<P><STRONG><a name="[40]"></a>TIM8_CC_IRQHandler</STRONG> (Thumb, 0 bytes, Stack size 0 bytes, startup_stm32f427xx.o(.text))
<BR>[Address Reference Count : 1]<UL><LI> startup_stm32f427xx.o(RESET)
</UL>
<P><STRONG><a name="[3f]"></a>TIM8_TRG_COM_TIM14_IRQHandler</STRONG> (Thumb, 0 bytes, Stack size 0 bytes, startup_stm32f427xx.o(.text))
<BR>[Address Reference Count : 1]<UL><LI> startup_stm32f427xx.o(RESET)
</UL>
<P><STRONG><a name="[3e]"></a>TIM8_UP_TIM13_IRQHandler</STRONG> (Thumb, 0 bytes, Stack size 0 bytes, startup_stm32f427xx.o(.text))
<BR>[Address Reference Count : 1]<UL><LI> startup_stm32f427xx.o(RESET)
</UL>
<P><STRONG><a name="[46]"></a>UART4_IRQHandler</STRONG> (Thumb, 0 bytes, Stack size 0 bytes, startup_stm32f427xx.o(.text))
<BR>[Address Reference Count : 1]<UL><LI> startup_stm32f427xx.o(RESET)
</UL>
<P><STRONG><a name="[47]"></a>UART5_IRQHandler</STRONG> (Thumb, 0 bytes, Stack size 0 bytes, startup_stm32f427xx.o(.text))
<BR>[Address Reference Count : 1]<UL><LI> startup_stm32f427xx.o(RESET)
</UL>
<P><STRONG><a name="[38]"></a>USART2_IRQHandler</STRONG> (Thumb, 0 bytes, Stack size 0 bytes, startup_stm32f427xx.o(.text))
<BR>[Address Reference Count : 1]<UL><LI> startup_stm32f427xx.o(RESET)
</UL>
<P><STRONG><a name="[12]"></a>WWDG_IRQHandler</STRONG> (Thumb, 0 bytes, Stack size 0 bytes, startup_stm32f427xx.o(.text))
<BR>[Address Reference Count : 1]<UL><LI> startup_stm32f427xx.o(RESET)
</UL>
<P><STRONG><a name="[161]"></a>__user_initial_stackheap</STRONG> (Thumb, 0 bytes, Stack size unknown bytes, startup_stm32f427xx.o(.text))
<BR><BR>[Called By]<UL><LI><a href="#[134]">&gt;&gt;</a>&nbsp;&nbsp;&nbsp;__user_setup_stackheap
</UL>

<P><STRONG><a name="[1ba]"></a>rt_hw_interrupt_disable</STRONG> (Thumb, 8 bytes, Stack size 0 bytes, context_rvds.o(.text))
<BR><BR>[Called By]<UL><LI><a href="#[181]">&gt;&gt;</a>&nbsp;&nbsp;&nbsp;rt_sem_release
<LI><a href="#[229]">&gt;&gt;</a>&nbsp;&nbsp;&nbsp;rt_timer_detach
<LI><a href="#[2f4]">&gt;&gt;</a>&nbsp;&nbsp;&nbsp;rt_rbb_blk_free
<LI><a href="#[2f5]">&gt;&gt;</a>&nbsp;&nbsp;&nbsp;rt_rbb_blk_get
<LI><a href="#[266]">&gt;&gt;</a>&nbsp;&nbsp;&nbsp;rt_rbb_blk_alloc
<LI><a href="#[212]">&gt;&gt;</a>&nbsp;&nbsp;&nbsp;rt_exit_critical
<LI><a href="#[220]">&gt;&gt;</a>&nbsp;&nbsp;&nbsp;rt_schedule
[...]
<LI><a href="#[229]">&gt;&gt;</a>&nbsp;&nbsp;&nbsp;rt_timer_detach
<LI><a href="#[21b]">&gt;&gt;</a>&nbsp;&nbsp;&nbsp;rt_object_get_type
<LI><a href="#[1ba]">&gt;&gt;</a>&nbsp;&nbsp;&nbsp;rt_hw_interrupt_disable
<LI><a href="#[1bb]">&gt;&gt;</a>&nbsp;&nbsp;&nbsp;rt_hw_interrupt_enable
<LI><a href="#[20a]">&gt;&gt;</a>&nbsp;&nbsp;&nbsp;rt_enter_critical
<LI><a href="#[22c]">&gt;&gt;</a>&nbsp;&nbsp;&nbsp;rt_thread_defunct_enqueue
<LI><a href="#[22d]">&gt;&gt;</a>&nbsp;&nbsp;&nbsp;rt_exit_critical_safe
<LI><a href="#[228]">&gt;&gt;</a>&nbsp;&nbsp;&nbsp;rt_sched_remove_thread
<LI><a href="#[22a]">&gt;&gt;</a>&nbsp;&nbsp;&nbsp;rt_sched_thread_close
<LI><a href="#[227]">&gt;&gt;</a>&nbsp;&nbsp;&nbsp;rt_sched_thread_get_stat
<LI><a href="#[22b]">&gt;&gt;</a>&nbsp;&nbsp;&nbsp;rt_mutex_drop_thread
<LI><a href="#[211]">&gt;&gt;</a>&nbsp;&nbsp;&nbsp;rt_sched_unlock
<LI><a href="#[20c]">&gt;&gt;</a>&nbsp;&nbsp;&nbsp;rt_sched_lock
</UL>
<BR>[Called By]<UL><LI><a href="#[30b]">&gt;&gt;</a>&nbsp;&nbsp;&nbsp;rt_thread_delete
<LI><a href="#[309]">&gt;&gt;</a>&nbsp;&nbsp;&nbsp;rt_thread_detach
</UL>

<P><STRONG><a name="[22e]"></a>_thread_sleep</STRONG> (Thumb, 352 bytes, Stack size 32 bytes, thread.o(.text._thread_sleep))
<BR><BR>[Stack]<UL><LI>Max Depth = 836 + Unknown Stack Size
<LI>Call Chain = _thread_sleep &rArr; rt_exit_critical_safe &rArr; rt_kprintf &rArr; rt_device_write &rArr; rt_assert_handler &rArr;  rt_kprintf (Cycle)
</UL>
<BR>[Calls]<UL><LI><a href="#[1a7]">&gt;&gt;</a>&nbsp;&nbsp;&nbsp;rt_assert_handler
<LI><a href="#[216]">&gt;&gt;</a>&nbsp;&nbsp;&nbsp;rt_kprintf
<LI><a href="#[21c]">&gt;&gt;</a>&nbsp;&nbsp;&nbsp;rt_thread_suspend_to_list
<LI><a href="#[220]">&gt;&gt;</a>&nbsp;&nbsp;&nbsp;rt_schedule
<LI><a href="#[21e]">&gt;&gt;</a>&nbsp;&nbsp;&nbsp;rt_timer_control
<LI><a href="#[21a]">&gt;&gt;</a>&nbsp;&nbsp;&nbsp;rt_interrupt_get_nest
<LI><a href="#[219]">&gt;&gt;</a>&nbsp;&nbsp;&nbsp;rt_critical_level
<LI><a href="#[218]">&gt;&gt;</a>&nbsp;&nbsp;&nbsp;rt_hw_interrupt_is_disabled
<LI><a href="#[21b]">&gt;&gt;</a>&nbsp;&nbsp;&nbsp;rt_object_get_type
<LI><a href="#[21f]">&gt;&gt;</a>&nbsp;&nbsp;&nbsp;rt_timer_start
<LI><a href="#[20a]">&gt;&gt;</a>&nbsp;&nbsp;&nbsp;rt_enter_critical
<LI><a href="#[22d]">&gt;&gt;</a>&nbsp;&nbsp;&nbsp;rt_exit_critical_safe
</UL>
<BR>[Called By]<UL><LI><a href="#[247]">&gt;&gt;</a>&nbsp;&nbsp;&nbsp;rt_thread_delay
<LI><a href="#[246]">&gt;&gt;</a>&nbsp;&nbsp;&nbsp;rt_thread_mdelay
</UL>

<P><STRONG><a name="[be]"></a>_timer_thread_entry</STRONG> (Thumb, 426 bytes, Stack size 16 bytes, timer.o(.text._timer_thread_entry))
<BR><BR>[Stack]<UL><LI>Max Depth = 828 + Unknown Stack Size
<LI>Call Chain = _timer_thread_entry &rArr; rt_sem_take &rArr; _rt_sem_take &rArr; rt_kprintf &rArr; rt_device_write &rArr; rt_assert_handler &rArr;  rt_kprintf (Cycle)
</UL>
<BR>[Calls]<UL><LI><a href="#[233]">&gt;&gt;</a>&nbsp;&nbsp;&nbsp;rt_sem_take
<LI><a href="#[1ba]">&gt;&gt;</a>&nbsp;&nbsp;&nbsp;rt_hw_interrupt_disable
<LI><a href="#[1bb]">&gt;&gt;</a>&nbsp;&nbsp;&nbsp;rt_hw_interrupt_enable
<LI><a href="#[232]">&gt;&gt;</a>&nbsp;&nbsp;&nbsp;rt_tick_get
<LI><a href="#[231]">&gt;&gt;</a>&nbsp;&nbsp;&nbsp;rt_sem_control
</UL>
<BR>[Address Reference Count : 1]<UL><LI> timer.o(.text.rt_system_timer_thread_init)
</UL>
<P><STRONG><a name="[bf]"></a>timeout</STRONG> (Thumb, 2 bytes, Stack size 0 bytes, timer.o(.text.timeout))
<BR>[Address Reference Count : 1]<UL><LI> timer.o(.text.rt_system_timer_thread_init)
</UL>
<P><STRONG><a name="[1af]"></a>UART_SetConfig</STRONG> (Thumb, 234 bytes, Stack size 8 bytes, stm32f4xx_hal_uart.o(.text.UART_SetConfig))
<BR><BR>[Stack]<UL><LI>Max Depth = 56<LI>Call Chain = UART_SetConfig &rArr; __aeabi_uldivmod
</UL>
<BR>[Calls]<UL><LI><a href="#[1c5]">&gt;&gt;</a>&nbsp;&nbsp;&nbsp;HAL_RCC_GetPCLK1Freq
<LI><a href="#[1c4]">&gt;&gt;</a>&nbsp;&nbsp;&nbsp;HAL_RCC_GetPCLK2Freq
<LI><a href="#[141]">&gt;&gt;</a>&nbsp;&nbsp;&nbsp;__aeabi_uldivmod
</UL>
<BR>[Called By]<UL><LI><a href="#[1ad]">&gt;&gt;</a>&nbsp;&nbsp;&nbsp;HAL_UART_Init
</UL>

<P><STRONG><a name="[80]"></a>UART_DMATransmitCplt</STRONG> (Thumb, 62 bytes, Stack size 0 bytes, stm32f4xx_hal_uart.o(.text.UART_DMATransmitCplt))
<BR><BR>[Stack]<UL><LI>Max Depth = 828 + Unknown Stack Size
<LI>Call Chain = UART_DMATransmitCplt &rArr; HAL_UART_TxCpltCallback &rArr; rt_hw_serial_isr &rArr; rt_completion_done &rArr; rt_thread_resume &rArr; rt_assert_handler &rArr;  rt_kprintf (Cycle)
</UL>
<BR>[Calls]<UL><LI><a href="#[1aa]">&gt;&gt;</a>&nbsp;&nbsp;&nbsp;HAL_UART_TxCpltCallback
</UL>
<BR>[Address Reference Count : 1]<UL><LI> stm32f4xx_hal_uart.o(.text.HAL_UART_Transmit_DMA)
</UL>
<P><STRONG><a name="[81]"></a>UART_DMATxHalfCplt</STRONG> (Thumb, 6 bytes, Stack size 0 bytes, stm32f4xx_hal_uart.o(.text.UART_DMATxHalfCplt))
<BR><BR>[Calls]<UL><LI><a href="#[1c3]">&gt;&gt;</a>&nbsp;&nbsp;&nbsp;HAL_UART_TxHalfCpltCallback
</UL>
<BR>[Address Reference Count : 1]<UL><LI> stm32f4xx_hal_uart.o(.text.HAL_UART_Transmit_DMA)
</UL>
<P><STRONG><a name="[7f]"></a>UART_DMAError</STRONG> (Thumb, 162 bytes, Stack size 0 bytes, stm32f4xx_hal_uart.o(.text.UART_DMAError))
<BR><BR>[Stack]<UL><LI>Max Depth = 740 + Unknown Stack Size
<LI>Call Chain = UART_DMAError &rArr; HAL_UART_ErrorCallback &rArr; rt_assert_handler &rArr;  rt_kprintf (Cycle)
</UL>
<BR>[Calls]<UL><LI><a href="#[1a6]">&gt;&gt;</a>&nbsp;&nbsp;&nbsp;HAL_UART_ErrorCallback
</UL>
<BR>[Address Reference Count : 2]<UL><LI> stm32f4xx_hal_uart.o(.text.HAL_UART_Transmit_DMA)
<LI> stm32f4xx_hal_uart.o(.text.HAL_UART_Receive_DMA)
</UL>
<P><STRONG><a name="[7d]"></a>UART_DMAReceiveCplt</STRONG> (Thumb, 124 bytes, Stack size 0 bytes, stm32f4xx_hal_uart.o(.text.UART_DMAReceiveCplt))
<BR><BR>[Stack]<UL><LI>Max Depth = 820 + Unknown Stack Size
<LI>Call Chain = UART_DMAReceiveCplt &rArr; HAL_UART_RxCpltCallback &rArr; rt_hw_serial_isr &rArr; rt_completion_done &rArr; rt_thread_resume &rArr; rt_assert_handler &rArr;  rt_kprintf (Cycle)
</UL>
<BR>[Calls]<UL><LI><a href="#[1b6]">&gt;&gt;</a>&nbsp;&nbsp;&nbsp;HAL_UART_RxCpltCallback
<LI><a href="#[1ac]">&gt;&gt;</a>&nbsp;&nbsp;&nbsp;HAL_UARTEx_RxEventCallback
</UL>
<BR>[Address Reference Count : 1]<UL><LI> stm32f4xx_hal_uart.o(.text.HAL_UART_Receive_DMA)
</UL>
<P><STRONG><a name="[7e]"></a>UART_DMARxHalfCplt</STRONG> (Thumb, 20 bytes, Stack size 0 bytes, stm32f4xx_hal_uart.o(.text.UART_DMARxHalfCplt))
<BR><BR>[Stack]<UL><LI>Max Depth = 820 + Unknown Stack Size
<LI>Call Chain = UART_DMARxHalfCplt &rArr; HAL_UART_RxHalfCpltCallback &rArr; rt_hw_serial_isr &rArr; rt_completion_done &rArr; rt_thread_resume &rArr; rt_assert_handler &rArr;  rt_kprintf (Cycle)
</UL>
<BR>[Calls]<UL><LI><a href="#[1b8]">&gt;&gt;</a>&nbsp;&nbsp;&nbsp;HAL_UART_RxHalfCpltCallback
<LI><a href="#[1ac]">&gt;&gt;</a>&nbsp;&nbsp;&nbsp;HAL_UARTEx_RxEventCallback
</UL>
<BR>[Address Reference Count : 1]<UL><LI> stm32f4xx_hal_uart.o(.text.HAL_UART_Receive_DMA)
</UL>
<P><STRONG><a name="[1a9]"></a>UART_Receive_IT</STRONG> (Thumb, 190 bytes, Stack size 4 bytes, stm32f4xx_hal_uart.o(.text.UART_Receive_IT))
<BR><BR>[Stack]<UL><LI>Max Depth = 824 + Unknown Stack Size
<LI>Call Chain = UART_Receive_IT &rArr; HAL_UART_RxCpltCallback &rArr; rt_hw_serial_isr &rArr; rt_completion_done &rArr; rt_thread_resume &rArr; rt_assert_handler &rArr;  rt_kprintf (Cycle)
</UL>
<BR>[Calls]<UL><LI><a href="#[1b6]">&gt;&gt;</a>&nbsp;&nbsp;&nbsp;HAL_UART_RxCpltCallback
<LI><a href="#[1ac]">&gt;&gt;</a>&nbsp;&nbsp;&nbsp;HAL_UARTEx_RxEventCallback
</UL>
<BR>[Called By]<UL><LI><a href="#[1a8]">&gt;&gt;</a>&nbsp;&nbsp;&nbsp;HAL_UART_IRQHandler
</UL>

<P><STRONG><a name="[7c]"></a>UART_DMAAbortOnError</STRONG> (Thumb, 12 bytes, Stack size 0 bytes, stm32f4xx_hal_uart.o(.text.UART_DMAAbortOnError))
<BR><BR>[Stack]<UL><LI>Max Depth = 740 + Unknown Stack Size
<LI>Call Chain = UART_DMAAbortOnError &rArr; HAL_UART_ErrorCallback &rArr; rt_assert_handler &rArr;  rt_kprintf (Cycle)
</UL>
<BR>[Calls]<UL><LI><a href="#[1a6]">&gt;&gt;</a>&nbsp;&nbsp;&nbsp;HAL_UART_ErrorCallback
</UL>
<BR>[Address Reference Count : 1]<UL><LI> stm32f4xx_hal_uart.o(.text.HAL_UART_IRQHandler)
</UL>
<P><STRONG><a name="[f8]"></a>_perf_counter_init</STRONG> (Thumb, 44 bytes, Stack size 16 bytes, perf_os_patch_rt_thread.o(.text._perf_counter_init))
<BR><BR>[Stack]<UL><LI>Max Depth = 704 + Unknown Stack Size
<LI>Call Chain = _perf_counter_init &rArr; ulog_output &rArr; ulog_voutput &rArr;  rt_assert_handler (Cycle)
</UL>
<BR>[Calls]<UL><LI><a href="#[187]">&gt;&gt;</a>&nbsp;&nbsp;&nbsp;ulog_output
<LI><a href="#[213]">&gt;&gt;</a>&nbsp;&nbsp;&nbsp;init_cycle_counter
</UL>
<BR>[Address Reference Count : 1]<UL><LI> perf_os_patch_rt_thread.o(.rti_fn.2)
</UL>
<P><STRONG><a name="[2c0]"></a>print_floating_point</STRONG> (Thumb, 336 bytes, Stack size 136 bytes, rt_vsnprintf.o(.text.print_floating_point))
<BR><BR>[Stack]<UL><LI>Max Depth = 440<LI>Call Chain = print_floating_point &rArr; print_exponential_number &rArr; print_integer &rArr; __aeabi_uldivmod
</UL>
<BR>[Calls]<UL><LI><a href="#[2bd]">&gt;&gt;</a>&nbsp;&nbsp;&nbsp;print_exponential_number
<LI><a href="#[2bb]">&gt;&gt;</a>&nbsp;&nbsp;&nbsp;print_broken_up_decimal
<LI><a href="#[281]">&gt;&gt;</a>&nbsp;&nbsp;&nbsp;get_components
<LI><a href="#[2bc]">&gt;&gt;</a>&nbsp;&nbsp;&nbsp;out_rev_
<LI><a href="#[1d6]">&gt;&gt;</a>&nbsp;&nbsp;&nbsp;__aeabi_dcmple
<LI><a href="#[1d7]">&gt;&gt;</a>&nbsp;&nbsp;&nbsp;__aeabi_dcmpge
<LI><a href="#[284]">&gt;&gt;</a>&nbsp;&nbsp;&nbsp;__aeabi_dcmpgt
<LI><a href="#[154]">&gt;&gt;</a>&nbsp;&nbsp;&nbsp;__aeabi_memset4
</UL>
<BR>[Called By]<UL><LI><a href="#[2ea]">&gt;&gt;</a>&nbsp;&nbsp;&nbsp;rt_vsnprintf
</UL>

<P><STRONG><a name="[2bf]"></a>print_integer</STRONG> (Thumb, 480 bytes, Stack size 80 bytes, rt_vsnprintf.o(.text.print_integer))
<BR><BR>[Stack]<UL><LI>Max Depth = 128<LI>Call Chain = print_integer &rArr; __aeabi_uldivmod
</UL>
<BR>[Calls]<UL><LI><a href="#[2bc]">&gt;&gt;</a>&nbsp;&nbsp;&nbsp;out_rev_
<LI><a href="#[152]">&gt;&gt;</a>&nbsp;&nbsp;&nbsp;__aeabi_memset
<LI><a href="#[141]">&gt;&gt;</a>&nbsp;&nbsp;&nbsp;__aeabi_uldivmod
</UL>
<BR>[Called By]<UL><LI><a href="#[2ea]">&gt;&gt;</a>&nbsp;&nbsp;&nbsp;rt_vsnprintf
<LI><a href="#[2bd]">&gt;&gt;</a>&nbsp;&nbsp;&nbsp;print_exponential_number
</UL>

<P><STRONG><a name="[2bc]"></a>out_rev_</STRONG> (Thumb, 192 bytes, Stack size 40 bytes, rt_vsnprintf.o(.text.out_rev_))
<BR><BR>[Stack]<UL><LI>Max Depth = 40<LI>Call Chain = out_rev_
</UL>
<BR>[Called By]<UL><LI><a href="#[2bb]">&gt;&gt;</a>&nbsp;&nbsp;&nbsp;print_broken_up_decimal
<LI><a href="#[2bf]">&gt;&gt;</a>&nbsp;&nbsp;&nbsp;print_integer
<LI><a href="#[2c0]">&gt;&gt;</a>&nbsp;&nbsp;&nbsp;print_floating_point
</UL>

<P><STRONG><a name="[281]"></a>get_components</STRONG> (Thumb, 336 bytes, Stack size 80 bytes, rt_vsnprintf.o(.text.get_components))
<BR><BR>[Stack]<UL><LI>Max Depth = 112<LI>Call Chain = get_components &rArr; __aeabi_dmul
</UL>
<BR>[Calls]<UL><LI><a href="#[1e3]">&gt;&gt;</a>&nbsp;&nbsp;&nbsp;__aeabi_dmul
<LI><a href="#[283]">&gt;&gt;</a>&nbsp;&nbsp;&nbsp;__aeabi_l2d
<LI><a href="#[282]">&gt;&gt;</a>&nbsp;&nbsp;&nbsp;__aeabi_d2lz
<LI><a href="#[286]">&gt;&gt;</a>&nbsp;&nbsp;&nbsp;__aeabi_dcmplt
<LI><a href="#[1d6]">&gt;&gt;</a>&nbsp;&nbsp;&nbsp;__aeabi_dcmple
<LI><a href="#[284]">&gt;&gt;</a>&nbsp;&nbsp;&nbsp;__aeabi_dcmpgt
<LI><a href="#[285]">&gt;&gt;</a>&nbsp;&nbsp;&nbsp;__aeabi_dcmpeq
<LI><a href="#[1e7]">&gt;&gt;</a>&nbsp;&nbsp;&nbsp;__aeabi_dsub
</UL>
<BR>[Called By]<UL><LI><a href="#[2bd]">&gt;&gt;</a>&nbsp;&nbsp;&nbsp;print_exponential_number
<LI><a href="#[2c0]">&gt;&gt;</a>&nbsp;&nbsp;&nbsp;print_floating_point
</UL>

<P><STRONG><a name="[2bb]"></a>print_broken_up_decimal</STRONG> (Thumb, 538 bytes, Stack size 40 bytes, rt_vsnprintf.o(.text.print_broken_up_decimal))
<BR><BR>[Stack]<UL><LI>Max Depth = 80<LI>Call Chain = print_broken_up_decimal &rArr; out_rev_
</UL>
<BR>[Calls]<UL><LI><a href="#[2bc]">&gt;&gt;</a>&nbsp;&nbsp;&nbsp;out_rev_
<LI><a href="#[152]">&gt;&gt;</a>&nbsp;&nbsp;&nbsp;__aeabi_memset
<LI><a href="#[2ab]">&gt;&gt;</a>&nbsp;&nbsp;&nbsp;__aeabi_ldivmod
</UL>
<BR>[Called By]<UL><LI><a href="#[2bd]">&gt;&gt;</a>&nbsp;&nbsp;&nbsp;print_exponential_number
<LI><a href="#[2c0]">&gt;&gt;</a>&nbsp;&nbsp;&nbsp;print_floating_point
</UL>

<P><STRONG><a name="[2bd]"></a>print_exponential_number</STRONG> (Thumb, 2016 bytes, Stack size 176 bytes, rt_vsnprintf.o(.text.print_exponential_number))
<BR><BR>[Stack]<UL><LI>Max Depth = 304<LI>Call Chain = print_exponential_number &rArr; print_integer &rArr; __aeabi_uldivmod
</UL>
<BR>[Calls]<UL><LI><a href="#[2bb]">&gt;&gt;</a>&nbsp;&nbsp;&nbsp;print_broken_up_decimal
<LI><a href="#[281]">&gt;&gt;</a>&nbsp;&nbsp;&nbsp;get_components
<LI><a href="#[2bf]">&gt;&gt;</a>&nbsp;&nbsp;&nbsp;print_integer
<LI><a href="#[1e3]">&gt;&gt;</a>&nbsp;&nbsp;&nbsp;__aeabi_dmul
<LI><a href="#[283]">&gt;&gt;</a>&nbsp;&nbsp;&nbsp;__aeabi_l2d
<LI><a href="#[1e1]">&gt;&gt;</a>&nbsp;&nbsp;&nbsp;__aeabi_i2d
<LI><a href="#[282]">&gt;&gt;</a>&nbsp;&nbsp;&nbsp;__aeabi_d2lz
<LI><a href="#[2be]">&gt;&gt;</a>&nbsp;&nbsp;&nbsp;__aeabi_d2iz
<LI><a href="#[1e2]">&gt;&gt;</a>&nbsp;&nbsp;&nbsp;__aeabi_ddiv
<LI><a href="#[286]">&gt;&gt;</a>&nbsp;&nbsp;&nbsp;__aeabi_dcmplt
<LI><a href="#[1d6]">&gt;&gt;</a>&nbsp;&nbsp;&nbsp;__aeabi_dcmple
<LI><a href="#[1d7]">&gt;&gt;</a>&nbsp;&nbsp;&nbsp;__aeabi_dcmpge
<LI><a href="#[284]">&gt;&gt;</a>&nbsp;&nbsp;&nbsp;__aeabi_dcmpgt
<LI><a href="#[285]">&gt;&gt;</a>&nbsp;&nbsp;&nbsp;__aeabi_dcmpeq
<LI><a href="#[1e7]">&gt;&gt;</a>&nbsp;&nbsp;&nbsp;__aeabi_dsub
<LI><a href="#[1e4]">&gt;&gt;</a>&nbsp;&nbsp;&nbsp;__aeabi_dadd
</UL>
<BR>[Called By]<UL><LI><a href="#[2c0]">&gt;&gt;</a>&nbsp;&nbsp;&nbsp;print_floating_point
</UL>

<P><STRONG><a name="[84]"></a>rtduino_sketch_entry(void*)</STRONG> (Thumb, 14 bytes, Stack size 0 bytes, rtduino.o(.text._ZL20rtduino_sketch_entryPv))
<BR>[Address Reference Count : 1]<UL><LI> rtduino.o(.text._ZL12rtduino_initv)
</UL>
<P><STRONG><a name="[101]"></a>rtduino_init()</STRONG> (Thumb, 100 bytes, Stack size 16 bytes, rtduino.o(.text._ZL12rtduino_initv))
<BR><BR>[Stack]<UL><LI>Max Depth = 884 + Unknown Stack Size
<LI>Call Chain = rtduino_init() &rArr; rt_thread_create &rArr; rt_object_allocate &rArr; rt_malloc &rArr; rt_kprintf &rArr; rt_device_write &rArr; rt_assert_handler &rArr;  rt_kprintf (Cycle)
</UL>
<BR>[Calls]<UL><LI><a href="#[1cd]">&gt;&gt;</a>&nbsp;&nbsp;&nbsp;rt_thread_startup
<LI><a href="#[1cc]">&gt;&gt;</a>&nbsp;&nbsp;&nbsp;rt_thread_create
<LI><a href="#[1ce]">&gt;&gt;</a>&nbsp;&nbsp;&nbsp;rt_free
<LI><a href="#[1cb]">&gt;&gt;</a>&nbsp;&nbsp;&nbsp;rt_malloc
<LI><a href="#[1ca]">&gt;&gt;</a>&nbsp;&nbsp;&nbsp;initVariant
</UL>
<BR>[Address Reference Count : 1]<UL><LI> rtduino.o(.rti_fn.4)
</UL>
<P><STRONG><a name="[11f]"></a>_GLOBAL__sub_I_HardwareSerial.cpp</STRONG> (Thumb, 96 bytes, Stack size 16 bytes, hardwareserial.o(.text._GLOBAL__sub_I_HardwareSerial.cpp))
<BR><BR>[Stack]<UL><LI>Max Depth = 704 + Unknown Stack Size
<LI>Call Chain = _GLOBAL__sub_I_HardwareSerial.cpp &rArr; ulog_output &rArr; ulog_voutput &rArr;  rt_assert_handler (Cycle)
</UL>
<BR>[Calls]<UL><LI><a href="#[187]">&gt;&gt;</a>&nbsp;&nbsp;&nbsp;ulog_output
<LI><a href="#[1c6]">&gt;&gt;</a>&nbsp;&nbsp;&nbsp;rt_console_get_device
</UL>
<BR>[Address Reference Count : 1]<UL><LI> hardwareserial.o(.init_array)
</UL>
<P><STRONG><a name="[120]"></a>_GLOBAL__sub_I_Wire.cpp</STRONG> (Thumb, 82 bytes, Stack size 16 bytes, wire.o(.text._GLOBAL__sub_I_Wire.cpp))
<BR><BR>[Stack]<UL><LI>Max Depth = 28<LI>Call Chain = _GLOBAL__sub_I_Wire.cpp &rArr; rt_memset &rArr; __aeabi_memset &rArr; _memset &rArr; _memset_w
</UL>
<BR>[Calls]<UL><LI><a href="#[1c7]">&gt;&gt;</a>&nbsp;&nbsp;&nbsp;rt_memset
</UL>
<BR>[Address Reference Count : 1]<UL><LI> wire.o(.init_array)
</UL>
<P><STRONG><a name="[265]"></a>do_output</STRONG> (Thumb, 212 bytes, Stack size 40 bytes, ulog.o(.text.do_output))
<BR><BR>[Stack]<UL><LI>Max Depth = 120 + Unknown Stack Size
 + In Cycle
<LI>Call Chain = do_output &rArr;  rt_kprintf (Cycle)
</UL>
<BR>[Calls]<UL><LI><a href="#[216]">&gt;&gt;</a>&nbsp;&nbsp;&nbsp;rt_kprintf
<LI><a href="#[181]">&gt;&gt;</a>&nbsp;&nbsp;&nbsp;rt_sem_release
<LI><a href="#[268]">&gt;&gt;</a>&nbsp;&nbsp;&nbsp;rt_rbb_blk_put
<LI><a href="#[266]">&gt;&gt;</a>&nbsp;&nbsp;&nbsp;rt_rbb_blk_alloc
<LI><a href="#[225]">&gt;&gt;</a>&nbsp;&nbsp;&nbsp;rt_ringbuffer_put
<LI><a href="#[21a]">&gt;&gt;</a>&nbsp;&nbsp;&nbsp;rt_interrupt_get_nest
<LI><a href="#[267]">&gt;&gt;</a>&nbsp;&nbsp;&nbsp;rt_strncpy
<LI><a href="#[c7]">&gt;&gt;</a>&nbsp;&nbsp;&nbsp;ulog_console_backend_output
<LI><a href="#[269]">&gt;&gt;</a>&nbsp;&nbsp;&nbsp;ulog_output_to_all_backend
</UL>
<BR>[Called By]<UL><LI><a href="#[325]">&gt;&gt;</a>&nbsp;&nbsp;&nbsp;ulog_voutput
</UL>

<P><STRONG><a name="[269]"></a>ulog_output_to_all_backend</STRONG> (Thumb, 242 bytes, Stack size 56 bytes, ulog.o(.text.ulog_output_to_all_backend))
<BR><BR>[Stack]<UL><LI>Max Depth = 56<LI>Call Chain = ulog_output_to_all_backend
</UL>
<BR>[Calls]<UL><LI><a href="#[253]">&gt;&gt;</a>&nbsp;&nbsp;&nbsp;rt_strlen
<LI><a href="#[2ec]">&gt;&gt;</a>&nbsp;&nbsp;&nbsp;rt_kputs
</UL>
<BR>[Called By]<UL><LI><a href="#[240]">&gt;&gt;</a>&nbsp;&nbsp;&nbsp;ulog_async_output
<LI><a href="#[265]">&gt;&gt;</a>&nbsp;&nbsp;&nbsp;do_output
</UL>

<P><STRONG><a name="[c6]"></a>async_output_thread_entry</STRONG> (Thumb, 102 bytes, Stack size 0 bytes, ulog.o(.text.async_output_thread_entry))
<BR><BR>[Stack]<UL><LI>Max Depth = 852 + Unknown Stack Size
<LI>Call Chain = async_output_thread_entry &rArr; ulog_async_output &rArr; rt_malloc &rArr; rt_kprintf &rArr; rt_device_write &rArr; rt_assert_handler &rArr;  rt_kprintf (Cycle)
</UL>
<BR>[Calls]<UL><LI><a href="#[233]">&gt;&gt;</a>&nbsp;&nbsp;&nbsp;rt_sem_take
<LI><a href="#[231]">&gt;&gt;</a>&nbsp;&nbsp;&nbsp;rt_sem_control
<LI><a href="#[240]">&gt;&gt;</a>&nbsp;&nbsp;&nbsp;ulog_async_output
</UL>
<BR>[Address Reference Count : 1]<UL><LI> ulog.o(.text.ulog_async_init)
</UL>
<P><STRONG><a name="[354]"></a>_dadd1</STRONG> (Thumb, 0 bytes, Stack size unknown bytes, daddsub_clz.o(x$fpl$dadd), UNUSED)
<BR><BR>[Called By]<UL><LI><a href="#[355]">&gt;&gt;</a>&nbsp;&nbsp;&nbsp;_dsub
<LI><a href="#[353]">&gt;&gt;</a>&nbsp;&nbsp;&nbsp;_drsb
</UL>

<P><STRONG><a name="[346]"></a>_dsub1</STRONG> (Thumb, 0 bytes, Stack size unknown bytes, daddsub_clz.o(x$fpl$dsub), UNUSED)
<BR><BR>[Called By]<UL><LI><a href="#[353]">&gt;&gt;</a>&nbsp;&nbsp;&nbsp;_drsb
<LI><a href="#[345]">&gt;&gt;</a>&nbsp;&nbsp;&nbsp;_dadd
</UL>

<P><STRONG><a name="[6e]"></a>_printf_input_char</STRONG> (Thumb, 10 bytes, Stack size 0 bytes, _printf_char_common.o(.text))
<BR>[Address Reference Count : 1]<UL><LI> _printf_char_common.o(.text)
</UL>
<P><STRONG><a name="[15d]"></a>_local_sscanf</STRONG> (Thumb, 68 bytes, Stack size 64 bytes, strtod.o(.text))
<BR><BR>[Stack]<UL><LI>Max Depth = 404<LI>Call Chain = _local_sscanf &rArr; _scanf_real &rArr; _scanf_really_real &rArr; _fp_value &rArr; _btod_etento &rArr; _btod_emul &rArr; _e2e
</UL>
<BR>[Calls]<UL><LI><a href="#[15e]">&gt;&gt;</a>&nbsp;&nbsp;&nbsp;_scanf_real
</UL>
<BR>[Called By]<UL><LI><a href="#[15f]">&gt;&gt;</a>&nbsp;&nbsp;&nbsp;__strtod_int
</UL>

<P><STRONG><a name="[162]"></a>_fp_value</STRONG> (Thumb, 588 bytes, Stack size 96 bytes, scanf_fp.o(.text))
<BR><BR>[Stack]<UL><LI>Max Depth = 220<LI>Call Chain = _fp_value &rArr; _btod_etento &rArr; _btod_emul &rArr; _e2e
</UL>
<BR>[Calls]<UL><LI><a href="#[163]">&gt;&gt;</a>&nbsp;&nbsp;&nbsp;__ieee_status
<LI><a href="#[165]">&gt;&gt;</a>&nbsp;&nbsp;&nbsp;_btod_emuld
<LI><a href="#[166]">&gt;&gt;</a>&nbsp;&nbsp;&nbsp;_btod_edivd
<LI><a href="#[164]">&gt;&gt;</a>&nbsp;&nbsp;&nbsp;_btod_etento
<LI><a href="#[14c]">&gt;&gt;</a>&nbsp;&nbsp;&nbsp;__aeabi_errno_addr
</UL>
<BR>[Called By]<UL><LI><a href="#[167]">&gt;&gt;</a>&nbsp;&nbsp;&nbsp;_scanf_really_real
</UL>
<P>
<H3>
Undefined Global Symbols
</H3><HR></body></html>
