<html>
<body>
<pre>
<h1>�Vision Build Log</h1>
<h2>Tool Versions:</h2>
IDE-Version: ��Vision V5.39.0.0
Copyright (C) 2023 ARM Ltd and ARM Germany GmbH. All rights reserved.
License Information: d 805207319@qq.com, d, LIC=RC93N-Y6I5C-749S0-BB47H-1DVAV-GFK1A
 
Tool Versions:
Toolchain:       MDK-ARM Plus  Version: 5.39.0.0
Toolchain Path:  C:\Keil_v5\ARM\ARMCLANG\Bin
C Compiler:      ArmClang.exe V6.21
Assembler:       Armasm.exe V6.21
Linker/Locator:  ArmLink.exe V6.21
Library Manager: ArmAr.exe V6.21
Hex Converter:   FromElf.exe V6.21
CPU DLL:         SARMCM3.DLL V5.39.0.0
Dialog DLL:      DCM.DLL V1.17.5.0
Target DLL:      CMSIS_AGDI.dll V1.33.16.0
Dialog DLL:      TCM.DLL V1.56.4.0
 
<h2>Project:</h2>
C:\Users\33368\Documents\GitHub\construction_robot\project\project.uvprojx
Project File Date:  05/01/2024

<h2>Output:</h2>
*** Using Compiler 'V6.21', folder: 'C:\Keil_v5\ARM\ARMCLANG\Bin'
Build target 'rt-thread'
compiling servo_port.c...
compiling abus_port.c...
compiling chassis_module_mai.c...
compiling drv_emm_v5.c...
compiling drv_action.c...
applications/apid_exfunc.c(87): warning: passing an object that undergoes default argument promotion to 'va_start' has undefined behavior [-Wvarargs]
   87 |           va_start(ap, imode); // 初始化，第二个参数为最后一个确定的形参      
      |                        ^
applications/apid_exfunc.c(84): note: parameter of type 'ALL_PID_I_Function' (aka 'enum ALL_PID_I_Function') is declared here
   84 | void APID_SET_I_Function(apid_t *pid, ALL_PID_I_Function imode, ...)
      |                                                          ^
1 warning generated.
compiling apid_exfunc.c...
compiling abus_topic.c...
compiling chassis.c...
compiling chassis_port.c...
compiling bsp_sbus.c...
compiling apid.c...
compiling motor_cfg.c...
compiling aboard_power_switch.c...
compiling fashion_star_uart_servo.c...
compiling main.c...
compiling afifo.c...
compiling pins_arduino.c...
compiling motor.c...
compiling robot_move_direct.c...
compiling cvector.c...
applications/interpolation/itpl_circle.c(14): warning: non-void function does not return a value [-Wreturn-type]
   14 | }
      | ^
1 warning generated.
compiling itpl_circle.c...
compiling robotmanager.c...
compiling cspline.c...
compiling motor_dj_rm_driver.c...
compiling LinearInterp.c...
compiling statemachine.c...
compiling cmb_flash_log.c...
compiling cmb_port.c...
compiling cctype.c...
compiling syscall_mem.c...
compiling cm_backtrace.c...
compiling syscalls.c...
compiling cstdlib.c...
compiling cunistd.c...
compiling cxx_crt.cpp...
compiling cwchar.c...
compiling cxx_crt_init.c...
rt-thread/components/libc/compilers/common/cstring.c(196): warning: nonnull parameter 'saveptr' will evaluate to 'true' on first encounter [-Wpointer-bool-conversion]
  196 |     else if (saveptr && *saveptr)
      |              ^~~~~~~ ~~
C:\Keil_v5\ARM\ARMCLANG\Bin\..\include\string.h(283): note: declared 'nonnull' here
  283 | extern _ARMABI char *strtok_r(char * /*s1*/, const char * /*s2*/, char ** /*ptr*/) __attribute__((__nonnull__(2,3)));
      |                                                                                                   ^
rt-thread/components/libc/compilers/common/cstring.c(219): warning: nonnull parameter 'saveptr' will evaluate to 'true' on first encounter [-Wpointer-bool-conversion]
  219 |     if (saveptr)
      |     ~~  ^~~~~~~
C:\Keil_v5\ARM\ARMCLANG\Bin\..\include\string.h(283): note: declared 'nonnull' here
  283 | extern _ARMABI char *strtok_r(char * /*s1*/, const char * /*s2*/, char ** /*ptr*/) __attribute__((__nonnull__(2,3)));
      |                                                                                                   ^
2 warnings generated.
compiling cstring.c...
rt-thread/components/libc/compilers/common/ctime.c(249): warning: comparison of nonnull parameter 't' equal to a null pointer is 'false' on first encounter [-Wtautological-pointer-compare]
  249 |     if(t == RT_NULL || buf == RT_NULL)
      |        ^    ~~~~~~~
C:\Keil_v5\ARM\ARMCLANG\Bin\..\include\time.h(171): note: declared 'nonnull' here
  171 |                                char * __restrict /*buf*/) __attribute__((__nonnull__(1,2)));
      |                                                                          ^
rt-thread/components/libc/compilers/common/ctime.c(249): warning: comparison of nonnull parameter 'buf' equal to a null pointer is 'false' on first encounter [-Wtautological-pointer-compare]
  249 |     if(t == RT_NULL || buf == RT_NULL)
      |                        ^~~    ~~~~~~~
C:\Keil_v5\ARM\ARMCLANG\Bin\..\include\time.h(171): note: declared 'nonnull' here
  171 |                                char * __restrict /*buf*/) __attribute__((__nonnull__(1,2)));
      |                                                                          ^
2 warnings generated.
compiling ctime.c...
compiling drv_tft_lq_tft18.c...
compiling device.c...
compiling i2c_dev.c...
compiling completion.c...
compiling i2c_core.c...
compiling can.c...
compiling pipe.c...
compiling i2c-bit-ops.c...
compiling dataqueue.c...
compiling waitqueue.c...
compiling ringblk_buf.c...
compiling ringbuffer.c...
compiling workqueue.c...
compiling adc.c...
compiling rt_drv_pwm.c...
compiling pin.c...
compiling serial_v2.c...
compiling board.c...
compiling drv_adc.c...
compiling stm32f4xx_hal_msp.c...
compiling drv_gpio.c...
compiling drv_soft_i2c.c...
assembling startup_stm32f427xx.s...
compiling drv_can.c...
compiling drv_tim.c...
compiling drv_pwm.c...
compiling drv_common.c...
warning: unknown warning option '-Wstack-usage=4096'; did you mean '-Wstack-protector'? [-Wunknown-warning-option]
1 warning generated.
compiling shell.c...
warning: unknown warning option '-Wstack-usage=4096'; did you mean '-Wstack-protector'? [-Wunknown-warning-option]
1 warning generated.
compiling msh.c...
warning: unknown warning option '-Wstack-usage=4096'; did you mean '-Wstack-protector'? [-Wunknown-warning-option]
1 warning generated.
compiling msh_parse.c...
compiling clock.c...
compiling drv_usart_v2.c...
compiling idle.c...
compiling irq.c...
warning: unknown warning option '-Wstack-usage=4096'; did you mean '-Wstack-protector'? [-Wunknown-warning-option]
1 warning generated.
compiling cmd.c...
compiling components.c...
compiling mem.c...
compiling scheduler_comm.c...
compiling object.c...
assembling context_rvds.S...
compiling div0.c...
compiling scheduler_up.c...
compiling showmem.c...
compiling thread.c...
compiling atomic_arm.c...
compiling timer.c...
compiling kservice.c...
compiling cpuport.c...
compiling ipc.c...
compiling stm32f4xx_hal_lptim.c...
compiling stm32f4xx_hal_cryp_ex.c...
compiling stm32f4xx_hal_usart.c...
compiling stm32f4xx_hal_pwr_ex.c...
compiling stm32f4xx_hal_dma.c...
compiling stm32f4xx_hal_adc.c...
compiling stm32f4xx_hal_rcc_ex.c...
compiling stm32f4xx_hal_i2c_ex.c...
compiling stm32f4xx_hal_crc.c...
compiling arduino_main.cpp...
compiling stm32f4xx_hal_uart.c...
compiling stm32f4xx_hal_adc_ex.c...
compiling stm32f4xx_hal_tim_ex.c...
compiling stm32f4xx_hal_dma_ex.c...
compiling stm32f4xx_hal_pwr.c...
compiling stm32f4xx_hal_rcc.c...
compiling stm32f4xx_hal_rng.c...
compiling stm32f4xx_hal_cortex.c...
compiling stm32f4xx_hal_cryp.c...
compiling stm32f4xx_hal_i2c.c...
compiling stm32f4xx_hal.c...
compiling stm32f4xx_hal_can.c...
compiling stm32f4xx_hal_cec.c...
compiling system_stm32f4xx.c...
compiling stm32f4xx_hal_tim.c...
compiling stm32f4xx_hal_gpio.c...
compiling stm32f4xx_hal_qspi.c...
compiling avr_stdlib.c...
compiling perf_os_patch_rt_thread.c...
compiling perf_counter.c...
compiling WInterrupts.c...
compiling wiring_analog.c...
compiling wiring_pulse.c...
compiling wiring_shift.c...
compiling rt_vsnprintf.c...
compiling WMath_c.c...
compiling HardwareSerial.cpp...
compiling stm32f4xx_hal_spi.c...
compiling wiring_digital.c...
compiling WString.cpp...
compiling IPAddress.cpp...
compiling wiring.c...
compiling Stream.cpp...
compiling console_be.c...
compiling WMath_cpp.cpp...
compiling Print.cpp...
compiling RTduino.cpp...
compiling Tone.cpp...
compiling ulog.c...
compiling Servo.cpp...
compiling Wire.cpp...
linking...
Program Size: Code=120218 RO-data=14634 RW-data=7896 ZI-data=7144  
After Build - User command #1: fromelf --bin .\build\keil\Obj\rt-thread.axf --output rtthread.bin
".\build\keil\Obj\rt-thread.axf" - 0 Error(s), 10 Warning(s).

<h2>Software Packages used:</h2>

Package Vendor: Keil
                https://www.keil.com/pack/Keil.STM32F4xx_DFP.2.17.1.pack
                Keil::STM32F4xx_DFP@2.17.1
                STMicroelectronics STM32F4 Series Device Support, Drivers and Examples

<h2>Collection of Component include folders:</h2>
  C:/Users/33368/AppData/Local/Arm/Packs/Keil/STM32F4xx_DFP/2.17.1/Drivers/CMSIS/Device/ST/STM32F4xx/Include

<h2>Collection of Component Files used:</h2>
Build Time Elapsed:  00:00:10
</pre>
</body>
</html>
