<html>
<body>
<pre>
<h1>�Vision Build Log</h1>
<h2>Tool Versions:</h2>
IDE-Version: ��Vision V5.39.0.0
Copyright (C) 2023 ARM Ltd and ARM Germany GmbH. All rights reserved.
License Information: d 805207319@qq.com, d, LIC=RC93N-Y6I5C-749S0-BB47H-1DVAV-GFK1A
 
Tool Versions:
Toolchain:       MDK-ARM Plus  Version: 5.39.0.0
Toolchain Path:  C:\Keil_v5\ARM\ARMCLANG\Bin
C Compiler:      ArmClang.exe V6.21
Assembler:       Armasm.exe V6.21
Linker/Locator:  ArmLink.exe V6.21
Library Manager: ArmAr.exe V6.21
Hex Converter:   FromElf.exe V6.21
CPU DLL:         SARMCM3.DLL V5.39.0.0
Dialog DLL:      DCM.DLL V1.17.5.0
Target DLL:      CMSIS_AGDI.dll V1.33.16.0
Dialog DLL:      TCM.DLL V1.56.4.0
 
<h2>Project:</h2>
C:\Users\33368\Documents\GitHub\construction_robot\project\project.uvprojx
Project File Date:  03/08/2024

<h2>Output:</h2>
*** Using Compiler 'V6.21', folder: 'C:\Keil_v5\ARM\ARMCLANG\Bin'
Build target 'rt-thread'
compiling motor_cfg.c...
compiling cctype.c...
compiling syscalls.c...
compiling apid.c...
compiling syscall_mem.c...
compiling cstdlib.c...
rt-thread/components/libc/compilers/common/cstring.c(196): warning: nonnull parameter 'saveptr' will evaluate to 'true' on first encounter [-Wpointer-bool-conversion]
  196 |     else if (saveptr && *saveptr)
      |              ^~~~~~~ ~~
C:\Keil_v5\ARM\ARMCLANG\Bin\..\include\string.h(283): note: declared 'nonnull' here
  283 | extern _ARMABI char *strtok_r(char * /*s1*/, const char * /*s2*/, char ** /*ptr*/) __attribute__((__nonnull__(2,3)));
      |                                                                                                   ^
rt-thread/components/libc/compilers/common/cstring.c(219): warning: nonnull parameter 'saveptr' will evaluate to 'true' on first encounter [-Wpointer-bool-conversion]
  219 |     if (saveptr)
      |     ~~  ^~~~~~~
C:\Keil_v5\ARM\ARMCLANG\Bin\..\include\string.h(283): note: declared 'nonnull' here
  283 | extern _ARMABI char *strtok_r(char * /*s1*/, const char * /*s2*/, char ** /*ptr*/) __attribute__((__nonnull__(2,3)));
      |                                                                                                   ^
2 warnings generated.
compiling cstring.c...
compiling motor.c...
compiling drv_stepper_motor.c...
applications/apid_exfunc.c(87): warning: passing an object that undergoes default argument promotion to 'va_start' has undefined behavior [-Wvarargs]
   87 |           va_start(ap, imode); // 初始化，第二个参数为最后一个确定的形参      
      |                        ^
applications/apid_exfunc.c(84): note: parameter of type 'ALL_PID_I_Function' (aka 'enum ALL_PID_I_Function') is declared here
   84 | void APID_SET_I_Function(apid_t *pid, ALL_PID_I_Function imode, ...)
      |                                                          ^
1 warning generated.
compiling apid_exfunc.c...
compiling aboard_power_switch.c...
compiling main.c...
compiling Emm_V5.c...
compiling follow_line.c...
compiling motor_dj_rm_driver.c...
compiling cunistd.c...
compiling cwchar.c...
compiling atomic_8.c...
compiling thread_local_impl.cpp...
compiling emutls.c...
compiling cxx_crt_init.c...
compiling cxx_crt.cpp...
compiling cxx_Mutex.cpp...
rt-thread/components/libc/compilers/common/ctime.c(249): warning: comparison of nonnull parameter 't' equal to a null pointer is 'false' on first encounter [-Wtautological-pointer-compare]
  249 |     if(t == RT_NULL || buf == RT_NULL)
      |        ^    ~~~~~~~
C:\Keil_v5\ARM\ARMCLANG\Bin\..\include\time.h(171): note: declared 'nonnull' here
  171 |                                char * __restrict /*buf*/) __attribute__((__nonnull__(1,2)));
      |                                                                          ^
rt-thread/components/libc/compilers/common/ctime.c(249): warning: comparison of nonnull parameter 'buf' equal to a null pointer is 'false' on first encounter [-Wtautological-pointer-compare]
  249 |     if(t == RT_NULL || buf == RT_NULL)
      |                        ^~~    ~~~~~~~
C:\Keil_v5\ARM\ARMCLANG\Bin\..\include\time.h(171): note: declared 'nonnull' here
  171 |                                char * __restrict /*buf*/) __attribute__((__nonnull__(1,2)));
      |                                                                          ^
2 warnings generated.
compiling ctime.c...
compiling cxx_Semaphore.cpp...
compiling cxx_Thread.cpp...
compiling completion.c...
compiling i2c_core.c...
compiling device.c...
compiling i2c_dev.c...
compiling dataqueue.c...
compiling i2c-bit-ops.c...
compiling pipe.c...
compiling can.c...
compiling waitqueue.c...
compiling ringblk_buf.c...
compiling ringbuffer.c...
compiling workqueue.c...
compiling pin.c...
compiling soft_rtc.c...
assembling startup_stm32f427xx.s...
compiling rtc.c...
compiling adc.c...
compiling board.c...
compiling drv_common.c...
compiling drv_adc.c...
compiling devfs.c...
compiling stm32f4xx_hal_msp.c...
compiling serial_v2.c...
compiling drv_gpio.c...
compiling drv_usart_v2.c...
compiling drv_can.c...
compiling dfs.c...
compiling dfs_file.c...
compiling dfs_posix.c...
compiling dfs_fs.c...
compiling shell.c...
compiling idle.c...
compiling clock.c...
compiling msh.c...
compiling msh_parse.c...
compiling cmd.c...
compiling components.c...
compiling msh_file.c...
compiling irq.c...
compiling mem.c...
compiling mempool.c...
compiling scheduler_comm.c...
compiling object.c...
compiling scheduler_up.c...
compiling signal.c...
compiling kservice.c...
assembling context_rvds.S...
compiling boottime.c...
compiling div0.c...
compiling cputimer.c...
compiling thread.c...
compiling timer.c...
compiling atomic_arm.c...
compiling showmem.c...
compiling ipc.c...
compiling hrtimer.c...
compiling cpuport.c...
compiling stm32f4xx_hal_rtc_ex.c...
compiling stm32f4xx_hal_rtc.c...
compiling stm32f4xx_hal_adc.c...
compiling stm32f4xx_hal_rcc_ex.c...
compiling stm32f4xx_hal_dma.c...
compiling stm32f4xx_hal_i2c_ex.c...
compiling stm32f4xx_hal_crc.c...
compiling stm32f4xx_hal_uart.c...
compiling stm32f4xx_hal_usart.c...
compiling stm32f4xx_hal_cryp_ex.c...
compiling stm32f4xx_hal_pwr_ex.c...
compiling stm32f4xx_hal_pwr.c...
compiling stm32f4xx_hal_rng.c...
compiling stm32f4xx_hal_adc_ex.c...
compiling stm32f4xx_hal_dma_ex.c...
compiling stm32f4xx_hal_rcc.c...
compiling stm32f4xx_hal_cortex.c...
compiling stm32f4xx_hal_cryp.c...
compiling stm32f4xx_hal_cec.c...
compiling stm32f4xx_hal_can.c...
compiling delay.c...
compiling perf_os_patch_rt_thread.c...
compiling stm32f4xx_hal.c...
compiling system_stm32f4xx.c...
compiling stm32f4xx_hal_i2c.c...
compiling stdio.c...
compiling perf_counter.c...
compiling stm32f4xx_hal_gpio.c...
compiling pthread_barrier.c...
compiling pthread_attr.c...
compiling pthread_mutex.c...
compiling pthread_cond.c...
compiling pthread_rwlock.c...
compiling pthread.c...
compiling pthread_spin.c...
compiling pthread_tls.c...
compiling sched.c...
compiling rt_kprintf.c...
compiling console_be.c...
compiling posix_signal.c...
compiling var_export.c...
compiling var_export_cmd.c...
compiling ulog.c...
packages/rt_vsnprintf_full-latest/rt_vsnprintf.c(601): warning: unknown warning group '-Wmaybe-uninitialized', ignored [-Wunknown-warning-option]
  601 | #pragma GCC diagnostic ignored "-Wmaybe-uninitialized"
      |                                ^
1 warning generated.
compiling rt_vsnprintf.c...
linking...
Program Size: Code=108204 RO-data=13184 RW-data=2012 ZI-data=5788  
After Build - User command #1: fromelf --bin .\build\keil\Obj\rt-thread.axf --output rtthread.bin
".\build\keil\Obj\rt-thread.axf" - 0 Error(s), 6 Warning(s).

<h2>Software Packages used:</h2>

Package Vendor: Keil
                https://www.keil.com/pack/Keil.STM32F4xx_DFP.2.17.1.pack
                Keil::STM32F4xx_DFP@2.17.1
                STMicroelectronics STM32F4 Series Device Support, Drivers and Examples

<h2>Collection of Component include folders:</h2>
  C:/Users/33368/AppData/Local/Arm/Packs/Keil/STM32F4xx_DFP/2.17.1/Drivers/CMSIS/Device/ST/STM32F4xx/Include

<h2>Collection of Component Files used:</h2>
Build Time Elapsed:  00:00:09
</pre>
</body>
</html>
