<html>
<body>
<pre>
<h1>µVision Build Log</h1>
<h2>Tool Versions:</h2>
IDE-Version: ¦ÌVision V5.38.0.0
Copyright (C) 2022 ARM Ltd and ARM Germany GmbH. All rights reserved.
License Information: lmy 2777400275@qq.com, lmy, LIC=WHYH9-4LIQE-VEGHA-18IYC-ZQP6C-NL0JA
 
Tool Versions:
Toolchain:       MDK-ARM Plus  Version: 5.38.0.0
Toolchain Path:  C:\Keil_v5\ARM\ARMCLANG\Bin
C Compiler:      ArmClang.exe V6.19
Assembler:       Armasm.exe V6.19
Linker/Locator:  ArmLink.exe V6.19
Library Manager: ArmAr.exe V6.19
Hex Converter:   FromElf.exe V6.19
CPU DLL:         SARMCM3.DLL V5.38.0.0
Dialog DLL:      DCM.DLL V1.17.5.0
Target DLL:      CMSIS_AGDI.dll V1.33.15.0
Dialog DLL:      TCM.DLL V1.56.4.0
 
<h2>Project:</h2>
d:\out\competition\construction robot\code\construction_robot\project\project.uvprojx
Project File Date:  03/17/2024

<h2>Output:</h2>
*** Using Compiler 'V6.19', folder: 'C:\Keil_v5\ARM\ARMCLANG\Bin'
Build target 'rt-thread'
Note: source file 'rt-thread\src\clock.c' - object file renamed from '.\build\keil\Obj\src_clock.o' to '.\build\keil\Obj\src_clock.o'.
Note: source file 'rt-thread\src\thread.c' - object file renamed from '.\build\keil\Obj\src_thread.o' to '.\build\keil\Obj\src_thread.o'.
applications/drv_stepper_motor.c(10): warning: In file included from...
applications/drv_stepper_motor.h(40): warning: redefinition of typedef 'stepper_motor_t' is a C11 feature [-Wtypedef-redefinition]
}stepper_motor_t;
 ^
applications/Emm_V5.h(21): note: previous definition is here
typedef struct stepper_motor stepper_motor_t;
                             ^
1 warning generated.
compiling drv_stepper_motor.c...
compiling arduino_main.cpp...
linking...
Program Size: Code=121292 RO-data=12792 RW-data=3332 ZI-data=7396  
After Build - User command #1: fromelf --bin .\build\keil\Obj\rt-thread.axf --output rtthread.bin
".\build\keil\Obj\rt-thread.axf" - 0 Error(s), 1 Warning(s).

<h2>Software Packages used:</h2>

Package Vendor: Keil
                https://www.keil.com/pack/Keil.STM32F4xx_DFP.2.17.1.pack
                Keil.STM32F4xx_DFP.2.17.1
                STMicroelectronics STM32F4 Series Device Support, Drivers and Examples

<h2>Collection of Component include folders:</h2>
  C:/Keil_v5/ARM/PACK/Keil/STM32F4xx_DFP/2.17.1/Drivers/CMSIS/Device/ST/STM32F4xx/Include

<h2>Collection of Component Files used:</h2>
Build Time Elapsed:  00:00:04
</pre>
</body>
</html>
