<html>
<body>
<pre>
<h1>�Vision Build Log</h1>
<h2>Tool Versions:</h2>
IDE-Version: ��Vision V5.38.0.0
Copyright (C) 2022 ARM Ltd and ARM Germany GmbH. All rights reserved.
License Information: ed s, s, LIC=RC93N-YYV10-DYKV3-AKSKU-J8CHC-5VFJA
 
Tool Versions:
Toolchain:       MDK-ARM Plus  Version: 5.38.0.0
Toolchain Path:  C:\Keil_v5\ARM\ARMCLANG\Bin
C Compiler:      ArmClang.exe V6.19
Assembler:       Armasm.exe V6.19
Linker/Locator:  ArmLink.exe V6.19
Library Manager: ArmAr.exe V6.19
Hex Converter:   FromElf.exe V6.19
CPU DLL:         SARMCM3.DLL V5.38.0.0
Dialog DLL:      DCM.DLL V1.17.5.0
Target DLL:      CMSIS_AGDI.dll V1.33.15.0
Dialog DLL:      TCM.DLL V1.56.4.0
 
<h2>Project:</h2>
C:\Users\80520\Documents\GitHub\construction_robot\project\project.uvprojx
Project File Date:  03/09/2024

<h2>Output:</h2>
*** Using Compiler 'V6.19', folder: 'C:\Keil_v5\ARM\ARMCLANG\Bin'
Build target 'rt-thread'
Note: source file 'rt-thread\src\clock.c' - object file renamed from '.\build\keil\Obj\src_clock.o' to '.\build\keil\Obj\src_clock.o'.
Note: source file 'rt-thread\src\thread.c' - object file renamed from '.\build\keil\Obj\src_thread.o' to '.\build\keil\Obj\src_thread.o'.
applications/apid.c(10): warning: In file included from...
applications/apid.h(189): warning: redefinition of typedef 'apid_t' is a C11 feature [-Wtypedef-redefinition]
    }apid_t;
     ^
applications/apid.h(177): note: previous definition is here
    typedef  struct _PID_T apid_t;
                           ^
1 warning generated.
compiling apid.c...
applications/motor_cfg.c(2): warning: In file included from...
applications/motor.h(16): warning: In file included from...
applications/apid.h(189): warning: redefinition of typedef 'apid_t' is a C11 feature [-Wtypedef-redefinition]
    }apid_t;
     ^
applications/apid.h(177): note: previous definition is here
    typedef  struct _PID_T apid_t;
                           ^
applications/motor_cfg.c(2): warning: In file included from...
applications/motor.h(90): warning: redefinition of typedef 'motor_t' is a C11 feature [-Wtypedef-redefinition]
}motor_t;
 ^
applications/motor.h(51): note: previous definition is here
typedef struct motor motor_t;
                     ^
2 warnings generated.
compiling motor_cfg.c...
applications/Emm_V5.c(1): warning: In file included from...
applications/Emm_V5.h(21): warning: redefinition of typedef 'stepper_motor_t' is a C11 feature [-Wtypedef-redefinition]
typedef struct stepper_motor stepper_motor_t;
                             ^
applications/drv_stepper_motor.h(40): note: previous definition is here
}stepper_motor_t;
 ^
1 warning generated.
compiling Emm_V5.c...
applications/apid_exfunc.c(9): warning: In file included from...
applications/apid.h(189): warning: redefinition of typedef 'apid_t' is a C11 feature [-Wtypedef-redefinition]
    }apid_t;
     ^
applications/apid.h(177): note: previous definition is here
    typedef  struct _PID_T apid_t;
                           ^
applications/apid_exfunc.c(87): warning: passing an object that undergoes default argument promotion to 'va_start' has undefined behavior [-Wvarargs]
          va_start(ap, imode); // 初始化，第二个参数为最后一个确定的形参      
                       ^
applications/apid_exfunc.c(84): note: parameter of type 'ALL_PID_I_Function' (aka 'enum ALL_PID_I_Function') is declared here
void APID_SET_I_Function(apid_t *pid, ALL_PID_I_Function imode, ...)
                                                         ^
2 warnings generated.
compiling apid_exfunc.c...
applications/motor.c(16): warning: In file included from...
applications/motor.h(16): warning: In file included from...
applications/apid.h(189): warning: redefinition of typedef 'apid_t' is a C11 feature [-Wtypedef-redefinition]
    }apid_t;
     ^
applications/apid.h(177): note: previous definition is here
    typedef  struct _PID_T apid_t;
                           ^
applications/motor.c(16): warning: In file included from...
applications/motor.h(90): warning: redefinition of typedef 'motor_t' is a C11 feature [-Wtypedef-redefinition]
}motor_t;
 ^
applications/motor.h(51): note: previous definition is here
typedef struct motor motor_t;
                     ^
2 warnings generated.
compiling motor.c...
compiling command.cpp...
compiling aboard_power_switch.c...
compiling follow_line.c...
applications/drv_stepper_motor.c(9): warning: In file included from...
applications/drv_stepper_motor.h(40): warning: redefinition of typedef 'stepper_motor_t' is a C11 feature [-Wtypedef-redefinition]
}stepper_motor_t;
 ^
applications/Emm_V5.h(21): note: previous definition is here
typedef struct stepper_motor stepper_motor_t;
                             ^
1 warning generated.
compiling drv_stepper_motor.c...
applications/main.c(20): warning: In file included from...
applications/Emm_V5.h(21): warning: redefinition of typedef 'stepper_motor_t' is a C11 feature [-Wtypedef-redefinition]
typedef struct stepper_motor stepper_motor_t;
                             ^
applications/drv_stepper_motor.h(40): note: previous definition is here
}stepper_motor_t;
 ^
applications/main.c(24): warning: In file included from...
applications/motor.h(16): warning: In file included from...
applications/apid.h(189): warning: redefinition of typedef 'apid_t' is a C11 feature [-Wtypedef-redefinition]
    }apid_t;
     ^
applications/apid.h(177): note: previous definition is here
    typedef  struct _PID_T apid_t;
                           ^
applications/main.c(24): warning: In file included from...
applications/motor.h(90): warning: redefinition of typedef 'motor_t' is a C11 feature [-Wtypedef-redefinition]
}motor_t;
 ^
applications/motor.h(51): note: previous definition is here
typedef struct motor motor_t;
                     ^
3 warnings generated.
compiling main.c...
compiling arduino_main.cpp...
applications/motor_dj_rm_driver.c(26): warning: In file included from...
applications/apid.h(189): warning: redefinition of typedef 'apid_t' is a C11 feature [-Wtypedef-redefinition]
    }apid_t;
     ^
applications/apid.h(177): note: previous definition is here
    typedef  struct _PID_T apid_t;
                           ^
applications/motor_dj_rm_driver.c(27): warning: In file included from...
applications/motor_dj_rm_driver.h(16): warning: In file included from...
applications/motor.h(90): warning: redefinition of typedef 'motor_t' is a C11 feature [-Wtypedef-redefinition]
}motor_t;
 ^
applications/motor.h(51): note: previous definition is here
typedef struct motor motor_t;
                     ^
2 warnings generated.
compiling motor_dj_rm_driver.c...
compiling endstop.cpp...
compiling equipment.cpp...
compiling syscall_mem.c...
compiling syscalls.c...
compiling interpolation.cpp...
compiling cctype.c...
compiling robotGeometry.cpp...
compiling logger.cpp...
applications/robotarm/RampsStepper.cpp(23): warning: expression result unused [-Wunused-value]
  stepperStepTargetPosition;
  ^~~~~~~~~~~~~~~~~~~~~~~~~
1 warning generated.
compiling RampsStepper.cpp...
compiling cstdlib.c...
compiling cwchar.c...
compiling cunistd.c...
compiling miscellaneous.cpp...
compiling clock.cpp...
rt-thread/components/libc/compilers/common/cstring.c(196): warning: nonnull parameter 'saveptr' will evaluate to 'true' on first encounter [-Wpointer-bool-conversion]
    else if (saveptr && *saveptr)
             ^~~~~~~ ~~
C:\Keil_v5\ARM\ARMCLANG\Bin\..\include\string.h(283): note: declared 'nonnull' here
extern _ARMABI char *strtok_r(char * /*s1*/, const char * /*s2*/, char ** /*ptr*/) __attribute__((__nonnull__(2,3)));
                                                                                                  ^
rt-thread/components/libc/compilers/common/cstring.c(219): warning: nonnull parameter 'saveptr' will evaluate to 'true' on first encounter [-Wpointer-bool-conversion]
    if (saveptr)
    ~~  ^~~~~~~
C:\Keil_v5\ARM\ARMCLANG\Bin\..\include\string.h(283): note: declared 'nonnull' here
extern _ARMABI char *strtok_r(char * /*s1*/, const char * /*s2*/, char ** /*ptr*/) __attribute__((__nonnull__(2,3)));
                                                                                                  ^
2 warnings generated.
compiling cstring.c...
compiling atomic_8.c...
rt-thread/components/libc/compilers/common/ctime.c(249): warning: comparison of nonnull parameter 't' equal to a null pointer is 'false' on first encounter [-Wtautological-pointer-compare]
    if(t == RT_NULL || buf == RT_NULL)
       ^    ~~~~~~~
C:\Keil_v5\ARM\ARMCLANG\Bin\..\include\time.h(171): note: declared 'nonnull' here
                               char * __restrict /*buf*/) __attribute__((__nonnull__(1,2)));
                                                                         ^
rt-thread/components/libc/compilers/common/ctime.c(249): warning: comparison of nonnull parameter 'buf' equal to a null pointer is 'false' on first encounter [-Wtautological-pointer-compare]
    if(t == RT_NULL || buf == RT_NULL)
                       ^~~    ~~~~~~~
C:\Keil_v5\ARM\ARMCLANG\Bin\..\include\time.h(171): note: declared 'nonnull' here
                               char * __restrict /*buf*/) __attribute__((__nonnull__(1,2)));
                                                                         ^
2 warnings generated.
compiling ctime.c...
compiling thread.cpp...
compiling mutex.cpp...
compiling emutls.c...
compiling thread_local_impl.cpp...
compiling condvar.cpp...
compiling cxx_crt_init.c...
compiling cxx_crt.cpp...
compiling cxx_Mutex.cpp...
compiling cxx_Semaphore.cpp...
compiling cxx_Thread.cpp...
compiling i2c_dev.c...
compiling completion.c...
compiling i2c_core.c...
compiling device.c...
compiling dataqueue.c...
compiling pipe.c...
compiling can.c...
compiling i2c-bit-ops.c...
compiling waitqueue.c...
compiling ringbuffer.c...
compiling ringblk_buf.c...
compiling workqueue.c...
compiling pin.c...
compiling rtc.c...
compiling adc.c...
compiling soft_rtc.c...
compiling board.c...
compiling serial_v2.c...
compiling drv_adc.c...
compiling stm32f4xx_hal_msp.c...
compiling drv_gpio.c...
compiling devfs.c...
compiling drv_can.c...
compiling drv_common.c...
compiling drv_usart_v2.c...
compiling dfs_file.c...
compiling dfs.c...
compiling dfs_fs.c...
warning: unknown warning option '-Wstack-usage=4096'; did you mean '-Wstack-protector'? [-Wunknown-warning-option]
1 warning generated.
compiling msh_parse.c...
compiling dfs_posix.c...
warning: unknown warning option '-Wstack-usage=4096'; did you mean '-Wstack-protector'? [-Wunknown-warning-option]
1 warning generated.
compiling shell.c...
warning: unknown warning option '-Wstack-usage=4096'; did you mean '-Wstack-protector'? [-Wunknown-warning-option]
1 warning generated.
compiling msh.c...
warning: unknown warning option '-Wlogical-op'; did you mean '-Wlong-long'? [-Wunknown-warning-option]
warning: unknown warning option '-Wduplicated-cond' [-Wunknown-warning-option]
warning: unknown warning option '-Wduplicated-branches' [-Wunknown-warning-option]
rt-thread/src/clock.c(22): warning: In file included from...
rt-thread/include\rthw.h(23): warning: In file included from...
rt-thread/include\rtdef.h(849): warning: In file included from...
rt-thread/include/rtsched.h(139): warning: '__RT_KERNEL_SOURCE__' macro redefined [-Wmacro-redefined]
#define __RT_KERNEL_SOURCE__
        ^
<command line>(13): note: previous definition is here
#define __RT_KERNEL_SOURCE__ 1
        ^
4 warnings generated.
compiling src_clock.c...
warning: unknown warning option '-Wlogical-op'; did you mean '-Wlong-long'? [-Wunknown-warning-option]
warning: unknown warning option '-Wduplicated-cond' [-Wunknown-warning-option]
warning: unknown warning option '-Wduplicated-branches' [-Wunknown-warning-option]
rt-thread/src/components.c(21): warning: In file included from...
rt-thread/include\rthw.h(23): warning: In file included from...
rt-thread/include\rtdef.h(849): warning: In file included from...
rt-thread/include/rtsched.h(139): warning: '__RT_KERNEL_SOURCE__' macro redefined [-Wmacro-redefined]
#define __RT_KERNEL_SOURCE__
        ^
<command line>(13): note: previous definition is here
#define __RT_KERNEL_SOURCE__ 1
        ^
rt-thread/src/components.c(143): warning: no previous prototype for function '$Sub$$main' [-Wmissing-prototypes]
int $Sub$$main(void)
    ^
rt-thread/src/components.c(143): note: declare 'static' if the function is not intended to be used outside of this translation unit
int $Sub$$main(void)
^
static 
5 warnings generated.
compiling components.c...
warning: unknown warning option '-Wstack-usage=4096'; did you mean '-Wstack-protector'? [-Wunknown-warning-option]
1 warning generated.
compiling cmd.c...
warning: unknown warning option '-Wstack-usage=4096'; did you mean '-Wstack-protector'? [-Wunknown-warning-option]
1 warning generated.
compiling msh_file.c...
warning: unknown warning option '-Wlogical-op'; did you mean '-Wlong-long'? [-Wunknown-warning-option]
warning: unknown warning option '-Wduplicated-cond' [-Wunknown-warning-option]
warning: unknown warning option '-Wduplicated-branches' [-Wunknown-warning-option]
rt-thread/src/idle.c(24): warning: In file included from...
rt-thread/include\rthw.h(23): warning: In file included from...
rt-thread/include\rtdef.h(849): warning: In file included from...
rt-thread/include/rtsched.h(139): warning: '__RT_KERNEL_SOURCE__' macro redefined [-Wmacro-redefined]
#define __RT_KERNEL_SOURCE__
        ^
<command line>(13): note: previous definition is here
#define __RT_KERNEL_SOURCE__ 1
        ^
4 warnings generated.
compiling idle.c...
warning: unknown warning option '-Wlogical-op'; did you mean '-Wlong-long'? [-Wunknown-warning-option]
warning: unknown warning option '-Wduplicated-cond' [-Wunknown-warning-option]
warning: unknown warning option '-Wduplicated-branches' [-Wunknown-warning-option]
rt-thread/src/irq.c(19): warning: In file included from...
rt-thread/include\rthw.h(23): warning: In file included from...
rt-thread/include\rtdef.h(849): warning: In file included from...
rt-thread/include/rtsched.h(139): warning: '__RT_KERNEL_SOURCE__' macro redefined [-Wmacro-redefined]
#define __RT_KERNEL_SOURCE__
        ^
<command line>(13): note: previous definition is here
#define __RT_KERNEL_SOURCE__ 1
        ^
4 warnings generated.
compiling irq.c...
warning: unknown warning option '-Wlogical-op'; did you mean '-Wlong-long'? [-Wunknown-warning-option]
warning: unknown warning option '-Wduplicated-cond' [-Wunknown-warning-option]
warning: unknown warning option '-Wduplicated-branches' [-Wunknown-warning-option]
rt-thread/src/mempool.c(22): warning: In file included from...
rt-thread/include\rthw.h(23): warning: In file included from...
rt-thread/include\rtdef.h(849): warning: In file included from...
rt-thread/include/rtsched.h(139): warning: '__RT_KERNEL_SOURCE__' macro redefined [-Wmacro-redefined]
#define __RT_KERNEL_SOURCE__
        ^
<command line>(13): note: previous definition is here
#define __RT_KERNEL_SOURCE__ 1
        ^
4 warnings generated.
compiling mempool.c...
warning: unknown warning option '-Wlogical-op'; did you mean '-Wlong-long'? [-Wunknown-warning-option]
warning: unknown warning option '-Wduplicated-cond' [-Wunknown-warning-option]
warning: unknown warning option '-Wduplicated-branches' [-Wunknown-warning-option]
rt-thread/src/mem.c(50): warning: In file included from...
rt-thread/include\rthw.h(23): warning: In file included from...
rt-thread/include\rtdef.h(849): warning: In file included from...
rt-thread/include/rtsched.h(139): warning: '__RT_KERNEL_SOURCE__' macro redefined [-Wmacro-redefined]
#define __RT_KERNEL_SOURCE__
        ^
<command line>(13): note: previous definition is here
#define __RT_KERNEL_SOURCE__ 1
        ^
4 warnings generated.
compiling mem.c...
warning: unknown warning option '-Wlogical-op'; did you mean '-Wlong-long'? [-Wunknown-warning-option]
warning: unknown warning option '-Wduplicated-cond' [-Wunknown-warning-option]
warning: unknown warning option '-Wduplicated-branches' [-Wunknown-warning-option]
rt-thread/src/scheduler_comm.c(15): warning: In file included from...
rt-thread/include\rtdbg.h(58): warning: In file included from...
rt-thread/components/utilities/ulog\ulog.h(14): warning: In file included from...
rt-thread/include\rtthread.h(31): warning: In file included from...
rt-thread/include\rtdef.h(849): warning: In file included from...
rt-thread/include/rtsched.h(139): warning: '__RT_KERNEL_SOURCE__' macro redefined [-Wmacro-redefined]
#define __RT_KERNEL_SOURCE__
        ^
<command line>(13): note: previous definition is here
#define __RT_KERNEL_SOURCE__ 1
        ^
4 warnings generated.
compiling scheduler_comm.c...
warning: unknown warning option '-Wlogical-op'; did you mean '-Wlong-long'? [-Wunknown-warning-option]
warning: unknown warning option '-Wduplicated-cond' [-Wunknown-warning-option]
warning: unknown warning option '-Wduplicated-branches' [-Wunknown-warning-option]
rt-thread/src/object.c(20): warning: In file included from...
rt-thread/include\rtthread.h(31): warning: In file included from...
rt-thread/include\rtdef.h(849): warning: In file included from...
rt-thread/include/rtsched.h(139): warning: '__RT_KERNEL_SOURCE__' macro redefined [-Wmacro-redefined]
#define __RT_KERNEL_SOURCE__
        ^
<command line>(13): note: previous definition is here
#define __RT_KERNEL_SOURCE__ 1
        ^
4 warnings generated.
compiling object.c...
warning: unknown warning option '-Wlogical-op'; did you mean '-Wlong-long'? [-Wunknown-warning-option]
warning: unknown warning option '-Wduplicated-cond' [-Wunknown-warning-option]
warning: unknown warning option '-Wduplicated-branches' [-Wunknown-warning-option]
rt-thread/src/kservice.c(31): warning: In file included from...
rt-thread/include\rtthread.h(31): warning: In file included from...
rt-thread/include\rtdef.h(849): warning: In file included from...
rt-thread/include/rtsched.h(139): warning: '__RT_KERNEL_SOURCE__' macro redefined [-Wmacro-redefined]
#define __RT_KERNEL_SOURCE__
        ^
<command line>(13): note: previous definition is here
#define __RT_KERNEL_SOURCE__ 1
        ^
rt-thread/src/kservice.c(1503): warning: unused variable '_pr_critical_level' [-Wunused-variable]
static rt_base_t _pr_critical_level;
                 ^
5 warnings generated.
compiling kservice.c...
warning: unknown warning option '-Wlogical-op'; did you mean '-Wlong-long'? [-Wunknown-warning-option]
warning: unknown warning option '-Wduplicated-cond' [-Wunknown-warning-option]
warning: unknown warning option '-Wduplicated-branches' [-Wunknown-warning-option]
rt-thread/src/scheduler_up.c(35): warning: In file included from...
rt-thread/include\rtthread.h(31): warning: In file included from...
rt-thread/include\rtdef.h(849): warning: In file included from...
rt-thread/include/rtsched.h(139): warning: '__RT_KERNEL_SOURCE__' macro redefined [-Wmacro-redefined]
#define __RT_KERNEL_SOURCE__
        ^
<command line>(13): note: previous definition is here
#define __RT_KERNEL_SOURCE__ 1
        ^
4 warnings generated.
compiling scheduler_up.c...
warning: unknown warning option '-Wlogical-op'; did you mean '-Wlong-long'? [-Wunknown-warning-option]
warning: unknown warning option '-Wduplicated-cond' [-Wunknown-warning-option]
warning: unknown warning option '-Wduplicated-branches' [-Wunknown-warning-option]
rt-thread/src/signal.c(16): warning: In file included from...
rt-thread/include\rthw.h(23): warning: In file included from...
rt-thread/include\rtdef.h(849): warning: In file included from...
rt-thread/include/rtsched.h(139): warning: '__RT_KERNEL_SOURCE__' macro redefined [-Wmacro-redefined]
#define __RT_KERNEL_SOURCE__
        ^
<command line>(13): note: previous definition is here
#define __RT_KERNEL_SOURCE__ 1
        ^
4 warnings generated.
compiling signal.c...
warning: unknown warning option '-Wlogical-op'; did you mean '-Wlong-long'? [-Wunknown-warning-option]
warning: unknown warning option '-Wduplicated-cond' [-Wunknown-warning-option]
warning: unknown warning option '-Wduplicated-branches' [-Wunknown-warning-option]
rt-thread/src/ipc.c(51): warning: In file included from...
rt-thread/include\rtthread.h(31): warning: In file included from...
rt-thread/include\rtdef.h(849): warning: In file included from...
rt-thread/include/rtsched.h(139): warning: '__RT_KERNEL_SOURCE__' macro redefined [-Wmacro-redefined]
#define __RT_KERNEL_SOURCE__
        ^
<command line>(13): note: previous definition is here
#define __RT_KERNEL_SOURCE__ 1
        ^
4 warnings generated.
compiling ipc.c...
warning: unknown warning option '-Wlogical-op'; did you mean '-Wlong-long'? [-Wunknown-warning-option]
warning: unknown warning option '-Wduplicated-cond' [-Wunknown-warning-option]
warning: unknown warning option '-Wduplicated-branches' [-Wunknown-warning-option]
rt-thread/src/thread.c(40): warning: In file included from...
rt-thread/include\rthw.h(23): warning: In file included from...
rt-thread/include\rtdef.h(849): warning: In file included from...
rt-thread/include/rtsched.h(139): warning: '__RT_KERNEL_SOURCE__' macro redefined [-Wmacro-redefined]
#define __RT_KERNEL_SOURCE__
        ^
<command line>(13): note: previous definition is here
#define __RT_KERNEL_SOURCE__ 1
        ^
4 warnings generated.
compiling src_thread.c...
compiling cputimer.c...
warning: unknown warning option '-Wlogical-op'; did you mean '-Wlong-long'? [-Wunknown-warning-option]
warning: unknown warning option '-Wduplicated-cond' [-Wunknown-warning-option]
warning: unknown warning option '-Wduplicated-branches' [-Wunknown-warning-option]
rt-thread/src/timer.c(26): warning: In file included from...
rt-thread/include\rtthread.h(31): warning: In file included from...
rt-thread/include\rtdef.h(849): warning: In file included from...
rt-thread/include/rtsched.h(139): warning: '__RT_KERNEL_SOURCE__' macro redefined [-Wmacro-redefined]
#define __RT_KERNEL_SOURCE__
        ^
<command line>(13): note: previous definition is here
#define __RT_KERNEL_SOURCE__ 1
        ^
rt-thread/src/timer.c(112): warning: unused function '_timerhead_idx' [-Wunused-function]
rt_inline rt_list_t* _timerhead_idx(struct rt_timer *timer)
                     ^
5 warnings generated.
compiling timer.c...
compiling hrtimer.c...
compiling boottime.c...
compiling atomic_arm.c...
compiling div0.c...
compiling showmem.c...
compiling cpuport.c...
compiling stm32f4xx_hal_rtc_ex.c...
compiling stm32f4xx_hal_rtc.c...
compiling stm32f4xx_hal_adc.c...
compiling stm32f4xx_hal_crc.c...
compiling stm32f4xx_hal_usart.c...
compiling stm32f4xx_hal_cryp_ex.c...
compiling stm32f4xx_hal_i2c_ex.c...
compiling stm32f4xx_hal_pwr_ex.c...
compiling stm32f4xx_hal_rcc_ex.c...
compiling stm32f4xx_hal_dma.c...
compiling stm32f4xx_hal_adc_ex.c...
compiling stm32f4xx_hal_uart.c...
compiling stm32f4xx_hal_dma_ex.c...
compiling stm32f4xx_hal_rcc.c...
compiling stm32f4xx_hal_rng.c...
compiling stm32f4xx_hal_pwr.c...
compiling stm32f4xx_hal_cortex.c...
compiling stm32f4xx_hal_cryp.c...
compiling stm32f4xx_hal_cec.c...
compiling stm32f4xx_hal_i2c.c...
compiling system_stm32f4xx.c...
compiling stm32f4xx_hal.c...
compiling stm32f4xx_hal_can.c...
compiling perf_os_patch_rt_thread.c...
compiling delay.c...
compiling stm32f4xx_hal_gpio.c...
compiling perf_counter.c...
compiling stdio.c...
compiling pthread_attr.c...
compiling pthread_barrier.c...
compiling pthread_cond.c...
compiling pthread.c...
compiling pthread_spin.c...
compiling pthread_mutex.c...
compiling pthread_rwlock.c...
compiling pthread_tls.c...
compiling sched.c...
compiling rt_kprintf.c...
compiling posix_signal.c...
warning: unknown warning option '-Wlogical-op'; did you mean '-Wlong-long'? [-Wunknown-warning-option]
warning: unknown warning option '-Wduplicated-cond' [-Wunknown-warning-option]
warning: unknown warning option '-Wduplicated-branches' [-Wunknown-warning-option]
3 warnings generated.
compiling WMath_c.c...
warning: unknown warning option '-Wlogical-op'; did you mean '-Wlong-long'? [-Wunknown-warning-option]
warning: unknown warning option '-Wduplicated-cond' [-Wunknown-warning-option]
warning: unknown warning option '-Wduplicated-branches' [-Wunknown-warning-option]
3 warnings generated.
compiling wiring_pulse.c...
warning: unknown warning option '-Wlogical-op'; did you mean '-Wlong-long'? [-Wunknown-warning-option]
warning: unknown warning option '-Wduplicated-cond' [-Wunknown-warning-option]
warning: unknown warning option '-Wduplicated-branches' [-Wunknown-warning-option]
3 warnings generated.
compiling wiring.c...
compiling pins_arduino.c...
warning: unknown warning option '-Wlogical-op'; did you mean '-Wlong-long'? [-Wunknown-warning-option]
warning: unknown warning option '-Wduplicated-cond' [-Wunknown-warning-option]
warning: unknown warning option '-Wduplicated-branches' [-Wunknown-warning-option]
3 warnings generated.
compiling WInterrupts.c...
warning: unknown warning option '-Wlogical-op'; did you mean '-Wlong-long'? [-Wunknown-warning-option]
warning: unknown warning option '-Wduplicated-cond' [-Wunknown-warning-option]
warning: unknown warning option '-Wduplicated-branches' [-Wunknown-warning-option]
3 warnings generated.
compiling dtostrf.c...
warning: unknown warning option '-Wlogical-op'; did you mean '-Wlong-long'? [-Wunknown-warning-option]
warning: unknown warning option '-Wduplicated-cond' [-Wunknown-warning-option]
warning: unknown warning option '-Wduplicated-branches' [-Wunknown-warning-option]
3 warnings generated.
compiling Tone.cpp...
warning: unknown warning option '-Wlogical-op'; did you mean '-Wlong-long'? [-Wunknown-warning-option]
warning: unknown warning option '-Wduplicated-cond' [-Wunknown-warning-option]
warning: unknown warning option '-Wduplicated-branches' [-Wunknown-warning-option]
3 warnings generated.
compiling HardwareSerial.cpp...
warning: unknown warning option '-Wlogical-op'; did you mean '-Wlong-long'? [-Wunknown-warning-option]
warning: unknown warning option '-Wduplicated-cond' [-Wunknown-warning-option]
warning: unknown warning option '-Wduplicated-branches' [-Wunknown-warning-option]
3 warnings generated.
compiling RTduino.cpp...
packages/rt_vsnprintf_full-latest/rt_vsnprintf.c(601): warning: unknown warning group '-Wmaybe-uninitialized', ignored [-Wunknown-warning-option]
#pragma GCC diagnostic ignored "-Wmaybe-uninitialized"
                               ^
1 warning generated.
compiling rt_vsnprintf.c...
warning: unknown warning option '-Wlogical-op'; did you mean '-Wlong-long'? [-Wunknown-warning-option]
warning: unknown warning option '-Wduplicated-cond' [-Wunknown-warning-option]
warning: unknown warning option '-Wduplicated-branches' [-Wunknown-warning-option]
3 warnings generated.
compiling WMath_cpp.cpp...
warning: unknown warning option '-Wlogical-op'; did you mean '-Wlong-long'? [-Wunknown-warning-option]
warning: unknown warning option '-Wduplicated-cond' [-Wunknown-warning-option]
warning: unknown warning option '-Wduplicated-branches' [-Wunknown-warning-option]
3 warnings generated.
compiling wiring_analog.c...
warning: unknown warning option '-Wlogical-op'; did you mean '-Wlong-long'? [-Wunknown-warning-option]
warning: unknown warning option '-Wduplicated-cond' [-Wunknown-warning-option]
warning: unknown warning option '-Wduplicated-branches' [-Wunknown-warning-option]
3 warnings generated.
compiling wiring_shift.c...
compiling console_be.c...
warning: unknown warning option '-Wlogical-op'; did you mean '-Wlong-long'? [-Wunknown-warning-option]
warning: unknown warning option '-Wduplicated-cond' [-Wunknown-warning-option]
warning: unknown warning option '-Wduplicated-branches' [-Wunknown-warning-option]
3 warnings generated.
compiling wiring_digital.c...
compiling var_export.c...
compiling var_export_cmd.c...
warning: unknown warning option '-Wlogical-op'; did you mean '-Wlong-long'? [-Wunknown-warning-option]
warning: unknown warning option '-Wduplicated-cond' [-Wunknown-warning-option]
warning: unknown warning option '-Wduplicated-branches' [-Wunknown-warning-option]
3 warnings generated.
compiling WString.cpp...
warning: unknown warning option '-Wlogical-op'; did you mean '-Wlong-long'? [-Wunknown-warning-option]
warning: unknown warning option '-Wduplicated-cond' [-Wunknown-warning-option]
warning: unknown warning option '-Wduplicated-branches' [-Wunknown-warning-option]
3 warnings generated.
compiling Print.cpp...
warning: unknown warning option '-Wlogical-op'; did you mean '-Wlong-long'? [-Wunknown-warning-option]
warning: unknown warning option '-Wduplicated-cond' [-Wunknown-warning-option]
warning: unknown warning option '-Wduplicated-branches' [-Wunknown-warning-option]
3 warnings generated.
compiling Stream.cpp...
compiling ulog.c...
linking...
Program Size: Code=115964 RO-data=12444 RW-data=2236 ZI-data=6804  
After Build - User command #1: fromelf --bin .\build\keil\Obj\rt-thread.axf --output rtthread.bin
".\build\keil\Obj\rt-thread.axf" - 0 Error(s), 129 Warning(s).

<h2>Software Packages used:</h2>

Package Vendor: Keil
                https://www.keil.com/pack/Keil.STM32F4xx_DFP.2.17.1.pack
                Keil.STM32F4xx_DFP.2.17.1
                STMicroelectronics STM32F4 Series Device Support, Drivers and Examples

<h2>Collection of Component include folders:</h2>
  C:/Users/80520/AppData/Local/Arm/Packs/Keil/STM32F4xx_DFP/2.17.1/Drivers/CMSIS/Device/ST/STM32F4xx/Include

<h2>Collection of Component Files used:</h2>
Build Time Elapsed:  00:00:09
</pre>
</body>
</html>
