<html>
<body>
<pre>
<h1>�Vision Build Log</h1>
<h2>Tool Versions:</h2>
IDE-Version: ��Vision V5.39.0.0
Copyright (C) 2023 ARM Ltd and ARM Germany GmbH. All rights reserved.
License Information: d 805207319@qq.com, d, LIC=RC93N-Y6I5C-749S0-BB47H-1DVAV-GFK1A
 
Tool Versions:
Toolchain:       MDK-ARM Plus  Version: 5.39.0.0
Toolchain Path:  C:\Keil_v5\ARM\ARMCLANG\Bin
C Compiler:      ArmClang.exe V6.21
Assembler:       Armasm.exe V6.21
Linker/Locator:  ArmLink.exe V6.21
Library Manager: ArmAr.exe V6.21
Hex Converter:   FromElf.exe V6.21
CPU DLL:         SARMCM3.DLL V5.39.0.0
Dialog DLL:      DCM.DLL V1.17.5.0
Target DLL:      CMSIS_AGDI.dll V1.33.16.0
Dialog DLL:      TCM.DLL V1.56.4.0
 
<h2>Project:</h2>
C:\Users\33368\Documents\GitHub\construction_robot\project\project.uvprojx
Project File Date:  03/09/2024

<h2>Output:</h2>
*** Using Compiler 'V6.21', folder: 'C:\Keil_v5\ARM\ARMCLANG\Bin'
Build target 'rt-thread'
compiling cctype.c...
applications/motor_cfg.c(2): warning: In file included from...
applications/motor.h(16): warning: In file included from...
applications/apid.h(189): warning: redefinition of typedef 'apid_t' is a C11 feature [-Wtypedef-redefinition]
  189 |     }apid_t;
      |      ^
applications/apid.h(177): note: previous definition is here
  177 |     typedef  struct _PID_T apid_t;
      |                            ^
applications/motor_cfg.c(2): warning: In file included from...
applications/motor.h(90): warning: redefinition of typedef 'motor_t' is a C11 feature [-Wtypedef-redefinition]
   90 | }motor_t;
      |  ^
applications/motor.h(51): note: previous definition is here
   51 | typedef struct motor motor_t;
      |                      ^
2 warnings generated.
compiling motor_cfg.c...
applications/motor_dj_rm_driver.c(26): warning: In file included from...
applications/apid.h(189): warning: redefinition of typedef 'apid_t' is a C11 feature [-Wtypedef-redefinition]
  189 |     }apid_t;
      |      ^
applications/apid.h(177): note: previous definition is here
  177 |     typedef  struct _PID_T apid_t;
      |                            ^
applications/motor_dj_rm_driver.c(27): warning: In file included from...
applications/motor_dj_rm_driver.h(16): warning: In file included from...
applications/motor.h(90): warning: redefinition of typedef 'motor_t' is a C11 feature [-Wtypedef-redefinition]
   90 | }motor_t;
      |  ^
applications/motor.h(51): note: previous definition is here
   51 | typedef struct motor motor_t;
      |                      ^
2 warnings generated.
compiling motor_dj_rm_driver.c...
compiling syscall_mem.c...
applications/drv_stepper_motor.c(9): warning: In file included from...
applications/drv_stepper_motor.h(40): warning: redefinition of typedef 'stepper_motor_t' is a C11 feature [-Wtypedef-redefinition]
   40 | }stepper_motor_t;
      |  ^
applications/Emm_V5.h(9): note: previous definition is here
    9 | typedef struct stepper_motor stepper_motor_t;
      |                              ^
1 warning generated.
compiling drv_stepper_motor.c...
compiling syscalls.c...
compiling cstdlib.c...
rt-thread/components/libc/compilers/common/cstring.c(196): warning: nonnull parameter 'saveptr' will evaluate to 'true' on first encounter [-Wpointer-bool-conversion]
  196 |     else if (saveptr && *saveptr)
      |              ^~~~~~~ ~~
C:\Keil_v5\ARM\ARMCLANG\Bin\..\include\string.h(283): note: declared 'nonnull' here
  283 | extern _ARMABI char *strtok_r(char * /*s1*/, const char * /*s2*/, char ** /*ptr*/) __attribute__((__nonnull__(2,3)));
      |                                                                                                   ^
rt-thread/components/libc/compilers/common/cstring.c(219): warning: nonnull parameter 'saveptr' will evaluate to 'true' on first encounter [-Wpointer-bool-conversion]
  219 |     if (saveptr)
      |     ~~  ^~~~~~~
C:\Keil_v5\ARM\ARMCLANG\Bin\..\include\string.h(283): note: declared 'nonnull' here
  283 | extern _ARMABI char *strtok_r(char * /*s1*/, const char * /*s2*/, char ** /*ptr*/) __attribute__((__nonnull__(2,3)));
      |                                                                                                   ^
2 warnings generated.
compiling cstring.c...
applications/main.c(20): warning: In file included from...
applications/Emm_V5.h(9): warning: redefinition of typedef 'stepper_motor_t' is a C11 feature [-Wtypedef-redefinition]
    9 | typedef struct stepper_motor stepper_motor_t;
      |                              ^
applications/drv_stepper_motor.h(40): note: previous definition is here
   40 | }stepper_motor_t;
      |  ^
applications/main.c(24): warning: In file included from...
applications/motor.h(16): warning: In file included from...
applications/apid.h(189): warning: redefinition of typedef 'apid_t' is a C11 feature [-Wtypedef-redefinition]
  189 |     }apid_t;
      |      ^
applications/apid.h(177): note: previous definition is here
  177 |     typedef  struct _PID_T apid_t;
      |                            ^
applications/main.c(24): warning: In file included from...
applications/motor.h(90): warning: redefinition of typedef 'motor_t' is a C11 feature [-Wtypedef-redefinition]
   90 | }motor_t;
      |  ^
applications/motor.h(51): note: previous definition is here
   51 | typedef struct motor motor_t;
      |                      ^
3 warnings generated.
compiling main.c...
applications/apid.c(10): warning: In file included from...
applications/apid.h(189): warning: redefinition of typedef 'apid_t' is a C11 feature [-Wtypedef-redefinition]
  189 |     }apid_t;
      |      ^
applications/apid.h(177): note: previous definition is here
  177 |     typedef  struct _PID_T apid_t;
      |                            ^
1 warning generated.
compiling apid.c...
applications/apid_exfunc.c(9): warning: In file included from...
applications/apid.h(189): warning: redefinition of typedef 'apid_t' is a C11 feature [-Wtypedef-redefinition]
  189 |     }apid_t;
      |      ^
applications/apid.h(177): note: previous definition is here
  177 |     typedef  struct _PID_T apid_t;
      |                            ^
applications/apid_exfunc.c(87): warning: passing an object that undergoes default argument promotion to 'va_start' has undefined behavior [-Wvarargs]
   87 |           va_start(ap, imode); // 初始化，第二个参数为最后一个确定的形参      
      |                        ^
applications/apid_exfunc.c(84): note: parameter of type 'ALL_PID_I_Function' (aka 'enum ALL_PID_I_Function') is declared here
   84 | void APID_SET_I_Function(apid_t *pid, ALL_PID_I_Function imode, ...)
      |                                                          ^
2 warnings generated.
compiling apid_exfunc.c...
applications/motor.c(16): warning: In file included from...
applications/motor.h(16): warning: In file included from...
applications/apid.h(189): warning: redefinition of typedef 'apid_t' is a C11 feature [-Wtypedef-redefinition]
  189 |     }apid_t;
      |      ^
applications/apid.h(177): note: previous definition is here
  177 |     typedef  struct _PID_T apid_t;
      |                            ^
applications/motor.c(16): warning: In file included from...
applications/motor.h(90): warning: redefinition of typedef 'motor_t' is a C11 feature [-Wtypedef-redefinition]
   90 | }motor_t;
      |  ^
applications/motor.h(51): note: previous definition is here
   51 | typedef struct motor motor_t;
      |                      ^
2 warnings generated.
compiling motor.c...
compiling aboard_power_switch.c...
compiling follow_line.c...
applications/Emm_V5.c(1): warning: In file included from...
applications/Emm_V5.h(9): warning: redefinition of typedef 'stepper_motor_t' is a C11 feature [-Wtypedef-redefinition]
    9 | typedef struct stepper_motor stepper_motor_t;
      |                              ^
applications/drv_stepper_motor.h(40): note: previous definition is here
   40 | }stepper_motor_t;
      |  ^
1 warning generated.
compiling Emm_V5.c...
rt-thread/components/libc/compilers/common/ctime.c(249): warning: comparison of nonnull parameter 't' equal to a null pointer is 'false' on first encounter [-Wtautological-pointer-compare]
  249 |     if(t == RT_NULL || buf == RT_NULL)
      |        ^    ~~~~~~~
C:\Keil_v5\ARM\ARMCLANG\Bin\..\include\time.h(171): note: declared 'nonnull' here
  171 |                                char * __restrict /*buf*/) __attribute__((__nonnull__(1,2)));
      |                                                                          ^
rt-thread/components/libc/compilers/common/ctime.c(249): warning: comparison of nonnull parameter 'buf' equal to a null pointer is 'false' on first encounter [-Wtautological-pointer-compare]
  249 |     if(t == RT_NULL || buf == RT_NULL)
      |                        ^~~    ~~~~~~~
C:\Keil_v5\ARM\ARMCLANG\Bin\..\include\time.h(171): note: declared 'nonnull' here
  171 |                                char * __restrict /*buf*/) __attribute__((__nonnull__(1,2)));
      |                                                                          ^
2 warnings generated.
compiling ctime.c...
compiling cunistd.c...
compiling cwchar.c...
compiling atomic_8.c...
compiling cxx_crt_init.c...
compiling emutls.c...
compiling can.c...
compiling device.c...
compiling i2c_core.c...
compiling i2c-bit-ops.c...
compiling i2c_dev.c...
compiling completion.c...
compiling pipe.c...
compiling dataqueue.c...
compiling ringblk_buf.c...
compiling waitqueue.c...
compiling workqueue.c...
compiling adc.c...
compiling rtc.c...
compiling pin.c...
compiling ringbuffer.c...
compiling soft_rtc.c...
compiling board.c...
compiling serial_v2.c...
compiling stm32f4xx_hal_msp.c...
compiling drv_adc.c...
compiling devfs.c...
compiling drv_gpio.c...
compiling drv_usart_v2.c...
compiling drv_common.c...
compiling drv_can.c...
compiling dfs.c...
compiling dfs_fs.c...
warning: unknown warning option '-Wstack-usage=4096'; did you mean '-Wstack-protector'? [-Wunknown-warning-option]
1 warning generated.
compiling shell.c...
compiling dfs_file.c...
compiling dfs_posix.c...
warning: unknown warning option '-Wstack-usage=4096'; did you mean '-Wstack-protector'? [-Wunknown-warning-option]
1 warning generated.
compiling msh_parse.c...
warning: unknown warning option '-Wstack-usage=4096'; did you mean '-Wstack-protector'? [-Wunknown-warning-option]
1 warning generated.
compiling msh.c...
warning: unknown warning option '-Wlogical-op'; did you mean '-Wlong-long'? [-Wunknown-warning-option]
warning: unknown warning option '-Wduplicated-cond' [-Wunknown-warning-option]
warning: unknown warning option '-Wduplicated-branches' [-Wunknown-warning-option]
rt-thread/src/clock.c(22): warning: In file included from...
rt-thread/include\rthw.h(23): warning: In file included from...
rt-thread/include\rtdef.h(849): warning: In file included from...
rt-thread/include/rtsched.h(139): warning: '__RT_KERNEL_SOURCE__' macro redefined [-Wmacro-redefined]
  139 | #define __RT_KERNEL_SOURCE__
      |         ^
<command line>(13): note: previous definition is here
   13 | #define __RT_KERNEL_SOURCE__ 1
      |         ^
4 warnings generated.
compiling src_clock.c...
warning: unknown warning option '-Wlogical-op'; did you mean '-Wlong-long'? [-Wunknown-warning-option]
warning: unknown warning option '-Wduplicated-cond' [-Wunknown-warning-option]
warning: unknown warning option '-Wduplicated-branches' [-Wunknown-warning-option]
rt-thread/src/components.c(21): warning: In file included from...
rt-thread/include\rthw.h(23): warning: In file included from...
rt-thread/include\rtdef.h(849): warning: In file included from...
rt-thread/include/rtsched.h(139): warning: '__RT_KERNEL_SOURCE__' macro redefined [-Wmacro-redefined]
  139 | #define __RT_KERNEL_SOURCE__
      |         ^
<command line>(13): note: previous definition is here
   13 | #define __RT_KERNEL_SOURCE__ 1
      |         ^
rt-thread/src/components.c(143): warning: no previous prototype for function '$Sub$$main' [-Wmissing-prototypes]
  143 | int $Sub$$main(void)
      |     ^
rt-thread/src/components.c(143): note: declare 'static' if the function is not intended to be used outside of this translation unit
  143 | int $Sub$$main(void)
      | ^
      | static 
5 warnings generated.
compiling components.c...
warning: unknown warning option '-Wstack-usage=4096'; did you mean '-Wstack-protector'? [-Wunknown-warning-option]
1 warning generated.
compiling msh_file.c...
warning: unknown warning option '-Wlogical-op'; did you mean '-Wlong-long'? [-Wunknown-warning-option]
warning: unknown warning option '-Wduplicated-cond' [-Wunknown-warning-option]
warning: unknown warning option '-Wduplicated-branches' [-Wunknown-warning-option]
rt-thread/src/idle.c(24): warning: In file included from...
rt-thread/include\rthw.h(23): warning: In file included from...
rt-thread/include\rtdef.h(849): warning: In file included from...
rt-thread/include/rtsched.h(139): warning: '__RT_KERNEL_SOURCE__' macro redefined [-Wmacro-redefined]
  139 | #define __RT_KERNEL_SOURCE__
      |         ^
<command line>(13): note: previous definition is here
   13 | #define __RT_KERNEL_SOURCE__ 1
      |         ^
4 warnings generated.
compiling idle.c...
warning: unknown warning option '-Wstack-usage=4096'; did you mean '-Wstack-protector'? [-Wunknown-warning-option]
1 warning generated.
compiling cmd.c...
warning: unknown warning option '-Wlogical-op'; did you mean '-Wlong-long'? [-Wunknown-warning-option]
warning: unknown warning option '-Wduplicated-cond' [-Wunknown-warning-option]
warning: unknown warning option '-Wduplicated-branches' [-Wunknown-warning-option]
rt-thread/src/irq.c(19): warning: In file included from...
rt-thread/include\rthw.h(23): warning: In file included from...
rt-thread/include\rtdef.h(849): warning: In file included from...
rt-thread/include/rtsched.h(139): warning: '__RT_KERNEL_SOURCE__' macro redefined [-Wmacro-redefined]
  139 | #define __RT_KERNEL_SOURCE__
      |         ^
<command line>(13): note: previous definition is here
   13 | #define __RT_KERNEL_SOURCE__ 1
      |         ^
4 warnings generated.
compiling irq.c...
warning: unknown warning option '-Wlogical-op'; did you mean '-Wlong-long'? [-Wunknown-warning-option]
warning: unknown warning option '-Wduplicated-cond' [-Wunknown-warning-option]
warning: unknown warning option '-Wduplicated-branches' [-Wunknown-warning-option]
rt-thread/src/mem.c(50): warning: In file included from...
rt-thread/include\rthw.h(23): warning: In file included from...
rt-thread/include\rtdef.h(849): warning: In file included from...
rt-thread/include/rtsched.h(139): warning: '__RT_KERNEL_SOURCE__' macro redefined [-Wmacro-redefined]
  139 | #define __RT_KERNEL_SOURCE__
      |         ^
<command line>(13): note: previous definition is here
   13 | #define __RT_KERNEL_SOURCE__ 1
      |         ^
4 warnings generated.
compiling mem.c...
warning: unknown warning option '-Wlogical-op'; did you mean '-Wlong-long'? [-Wunknown-warning-option]
warning: unknown warning option '-Wduplicated-cond' [-Wunknown-warning-option]
warning: unknown warning option '-Wduplicated-branches' [-Wunknown-warning-option]
rt-thread/src/mempool.c(22): warning: In file included from...
rt-thread/include\rthw.h(23): warning: In file included from...
rt-thread/include\rtdef.h(849): warning: In file included from...
rt-thread/include/rtsched.h(139): warning: '__RT_KERNEL_SOURCE__' macro redefined [-Wmacro-redefined]
  139 | #define __RT_KERNEL_SOURCE__
      |         ^
<command line>(13): note: previous definition is here
   13 | #define __RT_KERNEL_SOURCE__ 1
      |         ^
4 warnings generated.
compiling mempool.c...
warning: unknown warning option '-Wlogical-op'; did you mean '-Wlong-long'? [-Wunknown-warning-option]
warning: unknown warning option '-Wduplicated-cond' [-Wunknown-warning-option]
warning: unknown warning option '-Wduplicated-branches' [-Wunknown-warning-option]
rt-thread/src/scheduler_comm.c(15): warning: In file included from...
rt-thread/include\rtdbg.h(58): warning: In file included from...
rt-thread/components/utilities/ulog\ulog.h(14): warning: In file included from...
rt-thread/include\rtthread.h(31): warning: In file included from...
rt-thread/include\rtdef.h(849): warning: In file included from...
rt-thread/include/rtsched.h(139): warning: '__RT_KERNEL_SOURCE__' macro redefined [-Wmacro-redefined]
  139 | #define __RT_KERNEL_SOURCE__
      |         ^
<command line>(13): note: previous definition is here
   13 | #define __RT_KERNEL_SOURCE__ 1
      |         ^
4 warnings generated.
compiling scheduler_comm.c...
warning: unknown warning option '-Wlogical-op'; did you mean '-Wlong-long'? [-Wunknown-warning-option]
warning: unknown warning option '-Wduplicated-cond' [-Wunknown-warning-option]
warning: unknown warning option '-Wduplicated-branches' [-Wunknown-warning-option]
rt-thread/src/object.c(20): warning: In file included from...
rt-thread/include\rtthread.h(31): warning: In file included from...
rt-thread/include\rtdef.h(849): warning: In file included from...
rt-thread/include/rtsched.h(139): warning: '__RT_KERNEL_SOURCE__' macro redefined [-Wmacro-redefined]
  139 | #define __RT_KERNEL_SOURCE__
      |         ^
<command line>(13): note: previous definition is here
   13 | #define __RT_KERNEL_SOURCE__ 1
      |         ^
4 warnings generated.
compiling object.c...
warning: unknown warning option '-Wlogical-op'; did you mean '-Wlong-long'? [-Wunknown-warning-option]
warning: unknown warning option '-Wduplicated-cond' [-Wunknown-warning-option]
warning: unknown warning option '-Wduplicated-branches' [-Wunknown-warning-option]
rt-thread/src/scheduler_up.c(35): warning: In file included from...
rt-thread/include\rtthread.h(31): warning: In file included from...
rt-thread/include\rtdef.h(849): warning: In file included from...
rt-thread/include/rtsched.h(139): warning: '__RT_KERNEL_SOURCE__' macro redefined [-Wmacro-redefined]
  139 | #define __RT_KERNEL_SOURCE__
      |         ^
<command line>(13): note: previous definition is here
   13 | #define __RT_KERNEL_SOURCE__ 1
      |         ^
4 warnings generated.
compiling scheduler_up.c...
warning: unknown warning option '-Wlogical-op'; did you mean '-Wlong-long'? [-Wunknown-warning-option]
warning: unknown warning option '-Wduplicated-cond' [-Wunknown-warning-option]
warning: unknown warning option '-Wduplicated-branches' [-Wunknown-warning-option]
rt-thread/src/signal.c(16): warning: In file included from...
rt-thread/include\rthw.h(23): warning: In file included from...
rt-thread/include\rtdef.h(849): warning: In file included from...
rt-thread/include/rtsched.h(139): warning: '__RT_KERNEL_SOURCE__' macro redefined [-Wmacro-redefined]
  139 | #define __RT_KERNEL_SOURCE__
      |         ^
<command line>(13): note: previous definition is here
   13 | #define __RT_KERNEL_SOURCE__ 1
      |         ^
4 warnings generated.
compiling signal.c...
warning: unknown warning option '-Wlogical-op'; did you mean '-Wlong-long'? [-Wunknown-warning-option]
warning: unknown warning option '-Wduplicated-cond' [-Wunknown-warning-option]
warning: unknown warning option '-Wduplicated-branches' [-Wunknown-warning-option]
rt-thread/src/kservice.c(31): warning: In file included from...
rt-thread/include\rtthread.h(31): warning: In file included from...
rt-thread/include\rtdef.h(849): warning: In file included from...
rt-thread/include/rtsched.h(139): warning: '__RT_KERNEL_SOURCE__' macro redefined [-Wmacro-redefined]
  139 | #define __RT_KERNEL_SOURCE__
      |         ^
<command line>(13): note: previous definition is here
   13 | #define __RT_KERNEL_SOURCE__ 1
      |         ^
rt-thread/src/kservice.c(1503): warning: unused variable '_pr_critical_level' [-Wunused-variable]
 1503 | static rt_base_t _pr_critical_level;
      |                  ^~~~~~~~~~~~~~~~~~
5 warnings generated.
compiling kservice.c...
warning: unknown warning option '-Wlogical-op'; did you mean '-Wlong-long'? [-Wunknown-warning-option]
warning: unknown warning option '-Wduplicated-cond' [-Wunknown-warning-option]
warning: unknown warning option '-Wduplicated-branches' [-Wunknown-warning-option]
rt-thread/src/thread.c(40): warning: In file included from...
rt-thread/include\rthw.h(23): warning: In file included from...
rt-thread/include\rtdef.h(849): warning: In file included from...
rt-thread/include/rtsched.h(139): warning: '__RT_KERNEL_SOURCE__' macro redefined [-Wmacro-redefined]
  139 | #define __RT_KERNEL_SOURCE__
      |         ^
<command line>(13): note: previous definition is here
   13 | #define __RT_KERNEL_SOURCE__ 1
      |         ^
4 warnings generated.
compiling src_thread.c...
warning: unknown warning option '-Wlogical-op'; did you mean '-Wlong-long'? [-Wunknown-warning-option]
warning: unknown warning option '-Wduplicated-cond' [-Wunknown-warning-option]
warning: unknown warning option '-Wduplicated-branches' [-Wunknown-warning-option]
rt-thread/src/ipc.c(51): warning: In file included from...
rt-thread/include\rtthread.h(31): warning: In file included from...
rt-thread/include\rtdef.h(849): warning: In file included from...
rt-thread/include/rtsched.h(139): warning: '__RT_KERNEL_SOURCE__' macro redefined [-Wmacro-redefined]
  139 | #define __RT_KERNEL_SOURCE__
      |         ^
<command line>(13): note: previous definition is here
   13 | #define __RT_KERNEL_SOURCE__ 1
      |         ^
4 warnings generated.
compiling ipc.c...
warning: unknown warning option '-Wlogical-op'; did you mean '-Wlong-long'? [-Wunknown-warning-option]
warning: unknown warning option '-Wduplicated-cond' [-Wunknown-warning-option]
warning: unknown warning option '-Wduplicated-branches' [-Wunknown-warning-option]
rt-thread/src/timer.c(26): warning: In file included from...
rt-thread/include\rtthread.h(31): warning: In file included from...
rt-thread/include\rtdef.h(849): warning: In file included from...
rt-thread/include/rtsched.h(139): warning: '__RT_KERNEL_SOURCE__' macro redefined [-Wmacro-redefined]
  139 | #define __RT_KERNEL_SOURCE__
      |         ^
<command line>(13): note: previous definition is here
   13 | #define __RT_KERNEL_SOURCE__ 1
      |         ^
rt-thread/src/timer.c(112): warning: unused function '_timerhead_idx' [-Wunused-function]
  112 | rt_inline rt_list_t* _timerhead_idx(struct rt_timer *timer)
      |                      ^~~~~~~~~~~~~~
5 warnings generated.
compiling timer.c...
compiling cputimer.c...
compiling hrtimer.c...
compiling boottime.c...
compiling atomic_arm.c...
compiling div0.c...
compiling showmem.c...
compiling cpuport.c...
compiling stm32f4xx_hal_rtc_ex.c...
compiling stm32f4xx_hal_adc.c...
compiling stm32f4xx_hal_rtc.c...
compiling stm32f4xx_hal_rcc_ex.c...
compiling stm32f4xx_hal_crc.c...
compiling stm32f4xx_hal_uart.c...
compiling stm32f4xx_hal_cryp_ex.c...
compiling stm32f4xx_hal_pwr_ex.c...
compiling stm32f4xx_hal_usart.c...
compiling stm32f4xx_hal_i2c_ex.c...
compiling stm32f4xx_hal_dma.c...
compiling stm32f4xx_hal_adc_ex.c...
compiling stm32f4xx_hal_rcc.c...
compiling stm32f4xx_hal_rng.c...
compiling stm32f4xx_hal_dma_ex.c...
compiling stm32f4xx_hal_pwr.c...
compiling stm32f4xx_hal_cortex.c...
compiling stm32f4xx_hal_cryp.c...
compiling stm32f4xx_hal_i2c.c...
compiling stm32f4xx_hal_cec.c...
compiling stm32f4xx_hal.c...
compiling system_stm32f4xx.c...
compiling stm32f4xx_hal_can.c...
compiling stm32f4xx_hal_gpio.c...
compiling perf_os_patch_rt_thread.c...
compiling perf_counter.c...
compiling delay.c...
compiling stdio.c...
compiling pthread_barrier.c...
compiling pthread_attr.c...
compiling pthread_cond.c...
compiling pthread.c...
compiling pthread_mutex.c...
compiling pthread_spin.c...
compiling sched.c...
compiling pthread_rwlock.c...
compiling pthread_tls.c...
compiling posix_signal.c...
compiling rt_kprintf.c...
compiling wiring_digital.c...
compiling dtostrf.c...
compiling wiring.c...
compiling pins_arduino.c...
compiling WMath_c.c...
compiling wiring_analog.c...
packages/rt_vsnprintf_full-latest/rt_vsnprintf.c(601): warning: unknown warning group '-Wmaybe-uninitialized', ignored [-Wunknown-warning-option]
  601 | #pragma GCC diagnostic ignored "-Wmaybe-uninitialized"
      |                                ^
1 warning generated.
compiling rt_vsnprintf.c...
compiling wiring_pulse.c...
compiling console_be.c...
compiling WInterrupts.c...
compiling wiring_shift.c...
compiling var_export.c...
compiling var_export_cmd.c...
compiling ulog.c...
linking...
Program Size: Code=108780 RO-data=14264 RW-data=2236 ZI-data=6660  
After Build - User command #1: fromelf --bin .\build\keil\Obj\rt-thread.axf --output rtthread.bin
".\build\keil\Obj\rt-thread.axf" - 0 Error(s), 83 Warning(s).

<h2>Software Packages used:</h2>

Package Vendor: Keil
                https://www.keil.com/pack/Keil.STM32F4xx_DFP.2.17.1.pack
                Keil::STM32F4xx_DFP@2.17.1
                STMicroelectronics STM32F4 Series Device Support, Drivers and Examples

<h2>Collection of Component include folders:</h2>
  C:/Users/33368/AppData/Local/Arm/Packs/Keil/STM32F4xx_DFP/2.17.1/Drivers/CMSIS/Device/ST/STM32F4xx/Include

<h2>Collection of Component Files used:</h2>
Build Time Elapsed:  00:00:12
</pre>
</body>
</html>
