<html>
<body>
<pre>
<h1>µVision Build Log</h1>
<h2>Tool Versions:</h2>
IDE-Version: ¦ÌVision V5.38.0.0
Copyright (C) 2022 ARM Ltd and ARM Germany GmbH. All rights reserved.
License Information: ed s, s, LIC=RC93N-YYV10-DYKV3-AKSKU-J8CHC-5VFJA
 
Tool Versions:
Toolchain:       MDK-ARM Plus  Version: 5.38.0.0
Toolchain Path:  C:\Keil_v5\ARM\ARMCLANG\Bin
C Compiler:      ArmClang.exe V6.19
Assembler:       Armasm.exe V6.19
Linker/Locator:  ArmLink.exe V6.19
Library Manager: ArmAr.exe V6.19
Hex Converter:   FromElf.exe V6.19
CPU DLL:         SARMCM3.DLL V5.38.0.0
Dialog DLL:      DCM.DLL V1.17.5.0
Target DLL:      CMSIS_AGDI.dll V1.33.15.0
Dialog DLL:      TCM.DLL V1.56.4.0
 
<h2>Project:</h2>
C:\Users\80520\Documents\GitHub\construction_robot\project\project.uvprojx
Project File Date:  03/01/2024

<h2>Output:</h2>
*** Using Compiler 'V6.19', folder: 'C:\Keil_v5\ARM\ARMCLANG\Bin'
Rebuild target 'rt-thread'
compiling cunistd.c...
compiling cctype.c...
compiling cwchar.c...
compiling syscall_mem.c...
compiling syscalls.c...
compiling cstdlib.c...
rt-thread/components/libc/compilers/common/cstring.c(196): warning: nonnull parameter 'saveptr' will evaluate to 'true' on first encounter [-Wpointer-bool-conversion]
    else if (saveptr && *saveptr)
             ^~~~~~~ ~~
C:\Keil_v5\ARM\ARMCLANG\Bin\..\include\string.h(283): note: declared 'nonnull' here
extern _ARMABI char *strtok_r(char * /*s1*/, const char * /*s2*/, char ** /*ptr*/) __attribute__((__nonnull__(2,3)));
                                                                                                  ^
rt-thread/components/libc/compilers/common/cstring.c(219): warning: nonnull parameter 'saveptr' will evaluate to 'true' on first encounter [-Wpointer-bool-conversion]
    if (saveptr)
    ~~  ^~~~~~~
C:\Keil_v5\ARM\ARMCLANG\Bin\..\include\string.h(283): note: declared 'nonnull' here
extern _ARMABI char *strtok_r(char * /*s1*/, const char * /*s2*/, char ** /*ptr*/) __attribute__((__nonnull__(2,3)));
                                                                                                  ^
2 warnings generated.
compiling cstring.c...
applications/main.c(64): warning: passing 'char[14]' to parameter of type 'const rt_uint8_t *' (aka 'const unsigned char *') converts between pointers to integer types where one is of the unique plain 'char' type and the other is not [-Wpointer-sign]
        LOG_HEX("test",16,buf,sizeof(buf));
                          ^~~
rt-thread/components/utilities/ulog\ulog.h(49): note: expanded from macro 'LOG_HEX'
#define LOG_HEX(name, width, buf, size) ulog_hex(name, width, buf, size)
                                                              ^~~
rt-thread/components/utilities/ulog/ulog_def.h(104): note: expanded from macro 'ulog_hex'
    #define ulog_hex(TAG, width, buf, size)     ulog_hexdump(TAG, width, buf, size)
                                                                         ^~~
rt-thread/components/utilities/ulog\ulog.h(91): note: passing argument to parameter 'buf' here
void ulog_hexdump(const char *tag, rt_size_t width, const rt_uint8_t *buf, rt_size_t size, ...);
                                                                      ^
1 warning generated.
compiling main.c...
compiling follow_line.c...
compiling Emm_V5.c...
rt-thread/components/libc/compilers/common/ctime.c(249): warning: comparison of nonnull parameter 't' equal to a null pointer is 'false' on first encounter [-Wtautological-pointer-compare]
    if(t == RT_NULL || buf == RT_NULL)
       ^    ~~~~~~~
C:\Keil_v5\ARM\ARMCLANG\Bin\..\include\time.h(171): note: declared 'nonnull' here
                               char * __restrict /*buf*/) __attribute__((__nonnull__(1,2)));
                                                                         ^
rt-thread/components/libc/compilers/common/ctime.c(249): warning: comparison of nonnull parameter 'buf' equal to a null pointer is 'false' on first encounter [-Wtautological-pointer-compare]
    if(t == RT_NULL || buf == RT_NULL)
                       ^~~    ~~~~~~~
C:\Keil_v5\ARM\ARMCLANG\Bin\..\include\time.h(171): note: declared 'nonnull' here
                               char * __restrict /*buf*/) __attribute__((__nonnull__(1,2)));
                                                                         ^
2 warnings generated.
compiling ctime.c...
compiling device.c...
compiling i2c_core.c...
compiling i2c_dev.c...
compiling can.c...
compiling completion.c...
compiling i2c-bit-ops.c...
compiling dataqueue.c...
compiling pipe.c...
compiling ringbuffer.c...
compiling ringblk_buf.c...
compiling waitqueue.c...
compiling adc.c...
compiling soft_rtc.c...
compiling rtc.c...
compiling workqueue.c...
compiling pin.c...
compiling serial_v2.c...
assembling startup_stm32f427xx.s...
compiling board.c...
compiling stm32f4xx_hal_msp.c...
compiling drv_adc.c...
assembling rt_memcpy_rvds.S...
compiling drv_gpio.c...
compiling shell.c...
compiling msh.c...
compiling msh_parse.c...
compiling drv_can.c...
compiling drv_common.c...
compiling clock.c...
compiling drv_usart_v2.c...
compiling components.c...
compiling idle.c...
compiling cmd.c...
compiling irq.c...
compiling scheduler_comm.c...
compiling mem.c...
compiling mempool.c...
compiling object.c...
compiling scheduler_up.c...
compiling signal.c...
compiling timer.c...
compiling thread.c...
assembling context_rvds.S...
compiling div0.c...
compiling kservice.c...
compiling atomic_arm.c...
compiling ipc.c...
compiling showmem.c...
compiling cpuport.c...
compiling stm32f4xx_hal_rtc_ex.c...
compiling stm32f4xx_hal_rtc.c...
compiling stm32f4xx_hal_adc.c...
compiling stm32f4xx_hal_rcc_ex.c...
compiling stm32f4xx_hal_cryp_ex.c...
compiling stm32f4xx_hal_crc.c...
compiling stm32f4xx_hal_usart.c...
compiling stm32f4xx_hal_pwr_ex.c...
compiling stm32f4xx_hal_i2c_ex.c...
compiling stm32f4xx_hal_dma.c...
compiling stm32f4xx_hal_uart.c...
compiling stm32f4xx_hal_adc_ex.c...
compiling stm32f4xx_hal_rcc.c...
compiling stm32f4xx_hal_dma_ex.c...
compiling stm32f4xx_hal_rng.c...
compiling stm32f4xx_hal_pwr.c...
compiling stm32f4xx_hal_cortex.c...
compiling stm32f4xx_hal_cryp.c...
compiling stm32f4xx_hal_i2c.c...
compiling stm32f4xx_hal.c...
compiling stm32f4xx_hal_cec.c...
compiling stm32f4xx_hal_can.c...
compiling system_stm32f4xx.c...
compiling stm32f4xx_hal_gpio.c...
compiling perf_os_patch_rt_thread.c...
compiling rt_kprintf.c...
compiling perf_counter.c...
compiling console_be.c...
compiling slcan.c...
compiling ulog.c...
packages/rt_vsnprintf_full-latest/rt_vsnprintf.c(601): warning: unknown warning group '-Wmaybe-uninitialized', ignored [-Wunknown-warning-option]
#pragma GCC diagnostic ignored "-Wmaybe-uninitialized"
                               ^
1 warning generated.
compiling rt_vsnprintf.c...
linking...
Program Size: Code=74086 RO-data=9098 RW-data=1444 ZI-data=4204  
After Build - User command #1: fromelf --bin .\build\keil\Obj\rt-thread.axf --output rtthread.bin
".\build\keil\Obj\rt-thread.axf" - 0 Error(s), 6 Warning(s).

<h2>Software Packages used:</h2>

Package Vendor: Keil
                https://www.keil.com/pack/Keil.STM32F4xx_DFP.2.17.1.pack
                Keil.STM32F4xx_DFP.2.17.1
                STMicroelectronics STM32F4 Series Device Support, Drivers and Examples

<h2>Collection of Component include folders:</h2>
  C:/Users/80520/AppData/Local/Arm/Packs/Keil/STM32F4xx_DFP/2.17.1/Drivers/CMSIS/Device/ST/STM32F4xx/Include

<h2>Collection of Component Files used:</h2>
Build Time Elapsed:  00:00:04
</pre>
</body>
</html>
