<html>
<body>
<pre>
<h1>µVision Build Log</h1>
<h2>Tool Versions:</h2>
IDE-Version: ¦ÌVision V5.38.0.0
Copyright (C) 2022 ARM Ltd and ARM Germany GmbH. All rights reserved.
License Information: ed s, s, LIC=RC93N-YYV10-DYKV3-AKSKU-J8CHC-5VFJA
 
Tool Versions:
Toolchain:       MDK-ARM Plus  Version: 5.38.0.0
Toolchain Path:  C:\Keil_v5\ARM\ARMCLANG\Bin
C Compiler:      ArmClang.exe V6.19
Assembler:       Armasm.exe V6.19
Linker/Locator:  ArmLink.exe V6.19
Library Manager: ArmAr.exe V6.19
Hex Converter:   FromElf.exe V6.19
CPU DLL:         SARMCM3.DLL V5.38.0.0
Dialog DLL:      DCM.DLL V1.17.5.0
Target DLL:      CMSIS_AGDI.dll V1.33.15.0
Dialog DLL:      TCM.DLL V1.56.4.0
 
<h2>Project:</h2>
C:\Users\80520\Documents\GitHub\construction_robot\project\project.uvprojx
Project File Date:  03/14/2024

<h2>Output:</h2>
*** Using Compiler 'V6.19', folder: 'C:\Keil_v5\ARM\ARMCLANG\Bin'
Build target 'rt-thread'
Note: source file 'rt-thread\src\clock.c' - object file renamed from '.\build\keil\Obj\src_clock.o' to '.\build\keil\Obj\src_clock.o'.
Note: source file 'rt-thread\src\thread.c' - object file renamed from '.\build\keil\Obj\src_thread.o' to '.\build\keil\Obj\src_thread.o'.
applications/motor_dj_rm_driver.c(26): warning: In file included from...
applications/apid.h(189): warning: redefinition of typedef 'apid_t' is a C11 feature [-Wtypedef-redefinition]
    }apid_t;
     ^
applications/apid.h(177): note: previous definition is here
    typedef  struct _PID_T apid_t;
                           ^
applications/motor_dj_rm_driver.c(27): warning: In file included from...
applications/motor_dj_rm_driver.h(16): warning: In file included from...
applications/motor.h(96): warning: redefinition of typedef 'motor_t' is a C11 feature [-Wtypedef-redefinition]
    } motor_t;
      ^
applications/motor.h(55): note: previous definition is here
    typedef struct motor motor_t;
                         ^
applications/motor_dj_rm_driver.c(668): warning: incompatible pointer types passing 'int *' to parameter of type 'rt_uint8_t *' (aka 'unsigned char *') [-Wincompatible-pointer-types]
        if(rt_ringbuffer_getchar(dj_m_ringfifo, &i)==0)
                                                ^~
rt-thread/components/drivers/include/ipc/ringbuffer.h(74): note: passing argument to parameter 'ch' here
rt_size_t rt_ringbuffer_getchar(struct rt_ringbuffer *rb, rt_uint8_t *ch);
                                                                      ^
3 warnings generated.
compiling motor_dj_rm_driver.c...
linking...
Program Size: Code=117996 RO-data=12316 RW-data=3316 ZI-data=6980  
After Build - User command #1: fromelf --bin .\build\keil\Obj\rt-thread.axf --output rtthread.bin
".\build\keil\Obj\rt-thread.axf" - 0 Error(s), 3 Warning(s).

<h2>Software Packages used:</h2>

Package Vendor: Keil
                https://www.keil.com/pack/Keil.STM32F4xx_DFP.2.17.1.pack
                Keil.STM32F4xx_DFP.2.17.1
                STMicroelectronics STM32F4 Series Device Support, Drivers and Examples

<h2>Collection of Component include folders:</h2>
  C:/Users/80520/AppData/Local/Arm/Packs/Keil/STM32F4xx_DFP/2.17.1/Drivers/CMSIS/Device/ST/STM32F4xx/Include

<h2>Collection of Component Files used:</h2>
Build Time Elapsed:  00:00:03
</pre>
</body>
</html>
