<html>
<body>
<pre>
<h1>�Vision Build Log</h1>
<h2>Tool Versions:</h2>
IDE-Version: ��Vision V5.38.0.0
Copyright (C) 2022 ARM Ltd and ARM Germany GmbH. All rights reserved.
License Information: ed s, s, LIC=RC93N-YYV10-DYKV3-AKSKU-J8CHC-5VFJA
 
Tool Versions:
Toolchain:       MDK-ARM Plus  Version: 5.38.0.0
Toolchain Path:  C:\Keil_v5\ARM\ARMCLANG\Bin
C Compiler:      ArmClang.exe V6.19
Assembler:       Armasm.exe V6.19
Linker/Locator:  ArmLink.exe V6.19
Library Manager: ArmAr.exe V6.19
Hex Converter:   FromElf.exe V6.19
CPU DLL:         SARMCM3.DLL V5.38.0.0
Dialog DLL:      DCM.DLL V1.17.5.0
Target DLL:      CMSIS_AGDI.dll V1.33.15.0
Dialog DLL:      TCM.DLL V1.56.4.0
 
<h2>Project:</h2>
C:\Users\80520\Documents\GitHub\construction_robot\project\project.uvprojx
Project File Date:  03/24/2024

<h2>Output:</h2>
*** Using Compiler 'V6.19', folder: 'C:\Keil_v5\ARM\ARMCLANG\Bin'
Rebuild target 'rt-thread'
Note: source file 'applications\arduino_main.cpp' - object file renamed from '.\build\keil\Obj\arduino_main.o' to '.\build\keil\Obj\applications_arduino_main.o'.
Note: source file 'applications\arduino_pinout\pins_arduino.c' - object file renamed from '.\build\keil\Obj\pins_arduino.o' to '.\build\keil\Obj\arduino_pinout_pins_arduino.o'.
compiling abus_topic.c...
applications/Emm_V5.c(1): warning: In file included from...
applications/Emm_V5.h(21): warning: redefinition of typedef 'stepper_motor_t' is a C11 feature [-Wtypedef-redefinition]
typedef struct stepper_motor stepper_motor_t;
                             ^
applications/drv_stepper_motor.h(40): note: previous definition is here
}stepper_motor_t;
 ^
1 warning generated.
compiling Emm_V5.c...
compiling SemanticMap.c...
compiling bsp_sbus.c...
compiling abus_port.c...
compiling chassis_port.c...
compiling motor.c...
compiling aboard_power_switch.c...
compiling PathFinder.c...
compiling RobotState.c...
compiling pins_arduino.c...
applications/main.c(20): warning: In file included from...
applications/Emm_V5.h(21): warning: redefinition of typedef 'stepper_motor_t' is a C11 feature [-Wtypedef-redefinition]
typedef struct stepper_motor stepper_motor_t;
                             ^
applications/drv_stepper_motor.h(40): note: previous definition is here
}stepper_motor_t;
 ^
1 warning generated.
compiling main.c...
compiling chassis_module_mai.c...
applications/apid_exfunc.c(87): warning: passing an object that undergoes default argument promotion to 'va_start' has undefined behavior [-Wvarargs]
          va_start(ap, imode); // 初始化，第二个参数为最后一个确定的形参      
                       ^
applications/apid_exfunc.c(84): note: parameter of type 'ALL_PID_I_Function' (aka 'enum ALL_PID_I_Function') is declared here
void APID_SET_I_Function(apid_t *pid, ALL_PID_I_Function imode, ...)
                                                         ^
1 warning generated.
compiling apid_exfunc.c...
compiling motor_cfg.c...
compiling chassis.c...
compiling robotmanager.c...
compiling apid.c...
compiling command.cpp...
compiling afifo.c...
compiling arduino_main.cpp...
compiling follow_line.c...
compiling motor_dj_rm_driver.c...
applications/drv_stepper_motor.c(13): warning: In file included from...
applications/drv_stepper_motor.h(40): warning: redefinition of typedef 'stepper_motor_t' is a C11 feature [-Wtypedef-redefinition]
}stepper_motor_t;
 ^
applications/Emm_V5.h(21): note: previous definition is here
typedef struct stepper_motor stepper_motor_t;
                             ^
1 warning generated.
compiling drv_stepper_motor.c...
compiling applications_arduino_main.cpp...
compiling cmb_flash_log.c...
compiling cvector.c...
compiling endstop.cpp...
compiling cmb_port.c...
compiling RampsStepper.cpp...
compiling equipment.cpp...
compiling cm_backtrace.c...
compiling logger.cpp...
compiling statemachine.c...
compiling robotGeometry.cpp...
compiling syscall_mem.c...
compiling syscalls.c...
compiling interpolation.cpp...
compiling cctype.c...
compiling cunistd.c...
compiling cstdlib.c...
compiling cwchar.c...
compiling cxx_crt_init.c...
compiling cxx_crt.cpp...
compiling cstring.c...
compiling ctime.c...
compiling device.c...
compiling can.c...
compiling i2c_dev.c...
compiling i2c_core.c...
compiling completion.c...
compiling pipe.c...
compiling dataqueue.c...
compiling waitqueue.c...
compiling i2c-bit-ops.c...
compiling ringbuffer.c...
compiling ringblk_buf.c...
compiling workqueue.c...
compiling adc.c...
compiling rt_drv_pwm.c...
compiling pin.c...
compiling serial_v2.c...
compiling board.c...
compiling stm32f4xx_hal_msp.c...
assembling startup_stm32f427xx.s...
compiling drv_adc.c...
compiling drv_soft_i2c.c...
compiling drv_gpio.c...
compiling drv_tim.c...
compiling drv_can.c...
warning: unknown warning option '-Wstack-usage=4096'; did you mean '-Wstack-protector'? [-Wunknown-warning-option]
1 warning generated.
compiling msh_parse.c...
compiling drv_pwm.c...
warning: unknown warning option '-Wstack-usage=4096'; did you mean '-Wstack-protector'? [-Wunknown-warning-option]
1 warning generated.
compiling shell.c...
compiling clock.c...
compiling drv_common.c...
warning: unknown warning option '-Wstack-usage=4096'; did you mean '-Wstack-protector'? [-Wunknown-warning-option]
1 warning generated.
compiling msh.c...
compiling components.c...
compiling drv_usart_v2.c...
compiling idle.c...
compiling irq.c...
warning: unknown warning option '-Wstack-usage=4096'; did you mean '-Wstack-protector'? [-Wunknown-warning-option]
1 warning generated.
compiling cmd.c...
compiling scheduler_comm.c...
compiling mem.c...
compiling object.c...
assembling context_rvds.S...
compiling scheduler_up.c...
compiling div0.c...
compiling atomic_arm.c...
compiling thread.c...
compiling showmem.c...
compiling kservice.c...
compiling timer.c...
compiling cpuport.c...
compiling stm32f4xx_hal_lptim.c...
compiling ipc.c...
compiling stm32f4xx_hal_adc.c...
compiling stm32f4xx_hal_rcc_ex.c...
compiling stm32f4xx_hal_tim_ex.c...
compiling stm32f4xx_hal_usart.c...
compiling stm32f4xx_hal_cryp_ex.c...
compiling stm32f4xx_hal_i2c_ex.c...
compiling stm32f4xx_hal_crc.c...
compiling stm32f4xx_hal_uart.c...
compiling stm32f4xx_hal_pwr_ex.c...
compiling stm32f4xx_hal_dma.c...
compiling stm32f4xx_hal_adc_ex.c...
compiling stm32f4xx_hal_rcc.c...
compiling stm32f4xx_hal_dma_ex.c...
compiling stm32f4xx_hal_rng.c...
compiling stm32f4xx_hal_pwr.c...
compiling stm32f4xx_hal_cryp.c...
compiling stm32f4xx_hal_cec.c...
compiling stm32f4xx_hal_i2c.c...
packages/perf_counter-v2.2.4.1/os/perf_os_patch_rt_thread.c(23): warning: In file included from...
packages/perf_counter-v2.2.4.1\perf_counter.h(285): warning: Please enable GNU extensions, it is required by __cycleof__() and __super_loop_monitor__() [-W#warnings]
#warning Please enable GNU extensions, it is required by __cycleof__() and \
 ^
1 warning generated.
compiling perf_os_patch_rt_thread.c...
compiling stm32f4xx_hal_cortex.c...
compiling system_stm32f4xx.c...
compiling stm32f4xx_hal.c...
compiling stm32f4xx_hal_gpio.c...
compiling stm32f4xx_hal_can.c...
packages/perf_counter-v2.2.4.1/perf_counter.c(25): warning: In file included from...
packages/perf_counter-v2.2.4.1/perf_counter.h(285): warning: Please enable GNU extensions, it is required by __cycleof__() and __super_loop_monitor__() [-W#warnings]
#warning Please enable GNU extensions, it is required by __cycleof__() and \
 ^
1 warning generated.
compiling perf_counter.c...
compiling wiring_pulse.c...
compiling WMath_c.c...
compiling WInterrupts.c...
compiling wiring_analog.c...
compiling arduino_pinout_pins_arduino.c...
compiling stm32f4xx_hal_tim.c...
compiling rt_vsnprintf.c...
compiling wiring.c...
compiling HardwareSerial.cpp...
compiling wiring_digital.c...
compiling WString.cpp...
compiling WMath_cpp.cpp...
compiling Stream.cpp...
compiling Print.cpp...
compiling RTduino.cpp...
compiling Tone.cpp...
compiling wiring_shift.c...
compiling avr_stdlib.c...
compiling console_be.c...
compiling slcan.c...
compiling ulog.c...
compiling Servo.cpp...
compiling IPAddress.cpp...
compiling Wire.cpp...
linking...
.\build\keil\Obj\rt-thread.axf: Warning: L6304W: Duplicate input file .\build\keil\obj\applications_arduino_main.o ignored.
.\build\keil\Obj\rt-thread.axf: Warning: L6304W: Duplicate input file .\build\keil\obj\arduino_pinout_pins_arduino.o ignored.
Program Size: Code=121470 RO-data=14474 RW-data=3824 ZI-data=8080  
Finished: 0 information, 2 warning and 0 error messages.
After Build - User command #1: fromelf --bin .\build\keil\Obj\rt-thread.axf --output rtthread.bin
".\build\keil\Obj\rt-thread.axf" - 0 Error(s), 12 Warning(s).

<h2>Software Packages used:</h2>

Package Vendor: Keil
                https://www.keil.com/pack/Keil.STM32F4xx_DFP.2.17.1.pack
                Keil.STM32F4xx_DFP.2.17.1
                STMicroelectronics STM32F4 Series Device Support, Drivers and Examples

<h2>Collection of Component include folders:</h2>
  C:/Users/80520/AppData/Local/Arm/Packs/Keil/STM32F4xx_DFP/2.17.1/Drivers/CMSIS/Device/ST/STM32F4xx/Include

<h2>Collection of Component Files used:</h2>
Build Time Elapsed:  00:00:04
</pre>
</body>
</html>
