<!doctype html public "-//w3c//dtd html 4.0 transitional//en">
<html><head>
<title>Static Call Graph - [.\build\keil\Obj\rt-thread.axf]</title></head>
<body><HR>
<H1>Static Call Graph for image .\build\keil\Obj\rt-thread.axf</H1><HR>
<BR><P>#&#060CALLGRAPH&#062# ARM Linker, 6210000: Last Updated: Sun May 12 16:08:34 2024
<BR><P>
<H3>Maximum Stack Usage =       1808 bytes + Unknown(Functions without stacksize, Cycles, Untraceable Function Pointers)</H3><H3>
Call chain for Maximum Stack Depth:</H3>
exception_hook &rArr; rt_cm_backtrace_exception_hook &rArr; cm_backtrace_fault &rArr; print_call_stack &rArr; cm_backtrace_call_stack &rArr; get_cur_thread_stack_info &rArr; ulog_flush &rArr; ulog_async_output &rArr; rt_malloc &rArr; rt_smem_alloc &rArr; rt_object_is_systemobject &rArr; rt_assert_handler &rArr;  rt_kprintf (Cycle)
<P>
<H3>
Functions with no stack information
</H3><UL>
 <LI><a href="#[19f]">__user_initial_stackheap</a>
</UL>
</UL>
<P>
<H3>
Mutually Recursive functions
</H3> <LI><a href="#[a]">NMI_Handler</a>&nbsp;&nbsp;&nbsp;&rArr;&nbsp;&nbsp;&nbsp;<a href="#[a]">NMI_Handler</a><BR>
 <LI><a href="#[c]">MemManage_Handler</a>&nbsp;&nbsp;&nbsp;&rArr;&nbsp;&nbsp;&nbsp;<a href="#[c]">MemManage_Handler</a><BR>
 <LI><a href="#[d]">BusFault_Handler</a>&nbsp;&nbsp;&nbsp;&rArr;&nbsp;&nbsp;&nbsp;<a href="#[d]">BusFault_Handler</a><BR>
 <LI><a href="#[e]">UsageFault_Handler</a>&nbsp;&nbsp;&nbsp;&rArr;&nbsp;&nbsp;&nbsp;<a href="#[e]">UsageFault_Handler</a><BR>
 <LI><a href="#[f]">SVC_Handler</a>&nbsp;&nbsp;&nbsp;&rArr;&nbsp;&nbsp;&nbsp;<a href="#[f]">SVC_Handler</a><BR>
 <LI><a href="#[10]">DebugMon_Handler</a>&nbsp;&nbsp;&nbsp;&rArr;&nbsp;&nbsp;&nbsp;<a href="#[10]">DebugMon_Handler</a><BR>
 <LI><a href="#[25]">ADC_IRQHandler</a>&nbsp;&nbsp;&nbsp;&rArr;&nbsp;&nbsp;&nbsp;<a href="#[25]">ADC_IRQHandler</a><BR>
 <LI><a href="#[219]">rt_assert_handler</a>&nbsp;&nbsp;&nbsp;&rArr;&nbsp;&nbsp;&nbsp;<a href="#[1c0]">rt_kprintf</a><BR>
 <LI><a href="#[3c2]">rt_backtrace_frame</a>&nbsp;&nbsp;&nbsp;&rArr;&nbsp;&nbsp;&nbsp;<a href="#[1c0]">rt_kprintf</a><BR>
 <LI><a href="#[459]">ulog_voutput</a>&nbsp;&nbsp;&nbsp;&rArr;&nbsp;&nbsp;&nbsp;<a href="#[219]">rt_assert_handler</a><BR>
 <LI><a href="#[457]">ulog_hex_formater</a>&nbsp;&nbsp;&nbsp;&rArr;&nbsp;&nbsp;&nbsp;<a href="#[219]">rt_assert_handler</a><BR>
 <LI><a href="#[454]">ulog_tail_formater</a>&nbsp;&nbsp;&nbsp;&rArr;&nbsp;&nbsp;&nbsp;<a href="#[219]">rt_assert_handler</a><BR>
 <LI><a href="#[455]">ulog_strcpy</a>&nbsp;&nbsp;&nbsp;&rArr;&nbsp;&nbsp;&nbsp;<a href="#[219]">rt_assert_handler</a><BR>
 <LI><a href="#[453]">ulog_head_formater</a>&nbsp;&nbsp;&nbsp;&rArr;&nbsp;&nbsp;&nbsp;<a href="#[219]">rt_assert_handler</a><BR>
 <LI><a href="#[452]">ulog_formater</a>&nbsp;&nbsp;&nbsp;&rArr;&nbsp;&nbsp;&nbsp;<a href="#[219]">rt_assert_handler</a><BR>
 <LI><a href="#[1d2]">rt_sem_release</a>&nbsp;&nbsp;&nbsp;&rArr;&nbsp;&nbsp;&nbsp;<a href="#[219]">rt_assert_handler</a><BR>
 <LI><a href="#[41b]">rt_susp_list_dequeue</a>&nbsp;&nbsp;&nbsp;&rArr;&nbsp;&nbsp;&nbsp;<a href="#[219]">rt_assert_handler</a><BR>
 <LI><a href="#[2d3]">rt_sched_insert_thread</a>&nbsp;&nbsp;&nbsp;&rArr;&nbsp;&nbsp;&nbsp;<a href="#[219]">rt_assert_handler</a><BR>
 <LI><a href="#[3c4]">rt_timer_stop</a>&nbsp;&nbsp;&nbsp;&rArr;&nbsp;&nbsp;&nbsp;<a href="#[219]">rt_assert_handler</a><BR>
 <LI><a href="#[29d]">rt_object_get_type</a>&nbsp;&nbsp;&nbsp;&rArr;&nbsp;&nbsp;&nbsp;<a href="#[219]">rt_assert_handler</a><BR>
 <LI><a href="#[2ab]">_scheduler_stack_check</a>&nbsp;&nbsp;&nbsp;&rArr;&nbsp;&nbsp;&nbsp;<a href="#[219]">rt_assert_handler</a><BR>
 <LI><a href="#[2be]">rt_sched_remove_thread</a>&nbsp;&nbsp;&nbsp;&rArr;&nbsp;&nbsp;&nbsp;<a href="#[219]">rt_assert_handler</a><BR>
 <LI><a href="#[32c]">do_output</a>&nbsp;&nbsp;&nbsp;&rArr;&nbsp;&nbsp;&nbsp;<a href="#[1c0]">rt_kprintf</a><BR>
 <LI><a href="#[32f]">rt_rbb_blk_put</a>&nbsp;&nbsp;&nbsp;&rArr;&nbsp;&nbsp;&nbsp;<a href="#[219]">rt_assert_handler</a><BR>
 <LI><a href="#[32d]">rt_rbb_blk_alloc</a>&nbsp;&nbsp;&nbsp;&rArr;&nbsp;&nbsp;&nbsp;<a href="#[219]">rt_assert_handler</a><BR>
 <LI><a href="#[33b]">find_empty_blk_in_set</a>&nbsp;&nbsp;&nbsp;&rArr;&nbsp;&nbsp;&nbsp;<a href="#[219]">rt_assert_handler</a><BR>
 <LI><a href="#[2b0]">rt_ringbuffer_put</a>&nbsp;&nbsp;&nbsp;&rArr;&nbsp;&nbsp;&nbsp;<a href="#[219]">rt_assert_handler</a><BR>
 <LI><a href="#[3f2]">rt_kputs</a>&nbsp;&nbsp;&nbsp;&rArr;&nbsp;&nbsp;&nbsp;<a href="#[281]">_kputs</a><BR>
 <LI><a href="#[1c7]">rt_mutex_release</a>&nbsp;&nbsp;&nbsp;&rArr;&nbsp;&nbsp;&nbsp;<a href="#[219]">rt_assert_handler</a><BR>
 <LI><a href="#[27b]">rt_sched_thread_change_priority</a>&nbsp;&nbsp;&nbsp;&rArr;&nbsp;&nbsp;&nbsp;<a href="#[219]">rt_assert_handler</a><BR>
 <LI><a href="#[299]">_rt_mutex_take</a>&nbsp;&nbsp;&nbsp;&rArr;&nbsp;&nbsp;&nbsp;<a href="#[219]">rt_assert_handler</a><BR>
 <LI><a href="#[2a2]">rt_timer_start</a>&nbsp;&nbsp;&nbsp;&rArr;&nbsp;&nbsp;&nbsp;<a href="#[219]">rt_assert_handler</a><BR>
 <LI><a href="#[2a0]">rt_thread_suspend_to_list</a>&nbsp;&nbsp;&nbsp;&rArr;&nbsp;&nbsp;&nbsp;<a href="#[219]">rt_assert_handler</a><BR>
 <LI><a href="#[2d4]">rt_susp_list_enqueue</a>&nbsp;&nbsp;&nbsp;&rArr;&nbsp;&nbsp;&nbsp;<a href="#[219]">rt_assert_handler</a><BR>
 <LI><a href="#[2ce]">_thread_set_suspend_state</a>&nbsp;&nbsp;&nbsp;&rArr;&nbsp;&nbsp;&nbsp;<a href="#[219]">rt_assert_handler</a><BR>
 <LI><a href="#[2a1]">rt_timer_control</a>&nbsp;&nbsp;&nbsp;&rArr;&nbsp;&nbsp;&nbsp;<a href="#[219]">rt_assert_handler</a><BR>
 <LI><a href="#[f6]">stm32_control</a>&nbsp;&nbsp;&nbsp;&rArr;&nbsp;&nbsp;&nbsp;<a href="#[f6]">stm32_control</a><BR>
</UL>
<P>
<H3>
Function Pointers
</H3><UL>
 <LI><a href="#[25]">ADC_IRQHandler</a> from startup_stm32f427xx.o(.text) referenced from startup_stm32f427xx.o(RESET)
 <LI><a href="#[110]">Action_Init</a> from drv_action.o(.text.Action_Init) referenced from drv_action.o(.rti_fn.4)
 <LI><a href="#[d]">BusFault_Handler</a> from startup_stm32f427xx.o(.text) referenced from startup_stm32f427xx.o(RESET)
 <LI><a href="#[27]">CAN1_RX0_IRQHandler</a> from drv_can.o(.text.CAN1_RX0_IRQHandler) referenced from startup_stm32f427xx.o(RESET)
 <LI><a href="#[28]">CAN1_RX1_IRQHandler</a> from drv_can.o(.text.CAN1_RX1_IRQHandler) referenced from startup_stm32f427xx.o(RESET)
 <LI><a href="#[29]">CAN1_SCE_IRQHandler</a> from drv_can.o(.text.CAN1_SCE_IRQHandler) referenced from startup_stm32f427xx.o(RESET)
 <LI><a href="#[26]">CAN1_TX_IRQHandler</a> from drv_can.o(.text.CAN1_TX_IRQHandler) referenced from startup_stm32f427xx.o(RESET)
 <LI><a href="#[53]">CAN2_RX0_IRQHandler</a> from drv_can.o(.text.CAN2_RX0_IRQHandler) referenced from startup_stm32f427xx.o(RESET)
 <LI><a href="#[54]">CAN2_RX1_IRQHandler</a> from drv_can.o(.text.CAN2_RX1_IRQHandler) referenced from startup_stm32f427xx.o(RESET)
 <LI><a href="#[55]">CAN2_SCE_IRQHandler</a> from drv_can.o(.text.CAN2_SCE_IRQHandler) referenced from startup_stm32f427xx.o(RESET)
 <LI><a href="#[52]">CAN2_TX_IRQHandler</a> from drv_can.o(.text.CAN2_TX_IRQHandler) referenced from startup_stm32f427xx.o(RESET)
 <LI><a href="#[8]">CalCurveSPTA</a> from trajectory_planning.o(.text.CalCurveSPTA) referenced 2 times from trajectory_planning.o(.data.pCalCurve)
 <LI><a href="#[61]">DCMI_IRQHandler</a> from startup_stm32f427xx.o(.text) referenced from startup_stm32f427xx.o(RESET)
 <LI><a href="#[1e]">DMA1_Stream0_IRQHandler</a> from startup_stm32f427xx.o(.text) referenced from startup_stm32f427xx.o(RESET)
 <LI><a href="#[1f]">DMA1_Stream1_IRQHandler</a> from startup_stm32f427xx.o(.text) referenced from startup_stm32f427xx.o(RESET)
 <LI><a href="#[20]">DMA1_Stream2_IRQHandler</a> from startup_stm32f427xx.o(.text) referenced from startup_stm32f427xx.o(RESET)
 <LI><a href="#[21]">DMA1_Stream3_IRQHandler</a> from startup_stm32f427xx.o(.text) referenced from startup_stm32f427xx.o(RESET)
 <LI><a href="#[22]">DMA1_Stream4_IRQHandler</a> from startup_stm32f427xx.o(.text) referenced from startup_stm32f427xx.o(RESET)
 <LI><a href="#[23]">DMA1_Stream5_IRQHandler</a> from startup_stm32f427xx.o(.text) referenced from startup_stm32f427xx.o(RESET)
 <LI><a href="#[24]">DMA1_Stream6_IRQHandler</a> from startup_stm32f427xx.o(.text) referenced from startup_stm32f427xx.o(RESET)
 <LI><a href="#[42]">DMA1_Stream7_IRQHandler</a> from startup_stm32f427xx.o(.text) referenced from startup_stm32f427xx.o(RESET)
 <LI><a href="#[6a]">DMA2D_IRQHandler</a> from startup_stm32f427xx.o(.text) referenced from startup_stm32f427xx.o(RESET)
 <LI><a href="#[4b]">DMA2_Stream0_IRQHandler</a> from startup_stm32f427xx.o(.text) referenced from startup_stm32f427xx.o(RESET)
 <LI><a href="#[4c]">DMA2_Stream1_IRQHandler</a> from startup_stm32f427xx.o(.text) referenced from startup_stm32f427xx.o(RESET)
 <LI><a href="#[4d]">DMA2_Stream2_IRQHandler</a> from startup_stm32f427xx.o(.text) referenced from startup_stm32f427xx.o(RESET)
 <LI><a href="#[4e]">DMA2_Stream3_IRQHandler</a> from startup_stm32f427xx.o(.text) referenced from startup_stm32f427xx.o(RESET)
 <LI><a href="#[4f]">DMA2_Stream4_IRQHandler</a> from startup_stm32f427xx.o(.text) referenced from startup_stm32f427xx.o(RESET)
 <LI><a href="#[57]">DMA2_Stream5_IRQHandler</a> from startup_stm32f427xx.o(.text) referenced from startup_stm32f427xx.o(RESET)
 <LI><a href="#[58]">DMA2_Stream6_IRQHandler</a> from startup_stm32f427xx.o(.text) referenced from startup_stm32f427xx.o(RESET)
 <LI><a href="#[59]">DMA2_Stream7_IRQHandler</a> from startup_stm32f427xx.o(.text) referenced from startup_stm32f427xx.o(RESET)
 <LI><a href="#[10]">DebugMon_Handler</a> from startup_stm32f427xx.o(.text) referenced from startup_stm32f427xx.o(RESET)
 <LI><a href="#[50]">ETH_IRQHandler</a> from startup_stm32f427xx.o(.text) referenced from startup_stm32f427xx.o(RESET)
 <LI><a href="#[51]">ETH_WKUP_IRQHandler</a> from startup_stm32f427xx.o(.text) referenced from startup_stm32f427xx.o(RESET)
 <LI><a href="#[19]">EXTI0_IRQHandler</a> from drv_gpio.o(.text.EXTI0_IRQHandler) referenced from startup_stm32f427xx.o(RESET)
 <LI><a href="#[3b]">EXTI15_10_IRQHandler</a> from drv_gpio.o(.text.EXTI15_10_IRQHandler) referenced from startup_stm32f427xx.o(RESET)
 <LI><a href="#[1a]">EXTI1_IRQHandler</a> from drv_gpio.o(.text.EXTI1_IRQHandler) referenced from startup_stm32f427xx.o(RESET)
 <LI><a href="#[1b]">EXTI2_IRQHandler</a> from drv_gpio.o(.text.EXTI2_IRQHandler) referenced from startup_stm32f427xx.o(RESET)
 <LI><a href="#[1c]">EXTI3_IRQHandler</a> from drv_gpio.o(.text.EXTI3_IRQHandler) referenced from startup_stm32f427xx.o(RESET)
 <LI><a href="#[1d]">EXTI4_IRQHandler</a> from drv_gpio.o(.text.EXTI4_IRQHandler) referenced from startup_stm32f427xx.o(RESET)
 <LI><a href="#[2a]">EXTI9_5_IRQHandler</a> from drv_gpio.o(.text.EXTI9_5_IRQHandler) referenced from startup_stm32f427xx.o(RESET)
 <LI><a href="#[17]">FLASH_IRQHandler</a> from startup_stm32f427xx.o(.text) referenced from startup_stm32f427xx.o(RESET)
 <LI><a href="#[43]">FMC_IRQHandler</a> from startup_stm32f427xx.o(.text) referenced from startup_stm32f427xx.o(RESET)
 <LI><a href="#[63]">FPU_IRQHandler</a> from startup_stm32f427xx.o(.text) referenced from startup_stm32f427xx.o(RESET)
 <LI><a href="#[10c]">FSUS_Init</a> from fashion_star_uart_servo.o(.text.FSUS_Init) referenced from fashion_star_uart_servo.o(.rti_fn.4)
 <LI><a href="#[7f]">FSUS_process</a> from fashion_star_uart_servo.o(.text.FSUS_process) referenced 2 times from fashion_star_uart_servo.o(.text.FSUS_Init)
 <LI><a href="#[7e]">FSUS_uart_receive_callback1</a> from fashion_star_uart_servo.o(.text.FSUS_uart_receive_callback1) referenced 2 times from fashion_star_uart_servo.o(.text.FSUS_Init)
 <LI><a href="#[62]">HASH_RNG_IRQHandler</a> from startup_stm32f427xx.o(.text) referenced from startup_stm32f427xx.o(RESET)
 <LI><a href="#[b]">HardFault_Handler</a> from context_rvds.o(.text) referenced from startup_stm32f427xx.o(RESET)
 <LI><a href="#[33]">I2C1_ER_IRQHandler</a> from startup_stm32f427xx.o(.text) referenced from startup_stm32f427xx.o(RESET)
 <LI><a href="#[32]">I2C1_EV_IRQHandler</a> from startup_stm32f427xx.o(.text) referenced from startup_stm32f427xx.o(RESET)
 <LI><a href="#[35]">I2C2_ER_IRQHandler</a> from startup_stm32f427xx.o(.text) referenced from startup_stm32f427xx.o(RESET)
 <LI><a href="#[34]">I2C2_EV_IRQHandler</a> from startup_stm32f427xx.o(.text) referenced from startup_stm32f427xx.o(RESET)
 <LI><a href="#[5c]">I2C3_ER_IRQHandler</a> from startup_stm32f427xx.o(.text) referenced from startup_stm32f427xx.o(RESET)
 <LI><a href="#[5b]">I2C3_EV_IRQHandler</a> from startup_stm32f427xx.o(.text) referenced from startup_stm32f427xx.o(RESET)
 <LI><a href="#[c]">MemManage_Handler</a> from startup_stm32f427xx.o(.text) referenced from startup_stm32f427xx.o(RESET)
 <LI><a href="#[a]">NMI_Handler</a> from startup_stm32f427xx.o(.text) referenced from startup_stm32f427xx.o(RESET)
 <LI><a href="#[56]">OTG_FS_IRQHandler</a> from startup_stm32f427xx.o(.text) referenced from startup_stm32f427xx.o(RESET)
 <LI><a href="#[3d]">OTG_FS_WKUP_IRQHandler</a> from startup_stm32f427xx.o(.text) referenced from startup_stm32f427xx.o(RESET)
 <LI><a href="#[5e]">OTG_HS_EP1_IN_IRQHandler</a> from startup_stm32f427xx.o(.text) referenced from startup_stm32f427xx.o(RESET)
 <LI><a href="#[5d]">OTG_HS_EP1_OUT_IRQHandler</a> from startup_stm32f427xx.o(.text) referenced from startup_stm32f427xx.o(RESET)
 <LI><a href="#[60]">OTG_HS_IRQHandler</a> from startup_stm32f427xx.o(.text) referenced from startup_stm32f427xx.o(RESET)
 <LI><a href="#[5f]">OTG_HS_WKUP_IRQHandler</a> from startup_stm32f427xx.o(.text) referenced from startup_stm32f427xx.o(RESET)
 <LI><a href="#[14]">PVD_IRQHandler</a> from startup_stm32f427xx.o(.text) referenced from startup_stm32f427xx.o(RESET)
 <LI><a href="#[11]">PendSV_Handler</a> from context_rvds.o(.text) referenced from startup_stm32f427xx.o(RESET)
 <LI><a href="#[18]">RCC_IRQHandler</a> from startup_stm32f427xx.o(.text) referenced from startup_stm32f427xx.o(RESET)
 <LI><a href="#[3c]">RTC_Alarm_IRQHandler</a> from startup_stm32f427xx.o(.text) referenced from startup_stm32f427xx.o(RESET)
 <LI><a href="#[16]">RTC_WKUP_IRQHandler</a> from startup_stm32f427xx.o(.text) referenced from startup_stm32f427xx.o(RESET)
 <LI><a href="#[9]">Reset_Handler</a> from startup_stm32f427xx.o(.text) referenced from startup_stm32f427xx.o(RESET)
 <LI><a href="#[114]">Robot_Move_Direct_Init</a> from robot_move_direct.o(.text.Robot_Move_Direct_Init) referenced from robot_move_direct.o(.rti_fn.6)
 <LI><a href="#[84]">Robot_Move_Direct_Process</a> from robot_move_direct.o(.text.Robot_Move_Direct_Process) referenced 2 times from robot_move_direct.o(.text.Robot_Move_Direct_Init)
 <LI><a href="#[69]">SAI1_IRQHandler</a> from startup_stm32f427xx.o(.text) referenced from startup_stm32f427xx.o(RESET)
 <LI><a href="#[44]">SDIO_IRQHandler</a> from startup_stm32f427xx.o(.text) referenced from startup_stm32f427xx.o(RESET)
 <LI><a href="#[36]">SPI1_IRQHandler</a> from startup_stm32f427xx.o(.text) referenced from startup_stm32f427xx.o(RESET)
 <LI><a href="#[37]">SPI2_IRQHandler</a> from startup_stm32f427xx.o(.text) referenced from startup_stm32f427xx.o(RESET)
 <LI><a href="#[46]">SPI3_IRQHandler</a> from startup_stm32f427xx.o(.text) referenced from startup_stm32f427xx.o(RESET)
 <LI><a href="#[66]">SPI4_IRQHandler</a> from startup_stm32f427xx.o(.text) referenced from startup_stm32f427xx.o(RESET)
 <LI><a href="#[67]">SPI5_IRQHandler</a> from startup_stm32f427xx.o(.text) referenced from startup_stm32f427xx.o(RESET)
 <LI><a href="#[68]">SPI6_IRQHandler</a> from startup_stm32f427xx.o(.text) referenced from startup_stm32f427xx.o(RESET)
 <LI><a href="#[f]">SVC_Handler</a> from startup_stm32f427xx.o(.text) referenced from startup_stm32f427xx.o(RESET)
 <LI><a href="#[12]">SysTick_Handler</a> from drv_common.o(.text.SysTick_Handler) referenced from startup_stm32f427xx.o(RESET)
 <LI><a href="#[6b]">SystemInit</a> from system_stm32f4xx.o(.text.SystemInit) referenced from startup_stm32f427xx.o(.text)
 <LI><a href="#[15]">TAMP_STAMP_IRQHandler</a> from startup_stm32f427xx.o(.text) referenced from startup_stm32f427xx.o(RESET)
 <LI><a href="#[2b]">TIM1_BRK_TIM9_IRQHandler</a> from startup_stm32f427xx.o(.text) referenced from startup_stm32f427xx.o(RESET)
 <LI><a href="#[2e]">TIM1_CC_IRQHandler</a> from startup_stm32f427xx.o(.text) referenced from startup_stm32f427xx.o(RESET)
 <LI><a href="#[2d]">TIM1_TRG_COM_TIM11_IRQHandler</a> from startup_stm32f427xx.o(.text) referenced from startup_stm32f427xx.o(RESET)
 <LI><a href="#[2c]">TIM1_UP_TIM10_IRQHandler</a> from startup_stm32f427xx.o(.text) referenced from startup_stm32f427xx.o(RESET)
 <LI><a href="#[2f]">TIM2_IRQHandler</a> from startup_stm32f427xx.o(.text) referenced from startup_stm32f427xx.o(RESET)
 <LI><a href="#[30]">TIM3_IRQHandler</a> from startup_stm32f427xx.o(.text) referenced from startup_stm32f427xx.o(RESET)
 <LI><a href="#[31]">TIM4_IRQHandler</a> from startup_stm32f427xx.o(.text) referenced from startup_stm32f427xx.o(RESET)
 <LI><a href="#[45]">TIM5_IRQHandler</a> from startup_stm32f427xx.o(.text) referenced from startup_stm32f427xx.o(RESET)
 <LI><a href="#[49]">TIM6_DAC_IRQHandler</a> from startup_stm32f427xx.o(.text) referenced from startup_stm32f427xx.o(RESET)
 <LI><a href="#[4a]">TIM7_IRQHandler</a> from startup_stm32f427xx.o(.text) referenced from startup_stm32f427xx.o(RESET)
 <LI><a href="#[3e]">TIM8_BRK_TIM12_IRQHandler</a> from startup_stm32f427xx.o(.text) referenced from startup_stm32f427xx.o(RESET)
 <LI><a href="#[41]">TIM8_CC_IRQHandler</a> from startup_stm32f427xx.o(.text) referenced from startup_stm32f427xx.o(RESET)
 <LI><a href="#[40]">TIM8_TRG_COM_TIM14_IRQHandler</a> from startup_stm32f427xx.o(.text) referenced from startup_stm32f427xx.o(RESET)
 <LI><a href="#[3f]">TIM8_UP_TIM13_IRQHandler</a> from startup_stm32f427xx.o(.text) referenced from startup_stm32f427xx.o(RESET)
 <LI><a href="#[47]">UART4_IRQHandler</a> from startup_stm32f427xx.o(.text) referenced from startup_stm32f427xx.o(RESET)
 <LI><a href="#[48]">UART5_IRQHandler</a> from startup_stm32f427xx.o(.text) referenced from startup_stm32f427xx.o(RESET)
 <LI><a href="#[64]">UART7_IRQHandler</a> from drv_usart_v2.o(.text.UART7_IRQHandler) referenced from startup_stm32f427xx.o(RESET)
 <LI><a href="#[65]">UART8_IRQHandler</a> from drv_usart_v2.o(.text.UART8_IRQHandler) referenced from startup_stm32f427xx.o(RESET)
 <LI><a href="#[80]">UART_DMAAbortOnError</a> from stm32f4xx_hal_uart.o(.text.UART_DMAAbortOnError) referenced 2 times from stm32f4xx_hal_uart.o(.text.HAL_UART_IRQHandler)
 <LI><a href="#[83]">UART_DMAError</a> from stm32f4xx_hal_uart.o(.text.UART_DMAError) referenced 2 times from stm32f4xx_hal_uart.o(.text.HAL_UART_Transmit_DMA)
 <LI><a href="#[83]">UART_DMAError</a> from stm32f4xx_hal_uart.o(.text.UART_DMAError) referenced 2 times from stm32f4xx_hal_uart.o(.text.UART_Start_Receive_DMA)
 <LI><a href="#[85]">UART_DMAReceiveCplt</a> from stm32f4xx_hal_uart.o(.text.UART_DMAReceiveCplt) referenced 2 times from stm32f4xx_hal_uart.o(.text.UART_Start_Receive_DMA)
 <LI><a href="#[86]">UART_DMARxHalfCplt</a> from stm32f4xx_hal_uart.o(.text.UART_DMARxHalfCplt) referenced 2 times from stm32f4xx_hal_uart.o(.text.UART_Start_Receive_DMA)
 <LI><a href="#[81]">UART_DMATransmitCplt</a> from stm32f4xx_hal_uart.o(.text.UART_DMATransmitCplt) referenced 2 times from stm32f4xx_hal_uart.o(.text.HAL_UART_Transmit_DMA)
 <LI><a href="#[82]">UART_DMATxHalfCplt</a> from stm32f4xx_hal_uart.o(.text.UART_DMATxHalfCplt) referenced 2 times from stm32f4xx_hal_uart.o(.text.HAL_UART_Transmit_DMA)
 <LI><a href="#[38]">USART1_IRQHandler</a> from drv_usart_v2.o(.text.USART1_IRQHandler) referenced from startup_stm32f427xx.o(RESET)
 <LI><a href="#[39]">USART2_IRQHandler</a> from startup_stm32f427xx.o(.text) referenced from startup_stm32f427xx.o(RESET)
 <LI><a href="#[3a]">USART3_IRQHandler</a> from drv_usart_v2.o(.text.USART3_IRQHandler) referenced from startup_stm32f427xx.o(RESET)
 <LI><a href="#[5a]">USART6_IRQHandler</a> from drv_usart_v2.o(.text.USART6_IRQHandler) referenced from startup_stm32f427xx.o(RESET)
 <LI><a href="#[e]">UsageFault_Handler</a> from startup_stm32f427xx.o(.text) referenced from startup_stm32f427xx.o(RESET)
 <LI><a href="#[13]">WWDG_IRQHandler</a> from startup_stm32f427xx.o(.text) referenced from startup_stm32f427xx.o(RESET)
 <LI><a href="#[12b]">_GLOBAL__sub_I_HardwareSerial.cpp</a> from hardwareserial.o(.text._GLOBAL__sub_I_HardwareSerial.cpp) referenced from hardwareserial.o(.init_array)
 <LI><a href="#[12a]">_GLOBAL__sub_I_IPAddress.cpp</a> from ipaddress.o(.text._GLOBAL__sub_I_IPAddress.cpp) referenced from ipaddress.o(.init_array)
 <LI><a href="#[12c]">_GLOBAL__sub_I_Wire.cpp</a> from wire.o(.text._GLOBAL__sub_I_Wire.cpp) referenced from wire.o(.init_array)
 <LI><a href="#[2]">_PID_Hander</a> from apid.o(.text._PID_Hander) referenced 2 times from motor_cfg.o(.data..compoundliteral.1)
 <LI><a href="#[2]">_PID_Hander</a> from apid.o(.text._PID_Hander) referenced 2 times from motor_cfg.o(.data..compoundliteral.2)
 <LI><a href="#[2]">_PID_Hander</a> from apid.o(.text._PID_Hander) referenced 2 times from apid.o(.text.APID_Init)
 <LI><a href="#[112]">rtduino_init()</a> from rtduino.o(.text._ZL12rtduino_initv) referenced from rtduino.o(.rti_fn.4)
 <LI><a href="#[c8]">rtduino_sketch_entry(void*)</a> from rtduino.o(.text._ZL20rtduino_sketch_entryPv) referenced 2 times from rtduino.o(.text.rtduino_sketch_loader_create_stacksize_prio)
 <LI><a href="#[d3]">ConsoleSerial::~ConsoleSerial__deallocating()</a> from hardwareserial.o(.text._ZN13ConsoleSerialD0Ev) referenced from hardwareserial.o(.rodata._ZTV13ConsoleSerial)
 <LI><a href="#[89]">ConsoleSerial::~ConsoleSerial__sub_object()</a> from hardwareserial.o(.text._ZN13ConsoleSerialD2Ev) referenced from hardwareserial.o(.rodata._ZTV13ConsoleSerial)
 <LI><a href="#[89]">ConsoleSerial::~ConsoleSerial__sub_object()</a> from hardwareserial.o(.text._ZN13ConsoleSerialD2Ev) referenced 2 times from hardwareserial.o(.text.__cxx_global_var_init)
 <LI><a href="#[ce]">HardwareSerial::availableForWrite()</a> from hardwareserial.o(.text._ZN14HardwareSerial17availableForWriteEv) referenced from hardwareserial.o(.rodata._ZTV13ConsoleSerial)
 <LI><a href="#[ce]">HardwareSerial::availableForWrite()</a> from hardwareserial.o(.text._ZN14HardwareSerial17availableForWriteEv) referenced from hardwareserial.o(.rodata._ZTV14HardwareSerial)
 <LI><a href="#[d2]">HardwareSerial::peek()</a> from hardwareserial.o(.text._ZN14HardwareSerial4peekEv) referenced from hardwareserial.o(.rodata._ZTV13ConsoleSerial)
 <LI><a href="#[d2]">HardwareSerial::peek()</a> from hardwareserial.o(.text._ZN14HardwareSerial4peekEv) referenced from hardwareserial.o(.rodata._ZTV14HardwareSerial)
 <LI><a href="#[d1]">HardwareSerial::read()</a> from hardwareserial.o(.text._ZN14HardwareSerial4readEv) referenced from hardwareserial.o(.rodata._ZTV13ConsoleSerial)
 <LI><a href="#[d1]">HardwareSerial::read()</a> from hardwareserial.o(.text._ZN14HardwareSerial4readEv) referenced from hardwareserial.o(.rodata._ZTV14HardwareSerial)
 <LI><a href="#[cf]">HardwareSerial::flush()</a> from hardwareserial.o(.text._ZN14HardwareSerial5flushEv) referenced from hardwareserial.o(.rodata._ZTV13ConsoleSerial)
 <LI><a href="#[cf]">HardwareSerial::flush()</a> from hardwareserial.o(.text._ZN14HardwareSerial5flushEv) referenced from hardwareserial.o(.rodata._ZTV14HardwareSerial)
 <LI><a href="#[cd]">HardwareSerial::write(unsigned char const*, unsigned int)</a> from hardwareserial.o(.text._ZN14HardwareSerial5writeEPKhj) referenced from hardwareserial.o(.rodata._ZTV13ConsoleSerial)
 <LI><a href="#[cd]">HardwareSerial::write(unsigned char const*, unsigned int)</a> from hardwareserial.o(.text._ZN14HardwareSerial5writeEPKhj) referenced from hardwareserial.o(.rodata._ZTV14HardwareSerial)
 <LI><a href="#[cc]">HardwareSerial::write(unsigned char)</a> from hardwareserial.o(.text._ZN14HardwareSerial5writeEh) referenced from hardwareserial.o(.rodata._ZTV13ConsoleSerial)
 <LI><a href="#[cc]">HardwareSerial::write(unsigned char)</a> from hardwareserial.o(.text._ZN14HardwareSerial5writeEh) referenced from hardwareserial.o(.rodata._ZTV14HardwareSerial)
 <LI><a href="#[d0]">HardwareSerial::available()</a> from hardwareserial.o(.text._ZN14HardwareSerial9availableEv) referenced from hardwareserial.o(.rodata._ZTV13ConsoleSerial)
 <LI><a href="#[d0]">HardwareSerial::available()</a> from hardwareserial.o(.text._ZN14HardwareSerial9availableEv) referenced from hardwareserial.o(.rodata._ZTV14HardwareSerial)
 <LI><a href="#[d5]">HardwareSerial::~HardwareSerial__deallocating()</a> from hardwareserial.o(.text._ZN14HardwareSerialD0Ev) referenced from hardwareserial.o(.rodata._ZTV14HardwareSerial)
 <LI><a href="#[d4]">HardwareSerial::~HardwareSerial__sub_object()</a> from hardwareserial.o(.text._ZN14HardwareSerialD2Ev) referenced from hardwareserial.o(.rodata._ZTV14HardwareSerial)
 <LI><a href="#[d8]">Print::availableForWrite()</a> from print.o(.text._ZN5Print17availableForWriteEv) referenced from print.o(.rodata._ZTV5Print)
 <LI><a href="#[d8]">Print::availableForWrite()</a> from print.o(.text._ZN5Print17availableForWriteEv) referenced from hardwareserial.o(.rodata._ZTV6Stream)
 <LI><a href="#[d8]">Print::availableForWrite()</a> from print.o(.text._ZN5Print17availableForWriteEv) referenced from wire.o(.rodata._ZTV7TwoWire)
 <LI><a href="#[d9]">Print::flush()</a> from print.o(.text._ZN5Print5flushEv) referenced from print.o(.rodata._ZTV5Print)
 <LI><a href="#[d9]">Print::flush()</a> from print.o(.text._ZN5Print5flushEv) referenced from hardwareserial.o(.rodata._ZTV6Stream)
 <LI><a href="#[d7]">Print::write(unsigned char const*, unsigned int)</a> from print.o(.text._ZN5Print5writeEPKhj) referenced from print.o(.rodata._ZTV5Print)
 <LI><a href="#[d7]">Print::write(unsigned char const*, unsigned int)</a> from print.o(.text._ZN5Print5writeEPKhj) referenced from hardwareserial.o(.rodata._ZTV6Stream)
 <LI><a href="#[db]">Stream::~Stream__deallocating()</a> from hardwareserial.o(.text._ZN6StreamD0Ev) referenced from hardwareserial.o(.rodata._ZTV6Stream)
 <LI><a href="#[da]">Stream::~Stream__sub_object()</a> from hardwareserial.o(.text._ZN6StreamD2Ev) referenced from hardwareserial.o(.rodata._ZTV6Stream)
 <LI><a href="#[e1]">TwoWire::peek()</a> from wire.o(.text._ZN7TwoWire4peekEv) referenced from wire.o(.rodata._ZTV7TwoWire)
 <LI><a href="#[e0]">TwoWire::read()</a> from wire.o(.text._ZN7TwoWire4readEv) referenced from wire.o(.rodata._ZTV7TwoWire)
 <LI><a href="#[de]">TwoWire::flush()</a> from wire.o(.text._ZN7TwoWire5flushEv) referenced from wire.o(.rodata._ZTV7TwoWire)
 <LI><a href="#[dd]">TwoWire::write(unsigned char const*, unsigned int)</a> from wire.o(.text._ZN7TwoWire5writeEPKhj) referenced from wire.o(.rodata._ZTV7TwoWire)
 <LI><a href="#[dc]">TwoWire::write(unsigned char)</a> from wire.o(.text._ZN7TwoWire5writeEh) referenced from wire.o(.rodata._ZTV7TwoWire)
 <LI><a href="#[df]">TwoWire::available()</a> from wire.o(.text._ZN7TwoWire9availableEv) referenced from wire.o(.rodata._ZTV7TwoWire)
 <LI><a href="#[e2]">TwoWire::~TwoWire__deallocating()</a> from wire.o(.text._ZN7TwoWireD0Ev) referenced from wire.o(.rodata._ZTV7TwoWire)
 <LI><a href="#[8a]">TwoWire::~TwoWire__sub_object()</a> from wire.o(.text._ZN7TwoWireD2Ev) referenced from wire.o(.rodata._ZTV7TwoWire)
 <LI><a href="#[8a]">TwoWire::~TwoWire__sub_object()</a> from wire.o(.text._ZN7TwoWireD2Ev) referenced 2 times from wire.o(.text.__cxx_global_var_init)
 <LI><a href="#[e3]">IPAddress::printTo(Print&) const</a> from ipaddress.o(.text._ZNK9IPAddress7printToER5Print) referenced from ipaddress.o(.rodata._ZTV9IPAddress)
 <LI><a href="#[d6]">__cxa_pure_virtual</a> from cxx_crt.o(.text.__cxa_pure_virtual) referenced from print.o(.rodata._ZTV5Print)
 <LI><a href="#[d6]">__cxa_pure_virtual</a> from cxx_crt.o(.text.__cxa_pure_virtual) referenced 4 times from hardwareserial.o(.rodata._ZTV6Stream)
 <LI><a href="#[d6]">__cxa_pure_virtual</a> from cxx_crt.o(.text.__cxa_pure_virtual) referenced from ipaddress.o(.rodata._ZTV9Printable)
 <LI><a href="#[6c]">__main</a> from __main.o(!!!main) referenced from startup_stm32f427xx.o(.text)
 <LI><a href="#[129]">__perf_counter_init</a> from perf_counter.o(.text.__perf_counter_init) referenced from perf_counter.o(.init_array)
 <LI><a href="#[8c]">__rt_thread_scheduler_hook</a> from perf_os_patch_rt_thread.o(.text.__rt_thread_scheduler_hook) referenced 2 times from perf_os_patch_rt_thread.o(.text.__perf_os_patch_init)
 <LI><a href="#[b0]">_adc_control</a> from adc.o(.text._adc_control) referenced 2 times from adc.o(.text.rt_hw_adc_register)
 <LI><a href="#[af]">_adc_read</a> from adc.o(.text._adc_read) referenced 2 times from adc.o(.text.rt_hw_adc_register)
 <LI><a href="#[e4]">_can_config</a> from drv_can.o(.text._can_config) referenced from drv_can.o(.rodata._can_ops)
 <LI><a href="#[e5]">_can_control</a> from drv_can.o(.text._can_control) referenced from drv_can.o(.rodata._can_ops)
 <LI><a href="#[e7]">_can_recvmsg</a> from drv_can.o(.text._can_recvmsg) referenced from drv_can.o(.rodata._can_ops)
 <LI><a href="#[e6]">_can_sendmsg</a> from drv_can.o(.text._can_sendmsg) referenced from drv_can.o(.rodata._can_ops)
 <LI><a href="#[6d]">_get_lc_ctype</a> from lc_ctype_c.o(locale$$code) referenced from rt_ctype_table.o(.text)
 <LI><a href="#[107]">_perf_counter_init</a> from perf_os_patch_rt_thread.o(.text._perf_counter_init) referenced from perf_os_patch_rt_thread.o(.rti_fn.2)
 <LI><a href="#[120]">_pin_cmd</a> from pin.o(.text._pin_cmd) referenced from pin.o(FSymTab)
 <LI><a href="#[ab]">_pin_control</a> from pin.o(.text._pin_control) referenced 2 times from pin.o(.text.rt_device_pin_register)
 <LI><a href="#[a9]">_pin_read</a> from pin.o(.text._pin_read) referenced 2 times from pin.o(.text.rt_device_pin_register)
 <LI><a href="#[aa]">_pin_write</a> from pin.o(.text._pin_write) referenced 2 times from pin.o(.text.rt_device_pin_register)
 <LI><a href="#[6f]">_printf_input_char</a> from _printf_char_common.o(.text) referenced from _printf_char_common.o(.text)
 <LI><a href="#[ae]">_pwm_control</a> from rt_drv_pwm.o(.text._pwm_control) referenced 2 times from rt_drv_pwm.o(.text.rt_device_pwm_register)
 <LI><a href="#[ac]">_pwm_read</a> from rt_drv_pwm.o(.text._pwm_read) referenced 2 times from rt_drv_pwm.o(.text.rt_device_pwm_register)
 <LI><a href="#[ad]">_pwm_write</a> from rt_drv_pwm.o(.text._pwm_write) referenced 2 times from rt_drv_pwm.o(.text.rt_device_pwm_register)
 <LI><a href="#[71]">_sbackspace</a> from _sgetc.o(.text) referenced from strtod.o(.text)
 <LI><a href="#[c0]">_serial_fifo_rx</a> from serial_v2.o(.text._serial_fifo_rx) referenced 2 times from serial_v2.o(.text.rt_serial_rx_enable)
 <LI><a href="#[c2]">_serial_fifo_tx_blocking_buf</a> from serial_v2.o(.text._serial_fifo_tx_blocking_buf) referenced 2 times from serial_v2.o(.text.rt_serial_tx_enable)
 <LI><a href="#[c3]">_serial_fifo_tx_blocking_nbuf</a> from serial_v2.o(.text._serial_fifo_tx_blocking_nbuf) referenced 2 times from serial_v2.o(.text.rt_serial_tx_enable)
 <LI><a href="#[c4]">_serial_fifo_tx_nonblocking</a> from serial_v2.o(.text._serial_fifo_tx_nonblocking) referenced 2 times from serial_v2.o(.text.rt_serial_tx_enable)
 <LI><a href="#[bf]">_serial_poll_rx</a> from serial_v2.o(.text._serial_poll_rx) referenced 2 times from serial_v2.o(.text.rt_serial_rx_enable)
 <LI><a href="#[c1]">_serial_poll_tx</a> from serial_v2.o(.text._serial_poll_tx) referenced 2 times from serial_v2.o(.text.rt_serial_tx_enable)
 <LI><a href="#[70]">_sgetc</a> from _sgetc.o(.text) referenced from strtod.o(.text)
 <LI><a href="#[6e]">_sputc</a> from _sputc.o(.text) referenced from sprintf.o(.text)
 <LI><a href="#[8d]">_thread_exit</a> from thread.o(.text._thread_exit) referenced 2 times from thread.o(.text._thread_init)
 <LI><a href="#[8e]">_thread_timeout</a> from thread.o(.text._thread_timeout) referenced 2 times from thread.o(.text._thread_init)
 <LI><a href="#[c5]">_timer_thread_entry</a> from timer.o(.text._timer_thread_entry) referenced 2 times from timer.o(.text.rt_system_timer_thread_init)
 <LI><a href="#[101]">abus_all_init</a> from abus_port.o(.text.abus_all_init) referenced from abus_port.o(.rti_fn.1)
 <LI><a href="#[11e]">adc</a> from adc.o(.text.adc) referenced from adc.o(FSymTab)
 <LI><a href="#[a8]">assert_hook</a> from cmb_port.o(.text.assert_hook) referenced 2 times from cmb_port.o(.text.rt_cm_backtrace_init)
 <LI><a href="#[c9]">async_output_thread_entry</a> from ulog.o(.text.async_output_thread_entry) referenced 2 times from ulog.o(.text.ulog_async_init)
 <LI><a href="#[95]">can_rx_call</a> from motor_dj_rm_driver.o(.text.can_rx_call) referenced 2 times from motor_dj_rm_driver.o(.text.can_rx_thread)
 <LI><a href="#[a0]">can_rx_thread</a> from motor_dj_rm_driver.o(.text.can_rx_thread) referenced 2 times from motor_dj_rm_driver.o(.text.motor_dj_init)
 <LI><a href="#[a1]">can_rx_thread1</a> from motor_dj_rm_driver.o(.text.can_rx_thread1) referenced 2 times from motor_dj_rm_driver.o(.text.motor_dj_init)
 <LI><a href="#[b7]">cantimeout</a> from can.o(.text.cantimeout) referenced 2 times from can.o(.text.rt_hw_can_register)
 <LI><a href="#[98]">chassis_port_handle</a> from chassis_port.o(.text.chassis_port_handle) referenced 2 times from chassis_port.o(.text.chassis_port_init)
 <LI><a href="#[113]">chassis_port_init</a> from chassis_port.o(.text.chassis_port_init) referenced from chassis_port.o(.rti_fn.5)
 <LI><a href="#[97]">chassis_port_plan</a> from chassis_port.o(.text.chassis_port_plan) referenced 2 times from chassis_port.o(.text.chassis_port_init)
 <LI><a href="#[96]">chassis_port_plan_init</a> from chassis_port.o(.text.chassis_port_plan_init) referenced 2 times from chassis_port.o(.text.chassis_port_init)
 <LI><a href="#[90]">chassis_sub_callback</a> from chassis_port.o(.text.chassis_sub_callback) referenced 2 times from abus_port.o(.text.abus_all_init)
 <LI><a href="#[125]">clear</a> from cmd.o(.text.clear) referenced from cmd.o(FSymTab)
 <LI><a href="#[11c]">cmb_test</a> from cmb_port.o(.text.cmb_test) referenced from cmb_port.o(FSymTab)
 <LI><a href="#[128]">cmd_backtrace</a> from kservice.o(.text.cmd_backtrace) referenced from kservice.o(FSymTab)
 <LI><a href="#[11d]">cmd_canstat</a> from can.o(.text.cmd_canstat) referenced from can.o(FSymTab)
 <LI><a href="#[124]">cmd_free</a> from msh.o(.text.cmd_free) referenced from msh.o(FSymTab)
 <LI><a href="#[127]">cmd_list</a> from cmd.o(.text.cmd_list) referenced from cmd.o(FSymTab)
 <LI><a href="#[11b]">cmd_motor</a> from motor.o(.text.cmd_motor) referenced from motor.o(FSymTab)
 <LI><a href="#[123]">cmd_ps</a> from msh.o(.text.cmd_ps) referenced from msh.o(FSymTab)
 <LI><a href="#[9a]">color_com</a> from color_com.o(.text.color_com) referenced 2 times from color_com.o(.text.color_com_init)
 <LI><a href="#[115]">color_com_init</a> from color_com.o(.text.color_com_init) referenced from color_com.o(.rti_fn.6)
 <LI><a href="#[111]">cplusplus_system_init</a> from cxx_crt_init.o(.text.cplusplus_system_init) referenced from cxx_crt_init.o(.rti_fn.4)
 <LI><a href="#[74]">d_handle_Increment_Complete</a> from apid.o(.text.d_handle_Increment_Complete) referenced 2 times from apid.o(.text.APID_Init)
 <LI><a href="#[4]">d_handle_Position_Complete</a> from apid.o(.text.d_handle_Position_Complete) referenced 2 times from motor_cfg.o(.data..compoundliteral.1)
 <LI><a href="#[4]">d_handle_Position_Complete</a> from apid.o(.text.d_handle_Position_Complete) referenced 2 times from motor_cfg.o(.data..compoundliteral.2)
 <LI><a href="#[4]">d_handle_Position_Complete</a> from apid.o(.text.d_handle_Position_Complete) referenced 2 times from apid.o(.text.APID_Init)
 <LI><a href="#[10d]">dbus_uart_init</a> from bsp_sbus.o(.text.dbus_uart_init) referenced from bsp_sbus.o(.rti_fn.4)
 <LI><a href="#[7d]">dbus_uart_rx_ind</a> from drv_action.o(.text.dbus_uart_rx_ind) referenced 2 times from drv_action.o(.text.Action_Init)
 <LI><a href="#[9b]">dbus_uart_rx_ind</a> from bsp_sbus.o(.text.dbus_uart_rx_ind) referenced 2 times from bsp_sbus.o(.text.dbus_uart_init)
 <LI><a href="#[7]">driver_mai</a> from chassis_module_mai.o(.text.driver_mai) referenced 2 times from chassis_module_mai.o(.data.ops_mai)
 <LI><a href="#[5]">drv_pwm_control</a> from drv_pwm.o(.text.drv_pwm_control) referenced 2 times from drv_pwm.o(.data.drv_ops)
 <LI><a href="#[a7]">exception_hook</a> from cmb_port.o(.text.exception_hook) referenced 2 times from cmb_port.o(.text.rt_cm_backtrace_init)
 <LI><a href="#[9c]">finsh_rx_ind</a> from shell.o(.text.finsh_rx_ind) referenced 2 times from shell.o(.text.finsh_set_device)
 <LI><a href="#[116]">finsh_system_init</a> from shell.o(.text.finsh_system_init) referenced from shell.o(.rti_fn.6)
 <LI><a href="#[9d]">finsh_thread_entry</a> from shell.o(.text.finsh_thread_entry) referenced 2 times from shell.o(.text.finsh_system_init)
 <LI><a href="#[9e]">follow_line</a> from follow_line.o(.text.follow_line) referenced 2 times from follow_line.o(.text.follow_line_init)
 <LI><a href="#[10e]">follow_line_init</a> from follow_line.o(.text.follow_line_init) referenced from follow_line.o(.rti_fn.4)
 <LI><a href="#[ef]">i2c_bit_xfer</a> from i2c-bit-ops.o(.text.i2c_bit_xfer) referenced from i2c-bit-ops.o(.rodata.i2c_bit_bus_ops)
 <LI><a href="#[be]">i2c_bus_device_control</a> from i2c_dev.o(.text.i2c_bus_device_control) referenced 2 times from i2c_dev.o(.text.rt_i2c_bus_device_device_init)
 <LI><a href="#[bc]">i2c_bus_device_read</a> from i2c_dev.o(.text.i2c_bus_device_read) referenced 2 times from i2c_dev.o(.text.rt_i2c_bus_device_device_init)
 <LI><a href="#[bd]">i2c_bus_device_write</a> from i2c_dev.o(.text.i2c_bus_device_write) referenced 2 times from i2c_dev.o(.text.rt_i2c_bus_device_device_init)
 <LI><a href="#[73]">i_handle_Increment_Normal</a> from apid.o(.text.i_handle_Increment_Normal) referenced 2 times from apid.o(.text.APID_Init)
 <LI><a href="#[73]">i_handle_Increment_Normal</a> from apid.o(.text.i_handle_Increment_Normal) referenced 2 times from apid_exfunc.o(.text.APID_SET_I_Function)
 <LI><a href="#[77]">i_handle_Increment_Saturation</a> from apid.o(.text.i_handle_Increment_Saturation) referenced 2 times from apid_exfunc.o(.text.APID_SET_I_Function)
 <LI><a href="#[75]">i_handle_Increment_Separation</a> from apid.o(.text.i_handle_Increment_Separation) referenced 2 times from apid_exfunc.o(.text.APID_SET_I_Function)
 <LI><a href="#[79]">i_handle_Increment_Speed</a> from apid.o(.text.i_handle_Increment_Speed) referenced 2 times from apid_exfunc.o(.text.APID_SET_I_Function)
 <LI><a href="#[7b]">i_handle_Increment_Trapeziod</a> from apid.o(.text.i_handle_Increment_Trapeziod) referenced 2 times from apid_exfunc.o(.text.APID_SET_I_Function)
 <LI><a href="#[3]">i_handle_Position_Normal</a> from apid.o(.text.i_handle_Position_Normal) referenced 2 times from motor_cfg.o(.data..compoundliteral.1)
 <LI><a href="#[3]">i_handle_Position_Normal</a> from apid.o(.text.i_handle_Position_Normal) referenced 2 times from motor_cfg.o(.data..compoundliteral.2)
 <LI><a href="#[3]">i_handle_Position_Normal</a> from apid.o(.text.i_handle_Position_Normal) referenced 2 times from apid.o(.text.APID_Init)
 <LI><a href="#[3]">i_handle_Position_Normal</a> from apid.o(.text.i_handle_Position_Normal) referenced 2 times from apid_exfunc.o(.text.APID_SET_I_Function)
 <LI><a href="#[78]">i_handle_Position_Saturation</a> from apid.o(.text.i_handle_Position_Saturation) referenced 2 times from apid_exfunc.o(.text.APID_SET_I_Function)
 <LI><a href="#[76]">i_handle_Position_Separation</a> from apid.o(.text.i_handle_Position_Separation) referenced 2 times from apid_exfunc.o(.text.APID_SET_I_Function)
 <LI><a href="#[7a]">i_handle_Position_Speed</a> from apid.o(.text.i_handle_Position_Speed) referenced 2 times from apid_exfunc.o(.text.APID_SET_I_Function)
 <LI><a href="#[7c]">i_handle_Position_Trapeziod</a> from apid.o(.text.i_handle_Position_Trapeziod) referenced 2 times from apid_exfunc.o(.text.APID_SET_I_Function)
 <LI><a href="#[c7]">idle_thread_entry</a> from idle.o(.text.idle_thread_entry) referenced 2 times from idle.o(.text.rt_thread_idle_init)
 <LI><a href="#[cb]">ind_dj_can_motor_callback</a> from motor_dj_rm_driver.o(.text.ind_dj_can_motor_callback) referenced from motor_dj_rm_driver.o(.rodata..L__const.can_rx_thread.items)
 <LI><a href="#[72]">isspace</a> from wstring.o(.text.isspace) referenced from strtod.o(.text)
 <LI><a href="#[8f]">line_dir_sub_callback</a> from follow_line.o(.text.line_dir_sub_callback) referenced 2 times from abus_port.o(.text.abus_all_init)
 <LI><a href="#[88]">loop</a> from applications_arduino_main.o(.text.loop) referenced 2 times from rtduino.o(.text._ZL12rtduino_initv)
 <LI><a href="#[a6]">main_thread_entry</a> from components.o(.text.main_thread_entry) referenced 2 times from components.o(.text.rt_application_init)
 <LI><a href="#[6]">module_mai</a> from chassis_module_mai.o(.text.module_mai) referenced 2 times from chassis_module_mai.o(.data.ops_mai)
 <LI><a href="#[a2]">motor_behiver_1</a> from motor.o(.text.motor_behiver_1) referenced 2 times from motor.o(.text.motor_updata_cfg)
 <LI><a href="#[a3]">motor_behiver_2</a> from motor.o(.text.motor_behiver_2) referenced 2 times from motor.o(.text.motor_updata_cfg)
 <LI><a href="#[a4]">motor_behiver_3</a> from motor.o(.text.motor_behiver_3) referenced 2 times from motor.o(.text.motor_updata_cfg)
 <LI><a href="#[a5]">motor_behiver_4</a> from motor.o(.text.motor_behiver_4) referenced 2 times from motor.o(.text.motor_updata_cfg)
 <LI><a href="#[1]">motor_dj_ctr</a> from motor_dj_rm_driver.o(.text.motor_dj_ctr) referenced 2 times from motor_cfg.o(.data..compoundliteral)
 <LI><a href="#[0]">motor_dj_driver</a> from motor_dj_rm_driver.o(.text.motor_dj_driver) referenced 2 times from motor_cfg.o(.data..compoundliteral)
 <LI><a href="#[10f]">motor_dj_init</a> from motor_dj_rm_driver.o(.text.motor_dj_init) referenced from motor_dj_rm_driver.o(.rti_fn.4)
 <LI><a href="#[122]">msh_help</a> from msh.o(.text.msh_help) referenced from msh.o(FSymTab)
 <LI><a href="#[100]">power_init</a> from aboard_power_switch.o(.text.power_init) referenced from aboard_power_switch.o(.rti_fn.1)
 <LI><a href="#[118]">power_switch</a> from aboard_power_switch.o(.text.power_switch) referenced from aboard_power_switch.o(FSymTab)
 <LI><a href="#[11f]">pwm_list</a> from rt_drv_pwm.o(.text.pwm_list) referenced from rt_drv_pwm.o(FSymTab)
 <LI><a href="#[94]">rbmg_chassis_ctrl_callback</a> from robotmanager.o(.text.rbmg_chassis_ctrl_callback) referenced 2 times from abus_port.o(.text.abus_all_init)
 <LI><a href="#[92]">rbmg_dir_callback</a> from robotmanager.o(.text.rbmg_dir_callback) referenced 2 times from abus_port.o(.text.abus_all_init)
 <LI><a href="#[91]">rbmg_error_callback</a> from robotmanager.o(.text.rbmg_error_callback) referenced 2 times from abus_port.o(.text.abus_all_init)
 <LI><a href="#[93]">rbmg_special_point_callback</a> from robotmanager.o(.text.rbmg_special_point_callback) referenced 2 times from abus_port.o(.text.abus_all_init)
 <LI><a href="#[121]">reboot</a> from drv_common.o(.text.reboot) referenced from drv_common.o(FSymTab)
 <LI><a href="#[b3]">rt_can_close</a> from can.o(.text.rt_can_close) referenced 2 times from can.o(.text.rt_hw_can_register)
 <LI><a href="#[b6]">rt_can_control</a> from can.o(.text.rt_can_control) referenced 2 times from can.o(.text.rt_hw_can_register)
 <LI><a href="#[b1]">rt_can_init</a> from can.o(.text.rt_can_init) referenced 2 times from can.o(.text.rt_hw_can_register)
 <LI><a href="#[b2]">rt_can_open</a> from can.o(.text.rt_can_open) referenced 2 times from can.o(.text.rt_hw_can_register)
 <LI><a href="#[b4]">rt_can_read</a> from can.o(.text.rt_can_read) referenced 2 times from can.o(.text.rt_hw_can_register)
 <LI><a href="#[b5]">rt_can_write</a> from can.o(.text.rt_can_write) referenced 2 times from can.o(.text.rt_hw_can_register)
 <LI><a href="#[10a]">rt_cm_backtrace_init</a> from cmb_port.o(.text.rt_cm_backtrace_init) referenced from cmb_port.o(.rti_fn.3)
 <LI><a href="#[103]">rt_hw_can_init</a> from drv_can.o(.text.rt_hw_can_init) referenced from drv_can.o(.rti_fn.1)
 <LI><a href="#[104]">rt_hw_i2c_init</a> from drv_soft_i2c.o(.text.rt_hw_i2c_init) referenced from drv_soft_i2c.o(.rti_fn.1)
 <LI><a href="#[f4]">rt_hw_us_delay</a> from drv_common.o(.text.rt_hw_us_delay) referenced from drv_soft_i2c.o(.rodata.stm32_bit_ops_default)
 <LI><a href="#[ba]">rt_serial_close</a> from serial_v2.o(.text.rt_serial_close) referenced 2 times from serial_v2.o(.text.rt_hw_serial_register)
 <LI><a href="#[bb]">rt_serial_control</a> from serial_v2.o(.text.rt_serial_control) referenced 2 times from serial_v2.o(.text.rt_hw_serial_register)
 <LI><a href="#[b8]">rt_serial_init</a> from serial_v2.o(.text.rt_serial_init) referenced 2 times from serial_v2.o(.text.rt_hw_serial_register)
 <LI><a href="#[b9]">rt_serial_open</a> from serial_v2.o(.text.rt_serial_open) referenced 2 times from serial_v2.o(.text.rt_hw_serial_register)
 <LI><a href="#[106]">rti_board_end</a> from components.o(.text.rti_board_end) referenced from components.o(.rti_fn.1.end)
 <LI><a href="#[ff]">rti_board_start</a> from components.o(.text.rti_board_start) referenced from components.o(.rti_fn.0.end)
 <LI><a href="#[117]">rti_end</a> from components.o(.text.rti_end) referenced from components.o(.rti_fn.6.end)
 <LI><a href="#[fe]">rti_start</a> from components.o(.text.rti_start) referenced from components.o(.rti_fn.0)
 <LI><a href="#[87]">setup</a> from applications_arduino_main.o(.text.setup) referenced 2 times from rtduino.o(.text._ZL12rtduino_initv)
 <LI><a href="#[11a]">start_shakdown</a> from motor.o(.text.start_shakdown) referenced from motor.o(FSymTab)
 <LI><a href="#[fa]">stm32_adc_enabled</a> from drv_adc.o(.text.stm32_adc_enabled) referenced from drv_adc.o(.rodata.stm_adc_ops)
 <LI><a href="#[fc]">stm32_adc_get_resolution</a> from drv_adc.o(.text.stm32_adc_get_resolution) referenced from drv_adc.o(.rodata.stm_adc_ops)
 <LI><a href="#[fb]">stm32_adc_get_value</a> from drv_adc.o(.text.stm32_adc_get_value) referenced from drv_adc.o(.rodata.stm_adc_ops)
 <LI><a href="#[fd]">stm32_adc_get_vref</a> from drv_adc.o(.text.stm32_adc_get_vref) referenced from drv_adc.o(.rodata.stm_adc_ops)
 <LI><a href="#[102]">stm32_adc_init</a> from drv_adc.o(.text.stm32_adc_init) referenced from drv_adc.o(.rti_fn.1)
 <LI><a href="#[f5]">stm32_configure</a> from drv_usart_v2.o(.text.stm32_configure) referenced from drv_usart_v2.o(.rodata.stm32_uart_ops)
 <LI><a href="#[f6]">stm32_control</a> from drv_usart_v2.o(.text.stm32_control) referenced from drv_usart_v2.o(.rodata.stm32_uart_ops)
 <LI><a href="#[f3]">stm32_get_scl</a> from drv_soft_i2c.o(.text.stm32_get_scl) referenced from drv_soft_i2c.o(.rodata.stm32_bit_ops_default)
 <LI><a href="#[f2]">stm32_get_sda</a> from drv_soft_i2c.o(.text.stm32_get_sda) referenced from drv_soft_i2c.o(.rodata.stm32_bit_ops_default)
 <LI><a href="#[f8]">stm32_getc</a> from drv_usart_v2.o(.text.stm32_getc) referenced from drv_usart_v2.o(.rodata.stm32_uart_ops)
 <LI><a href="#[eb]">stm32_pin_attach_irq</a> from drv_gpio.o(.text.stm32_pin_attach_irq) referenced from drv_gpio.o(.rodata._stm32_pin_ops)
 <LI><a href="#[ec]">stm32_pin_dettach_irq</a> from drv_gpio.o(.text.stm32_pin_dettach_irq) referenced from drv_gpio.o(.rodata._stm32_pin_ops)
 <LI><a href="#[ee]">stm32_pin_get</a> from drv_gpio.o(.text.stm32_pin_get) referenced from drv_gpio.o(.rodata._stm32_pin_ops)
 <LI><a href="#[ed]">stm32_pin_irq_enable</a> from drv_gpio.o(.text.stm32_pin_irq_enable) referenced from drv_gpio.o(.rodata._stm32_pin_ops)
 <LI><a href="#[e8]">stm32_pin_mode</a> from drv_gpio.o(.text.stm32_pin_mode) referenced from drv_gpio.o(.rodata._stm32_pin_ops)
 <LI><a href="#[ea]">stm32_pin_read</a> from drv_gpio.o(.text.stm32_pin_read) referenced from drv_gpio.o(.rodata._stm32_pin_ops)
 <LI><a href="#[e9]">stm32_pin_write</a> from drv_gpio.o(.text.stm32_pin_write) referenced from drv_gpio.o(.rodata._stm32_pin_ops)
 <LI><a href="#[f7]">stm32_putc</a> from drv_usart_v2.o(.text.stm32_putc) referenced from drv_usart_v2.o(.rodata.stm32_uart_ops)
 <LI><a href="#[10b]">stm32_pwm_init</a> from drv_pwm.o(.text.stm32_pwm_init) referenced from drv_pwm.o(.rti_fn.3)
 <LI><a href="#[f1]">stm32_set_scl</a> from drv_soft_i2c.o(.text.stm32_set_scl) referenced from drv_soft_i2c.o(.rodata.stm32_bit_ops_default)
 <LI><a href="#[f0]">stm32_set_sda</a> from drv_soft_i2c.o(.text.stm32_set_sda) referenced from drv_soft_i2c.o(.rodata.stm32_bit_ops_default)
 <LI><a href="#[f9]">stm32_transmit</a> from drv_usart_v2.o(.text.stm32_transmit) referenced from drv_usart_v2.o(.rodata.stm32_uart_ops)
 <LI><a href="#[c6]">timeout</a> from timer.o(.text.timeout) referenced 2 times from timer.o(.text.rt_system_timer_thread_init)
 <LI><a href="#[9f]">timer1_callback</a> from motor_dj_rm_driver.o(.text.timer1_callback) referenced 2 times from motor_dj_rm_driver.o(.text.motor_dj_init)
 <LI><a href="#[99]">uart_rx_ind</a> from color_com.o(.text.uart_rx_ind) referenced 2 times from color_com.o(.text.color_com)
 <LI><a href="#[108]">ulog_async_init</a> from ulog.o(.text.ulog_async_init) referenced from ulog.o(.rti_fn.2)
 <LI><a href="#[109]">ulog_console_backend_init</a> from console_be.o(.text.ulog_console_backend_init) referenced from console_be.o(.rti_fn.2)
 <LI><a href="#[ca]">ulog_console_backend_output</a> from console_be.o(.text.ulog_console_backend_output) referenced 2 times from console_be.o(.text.ulog_console_backend_init)
 <LI><a href="#[105]">ulog_init</a> from ulog.o(.text.ulog_init) referenced from ulog.o(.rti_fn.1)
 <LI><a href="#[8b]">user_code_insert_to_systick_handler</a> from perf_counter.o(.text.user_code_insert_to_systick_handler) referenced 2 times from perf_os_patch_rt_thread.o(.text.__perf_os_patch_init)
 <LI><a href="#[119]">var</a> from apid_exfunc.o(.text.var) referenced from apid_exfunc.o(FSymTab)
 <LI><a href="#[126]">version</a> from cmd.o(.text.version) referenced from cmd.o(FSymTab)
</UL>
<P>
<H3>
Global Symbols
</H3>
<P><STRONG><a name="[6c]"></a>__main</STRONG> (Thumb, 8 bytes, Stack size 0 bytes, __main.o(!!!main))
<BR><BR>[Calls]<UL><LI><a href="#[12f]">&gt;&gt;</a>&nbsp;&nbsp;&nbsp;__rt_entry
<LI><a href="#[12e]">&gt;&gt;</a>&nbsp;&nbsp;&nbsp;__scatterload
</UL>
<BR>[Address Reference Count : 1]<UL><LI> startup_stm32f427xx.o(.text)
</UL>
<P><STRONG><a name="[12e]"></a>__scatterload</STRONG> (Thumb, 0 bytes, Stack size unknown bytes, __scatter.o(!!!scatter))
<BR><BR>[Called By]<UL><LI><a href="#[6c]">&gt;&gt;</a>&nbsp;&nbsp;&nbsp;__main
</UL>

<P><STRONG><a name="[130]"></a>__scatterload_rt2</STRONG> (Thumb, 84 bytes, Stack size unknown bytes, __scatter.o(!!!scatter), UNUSED)
<BR><BR>[Calls]<UL><LI><a href="#[12f]">&gt;&gt;</a>&nbsp;&nbsp;&nbsp;__rt_entry
</UL>

<P><STRONG><a name="[48c]"></a>__scatterload_rt2_thumb_only</STRONG> (Thumb, 0 bytes, Stack size unknown bytes, __scatter.o(!!!scatter), UNUSED)

<P><STRONG><a name="[48d]"></a>__scatterload_loop</STRONG> (Thumb, 0 bytes, Stack size unknown bytes, __scatter.o(!!!scatter), UNUSED)

<P><STRONG><a name="[48e]"></a>__decompress</STRONG> (Thumb, 90 bytes, Stack size unknown bytes, __dczerorl2.o(!!dczerorl2), UNUSED)

<P><STRONG><a name="[48f]"></a>__decompress1</STRONG> (Thumb, 0 bytes, Stack size unknown bytes, __dczerorl2.o(!!dczerorl2), UNUSED)

<P><STRONG><a name="[490]"></a>__scatterload_null</STRONG> (Thumb, 2 bytes, Stack size unknown bytes, __scatter.o(!!handler_null), UNUSED)

<P><STRONG><a name="[491]"></a>__scatterload_zeroinit</STRONG> (Thumb, 28 bytes, Stack size unknown bytes, __scatter_zi.o(!!handler_zi), UNUSED)

<P><STRONG><a name="[131]"></a>_printf_n</STRONG> (Thumb, 0 bytes, Stack size unknown bytes, _printf_n.o(.ARM.Collect$$_printf_percent$$00000001))
<BR><BR>[Calls]<UL><LI><a href="#[132]">&gt;&gt;</a>&nbsp;&nbsp;&nbsp;_printf_charcount
</UL>

<P><STRONG><a name="[188]"></a>_printf_percent</STRONG> (Thumb, 0 bytes, Stack size unknown bytes, _printf_percent.o(.ARM.Collect$$_printf_percent$$00000000))
<BR><BR>[Called By]<UL><LI><a href="#[181]">&gt;&gt;</a>&nbsp;&nbsp;&nbsp;__printf
</UL>

<P><STRONG><a name="[133]"></a>_printf_p</STRONG> (Thumb, 0 bytes, Stack size unknown bytes, _printf_p.o(.ARM.Collect$$_printf_percent$$00000002))
<BR><BR>[Stack]<UL><LI>Max Depth = 64 + Unknown Stack Size
<LI>Call Chain = _printf_p &rArr; _printf_hex_ptr &rArr; _printf_longlong_hex &rArr; _printf_int_common &rArr; _printf_post_padding
</UL>
<BR>[Calls]<UL><LI><a href="#[134]">&gt;&gt;</a>&nbsp;&nbsp;&nbsp;_printf_hex_ptr
</UL>

<P><STRONG><a name="[135]"></a>_printf_f</STRONG> (Thumb, 0 bytes, Stack size unknown bytes, _printf_f.o(.ARM.Collect$$_printf_percent$$00000003))
<BR><BR>[Stack]<UL><LI>Max Depth = 324 + Unknown Stack Size
<LI>Call Chain = _printf_f &rArr; _printf_fp_dec &rArr; _printf_fp_dec_real &rArr; _fp_digits &rArr; _btod_etento &rArr; _btod_emul &rArr; _e2e
</UL>
<BR>[Calls]<UL><LI><a href="#[136]">&gt;&gt;</a>&nbsp;&nbsp;&nbsp;_printf_fp_dec
</UL>

<P><STRONG><a name="[137]"></a>_printf_e</STRONG> (Thumb, 0 bytes, Stack size unknown bytes, _printf_e.o(.ARM.Collect$$_printf_percent$$00000004))
<BR><BR>[Stack]<UL><LI>Max Depth = 324 + Unknown Stack Size
<LI>Call Chain = _printf_e &rArr; _printf_fp_dec &rArr; _printf_fp_dec_real &rArr; _fp_digits &rArr; _btod_etento &rArr; _btod_emul &rArr; _e2e
</UL>
<BR>[Calls]<UL><LI><a href="#[136]">&gt;&gt;</a>&nbsp;&nbsp;&nbsp;_printf_fp_dec
</UL>

<P><STRONG><a name="[138]"></a>_printf_g</STRONG> (Thumb, 0 bytes, Stack size unknown bytes, _printf_g.o(.ARM.Collect$$_printf_percent$$00000005))
<BR><BR>[Stack]<UL><LI>Max Depth = 324 + Unknown Stack Size
<LI>Call Chain = _printf_g &rArr; _printf_fp_dec &rArr; _printf_fp_dec_real &rArr; _fp_digits &rArr; _btod_etento &rArr; _btod_emul &rArr; _e2e
</UL>
<BR>[Calls]<UL><LI><a href="#[136]">&gt;&gt;</a>&nbsp;&nbsp;&nbsp;_printf_fp_dec
</UL>

<P><STRONG><a name="[139]"></a>_printf_a</STRONG> (Thumb, 0 bytes, Stack size unknown bytes, _printf_a.o(.ARM.Collect$$_printf_percent$$00000006))
<BR><BR>[Stack]<UL><LI>Max Depth = 112 + Unknown Stack Size
<LI>Call Chain = _printf_a &rArr; _printf_fp_hex &rArr; _printf_fp_hex_real &rArr; _printf_fp_infnan &rArr; _printf_post_padding
</UL>
<BR>[Calls]<UL><LI><a href="#[13a]">&gt;&gt;</a>&nbsp;&nbsp;&nbsp;_printf_fp_hex
</UL>

<P><STRONG><a name="[492]"></a>_printf_ll</STRONG> (Thumb, 0 bytes, Stack size unknown bytes, _printf_ll.o(.ARM.Collect$$_printf_percent$$00000007))

<P><STRONG><a name="[13b]"></a>_printf_i</STRONG> (Thumb, 0 bytes, Stack size unknown bytes, _printf_i.o(.ARM.Collect$$_printf_percent$$00000008))
<BR><BR>[Stack]<UL><LI>Max Depth = 72 + Unknown Stack Size
<LI>Call Chain = _printf_i &rArr; _printf_int_dec &rArr; _printf_int_common &rArr; _printf_post_padding
</UL>
<BR>[Calls]<UL><LI><a href="#[13c]">&gt;&gt;</a>&nbsp;&nbsp;&nbsp;_printf_int_dec
</UL>

<P><STRONG><a name="[13d]"></a>_printf_d</STRONG> (Thumb, 0 bytes, Stack size unknown bytes, _printf_d.o(.ARM.Collect$$_printf_percent$$00000009))
<BR><BR>[Stack]<UL><LI>Max Depth = 72 + Unknown Stack Size
<LI>Call Chain = _printf_d &rArr; _printf_int_dec &rArr; _printf_int_common &rArr; _printf_post_padding
</UL>
<BR>[Calls]<UL><LI><a href="#[13c]">&gt;&gt;</a>&nbsp;&nbsp;&nbsp;_printf_int_dec
</UL>

<P><STRONG><a name="[13e]"></a>_printf_u</STRONG> (Thumb, 0 bytes, Stack size unknown bytes, _printf_u.o(.ARM.Collect$$_printf_percent$$0000000A))
<BR><BR>[Stack]<UL><LI>Max Depth = 72 + Unknown Stack Size
<LI>Call Chain = _printf_u &rArr; _printf_int_dec &rArr; _printf_int_common &rArr; _printf_post_padding
</UL>
<BR>[Calls]<UL><LI><a href="#[13c]">&gt;&gt;</a>&nbsp;&nbsp;&nbsp;_printf_int_dec
</UL>

<P><STRONG><a name="[13f]"></a>_printf_o</STRONG> (Thumb, 0 bytes, Stack size unknown bytes, _printf_o.o(.ARM.Collect$$_printf_percent$$0000000B))
<BR><BR>[Stack]<UL><LI>Max Depth = 64 + Unknown Stack Size
<LI>Call Chain = _printf_o &rArr; _printf_int_oct &rArr; _printf_longlong_oct &rArr; _printf_int_common &rArr; _printf_post_padding
</UL>
<BR>[Calls]<UL><LI><a href="#[140]">&gt;&gt;</a>&nbsp;&nbsp;&nbsp;_printf_int_oct
</UL>

<P><STRONG><a name="[141]"></a>_printf_x</STRONG> (Thumb, 0 bytes, Stack size unknown bytes, _printf_x.o(.ARM.Collect$$_printf_percent$$0000000C))
<BR><BR>[Stack]<UL><LI>Max Depth = 80 + Unknown Stack Size
<LI>Call Chain = _printf_x &rArr; _printf_int_hex &rArr; _printf_longlong_hex &rArr; _printf_int_common &rArr; _printf_post_padding
</UL>
<BR>[Calls]<UL><LI><a href="#[142]">&gt;&gt;</a>&nbsp;&nbsp;&nbsp;_printf_int_hex
</UL>

<P><STRONG><a name="[143]"></a>_printf_lli</STRONG> (Thumb, 0 bytes, Stack size unknown bytes, _printf_lli.o(.ARM.Collect$$_printf_percent$$0000000D))
<BR><BR>[Stack]<UL><LI>Max Depth = 72 + Unknown Stack Size
<LI>Call Chain = _printf_lli &rArr; _printf_longlong_dec &rArr; _printf_int_common &rArr; _printf_post_padding
</UL>
<BR>[Calls]<UL><LI><a href="#[144]">&gt;&gt;</a>&nbsp;&nbsp;&nbsp;_printf_longlong_dec
</UL>

<P><STRONG><a name="[145]"></a>_printf_lld</STRONG> (Thumb, 0 bytes, Stack size unknown bytes, _printf_lld.o(.ARM.Collect$$_printf_percent$$0000000E))
<BR><BR>[Stack]<UL><LI>Max Depth = 72 + Unknown Stack Size
<LI>Call Chain = _printf_lld &rArr; _printf_longlong_dec &rArr; _printf_int_common &rArr; _printf_post_padding
</UL>
<BR>[Calls]<UL><LI><a href="#[144]">&gt;&gt;</a>&nbsp;&nbsp;&nbsp;_printf_longlong_dec
</UL>

<P><STRONG><a name="[146]"></a>_printf_llu</STRONG> (Thumb, 0 bytes, Stack size unknown bytes, _printf_llu.o(.ARM.Collect$$_printf_percent$$0000000F))
<BR><BR>[Stack]<UL><LI>Max Depth = 72 + Unknown Stack Size
<LI>Call Chain = _printf_llu &rArr; _printf_longlong_dec &rArr; _printf_int_common &rArr; _printf_post_padding
</UL>
<BR>[Calls]<UL><LI><a href="#[144]">&gt;&gt;</a>&nbsp;&nbsp;&nbsp;_printf_longlong_dec
</UL>

<P><STRONG><a name="[147]"></a>_printf_llo</STRONG> (Thumb, 0 bytes, Stack size unknown bytes, _printf_llo.o(.ARM.Collect$$_printf_percent$$00000010))
<BR><BR>[Stack]<UL><LI>Max Depth = 56 + Unknown Stack Size
<LI>Call Chain = _printf_llo &rArr; _printf_ll_oct &rArr; _printf_longlong_oct &rArr; _printf_int_common &rArr; _printf_post_padding
</UL>
<BR>[Calls]<UL><LI><a href="#[148]">&gt;&gt;</a>&nbsp;&nbsp;&nbsp;_printf_ll_oct
</UL>

<P><STRONG><a name="[149]"></a>_printf_llx</STRONG> (Thumb, 0 bytes, Stack size unknown bytes, _printf_llx.o(.ARM.Collect$$_printf_percent$$00000011))
<BR><BR>[Stack]<UL><LI>Max Depth = 64 + Unknown Stack Size
<LI>Call Chain = _printf_llx &rArr; _printf_ll_hex &rArr; _printf_longlong_hex &rArr; _printf_int_common &rArr; _printf_post_padding
</UL>
<BR>[Calls]<UL><LI><a href="#[14a]">&gt;&gt;</a>&nbsp;&nbsp;&nbsp;_printf_ll_hex
</UL>

<P><STRONG><a name="[493]"></a>_printf_l</STRONG> (Thumb, 0 bytes, Stack size unknown bytes, _printf_l.o(.ARM.Collect$$_printf_percent$$00000012))

<P><STRONG><a name="[14b]"></a>_printf_c</STRONG> (Thumb, 0 bytes, Stack size unknown bytes, _printf_c.o(.ARM.Collect$$_printf_percent$$00000013))
<BR><BR>[Stack]<UL><LI>Max Depth = 40 + Unknown Stack Size
<LI>Call Chain = _printf_c &rArr; _printf_char &rArr; _printf_cs_common &rArr; _printf_str &rArr; _printf_post_padding
</UL>
<BR>[Calls]<UL><LI><a href="#[14c]">&gt;&gt;</a>&nbsp;&nbsp;&nbsp;_printf_char
</UL>

<P><STRONG><a name="[14d]"></a>_printf_s</STRONG> (Thumb, 0 bytes, Stack size unknown bytes, _printf_s.o(.ARM.Collect$$_printf_percent$$00000014))
<BR><BR>[Stack]<UL><LI>Max Depth = 40 + Unknown Stack Size
<LI>Call Chain = _printf_s &rArr; _printf_string &rArr; _printf_cs_common &rArr; _printf_str &rArr; _printf_post_padding
</UL>
<BR>[Calls]<UL><LI><a href="#[14e]">&gt;&gt;</a>&nbsp;&nbsp;&nbsp;_printf_string
</UL>

<P><STRONG><a name="[14f]"></a>_printf_lc</STRONG> (Thumb, 0 bytes, Stack size unknown bytes, _printf_lc.o(.ARM.Collect$$_printf_percent$$00000015))
<BR><BR>[Stack]<UL><LI>Max Depth = 88 + Unknown Stack Size
<LI>Call Chain = _printf_lc &rArr; _printf_wchar &rArr; _printf_lcs_common &rArr; _printf_wctomb &rArr; _wcrtomb
</UL>
<BR>[Calls]<UL><LI><a href="#[150]">&gt;&gt;</a>&nbsp;&nbsp;&nbsp;_printf_wchar
</UL>

<P><STRONG><a name="[151]"></a>_printf_ls</STRONG> (Thumb, 0 bytes, Stack size unknown bytes, _printf_ls.o(.ARM.Collect$$_printf_percent$$00000016))
<BR><BR>[Stack]<UL><LI>Max Depth = 88 + Unknown Stack Size
<LI>Call Chain = _printf_ls &rArr; _printf_wstring &rArr; _printf_lcs_common &rArr; _printf_wctomb &rArr; _wcrtomb
</UL>
<BR>[Calls]<UL><LI><a href="#[152]">&gt;&gt;</a>&nbsp;&nbsp;&nbsp;_printf_wstring
</UL>

<P><STRONG><a name="[494]"></a>_printf_percent_end</STRONG> (Thumb, 0 bytes, Stack size unknown bytes, _printf_percent_end.o(.ARM.Collect$$_printf_percent$$00000017))

<P><STRONG><a name="[160]"></a>__rt_lib_init</STRONG> (Thumb, 0 bytes, Stack size unknown bytes, libinit.o(.ARM.Collect$$libinit$$00000000))
<BR><BR>[Called By]<UL><LI><a href="#[15f]">&gt;&gt;</a>&nbsp;&nbsp;&nbsp;__rt_entry_li
</UL>

<P><STRONG><a name="[153]"></a>__rt_lib_init_fp_1</STRONG> (Thumb, 0 bytes, Stack size unknown bytes, libinit2.o(.ARM.Collect$$libinit$$00000001))
<BR><BR>[Calls]<UL><LI><a href="#[154]">&gt;&gt;</a>&nbsp;&nbsp;&nbsp;_fp_init
</UL>

<P><STRONG><a name="[495]"></a>__rt_lib_init_heap_1</STRONG> (Thumb, 0 bytes, Stack size unknown bytes, libinit2.o(.ARM.Collect$$libinit$$0000000C))

<P><STRONG><a name="[155]"></a>__rt_lib_init_lc_common</STRONG> (Thumb, 0 bytes, Stack size unknown bytes, libinit2.o(.ARM.Collect$$libinit$$00000011))
<BR><BR>[Calls]<UL><LI><a href="#[156]">&gt;&gt;</a>&nbsp;&nbsp;&nbsp;__rt_locale
</UL>

<P><STRONG><a name="[496]"></a>__rt_lib_init_preinit_1</STRONG> (Thumb, 0 bytes, Stack size unknown bytes, libinit2.o(.ARM.Collect$$libinit$$00000006))

<P><STRONG><a name="[497]"></a>__rt_lib_init_rand_1</STRONG> (Thumb, 0 bytes, Stack size unknown bytes, libinit2.o(.ARM.Collect$$libinit$$00000010))

<P><STRONG><a name="[498]"></a>__rt_lib_init_relocate_pie_1</STRONG> (Thumb, 0 bytes, Stack size unknown bytes, libinit2.o(.ARM.Collect$$libinit$$00000004))

<P><STRONG><a name="[499]"></a>__rt_lib_init_user_alloc_1</STRONG> (Thumb, 0 bytes, Stack size unknown bytes, libinit2.o(.ARM.Collect$$libinit$$0000000E))

<P><STRONG><a name="[49a]"></a>__rt_lib_init_lc_collate_1</STRONG> (Thumb, 0 bytes, Stack size unknown bytes, libinit2.o(.ARM.Collect$$libinit$$00000013))

<P><STRONG><a name="[157]"></a>__rt_lib_init_lc_ctype_2</STRONG> (Thumb, 0 bytes, Stack size unknown bytes, libinit2.o(.ARM.Collect$$libinit$$00000014))
<BR><BR>[Stack]<UL><LI>Max Depth = 16 + Unknown Stack Size
<LI>Call Chain = __rt_lib_init_lc_ctype_2 &rArr; _get_lc_ctype &rArr; strcmp
</UL>
<BR>[Calls]<UL><LI><a href="#[6d]">&gt;&gt;</a>&nbsp;&nbsp;&nbsp;_get_lc_ctype
</UL>

<P><STRONG><a name="[49b]"></a>__rt_lib_init_lc_ctype_1</STRONG> (Thumb, 0 bytes, Stack size unknown bytes, libinit2.o(.ARM.Collect$$libinit$$00000015))

<P><STRONG><a name="[49c]"></a>__rt_lib_init_lc_monetary_1</STRONG> (Thumb, 0 bytes, Stack size unknown bytes, libinit2.o(.ARM.Collect$$libinit$$00000017))

<P><STRONG><a name="[158]"></a>__rt_lib_init_lc_numeric_2</STRONG> (Thumb, 0 bytes, Stack size unknown bytes, libinit2.o(.ARM.Collect$$libinit$$00000018))
<BR><BR>[Stack]<UL><LI>Max Depth = 16 + Unknown Stack Size
<LI>Call Chain = __rt_lib_init_lc_numeric_2 &rArr; _get_lc_numeric &rArr; strcmp
</UL>
<BR>[Calls]<UL><LI><a href="#[159]">&gt;&gt;</a>&nbsp;&nbsp;&nbsp;_get_lc_numeric
</UL>

<P><STRONG><a name="[49d]"></a>__rt_lib_init_alloca_1</STRONG> (Thumb, 0 bytes, Stack size unknown bytes, libinit2.o(.ARM.Collect$$libinit$$00000030))

<P><STRONG><a name="[49e]"></a>__rt_lib_init_argv_1</STRONG> (Thumb, 0 bytes, Stack size unknown bytes, libinit2.o(.ARM.Collect$$libinit$$0000002E))

<P><STRONG><a name="[49f]"></a>__rt_lib_init_atexit_1</STRONG> (Thumb, 0 bytes, Stack size unknown bytes, libinit2.o(.ARM.Collect$$libinit$$0000001D))

<P><STRONG><a name="[4a0]"></a>__rt_lib_init_clock_1</STRONG> (Thumb, 0 bytes, Stack size unknown bytes, libinit2.o(.ARM.Collect$$libinit$$00000023))

<P><STRONG><a name="[15a]"></a>__rt_lib_init_cpp_1</STRONG> (Thumb, 0 bytes, Stack size unknown bytes, libinit2.o(.ARM.Collect$$libinit$$00000033))
<BR><BR>[Calls]<UL><LI><a href="#[12d]">&gt;&gt;</a>&nbsp;&nbsp;&nbsp;__cpp_initialize__aeabi_
</UL>

<P><STRONG><a name="[4a1]"></a>__rt_lib_init_exceptions_1</STRONG> (Thumb, 0 bytes, Stack size unknown bytes, libinit2.o(.ARM.Collect$$libinit$$00000032))

<P><STRONG><a name="[4a2]"></a>__rt_lib_init_fp_trap_1</STRONG> (Thumb, 0 bytes, Stack size unknown bytes, libinit2.o(.ARM.Collect$$libinit$$00000021))

<P><STRONG><a name="[4a3]"></a>__rt_lib_init_getenv_1</STRONG> (Thumb, 0 bytes, Stack size unknown bytes, libinit2.o(.ARM.Collect$$libinit$$00000025))

<P><STRONG><a name="[4a4]"></a>__rt_lib_init_lc_numeric_1</STRONG> (Thumb, 0 bytes, Stack size unknown bytes, libinit2.o(.ARM.Collect$$libinit$$00000019))

<P><STRONG><a name="[4a5]"></a>__rt_lib_init_lc_time_1</STRONG> (Thumb, 0 bytes, Stack size unknown bytes, libinit2.o(.ARM.Collect$$libinit$$0000001B))

<P><STRONG><a name="[4a6]"></a>__rt_lib_init_signal_1</STRONG> (Thumb, 0 bytes, Stack size unknown bytes, libinit2.o(.ARM.Collect$$libinit$$0000001F))

<P><STRONG><a name="[4a7]"></a>__rt_lib_init_stdio_1</STRONG> (Thumb, 0 bytes, Stack size unknown bytes, libinit2.o(.ARM.Collect$$libinit$$00000027))

<P><STRONG><a name="[4a8]"></a>__rt_lib_init_return</STRONG> (Thumb, 0 bytes, Stack size unknown bytes, libinit2.o(.ARM.Collect$$libinit$$00000035))

<P><STRONG><a name="[165]"></a>__rt_lib_shutdown</STRONG> (Thumb, 0 bytes, Stack size unknown bytes, libshutdown.o(.ARM.Collect$$libshutdown$$00000000))
<BR><BR>[Called By]<UL><LI><a href="#[164]">&gt;&gt;</a>&nbsp;&nbsp;&nbsp;__rt_exit_ls
</UL>

<P><STRONG><a name="[15b]"></a>__rt_lib_shutdown_cpp_2</STRONG> (Thumb, 0 bytes, Stack size unknown bytes, libshutdown2.o(.ARM.Collect$$libshutdown$$00000001))
<BR><BR>[Stack]<UL><LI>Max Depth = 1360 + Unknown Stack Size
<LI>Call Chain = __rt_lib_shutdown_cpp_2 &rArr; __cxa_finalize &rArr; free &rArr; rt_free &rArr; rt_smem_free &rArr; plug_holes &rArr; rt_assert_handler &rArr;  rt_kprintf (Cycle)
</UL>
<BR>[Calls]<UL><LI><a href="#[15c]">&gt;&gt;</a>&nbsp;&nbsp;&nbsp;__cxa_finalize
</UL>

<P><STRONG><a name="[4a9]"></a>__rt_lib_shutdown_cpp_1</STRONG> (Thumb, 0 bytes, Stack size unknown bytes, libshutdown2.o(.ARM.Collect$$libshutdown$$00000002))

<P><STRONG><a name="[4aa]"></a>__rt_lib_shutdown_fp_trap_1</STRONG> (Thumb, 0 bytes, Stack size unknown bytes, libshutdown2.o(.ARM.Collect$$libshutdown$$00000007))

<P><STRONG><a name="[4ab]"></a>__rt_lib_shutdown_heap_1</STRONG> (Thumb, 0 bytes, Stack size unknown bytes, libshutdown2.o(.ARM.Collect$$libshutdown$$0000000F))

<P><STRONG><a name="[4ac]"></a>__rt_lib_shutdown_return</STRONG> (Thumb, 0 bytes, Stack size unknown bytes, libshutdown2.o(.ARM.Collect$$libshutdown$$00000010))

<P><STRONG><a name="[4ad]"></a>__rt_lib_shutdown_signal_1</STRONG> (Thumb, 0 bytes, Stack size unknown bytes, libshutdown2.o(.ARM.Collect$$libshutdown$$0000000A))

<P><STRONG><a name="[4ae]"></a>__rt_lib_shutdown_stdio_1</STRONG> (Thumb, 0 bytes, Stack size unknown bytes, libshutdown2.o(.ARM.Collect$$libshutdown$$00000004))

<P><STRONG><a name="[4af]"></a>__rt_lib_shutdown_user_alloc_1</STRONG> (Thumb, 0 bytes, Stack size unknown bytes, libshutdown2.o(.ARM.Collect$$libshutdown$$0000000C))

<P><STRONG><a name="[12f]"></a>__rt_entry</STRONG> (Thumb, 0 bytes, Stack size unknown bytes, __rtentry.o(.ARM.Collect$$rtentry$$00000000))
<BR><BR>[Called By]<UL><LI><a href="#[6c]">&gt;&gt;</a>&nbsp;&nbsp;&nbsp;__main
<LI><a href="#[130]">&gt;&gt;</a>&nbsp;&nbsp;&nbsp;__scatterload_rt2
</UL>

<P><STRONG><a name="[4b0]"></a>__rt_entry_presh_1</STRONG> (Thumb, 0 bytes, Stack size unknown bytes, __rtentry2.o(.ARM.Collect$$rtentry$$00000002))

<P><STRONG><a name="[15d]"></a>__rt_entry_sh</STRONG> (Thumb, 0 bytes, Stack size unknown bytes, __rtentry4.o(.ARM.Collect$$rtentry$$00000004))
<BR><BR>[Stack]<UL><LI>Max Depth = 8 + Unknown Stack Size
<LI>Call Chain = __rt_entry_sh &rArr; __user_setup_stackheap
</UL>
<BR>[Calls]<UL><LI><a href="#[15e]">&gt;&gt;</a>&nbsp;&nbsp;&nbsp;__user_setup_stackheap
</UL>

<P><STRONG><a name="[15f]"></a>__rt_entry_li</STRONG> (Thumb, 0 bytes, Stack size unknown bytes, __rtentry2.o(.ARM.Collect$$rtentry$$0000000A))
<BR><BR>[Calls]<UL><LI><a href="#[160]">&gt;&gt;</a>&nbsp;&nbsp;&nbsp;__rt_lib_init
</UL>

<P><STRONG><a name="[4b1]"></a>__rt_entry_postsh_1</STRONG> (Thumb, 0 bytes, Stack size unknown bytes, __rtentry2.o(.ARM.Collect$$rtentry$$00000009))

<P><STRONG><a name="[161]"></a>__rt_entry_main</STRONG> (Thumb, 0 bytes, Stack size unknown bytes, __rtentry2.o(.ARM.Collect$$rtentry$$0000000D))
<BR><BR>[Stack]<UL><LI>Max Depth = 1520 + Unknown Stack Size
<LI>Call Chain = __rt_entry_main &rArr; main &rArr; rtthread_startup &rArr; rt_hw_board_init &rArr; rt_hw_pin_init &rArr; rt_device_pin_register &rArr; rt_device_register &rArr; rt_device_find &rArr; rt_object_find &rArr; rt_kprintf &rArr; _kputs &rArr; rt_device_write &rArr; rt_assert_handler &rArr;  rt_kprintf (Cycle)
</UL>
<BR>[Calls]<UL><LI><a href="#[162]">&gt;&gt;</a>&nbsp;&nbsp;&nbsp;main
<LI><a href="#[163]">&gt;&gt;</a>&nbsp;&nbsp;&nbsp;exit
</UL>

<P><STRONG><a name="[4b2]"></a>__rt_entry_postli_1</STRONG> (Thumb, 0 bytes, Stack size unknown bytes, __rtentry2.o(.ARM.Collect$$rtentry$$0000000C))

<P><STRONG><a name="[1a8]"></a>__rt_exit</STRONG> (Thumb, 0 bytes, Stack size unknown bytes, rtexit.o(.ARM.Collect$$rtexit$$00000000))
<BR><BR>[Called By]<UL><LI><a href="#[163]">&gt;&gt;</a>&nbsp;&nbsp;&nbsp;exit
</UL>

<P><STRONG><a name="[164]"></a>__rt_exit_ls</STRONG> (Thumb, 0 bytes, Stack size unknown bytes, rtexit2.o(.ARM.Collect$$rtexit$$00000003))
<BR><BR>[Calls]<UL><LI><a href="#[165]">&gt;&gt;</a>&nbsp;&nbsp;&nbsp;__rt_lib_shutdown
</UL>

<P><STRONG><a name="[4b3]"></a>__rt_exit_prels_1</STRONG> (Thumb, 0 bytes, Stack size unknown bytes, rtexit2.o(.ARM.Collect$$rtexit$$00000002))

<P><STRONG><a name="[166]"></a>__rt_exit_exit</STRONG> (Thumb, 0 bytes, Stack size unknown bytes, rtexit2.o(.ARM.Collect$$rtexit$$00000004))
<BR><BR>[Stack]<UL><LI>Max Depth = 1560 + Unknown Stack Size
<LI>Call Chain = __rt_exit_exit &rArr; _sys_exit &rArr; __rt_libc_exit &rArr; rt_thread_control &rArr; rt_thread_delete &rArr; _thread_detach &rArr; _thread_detach_from_mutex &rArr; rt_mutex_drop_thread &rArr; rt_kprintf &rArr; _kputs &rArr; rt_device_write &rArr; rt_assert_handler &rArr;  rt_kprintf (Cycle)
</UL>
<BR>[Calls]<UL><LI><a href="#[167]">&gt;&gt;</a>&nbsp;&nbsp;&nbsp;_sys_exit
</UL>

<P><STRONG><a name="[9]"></a>Reset_Handler</STRONG> (Thumb, 8 bytes, Stack size 0 bytes, startup_stm32f427xx.o(.text))
<BR>[Address Reference Count : 1]<UL><LI> startup_stm32f427xx.o(RESET)
</UL>
<P><STRONG><a name="[a]"></a>NMI_Handler</STRONG> (Thumb, 2 bytes, Stack size 0 bytes, startup_stm32f427xx.o(.text))
<BR><BR>[Calls]<UL><LI><a href="#[a]">&gt;&gt;</a>&nbsp;&nbsp;&nbsp;NMI_Handler
</UL>
<BR>[Called By]<UL><LI><a href="#[a]">&gt;&gt;</a>&nbsp;&nbsp;&nbsp;NMI_Handler
</UL>
<BR>[Address Reference Count : 1]<UL><LI> startup_stm32f427xx.o(RESET)
</UL>
<P><STRONG><a name="[c]"></a>MemManage_Handler</STRONG> (Thumb, 2 bytes, Stack size 0 bytes, startup_stm32f427xx.o(.text))
<BR><BR>[Calls]<UL><LI><a href="#[c]">&gt;&gt;</a>&nbsp;&nbsp;&nbsp;MemManage_Handler
</UL>
<BR>[Called By]<UL><LI><a href="#[c]">&gt;&gt;</a>&nbsp;&nbsp;&nbsp;MemManage_Handler
</UL>
<BR>[Address Reference Count : 1]<UL><LI> startup_stm32f427xx.o(RESET)
</UL>
<P><STRONG><a name="[d]"></a>BusFault_Handler</STRONG> (Thumb, 2 bytes, Stack size 0 bytes, startup_stm32f427xx.o(.text))
<BR><BR>[Calls]<UL><LI><a href="#[d]">&gt;&gt;</a>&nbsp;&nbsp;&nbsp;BusFault_Handler
</UL>
<BR>[Called By]<UL><LI><a href="#[d]">&gt;&gt;</a>&nbsp;&nbsp;&nbsp;BusFault_Handler
</UL>
<BR>[Address Reference Count : 1]<UL><LI> startup_stm32f427xx.o(RESET)
</UL>
<P><STRONG><a name="[e]"></a>UsageFault_Handler</STRONG> (Thumb, 2 bytes, Stack size 0 bytes, startup_stm32f427xx.o(.text))
<BR><BR>[Calls]<UL><LI><a href="#[e]">&gt;&gt;</a>&nbsp;&nbsp;&nbsp;UsageFault_Handler
</UL>
<BR>[Called By]<UL><LI><a href="#[e]">&gt;&gt;</a>&nbsp;&nbsp;&nbsp;UsageFault_Handler
</UL>
<BR>[Address Reference Count : 1]<UL><LI> startup_stm32f427xx.o(RESET)
</UL>
<P><STRONG><a name="[f]"></a>SVC_Handler</STRONG> (Thumb, 2 bytes, Stack size 0 bytes, startup_stm32f427xx.o(.text))
<BR><BR>[Calls]<UL><LI><a href="#[f]">&gt;&gt;</a>&nbsp;&nbsp;&nbsp;SVC_Handler
</UL>
<BR>[Called By]<UL><LI><a href="#[f]">&gt;&gt;</a>&nbsp;&nbsp;&nbsp;SVC_Handler
</UL>
<BR>[Address Reference Count : 1]<UL><LI> startup_stm32f427xx.o(RESET)
</UL>
<P><STRONG><a name="[10]"></a>DebugMon_Handler</STRONG> (Thumb, 2 bytes, Stack size 0 bytes, startup_stm32f427xx.o(.text))
<BR><BR>[Calls]<UL><LI><a href="#[10]">&gt;&gt;</a>&nbsp;&nbsp;&nbsp;DebugMon_Handler
</UL>
<BR>[Called By]<UL><LI><a href="#[10]">&gt;&gt;</a>&nbsp;&nbsp;&nbsp;DebugMon_Handler
</UL>
<BR>[Address Reference Count : 1]<UL><LI> startup_stm32f427xx.o(RESET)
</UL>
<P><STRONG><a name="[25]"></a>ADC_IRQHandler</STRONG> (Thumb, 0 bytes, Stack size 0 bytes, startup_stm32f427xx.o(.text))
<BR><BR>[Calls]<UL><LI><a href="#[25]">&gt;&gt;</a>&nbsp;&nbsp;&nbsp;ADC_IRQHandler
</UL>
<BR>[Called By]<UL><LI><a href="#[25]">&gt;&gt;</a>&nbsp;&nbsp;&nbsp;ADC_IRQHandler
</UL>
<BR>[Address Reference Count : 1]<UL><LI> startup_stm32f427xx.o(RESET)
</UL>
<P><STRONG><a name="[61]"></a>DCMI_IRQHandler</STRONG> (Thumb, 0 bytes, Stack size 0 bytes, startup_stm32f427xx.o(.text))
<BR>[Address Reference Count : 1]<UL><LI> startup_stm32f427xx.o(RESET)
</UL>
<P><STRONG><a name="[1e]"></a>DMA1_Stream0_IRQHandler</STRONG> (Thumb, 0 bytes, Stack size 0 bytes, startup_stm32f427xx.o(.text))
<BR>[Address Reference Count : 1]<UL><LI> startup_stm32f427xx.o(RESET)
</UL>
<P><STRONG><a name="[1f]"></a>DMA1_Stream1_IRQHandler</STRONG> (Thumb, 0 bytes, Stack size 0 bytes, startup_stm32f427xx.o(.text))
<BR>[Address Reference Count : 1]<UL><LI> startup_stm32f427xx.o(RESET)
</UL>
<P><STRONG><a name="[20]"></a>DMA1_Stream2_IRQHandler</STRONG> (Thumb, 0 bytes, Stack size 0 bytes, startup_stm32f427xx.o(.text))
<BR>[Address Reference Count : 1]<UL><LI> startup_stm32f427xx.o(RESET)
</UL>
<P><STRONG><a name="[21]"></a>DMA1_Stream3_IRQHandler</STRONG> (Thumb, 0 bytes, Stack size 0 bytes, startup_stm32f427xx.o(.text))
<BR>[Address Reference Count : 1]<UL><LI> startup_stm32f427xx.o(RESET)
</UL>
<P><STRONG><a name="[22]"></a>DMA1_Stream4_IRQHandler</STRONG> (Thumb, 0 bytes, Stack size 0 bytes, startup_stm32f427xx.o(.text))
<BR>[Address Reference Count : 1]<UL><LI> startup_stm32f427xx.o(RESET)
</UL>
<P><STRONG><a name="[23]"></a>DMA1_Stream5_IRQHandler</STRONG> (Thumb, 0 bytes, Stack size 0 bytes, startup_stm32f427xx.o(.text))
<BR>[Address Reference Count : 1]<UL><LI> startup_stm32f427xx.o(RESET)
</UL>
<P><STRONG><a name="[24]"></a>DMA1_Stream6_IRQHandler</STRONG> (Thumb, 0 bytes, Stack size 0 bytes, startup_stm32f427xx.o(.text))
<BR>[Address Reference Count : 1]<UL><LI> startup_stm32f427xx.o(RESET)
</UL>
<P><STRONG><a name="[42]"></a>DMA1_Stream7_IRQHandler</STRONG> (Thumb, 0 bytes, Stack size 0 bytes, startup_stm32f427xx.o(.text))
<BR>[Address Reference Count : 1]<UL><LI> startup_stm32f427xx.o(RESET)
</UL>
<P><STRONG><a name="[6a]"></a>DMA2D_IRQHandler</STRONG> (Thumb, 0 bytes, Stack size 0 bytes, startup_stm32f427xx.o(.text))
<BR>[Address Reference Count : 1]<UL><LI> startup_stm32f427xx.o(RESET)
</UL>
<P><STRONG><a name="[4b]"></a>DMA2_Stream0_IRQHandler</STRONG> (Thumb, 0 bytes, Stack size 0 bytes, startup_stm32f427xx.o(.text))
<BR>[Address Reference Count : 1]<UL><LI> startup_stm32f427xx.o(RESET)
</UL>
<P><STRONG><a name="[4c]"></a>DMA2_Stream1_IRQHandler</STRONG> (Thumb, 0 bytes, Stack size 0 bytes, startup_stm32f427xx.o(.text))
<BR>[Address Reference Count : 1]<UL><LI> startup_stm32f427xx.o(RESET)
</UL>
<P><STRONG><a name="[4d]"></a>DMA2_Stream2_IRQHandler</STRONG> (Thumb, 0 bytes, Stack size 0 bytes, startup_stm32f427xx.o(.text))
<BR>[Address Reference Count : 1]<UL><LI> startup_stm32f427xx.o(RESET)
</UL>
<P><STRONG><a name="[4e]"></a>DMA2_Stream3_IRQHandler</STRONG> (Thumb, 0 bytes, Stack size 0 bytes, startup_stm32f427xx.o(.text))
<BR>[Address Reference Count : 1]<UL><LI> startup_stm32f427xx.o(RESET)
</UL>
<P><STRONG><a name="[4f]"></a>DMA2_Stream4_IRQHandler</STRONG> (Thumb, 0 bytes, Stack size 0 bytes, startup_stm32f427xx.o(.text))
<BR>[Address Reference Count : 1]<UL><LI> startup_stm32f427xx.o(RESET)
</UL>
<P><STRONG><a name="[57]"></a>DMA2_Stream5_IRQHandler</STRONG> (Thumb, 0 bytes, Stack size 0 bytes, startup_stm32f427xx.o(.text))
<BR>[Address Reference Count : 1]<UL><LI> startup_stm32f427xx.o(RESET)
</UL>
<P><STRONG><a name="[58]"></a>DMA2_Stream6_IRQHandler</STRONG> (Thumb, 0 bytes, Stack size 0 bytes, startup_stm32f427xx.o(.text))
<BR>[Address Reference Count : 1]<UL><LI> startup_stm32f427xx.o(RESET)
</UL>
<P><STRONG><a name="[59]"></a>DMA2_Stream7_IRQHandler</STRONG> (Thumb, 0 bytes, Stack size 0 bytes, startup_stm32f427xx.o(.text))
<BR>[Address Reference Count : 1]<UL><LI> startup_stm32f427xx.o(RESET)
</UL>
<P><STRONG><a name="[50]"></a>ETH_IRQHandler</STRONG> (Thumb, 0 bytes, Stack size 0 bytes, startup_stm32f427xx.o(.text))
<BR>[Address Reference Count : 1]<UL><LI> startup_stm32f427xx.o(RESET)
</UL>
<P><STRONG><a name="[51]"></a>ETH_WKUP_IRQHandler</STRONG> (Thumb, 0 bytes, Stack size 0 bytes, startup_stm32f427xx.o(.text))
<BR>[Address Reference Count : 1]<UL><LI> startup_stm32f427xx.o(RESET)
</UL>
<P><STRONG><a name="[17]"></a>FLASH_IRQHandler</STRONG> (Thumb, 0 bytes, Stack size 0 bytes, startup_stm32f427xx.o(.text))
<BR>[Address Reference Count : 1]<UL><LI> startup_stm32f427xx.o(RESET)
</UL>
<P><STRONG><a name="[43]"></a>FMC_IRQHandler</STRONG> (Thumb, 0 bytes, Stack size 0 bytes, startup_stm32f427xx.o(.text))
<BR>[Address Reference Count : 1]<UL><LI> startup_stm32f427xx.o(RESET)
</UL>
<P><STRONG><a name="[63]"></a>FPU_IRQHandler</STRONG> (Thumb, 0 bytes, Stack size 0 bytes, startup_stm32f427xx.o(.text))
<BR>[Address Reference Count : 1]<UL><LI> startup_stm32f427xx.o(RESET)
</UL>
<P><STRONG><a name="[62]"></a>HASH_RNG_IRQHandler</STRONG> (Thumb, 0 bytes, Stack size 0 bytes, startup_stm32f427xx.o(.text))
<BR>[Address Reference Count : 1]<UL><LI> startup_stm32f427xx.o(RESET)
</UL>
<P><STRONG><a name="[33]"></a>I2C1_ER_IRQHandler</STRONG> (Thumb, 0 bytes, Stack size 0 bytes, startup_stm32f427xx.o(.text))
<BR>[Address Reference Count : 1]<UL><LI> startup_stm32f427xx.o(RESET)
</UL>
<P><STRONG><a name="[32]"></a>I2C1_EV_IRQHandler</STRONG> (Thumb, 0 bytes, Stack size 0 bytes, startup_stm32f427xx.o(.text))
<BR>[Address Reference Count : 1]<UL><LI> startup_stm32f427xx.o(RESET)
</UL>
<P><STRONG><a name="[35]"></a>I2C2_ER_IRQHandler</STRONG> (Thumb, 0 bytes, Stack size 0 bytes, startup_stm32f427xx.o(.text))
<BR>[Address Reference Count : 1]<UL><LI> startup_stm32f427xx.o(RESET)
</UL>
<P><STRONG><a name="[34]"></a>I2C2_EV_IRQHandler</STRONG> (Thumb, 0 bytes, Stack size 0 bytes, startup_stm32f427xx.o(.text))
<BR>[Address Reference Count : 1]<UL><LI> startup_stm32f427xx.o(RESET)
</UL>
<P><STRONG><a name="[5c]"></a>I2C3_ER_IRQHandler</STRONG> (Thumb, 0 bytes, Stack size 0 bytes, startup_stm32f427xx.o(.text))
<BR>[Address Reference Count : 1]<UL><LI> startup_stm32f427xx.o(RESET)
</UL>
<P><STRONG><a name="[5b]"></a>I2C3_EV_IRQHandler</STRONG> (Thumb, 0 bytes, Stack size 0 bytes, startup_stm32f427xx.o(.text))
<BR>[Address Reference Count : 1]<UL><LI> startup_stm32f427xx.o(RESET)
</UL>
<P><STRONG><a name="[56]"></a>OTG_FS_IRQHandler</STRONG> (Thumb, 0 bytes, Stack size 0 bytes, startup_stm32f427xx.o(.text))
<BR>[Address Reference Count : 1]<UL><LI> startup_stm32f427xx.o(RESET)
</UL>
<P><STRONG><a name="[3d]"></a>OTG_FS_WKUP_IRQHandler</STRONG> (Thumb, 0 bytes, Stack size 0 bytes, startup_stm32f427xx.o(.text))
<BR>[Address Reference Count : 1]<UL><LI> startup_stm32f427xx.o(RESET)
</UL>
[...]
</UL>
<BR>[Called By]<UL><LI><a href="#[35d]">&gt;&gt;</a>&nbsp;&nbsp;&nbsp;get_normalized_components
<LI><a href="#[3b4]">&gt;&gt;</a>&nbsp;&nbsp;&nbsp;print_decimal_number
<LI><a href="#[3b5]">&gt;&gt;</a>&nbsp;&nbsp;&nbsp;print_exponential_number
</UL>

<P><STRONG><a name="[35d]"></a>get_normalized_components</STRONG> (Thumb, 596 bytes, Stack size 200 bytes, rt_vsnprintf.o(.text.get_normalized_components))
<BR><BR>[Stack]<UL><LI>Max Depth = 328<LI>Call Chain = get_normalized_components &rArr; update_normalization &rArr; __aeabi_dmul
</UL>
<BR>[Calls]<UL><LI><a href="#[356]">&gt;&gt;</a>&nbsp;&nbsp;&nbsp;get_components
<LI><a href="#[35f]">&gt;&gt;</a>&nbsp;&nbsp;&nbsp;update_normalization
<LI><a href="#[35e]">&gt;&gt;</a>&nbsp;&nbsp;&nbsp;unapply_scaling
<LI><a href="#[2ef]">&gt;&gt;</a>&nbsp;&nbsp;&nbsp;apply_scaling
<LI><a href="#[359]">&gt;&gt;</a>&nbsp;&nbsp;&nbsp;__aeabi_l2d
<LI><a href="#[358]">&gt;&gt;</a>&nbsp;&nbsp;&nbsp;__aeabi_d2lz
<LI><a href="#[2f9]">&gt;&gt;</a>&nbsp;&nbsp;&nbsp;__aeabi_dcmplt
<LI><a href="#[35b]">&gt;&gt;</a>&nbsp;&nbsp;&nbsp;__aeabi_dcmpge
<LI><a href="#[2fc]">&gt;&gt;</a>&nbsp;&nbsp;&nbsp;__aeabi_dcmpeq
<LI><a href="#[34d]">&gt;&gt;</a>&nbsp;&nbsp;&nbsp;__aeabi_dsub
</UL>
<BR>[Called By]<UL><LI><a href="#[3b5]">&gt;&gt;</a>&nbsp;&nbsp;&nbsp;print_exponential_number
</UL>

<P><STRONG><a name="[3b3]"></a>print_broken_up_decimal</STRONG> (Thumb, 686 bytes, Stack size 80 bytes, rt_vsnprintf.o(.text.print_broken_up_decimal))
<BR><BR>[Stack]<UL><LI>Max Depth = 136<LI>Call Chain = print_broken_up_decimal &rArr; out_rev_ &rArr; putchar_via_gadget
</UL>
<BR>[Calls]<UL><LI><a href="#[354]">&gt;&gt;</a>&nbsp;&nbsp;&nbsp;out_rev_
<LI><a href="#[25e]">&gt;&gt;</a>&nbsp;&nbsp;&nbsp;__aeabi_ldivmod
</UL>
<BR>[Called By]<UL><LI><a href="#[3b4]">&gt;&gt;</a>&nbsp;&nbsp;&nbsp;print_decimal_number
<LI><a href="#[3b5]">&gt;&gt;</a>&nbsp;&nbsp;&nbsp;print_exponential_number
</UL>

<P><STRONG><a name="[361]"></a>get_bit_access</STRONG> (Thumb, 18 bytes, Stack size 8 bytes, rt_vsnprintf.o(.text.get_bit_access))
<BR><BR>[Stack]<UL><LI>Max Depth = 8<LI>Call Chain = get_bit_access
</UL>
<BR>[Called By]<UL><LI><a href="#[38a]">&gt;&gt;</a>&nbsp;&nbsp;&nbsp;log10_of_positive
<LI><a href="#[357]">&gt;&gt;</a>&nbsp;&nbsp;&nbsp;get_sign_bit
<LI><a href="#[35f]">&gt;&gt;</a>&nbsp;&nbsp;&nbsp;update_normalization
</UL>

<P><STRONG><a name="[38b]"></a>get_exp2</STRONG> (Thumb, 20 bytes, Stack size 8 bytes, rt_vsnprintf.o(.text.get_exp2))
<BR><BR>[Stack]<UL><LI>Max Depth = 8<LI>Call Chain = get_exp2
</UL>
<BR>[Called By]<UL><LI><a href="#[38a]">&gt;&gt;</a>&nbsp;&nbsp;&nbsp;log10_of_positive
<LI><a href="#[35f]">&gt;&gt;</a>&nbsp;&nbsp;&nbsp;update_normalization
</UL>

<P><STRONG><a name="[2ef]"></a>apply_scaling</STRONG> (Thumb, 78 bytes, Stack size 40 bytes, rt_vsnprintf.o(.text.apply_scaling))
<BR><BR>[Stack]<UL><LI>Max Depth = 72<LI>Call Chain = apply_scaling &rArr; __aeabi_dmul
</UL>
<BR>[Calls]<UL><LI><a href="#[2f0]">&gt;&gt;</a>&nbsp;&nbsp;&nbsp;__aeabi_dmul
<LI><a href="#[2f1]">&gt;&gt;</a>&nbsp;&nbsp;&nbsp;__aeabi_ddiv
</UL>
<BR>[Called By]<UL><LI><a href="#[35d]">&gt;&gt;</a>&nbsp;&nbsp;&nbsp;get_normalized_components
</UL>

<P><STRONG><a name="[35e]"></a>unapply_scaling</STRONG> (Thumb, 78 bytes, Stack size 40 bytes, rt_vsnprintf.o(.text.unapply_scaling))
<BR><BR>[Stack]<UL><LI>Max Depth = 72<LI>Call Chain = unapply_scaling &rArr; __aeabi_dmul
</UL>
<BR>[Calls]<UL><LI><a href="#[2f0]">&gt;&gt;</a>&nbsp;&nbsp;&nbsp;__aeabi_dmul
<LI><a href="#[2f1]">&gt;&gt;</a>&nbsp;&nbsp;&nbsp;__aeabi_ddiv
</UL>
<BR>[Called By]<UL><LI><a href="#[35d]">&gt;&gt;</a>&nbsp;&nbsp;&nbsp;get_normalized_components
</UL>

<P><STRONG><a name="[35f]"></a>update_normalization</STRONG> (Thumb, 274 bytes, Stack size 96 bytes, rt_vsnprintf.o(.text.update_normalization))
<BR><BR>[Stack]<UL><LI>Max Depth = 128<LI>Call Chain = update_normalization &rArr; __aeabi_dmul
</UL>
<BR>[Calls]<UL><LI><a href="#[38b]">&gt;&gt;</a>&nbsp;&nbsp;&nbsp;get_exp2
<LI><a href="#[361]">&gt;&gt;</a>&nbsp;&nbsp;&nbsp;get_bit_access
<LI><a href="#[2f0]">&gt;&gt;</a>&nbsp;&nbsp;&nbsp;__aeabi_dmul
<LI><a href="#[2f1]">&gt;&gt;</a>&nbsp;&nbsp;&nbsp;__aeabi_ddiv
</UL>
<BR>[Called By]<UL><LI><a href="#[35d]">&gt;&gt;</a>&nbsp;&nbsp;&nbsp;get_normalized_components
</UL>

<P><STRONG><a name="[240]"></a>__cxx_global_var_init</STRONG> (Thumb, 30 bytes, Stack size 16 bytes, ipaddress.o(.text.__cxx_global_var_init))
<BR><BR>[Stack]<UL><LI>Max Depth = 44<LI>Call Chain = __cxx_global_var_init &rArr; IPAddress::IPAddress(unsigned char, unsigned char, unsigned char, unsigned char) &rArr; Printable::Printable__sub_object()
</UL>
<BR>[Calls]<UL><LI><a href="#[257]">&gt;&gt;</a>&nbsp;&nbsp;&nbsp;IPAddress::IPAddress(unsigned char, unsigned char, unsigned char, unsigned char)
</UL>
<BR>[Called By]<UL><LI><a href="#[12a]">&gt;&gt;</a>&nbsp;&nbsp;&nbsp;_GLOBAL__sub_I_IPAddress.cpp
</UL>

<P><STRONG><a name="[12a]"></a>_GLOBAL__sub_I_IPAddress.cpp</STRONG> (Thumb, 8 bytes, Stack size 8 bytes, ipaddress.o(.text._GLOBAL__sub_I_IPAddress.cpp))
<BR><BR>[Stack]<UL><LI>Max Depth = 52<LI>Call Chain = _GLOBAL__sub_I_IPAddress.cpp &rArr; __cxx_global_var_init &rArr; IPAddress::IPAddress(unsigned char, unsigned char, unsigned char, unsigned char) &rArr; Printable::Printable__sub_object()
</UL>
<BR>[Calls]<UL><LI><a href="#[240]">&gt;&gt;</a>&nbsp;&nbsp;&nbsp;__cxx_global_var_init
</UL>
<BR>[Address Reference Count : 1]<UL><LI> ipaddress.o(.init_array)
</UL>
<P><STRONG><a name="[c8]"></a>rtduino_sketch_entry(void*)</STRONG> (Thumb, 26 bytes, Stack size 16 bytes, rtduino.o(.text._ZL20rtduino_sketch_entryPv))
<BR><BR>[Stack]<UL><LI>Max Depth = 16<LI>Call Chain = rtduino_sketch_entry(void*)
</UL>
<BR>[Address Reference Count : 1]<UL><LI> rtduino.o(.text.rtduino_sketch_loader_create_stacksize_prio)
</UL>
<P><STRONG><a name="[112]"></a>rtduino_init()</STRONG> (Thumb, 38 bytes, Stack size 8 bytes, rtduino.o(.text._ZL12rtduino_initv))
<BR><BR>[Stack]<UL><LI>Max Depth = 1528<LI>Call Chain = rtduino_init() &rArr; rtduino_sketch_loader_create(char const*, void (*)(), void (*)()) &rArr; rtduino_sketch_loader_create_stacksize_prio &rArr; rt_thread_create &rArr; rt_object_allocate &rArr; rt_malloc &rArr; rt_smem_alloc &rArr; rt_object_is_systemobject &rArr; rt_assert_handler &rArr;  rt_kprintf (Cycle)
</UL>
<BR>[Calls]<UL><LI><a href="#[243]">&gt;&gt;</a>&nbsp;&nbsp;&nbsp;initVariant
<LI><a href="#[244]">&gt;&gt;</a>&nbsp;&nbsp;&nbsp;rtduino_sketch_loader_create(char const*, void (*)(), void (*)())
</UL>
<BR>[Address Reference Count : 1]<UL><LI> rtduino.o(.rti_fn.4)
</UL>
<P><STRONG><a name="[244]"></a>rtduino_sketch_loader_create(char const*, void (*)(), void (*)())</STRONG> (Thumb, 36 bytes, Stack size 24 bytes, rtduino.o(.text._ZL28rtduino_sketch_loader_createPKcPFvvES2_))
<BR><BR>[Stack]<UL><LI>Max Depth = 1520<LI>Call Chain = rtduino_sketch_loader_create(char const*, void (*)(), void (*)()) &rArr; rtduino_sketch_loader_create_stacksize_prio &rArr; rt_thread_create &rArr; rt_object_allocate &rArr; rt_malloc &rArr; rt_smem_alloc &rArr; rt_object_is_systemobject &rArr; rt_assert_handler &rArr;  rt_kprintf (Cycle)
</UL>
<BR>[Calls]<UL><LI><a href="#[245]">&gt;&gt;</a>&nbsp;&nbsp;&nbsp;rtduino_sketch_loader_create_stacksize_prio
</UL>
<BR>[Called By]<UL><LI><a href="#[112]">&gt;&gt;</a>&nbsp;&nbsp;&nbsp;rtduino_init()
</UL>

<P><STRONG><a name="[23f]"></a>__cxx_global_var_init</STRONG> (Thumb, 44 bytes, Stack size 16 bytes, hardwareserial.o(.text.__cxx_global_var_init))
<BR><BR>[Stack]<UL><LI>Max Depth = 1400<LI>Call Chain = __cxx_global_var_init &rArr; __cxa_atexit &rArr; __aeabi_atexit &rArr; malloc &rArr; rt_malloc &rArr; rt_smem_alloc &rArr; rt_object_is_systemobject &rArr; rt_assert_handler &rArr;  rt_kprintf (Cycle)
</UL>
<BR>[Calls]<UL><LI><a href="#[246]">&gt;&gt;</a>&nbsp;&nbsp;&nbsp;ConsoleSerial::ConsoleSerial__sub_object()
<LI><a href="#[173]">&gt;&gt;</a>&nbsp;&nbsp;&nbsp;__cxa_atexit
</UL>
<BR>[Called By]<UL><LI><a href="#[12b]">&gt;&gt;</a>&nbsp;&nbsp;&nbsp;_GLOBAL__sub_I_HardwareSerial.cpp
</UL>

<P><STRONG><a name="[12b]"></a>_GLOBAL__sub_I_HardwareSerial.cpp</STRONG> (Thumb, 8 bytes, Stack size 8 bytes, hardwareserial.o(.text._GLOBAL__sub_I_HardwareSerial.cpp))
<BR><BR>[Stack]<UL><LI>Max Depth = 1408<LI>Call Chain = _GLOBAL__sub_I_HardwareSerial.cpp &rArr; __cxx_global_var_init &rArr; __cxa_atexit &rArr; __aeabi_atexit &rArr; malloc &rArr; rt_malloc &rArr; rt_smem_alloc &rArr; rt_object_is_systemobject &rArr; rt_assert_handler &rArr;  rt_kprintf (Cycle)
</UL>
<BR>[Calls]<UL><LI><a href="#[23f]">&gt;&gt;</a>&nbsp;&nbsp;&nbsp;__cxx_global_var_init
</UL>
<BR>[Address Reference Count : 1]<UL><LI> hardwareserial.o(.init_array)
</UL>
<P><STRONG><a name="[241]"></a>__cxx_global_var_init</STRONG> (Thumb, 44 bytes, Stack size 16 bytes, wire.o(.text.__cxx_global_var_init))
<BR><BR>[Stack]<UL><LI>Max Depth = 1400<LI>Call Chain = __cxx_global_var_init &rArr; __cxa_atexit &rArr; __aeabi_atexit &rArr; malloc &rArr; rt_malloc &rArr; rt_smem_alloc &rArr; rt_object_is_systemobject &rArr; rt_assert_handler &rArr;  rt_kprintf (Cycle)
</UL>
<BR>[Calls]<UL><LI><a href="#[255]">&gt;&gt;</a>&nbsp;&nbsp;&nbsp;TwoWire::TwoWire()
<LI><a href="#[173]">&gt;&gt;</a>&nbsp;&nbsp;&nbsp;__cxa_atexit
</UL>
<BR>[Called By]<UL><LI><a href="#[12c]">&gt;&gt;</a>&nbsp;&nbsp;&nbsp;_GLOBAL__sub_I_Wire.cpp
</UL>

<P><STRONG><a name="[12c]"></a>_GLOBAL__sub_I_Wire.cpp</STRONG> (Thumb, 8 bytes, Stack size 8 bytes, wire.o(.text._GLOBAL__sub_I_Wire.cpp))
<BR><BR>[Stack]<UL><LI>Max Depth = 1408<LI>Call Chain = _GLOBAL__sub_I_Wire.cpp &rArr; __cxx_global_var_init &rArr; __cxa_atexit &rArr; __aeabi_atexit &rArr; malloc &rArr; rt_malloc &rArr; rt_smem_alloc &rArr; rt_object_is_systemobject &rArr; rt_assert_handler &rArr;  rt_kprintf (Cycle)
</UL>
<BR>[Calls]<UL><LI><a href="#[241]">&gt;&gt;</a>&nbsp;&nbsp;&nbsp;__cxx_global_var_init
</UL>
<BR>[Address Reference Count : 1]<UL><LI> wire.o(.init_array)
</UL>
<P><STRONG><a name="[35c]"></a>get_log_buf</STRONG> (Thumb, 46 bytes, Stack size 16 bytes, ulog.o(.text.get_log_buf))
<BR><BR>[Stack]<UL><LI>Max Depth = 40<LI>Call Chain = get_log_buf &rArr; rt_interrupt_get_nest &rArr; rt_hw_atomic_load
</UL>
<BR>[Calls]<UL><LI><a href="#[29c]">&gt;&gt;</a>&nbsp;&nbsp;&nbsp;rt_interrupt_get_nest
</UL>
<BR>[Called By]<UL><LI><a href="#[459]">&gt;&gt;</a>&nbsp;&nbsp;&nbsp;ulog_voutput
</UL>

<P><STRONG><a name="[3ac]"></a>output_lock</STRONG> (Thumb, 74 bytes, Stack size 8 bytes, ulog.o(.text.output_lock))
<BR><BR>[Stack]<UL><LI>Max Depth = 284<LI>Call Chain = output_lock &rArr; rt_mutex_take &rArr; _rt_mutex_take &rArr;  rt_assert_handler (Cycle)
</UL>
<BR>[Calls]<UL><LI><a href="#[1c4]">&gt;&gt;</a>&nbsp;&nbsp;&nbsp;rt_mutex_take
<LI><a href="#[3ae]">&gt;&gt;</a>&nbsp;&nbsp;&nbsp;rt_spin_lock_irqsave
<LI><a href="#[3ad]">&gt;&gt;</a>&nbsp;&nbsp;&nbsp;rt_scheduler_is_available
</UL>
<BR>[Called By]<UL><LI><a href="#[459]">&gt;&gt;</a>&nbsp;&nbsp;&nbsp;ulog_voutput
</UL>

<P><STRONG><a name="[3af]"></a>output_unlock</STRONG> (Thumb, 70 bytes, Stack size 8 bytes, ulog.o(.text.output_unlock))
<BR><BR>[Stack]<UL><LI>Max Depth = 204<LI>Call Chain = output_unlock &rArr; rt_mutex_release &rArr;  rt_assert_handler (Cycle)
</UL>
<BR>[Calls]<UL><LI><a href="#[1c7]">&gt;&gt;</a>&nbsp;&nbsp;&nbsp;rt_mutex_release
<LI><a href="#[3b0]">&gt;&gt;</a>&nbsp;&nbsp;&nbsp;rt_spin_unlock_irqrestore
<LI><a href="#[3ad]">&gt;&gt;</a>&nbsp;&nbsp;&nbsp;rt_scheduler_is_available
</UL>
<BR>[Called By]<UL><LI><a href="#[459]">&gt;&gt;</a>&nbsp;&nbsp;&nbsp;ulog_voutput
</UL>

<P><STRONG><a name="[32c]"></a>do_output</STRONG> (Thumb, 358 bytes, Stack size 48 bytes, ulog.o(.text.do_output))
<BR><BR>[Stack]<UL><LI>Max Depth = 180 + In Cycle
<LI>Call Chain = do_output &rArr;  rt_kprintf (Cycle)
</UL>
<BR>[Calls]<UL><LI><a href="#[1d2]">&gt;&gt;</a>&nbsp;&nbsp;&nbsp;rt_sem_release
<LI><a href="#[1c0]">&gt;&gt;</a>&nbsp;&nbsp;&nbsp;rt_kprintf
<LI><a href="#[32f]">&gt;&gt;</a>&nbsp;&nbsp;&nbsp;rt_rbb_blk_put
<LI><a href="#[32d]">&gt;&gt;</a>&nbsp;&nbsp;&nbsp;rt_rbb_blk_alloc
<LI><a href="#[2b0]">&gt;&gt;</a>&nbsp;&nbsp;&nbsp;rt_ringbuffer_put
<LI><a href="#[29c]">&gt;&gt;</a>&nbsp;&nbsp;&nbsp;rt_interrupt_get_nest
<LI><a href="#[32e]">&gt;&gt;</a>&nbsp;&nbsp;&nbsp;rt_strncpy
<LI><a href="#[ca]">&gt;&gt;</a>&nbsp;&nbsp;&nbsp;ulog_console_backend_output
<LI><a href="#[330]">&gt;&gt;</a>&nbsp;&nbsp;&nbsp;ulog_output_to_all_backend
</UL>
<BR>[Called By]<UL><LI><a href="#[459]">&gt;&gt;</a>&nbsp;&nbsp;&nbsp;ulog_voutput
</UL>

<P><STRONG><a name="[3ad]"></a>rt_scheduler_is_available</STRONG> (Thumb, 56 bytes, Stack size 16 bytes, ulog.o(.text.rt_scheduler_is_available))
<BR><BR>[Stack]<UL><LI>Max Depth = 56<LI>Call Chain = rt_scheduler_is_available &rArr; rt_in_thread_context &rArr; rt_interrupt_get_nest &rArr; rt_hw_atomic_load
</UL>
<BR>[Calls]<UL><LI><a href="#[29b]">&gt;&gt;</a>&nbsp;&nbsp;&nbsp;rt_critical_level
<LI><a href="#[29a]">&gt;&gt;</a>&nbsp;&nbsp;&nbsp;rt_hw_interrupt_is_disabled
<LI><a href="#[3ed]">&gt;&gt;</a>&nbsp;&nbsp;&nbsp;rt_in_thread_context
</UL>
<BR>[Called By]<UL><LI><a href="#[3af]">&gt;&gt;</a>&nbsp;&nbsp;&nbsp;output_unlock
<LI><a href="#[3ac]">&gt;&gt;</a>&nbsp;&nbsp;&nbsp;output_lock
</UL>

<P><STRONG><a name="[3ae]"></a>rt_spin_lock_irqsave</STRONG> (Thumb, 18 bytes, Stack size 16 bytes, ulog.o(.text.rt_spin_lock_irqsave))
<BR><BR>[Stack]<UL><LI>Max Depth = 16<LI>Call Chain = rt_spin_lock_irqsave
</UL>
<BR>[Calls]<UL><LI><a href="#[22c]">&gt;&gt;</a>&nbsp;&nbsp;&nbsp;rt_hw_interrupt_disable
</UL>
<BR>[Called By]<UL><LI><a href="#[44e]">&gt;&gt;</a>&nbsp;&nbsp;&nbsp;ulog_backend_register
<LI><a href="#[3ac]">&gt;&gt;</a>&nbsp;&nbsp;&nbsp;output_lock
</UL>

<P><STRONG><a name="[3b0]"></a>rt_spin_unlock_irqrestore</STRONG> (Thumb, 18 bytes, Stack size 16 bytes, ulog.o(.text.rt_spin_unlock_irqrestore))
<BR><BR>[Stack]<UL><LI>Max Depth = 16<LI>Call Chain = rt_spin_unlock_irqrestore
</UL>
<BR>[Calls]<UL><LI><a href="#[22d]">&gt;&gt;</a>&nbsp;&nbsp;&nbsp;rt_hw_interrupt_enable
</UL>
<BR>[Called By]<UL><LI><a href="#[44e]">&gt;&gt;</a>&nbsp;&nbsp;&nbsp;ulog_backend_register
<LI><a href="#[3af]">&gt;&gt;</a>&nbsp;&nbsp;&nbsp;output_unlock
</UL>

<P><STRONG><a name="[330]"></a>ulog_output_to_all_backend</STRONG> (Thumb, 332 bytes, Stack size 64 bytes, ulog.o(.text.ulog_output_to_all_backend))
<BR><BR>[Stack]<UL><LI>Max Depth = 88<LI>Call Chain = ulog_output_to_all_backend &rArr; rt_kputs &rArr;  _kputs (Cycle)
</UL>
<BR>[Calls]<UL><LI><a href="#[317]">&gt;&gt;</a>&nbsp;&nbsp;&nbsp;rt_strlen
<LI><a href="#[3f2]">&gt;&gt;</a>&nbsp;&nbsp;&nbsp;rt_kputs
<LI><a href="#[451]">&gt;&gt;</a>&nbsp;&nbsp;&nbsp;rt_slist_next
<LI><a href="#[450]">&gt;&gt;</a>&nbsp;&nbsp;&nbsp;rt_slist_first
</UL>
<BR>[Called By]<UL><LI><a href="#[2f3]">&gt;&gt;</a>&nbsp;&nbsp;&nbsp;ulog_async_output
<LI><a href="#[32c]">&gt;&gt;</a>&nbsp;&nbsp;&nbsp;do_output
</UL>

<P><STRONG><a name="[44f]"></a>rt_slist_append</STRONG> (Thumb, 44 bytes, Stack size 12 bytes, ulog.o(.text.rt_slist_append))
<BR><BR>[Stack]<UL><LI>Max Depth = 12<LI>Call Chain = rt_slist_append
</UL>
<BR>[Called By]<UL><LI><a href="#[44e]">&gt;&gt;</a>&nbsp;&nbsp;&nbsp;ulog_backend_register
</UL>

<P><STRONG><a name="[450]"></a>rt_slist_first</STRONG> (Thumb, 12 bytes, Stack size 4 bytes, ulog.o(.text.rt_slist_first))
<BR><BR>[Stack]<UL><LI>Max Depth = 4<LI>Call Chain = rt_slist_first
</UL>
<BR>[Called By]<UL><LI><a href="#[2f5]">&gt;&gt;</a>&nbsp;&nbsp;&nbsp;ulog_flush
<LI><a href="#[330]">&gt;&gt;</a>&nbsp;&nbsp;&nbsp;ulog_output_to_all_backend
</UL>

<P><STRONG><a name="[451]"></a>rt_slist_next</STRONG> (Thumb, 12 bytes, Stack size 4 bytes, ulog.o(.text.rt_slist_next))
<BR><BR>[Stack]<UL><LI>Max Depth = 4<LI>Call Chain = rt_slist_next
</UL>
<BR>[Called By]<UL><LI><a href="#[2f5]">&gt;&gt;</a>&nbsp;&nbsp;&nbsp;ulog_flush
<LI><a href="#[330]">&gt;&gt;</a>&nbsp;&nbsp;&nbsp;ulog_output_to_all_backend
</UL>

<P><STRONG><a name="[458]"></a>rt_slist_init</STRONG> (Thumb, 14 bytes, Stack size 4 bytes, ulog.o(.text.rt_slist_init))
<BR><BR>[Stack]<UL><LI>Max Depth = 4<LI>Call Chain = rt_slist_init
</UL>
<BR>[Called By]<UL><LI><a href="#[105]">&gt;&gt;</a>&nbsp;&nbsp;&nbsp;ulog_init
</UL>

<P><STRONG><a name="[c9]"></a>async_output_thread_entry</STRONG> (Thumb, 48 bytes, Stack size 16 bytes, ulog.o(.text.async_output_thread_entry))
<BR><BR>[Stack]<UL><LI>Max Depth = 1448<LI>Call Chain = async_output_thread_entry &rArr; ulog_async_waiting_log &rArr; rt_sem_take &rArr; _rt_sem_take &rArr; rt_kprintf &rArr; _kputs &rArr; rt_device_write &rArr; rt_assert_handler &rArr;  rt_kprintf (Cycle)
</UL>
<BR>[Calls]<UL><LI><a href="#[2f5]">&gt;&gt;</a>&nbsp;&nbsp;&nbsp;ulog_flush
<LI><a href="#[2f4]">&gt;&gt;</a>&nbsp;&nbsp;&nbsp;ulog_async_waiting_log
<LI><a href="#[2f3]">&gt;&gt;</a>&nbsp;&nbsp;&nbsp;ulog_async_output
</UL>
<BR>[Address Reference Count : 1]<UL><LI> ulog.o(.text.ulog_async_init)
</UL>
<P><STRONG><a name="[3ed]"></a>rt_in_thread_context</STRONG> (Thumb, 42 bytes, Stack size 16 bytes, ulog.o(.text.rt_in_thread_context))
<BR><BR>[Stack]<UL><LI>Max Depth = 40<LI>Call Chain = rt_in_thread_context &rArr; rt_interrupt_get_nest &rArr; rt_hw_atomic_load
</UL>
<BR>[Calls]<UL><LI><a href="#[267]">&gt;&gt;</a>&nbsp;&nbsp;&nbsp;rt_thread_self
<LI><a href="#[29c]">&gt;&gt;</a>&nbsp;&nbsp;&nbsp;rt_interrupt_get_nest
</UL>
<BR>[Called By]<UL><LI><a href="#[3ad]">&gt;&gt;</a>&nbsp;&nbsp;&nbsp;rt_scheduler_is_available
</UL>

<P><STRONG><a name="[47f]"></a>_dadd1</STRONG> (Thumb, 0 bytes, Stack size unknown bytes, daddsub_clz.o(x$fpl$dadd), UNUSED)
<BR><BR>[Called By]<UL><LI><a href="#[47e]">&gt;&gt;</a>&nbsp;&nbsp;&nbsp;_dsub
</UL>

<P><STRONG><a name="[471]"></a>_dsub1</STRONG> (Thumb, 0 bytes, Stack size unknown bytes, daddsub_clz.o(x$fpl$dsub), UNUSED)
<BR><BR>[Called By]<UL><LI><a href="#[470]">&gt;&gt;</a>&nbsp;&nbsp;&nbsp;_dadd
</UL>

<P><STRONG><a name="[6f]"></a>_printf_input_char</STRONG> (Thumb, 10 bytes, Stack size 0 bytes, _printf_char_common.o(.text))
<BR>[Address Reference Count : 1]<UL><LI> _printf_char_common.o(.text)
</UL>
<P><STRONG><a name="[18a]"></a>_local_sscanf</STRONG> (Thumb, 68 bytes, Stack size 64 bytes, strtod.o(.text))
<BR><BR>[Stack]<UL><LI>Max Depth = 404<LI>Call Chain = _local_sscanf &rArr; _scanf_real &rArr; _scanf_really_real &rArr; _fp_value &rArr; _btod_etento &rArr; _btod_emul &rArr; _e2e
</UL>
<BR>[Calls]<UL><LI><a href="#[18b]">&gt;&gt;</a>&nbsp;&nbsp;&nbsp;_scanf_real
</UL>
<BR>[Called By]<UL><LI><a href="#[18c]">&gt;&gt;</a>&nbsp;&nbsp;&nbsp;__strtod_int
</UL>

<P><STRONG><a name="[191]"></a>_fp_digits</STRONG> (Thumb, 432 bytes, Stack size 96 bytes, _printf_fp_dec.o(.text))
<BR><BR>[Stack]<UL><LI>Max Depth = 220<LI>Call Chain = _fp_digits &rArr; _btod_etento &rArr; _btod_emul &rArr; _e2e
</UL>
<BR>[Calls]<UL><LI><a href="#[195]">&gt;&gt;</a>&nbsp;&nbsp;&nbsp;_btod_emul
<LI><a href="#[194]">&gt;&gt;</a>&nbsp;&nbsp;&nbsp;_btod_ediv
<LI><a href="#[193]">&gt;&gt;</a>&nbsp;&nbsp;&nbsp;_btod_d2e
<LI><a href="#[192]">&gt;&gt;</a>&nbsp;&nbsp;&nbsp;_btod_etento
<LI><a href="#[184]">&gt;&gt;</a>&nbsp;&nbsp;&nbsp;_ll_udiv10
</UL>
<BR>[Called By]<UL><LI><a href="#[196]">&gt;&gt;</a>&nbsp;&nbsp;&nbsp;_printf_fp_dec_real
</UL>

<P><STRONG><a name="[1a0]"></a>_fp_value</STRONG> (Thumb, 588 bytes, Stack size 96 bytes, scanf_fp.o(.text))
<BR><BR>[Stack]<UL><LI>Max Depth = 220<LI>Call Chain = _fp_value &rArr; _btod_etento &rArr; _btod_emul &rArr; _e2e
</UL>
<BR>[Calls]<UL><LI><a href="#[16f]">&gt;&gt;</a>&nbsp;&nbsp;&nbsp;__aeabi_errno_addr
<LI><a href="#[1a1]">&gt;&gt;</a>&nbsp;&nbsp;&nbsp;__ieee_status
<LI><a href="#[1a2]">&gt;&gt;</a>&nbsp;&nbsp;&nbsp;_btod_emuld
<LI><a href="#[1a3]">&gt;&gt;</a>&nbsp;&nbsp;&nbsp;_btod_edivd
<LI><a href="#[192]">&gt;&gt;</a>&nbsp;&nbsp;&nbsp;_btod_etento
</UL>
<BR>[Called By]<UL><LI><a href="#[1a4]">&gt;&gt;</a>&nbsp;&nbsp;&nbsp;_scanf_really_real
</UL>
<P>
<H3>
Undefined Global Symbols
</H3><HR></body></html>
