<html>
<body>
<pre>
<h1>�Vision Build Log</h1>
<h2>Tool Versions:</h2>
IDE-Version: ��Vision V5.38.0.0
Copyright (C) 2022 ARM Ltd and ARM Germany GmbH. All rights reserved.
License Information: lmy 2777400275@qq.com, lmy, LIC=WHYH9-4LIQE-VEGHA-18IYC-ZQP6C-NL0JA
 
Tool Versions:
Toolchain:       MDK-ARM Plus  Version: 5.38.0.0
Toolchain Path:  C:\Keil_v5\ARM\ARMCLANG\Bin
C Compiler:      ArmClang.exe V6.19
Assembler:       Armasm.exe V6.19
Linker/Locator:  ArmLink.exe V6.19
Library Manager: ArmAr.exe V6.19
Hex Converter:   FromElf.exe V6.19
CPU DLL:         SARMCM3.DLL V5.38.0.0
Dialog DLL:      DCM.DLL V1.17.5.0
Target DLL:      CMSIS_AGDI.dll V1.33.15.0
Dialog DLL:      TCM.DLL V1.56.4.0
 
<h2>Project:</h2>
d:\out\competition\construction robot\code\construction_robot\project\project.uvprojx
Project File Date:  03/04/2024

<h2>Output:</h2>
*** Using Compiler 'V6.19', folder: 'C:\Keil_v5\ARM\ARMCLANG\Bin'
Build target 'rt-thread'
compiling syscalls.c...
compiling cctype.c...
rt-thread/components/libc/compilers/common/ctime.c(249): warning: comparison of nonnull parameter 't' equal to a null pointer is 'false' on first encounter [-Wtautological-pointer-compare]
    if(t == RT_NULL || buf == RT_NULL)
       ^    ~~~~~~~
C:\Keil_v5\ARM\ARMCLANG\Bin\..\include\time.h(171): note: declared 'nonnull' here
                               char * __restrict /*buf*/) __attribute__((__nonnull__(1,2)));
                                                                         ^
rt-thread/components/libc/compilers/common/ctime.c(249): warning: comparison of nonnull parameter 'buf' equal to a null pointer is 'false' on first encounter [-Wtautological-pointer-compare]
    if(t == RT_NULL || buf == RT_NULL)
                       ^~~    ~~~~~~~
C:\Keil_v5\ARM\ARMCLANG\Bin\..\include\time.h(171): note: declared 'nonnull' here
                               char * __restrict /*buf*/) __attribute__((__nonnull__(1,2)));
                                                                         ^
2 warnings generated.
compiling ctime.c...
compiling follow_line.c...
compiling cstdlib.c...
compiling apid.c...
compiling aboard_power_switch.c...
applications/apid_exfunc.c(88): warning: passing an object that undergoes default argument promotion to 'va_start' has undefined behavior [-Wvarargs]
        va_start(ap, imode); // 初始化，第二个参数为最后一个确定的形参
                     ^
applications/apid_exfunc.c(71): note: parameter of type 'ALL_PID_I_Function' (aka 'enum ALL_PID_I_Function') is declared here
void APID_SET_I_Function(apid_t *pid, ALL_PID_I_Function imode, ...)
                                                         ^
applications/apid_exfunc.c(115): warning: passing an object that undergoes default argument promotion to 'va_start' has undefined behavior [-Wvarargs]
        va_start(ap, imode); // 初始化，第二个参数为最后一个确定的形参
                     ^
applications/apid_exfunc.c(71): note: parameter of type 'ALL_PID_I_Function' (aka 'enum ALL_PID_I_Function') is declared here
void APID_SET_I_Function(apid_t *pid, ALL_PID_I_Function imode, ...)
                                                         ^
applications/apid_exfunc.c(135): warning: passing an object that undergoes default argument promotion to 'va_start' has undefined behavior [-Wvarargs]
        va_start(ap, imode); // 初始化，第二个参数为最后一个确定的形参
                     ^
applications/apid_exfunc.c(71): note: parameter of type 'ALL_PID_I_Function' (aka 'enum ALL_PID_I_Function') is declared here
void APID_SET_I_Function(apid_t *pid, ALL_PID_I_Function imode, ...)
                                                         ^
applications/apid_exfunc.c(182): warning: passing an object that undergoes default argument promotion to 'va_start' has undefined behavior [-Wvarargs]
        va_start(ap, dmode);    // 初始化，第二个参数为最后一个确定的形参
                     ^
applications/apid_exfunc.c(165): note: parameter of type 'ALL_PID_D_Function' (aka 'enum ALL_PID_D_Function') is declared here
void APID_SET_D_Function(apid_t *pid, ALL_PID_D_Function dmode, ...)
                                                         ^
applications/apid_exfunc.c(201): warning: passing an object that undergoes default argument promotion to 'va_start' has undefined behavior [-Wvarargs]
        va_start(ap, dmode);        // 初始化，第二个参数为最后一个确定的形参
                     ^
applications/apid_exfunc.c(165): note: parameter of type 'ALL_PID_D_Function' (aka 'enum ALL_PID_D_Function') is declared here
void APID_SET_D_Function(apid_t *pid, ALL_PID_D_Function dmode, ...)
                                                         ^
5 warnings generated.
compiling apid_exfunc.c...
compiling motor_cfg.c...
compiling cunistd.c...
compiling syscall_mem.c...
compiling motor.c...
rt-thread/components/libc/compilers/common/cstring.c(196): warning: nonnull parameter 'saveptr' will evaluate to 'true' on first encounter [-Wpointer-bool-conversion]
    else if (saveptr && *saveptr)
             ^~~~~~~ ~~
C:\Keil_v5\ARM\ARMCLANG\Bin\..\include\string.h(283): note: declared 'nonnull' here
extern _ARMABI char *strtok_r(char * /*s1*/, const char * /*s2*/, char ** /*ptr*/) __attribute__((__nonnull__(2,3)));
                                                                                                  ^
rt-thread/components/libc/compilers/common/cstring.c(219): warning: nonnull parameter 'saveptr' will evaluate to 'true' on first encounter [-Wpointer-bool-conversion]
    if (saveptr)
    ~~  ^~~~~~~
C:\Keil_v5\ARM\ARMCLANG\Bin\..\include\string.h(283): note: declared 'nonnull' here
extern _ARMABI char *strtok_r(char * /*s1*/, const char * /*s2*/, char ** /*ptr*/) __attribute__((__nonnull__(2,3)));
                                                                                                  ^
2 warnings generated.
compiling cstring.c...
compiling Emm_V5.c...
compiling motor_dj_rm_driver.c...
compiling main.c...
compiling cwchar.c...
compiling device.c...
compiling can.c...
compiling completion.c...
compiling i2c_core.c...
compiling pipe.c...
compiling ringblk_buf.c...
compiling i2c_dev.c...
compiling i2c-bit-ops.c...
compiling ringbuffer.c...
compiling waitqueue.c...
compiling dataqueue.c...
compiling rtc.c...
compiling workqueue.c...
compiling pin.c...
compiling adc.c...
compiling soft_rtc.c...
assembling startup_stm32f427xx.s...
compiling serial_v2.c...
compiling clock.c...
compiling msh.c...
compiling shell.c...
compiling components.c...
compiling msh_parse.c...
compiling cmd.c...
compiling drv_adc.c...
compiling board.c...
compiling drv_common.c...
compiling stm32f4xx_hal_msp.c...
compiling drv_gpio.c...
compiling idle.c...
compiling irq.c...
compiling drv_can.c...
compiling drv_usart_v2.c...
compiling mempool.c...
compiling mem.c...
compiling scheduler_comm.c...
assembling context_rvds.S...
compiling div0.c...
compiling ipc.c...
compiling object.c...
compiling signal.c...
compiling kservice.c...
compiling timer.c...
compiling atomic_arm.c...
compiling scheduler_up.c...
compiling thread.c...
compiling showmem.c...
compiling cpuport.c...
compiling stm32f4xx_hal_rtc_ex.c...
compiling stm32f4xx_hal_adc.c...
compiling stm32f4xx_hal_usart.c...
compiling stm32f4xx_hal_rtc.c...
compiling stm32f4xx_hal_i2c_ex.c...
compiling stm32f4xx_hal_cryp_ex.c...
compiling stm32f4xx_hal_dma_ex.c...
compiling stm32f4xx_hal_dma.c...
compiling stm32f4xx_hal_rcc_ex.c...
compiling stm32f4xx_hal_rng.c...
compiling stm32f4xx_hal_crc.c...
compiling stm32f4xx_hal_uart.c...
compiling stm32f4xx_hal_adc_ex.c...
compiling stm32f4xx_hal_rcc.c...
compiling stm32f4xx_hal_pwr.c...
compiling stm32f4xx_hal_pwr_ex.c...
compiling stm32f4xx_hal_cortex.c...
compiling rt_kprintf.c...
compiling stm32f4xx_hal_cec.c...
compiling perf_os_patch_rt_thread.c...
compiling stm32f4xx_hal_cryp.c...
compiling perf_counter.c...
compiling stm32f4xx_hal.c...
compiling stm32f4xx_hal_i2c.c...
compiling console_be.c...
compiling system_stm32f4xx.c...
compiling ulog.c...
compiling stm32f4xx_hal_can.c...
packages/rt_vsnprintf_full-latest/rt_vsnprintf.c(601): warning: unknown warning group '-Wmaybe-uninitialized', ignored [-Wunknown-warning-option]
#pragma GCC diagnostic ignored "-Wmaybe-uninitialized"
                               ^
1 warning generated.
compiling rt_vsnprintf.c...
compiling stm32f4xx_hal_gpio.c...
linking...
Program Size: Code=103380 RO-data=14696 RW-data=4160 ZI-data=5136  
After Build - User command #1: fromelf --bin .\build\keil\Obj\rt-thread.axf --output rtthread.bin
".\build\keil\Obj\rt-thread.axf" - 0 Error(s), 10 Warning(s).

<h2>Software Packages used:</h2>

Package Vendor: Keil
                https://www.keil.com/pack/Keil.STM32F4xx_DFP.2.17.1.pack
                Keil.STM32F4xx_DFP.2.17.1
                STMicroelectronics STM32F4 Series Device Support, Drivers and Examples

<h2>Collection of Component include folders:</h2>
  C:/Keil_v5/ARM/PACK/Keil/STM32F4xx_DFP/2.17.1/Drivers/CMSIS/Device/ST/STM32F4xx/Include

<h2>Collection of Component Files used:</h2>
Build Time Elapsed:  00:00:06
</pre>
</body>
</html>
